[0.000000] (-) TimerEvent: {}
[0.000135] (sc2_bridge_interfaces) JobQueued: {'identifier': 'sc2_bridge_interfaces', 'dependencies': OrderedDict()}
[0.000163] (sc2_bridge) JobQueued: {'identifier': 'sc2_bridge', 'dependencies': OrderedDict([('sc2_bridge_interfaces', '/home/ros/ws/ros2_ws/install/sc2_bridge_interfaces')])}
[0.000607] (sc2_bridge_interfaces) JobStarted: {'identifier': 'sc2_bridge_interfaces'}
[0.006516] (sc2_bridge_interfaces) JobProgress: {'identifier': 'sc2_bridge_interfaces', 'progress': 'cmake'}
[0.007055] (sc2_bridge_interfaces) JobProgress: {'identifier': 'sc2_bridge_interfaces', 'progress': 'build'}
[0.007569] (sc2_bridge_interfaces) Command: {'cmd': ['/usr/bin/cmake', '--build', '/home/ros/ws/ros2_ws/build/sc2_bridge_interfaces', '--', '-j24', '-l24'], 'cwd': '/home/ros/ws/ros2_ws/build/sc2_bridge_interfaces', 'env': OrderedDict([('HOSTNAME', '793d460668f9'), ('SHLVL', '1'), ('LD_LIBRARY_PATH', '/opt/ros/humble/opt/rviz_ogre_vendor/lib:/opt/ros/humble/lib/x86_64-linux-gnu:/opt/ros/humble/lib'), ('HOME', '/home/ros'), ('ROS_PYTHON_VERSION', '3'), ('SC2_MAP', '/StarCraftII/maps/Flat482Spawns.SC2Map'), ('ROS_DISTRO', 'humble'), ('_', '/usr/bin/colcon'), ('ROS_VERSION', '2'), ('ROS_LOCALHOST_ONLY', '0'), ('PATH', '/opt/ros/humble/bin:/usr/local/sbin:/usr/local/bin:/usr/sbin:/usr/bin:/sbin:/bin'), ('DISPLAY', ':0'), ('LANG', 'C.UTF-8'), ('XAUTHORITY', '/run/user/1000/.mutter-Xwaylandauth.UJHRP3'), ('AMENT_PREFIX_PATH', '/opt/ros/humble'), ('SC2_HOST', 'host.docker.internal'), ('PWD', '/home/ros/ws/ros2_ws/build/sc2_bridge_interfaces'), ('LC_ALL', 'C.UTF-8'), ('PYTHONPATH', '/opt/ros/humble/lib/python3.10/site-packages:/opt/ros/humble/local/lib/python3.10/dist-packages'), ('COLCON', '1'), ('SC2_PORT', '8167')]), 'shell': False}
[0.045924] (sc2_bridge_interfaces) StdoutLine: {'line': b'[  1%] Built target sc2_bridge_interfaces__rs\n'}
[0.046097] (sc2_bridge_interfaces) StdoutLine: {'line': b'[  2%] Built target sc2_bridge_interfaces__cpp\n'}
[0.047997] (sc2_bridge_interfaces) StdoutLine: {'line': b'[ 13%] Built target sc2_bridge_interfaces__rosidl_generator_c\n'}
[0.053351] (sc2_bridge_interfaces) StdoutLine: {'line': b'[ 13%] Built target ament_cmake_python_copy_sc2_bridge_interfaces\n'}
[0.062928] (sc2_bridge_interfaces) StdoutLine: {'line': b'[ 70%] Built target sc2_bridge_interfaces__rosidl_typesupport_cpp\n'}
[0.063132] (sc2_bridge_interfaces) StdoutLine: {'line': b'[ 70%] Built target sc2_bridge_interfaces__rosidl_typesupport_c\n'}
[0.063188] (sc2_bridge_interfaces) StdoutLine: {'line': b'[ 70%] Built target sc2_bridge_interfaces__rosidl_typesupport_introspection_cpp\n'}
[0.063235] (sc2_bridge_interfaces) StdoutLine: {'line': b'[ 70%] Built target sc2_bridge_interfaces__rosidl_typesupport_fastrtps_cpp\n'}
[0.063277] (sc2_bridge_interfaces) StdoutLine: {'line': b'[ 70%] Built target sc2_bridge_interfaces__rosidl_typesupport_introspection_c\n'}
[0.063735] (sc2_bridge_interfaces) StdoutLine: {'line': b'[ 82%] Built target sc2_bridge_interfaces__rosidl_typesupport_fastrtps_c\n'}
[0.078129] (sc2_bridge_interfaces) StdoutLine: {'line': b'[ 82%] Built target sc2_bridge_interfaces\n'}
[0.091774] (sc2_bridge_interfaces) StdoutLine: {'line': b'[ 83%] Built target sc2_bridge_interfaces__py\n'}
[0.099590] (-) TimerEvent: {}
[0.110221] (sc2_bridge_interfaces) StdoutLine: {'line': b'[ 93%] Built target sc2_bridge_interfaces__rosidl_generator_py\n'}
[0.125397] (sc2_bridge_interfaces) StdoutLine: {'line': b'[100%] Built target sc2_bridge_interfaces__rosidl_typesupport_fastrtps_c__pyext\n'}
[0.125531] (sc2_bridge_interfaces) StdoutLine: {'line': b'[100%] Built target sc2_bridge_interfaces__rosidl_typesupport_c__pyext\n'}
[0.125563] (sc2_bridge_interfaces) StdoutLine: {'line': b'[100%] Built target sc2_bridge_interfaces__rosidl_typesupport_introspection_c__pyext\n'}
[0.181375] (sc2_bridge_interfaces) StdoutLine: {'line': b'running egg_info\n'}
[0.181632] (sc2_bridge_interfaces) StdoutLine: {'line': b'writing sc2_bridge_interfaces.egg-info/PKG-INFO\n'}
[0.181767] (sc2_bridge_interfaces) StdoutLine: {'line': b'writing dependency_links to sc2_bridge_interfaces.egg-info/dependency_links.txt\n'}
[0.181850] (sc2_bridge_interfaces) StdoutLine: {'line': b'writing top-level names to sc2_bridge_interfaces.egg-info/top_level.txt\n'}
[0.182857] (sc2_bridge_interfaces) StdoutLine: {'line': b"reading manifest file 'sc2_bridge_interfaces.egg-info/SOURCES.txt'\n"}
[0.183199] (sc2_bridge_interfaces) StdoutLine: {'line': b"writing manifest file 'sc2_bridge_interfaces.egg-info/SOURCES.txt'\n"}
[0.199817] (sc2_bridge_interfaces) StdoutLine: {'line': b'[100%] Built target ament_cmake_python_build_sc2_bridge_interfaces_egg\n'}
[0.200024] (-) TimerEvent: {}
[0.208415] (sc2_bridge_interfaces) CommandEnded: {'returncode': 0}
[0.209000] (sc2_bridge_interfaces) JobProgress: {'identifier': 'sc2_bridge_interfaces', 'progress': 'install'}
[0.214855] (sc2_bridge_interfaces) Command: {'cmd': ['/usr/bin/cmake', '--install', '/home/ros/ws/ros2_ws/build/sc2_bridge_interfaces'], 'cwd': '/home/ros/ws/ros2_ws/build/sc2_bridge_interfaces', 'env': OrderedDict([('HOSTNAME', '793d460668f9'), ('SHLVL', '1'), ('LD_LIBRARY_PATH', '/opt/ros/humble/opt/rviz_ogre_vendor/lib:/opt/ros/humble/lib/x86_64-linux-gnu:/opt/ros/humble/lib'), ('HOME', '/home/ros'), ('ROS_PYTHON_VERSION', '3'), ('SC2_MAP', '/StarCraftII/maps/Flat482Spawns.SC2Map'), ('ROS_DISTRO', 'humble'), ('_', '/usr/bin/colcon'), ('ROS_VERSION', '2'), ('ROS_LOCALHOST_ONLY', '0'), ('PATH', '/opt/ros/humble/bin:/usr/local/sbin:/usr/local/bin:/usr/sbin:/usr/bin:/sbin:/bin'), ('DISPLAY', ':0'), ('LANG', 'C.UTF-8'), ('XAUTHORITY', '/run/user/1000/.mutter-Xwaylandauth.UJHRP3'), ('AMENT_PREFIX_PATH', '/opt/ros/humble'), ('SC2_HOST', 'host.docker.internal'), ('PWD', '/home/ros/ws/ros2_ws/build/sc2_bridge_interfaces'), ('LC_ALL', 'C.UTF-8'), ('PYTHONPATH', '/opt/ros/humble/lib/python3.10/site-packages:/opt/ros/humble/local/lib/python3.10/dist-packages'), ('COLCON', '1'), ('SC2_PORT', '8167')]), 'shell': False}
[0.220069] (sc2_bridge_interfaces) StdoutLine: {'line': b'-- Install configuration: ""\n'}
[0.220229] (sc2_bridge_interfaces) StdoutLine: {'line': b'-- Up-to-date: /home/ros/ws/ros2_ws/install/sc2_bridge_interfaces/share/ament_index/resource_index/rosidl_interfaces/sc2_bridge_interfaces\n'}
[0.220267] (sc2_bridge_interfaces) StdoutLine: {'line': b'-- Up-to-date: /home/ros/ws/ros2_ws/install/sc2_bridge_interfaces/include/sc2_bridge_interfaces/sc2_bridge_interfaces\n'}
[0.220297] (sc2_bridge_interfaces) StdoutLine: {'line': b'-- Up-to-date: /home/ros/ws/ros2_ws/install/sc2_bridge_interfaces/include/sc2_bridge_interfaces/sc2_bridge_interfaces/srv\n'}
[0.220332] (sc2_bridge_interfaces) StdoutLine: {'line': b'-- Up-to-date: /home/ros/ws/ros2_ws/install/sc2_bridge_interfaces/include/sc2_bridge_interfaces/sc2_bridge_interfaces/srv/spawn_units.h\n'}
[0.220361] (sc2_bridge_interfaces) StdoutLine: {'line': b'-- Up-to-date: /home/ros/ws/ros2_ws/install/sc2_bridge_interfaces/include/sc2_bridge_interfaces/sc2_bridge_interfaces/srv/detail\n'}
[0.220501] (sc2_bridge_interfaces) StdoutLine: {'line': b'-- Up-to-date: /home/ros/ws/ros2_ws/install/sc2_bridge_interfaces/include/sc2_bridge_interfaces/sc2_bridge_interfaces/srv/detail/kill_units__type_support.h\n'}
[0.220531] (sc2_bridge_interfaces) StdoutLine: {'line': b'-- Up-to-date: /home/ros/ws/ros2_ws/install/sc2_bridge_interfaces/include/sc2_bridge_interfaces/sc2_bridge_interfaces/srv/detail/kill_units__functions.h\n'}
[0.220559] (sc2_bridge_interfaces) StdoutLine: {'line': b'-- Up-to-date: /home/ros/ws/ros2_ws/install/sc2_bridge_interfaces/include/sc2_bridge_interfaces/sc2_bridge_interfaces/srv/detail/kill_units__struct.h\n'}
[0.220587] (sc2_bridge_interfaces) StdoutLine: {'line': b'-- Up-to-date: /home/ros/ws/ros2_ws/install/sc2_bridge_interfaces/include/sc2_bridge_interfaces/sc2_bridge_interfaces/srv/detail/spawn_units__functions.h\n'}
[0.220621] (sc2_bridge_interfaces) StdoutLine: {'line': b'-- Up-to-date: /home/ros/ws/ros2_ws/install/sc2_bridge_interfaces/include/sc2_bridge_interfaces/sc2_bridge_interfaces/srv/detail/kill_units__functions.c\n'}
[0.220649] (sc2_bridge_interfaces) StdoutLine: {'line': b'-- Up-to-date: /home/ros/ws/ros2_ws/install/sc2_bridge_interfaces/include/sc2_bridge_interfaces/sc2_bridge_interfaces/srv/detail/spawn_units__functions.c\n'}
[0.220753] (sc2_bridge_interfaces) StdoutLine: {'line': b'-- Up-to-date: /home/ros/ws/ros2_ws/install/sc2_bridge_interfaces/include/sc2_bridge_interfaces/sc2_bridge_interfaces/srv/detail/spawn_units__type_support.h\n'}
[0.220780] (sc2_bridge_interfaces) StdoutLine: {'line': b'-- Up-to-date: /home/ros/ws/ros2_ws/install/sc2_bridge_interfaces/include/sc2_bridge_interfaces/sc2_bridge_interfaces/srv/detail/spawn_units__struct.h\n'}
[0.220875] (sc2_bridge_interfaces) StdoutLine: {'line': b'-- Up-to-date: /home/ros/ws/ros2_ws/install/sc2_bridge_interfaces/include/sc2_bridge_interfaces/sc2_bridge_interfaces/srv/kill_units.h\n'}
[0.220903] (sc2_bridge_interfaces) StdoutLine: {'line': b'-- Up-to-date: /home/ros/ws/ros2_ws/install/sc2_bridge_interfaces/include/sc2_bridge_interfaces/sc2_bridge_interfaces/msg\n'}
[0.220930] (sc2_bridge_interfaces) StdoutLine: {'line': b'-- Up-to-date: /home/ros/ws/ros2_ws/install/sc2_bridge_interfaces/include/sc2_bridge_interfaces/sc2_bridge_interfaces/msg/rosidl_generator_c__visibility_control.h\n'}
[0.220956] (sc2_bridge_interfaces) StdoutLine: {'line': b'-- Up-to-date: /home/ros/ws/ros2_ws/install/sc2_bridge_interfaces/include/sc2_bridge_interfaces/sc2_bridge_interfaces/msg/contact_mark_array.h\n'}
[0.220983] (sc2_bridge_interfaces) StdoutLine: {'line': b'-- Up-to-date: /home/ros/ws/ros2_ws/install/sc2_bridge_interfaces/include/sc2_bridge_interfaces/sc2_bridge_interfaces/msg/unit_state.h\n'}
[0.221009] (sc2_bridge_interfaces) StdoutLine: {'line': b'-- Up-to-date: /home/ros/ws/ros2_ws/install/sc2_bridge_interfaces/include/sc2_bridge_interfaces/sc2_bridge_interfaces/msg/contact_mark.h\n'}
[0.221243] (sc2_bridge_interfaces) StdoutLine: {'line': b'-- Up-to-date: /home/ros/ws/ros2_ws/install/sc2_bridge_interfaces/include/sc2_bridge_interfaces/sc2_bridge_interfaces/msg/detail\n'}
[0.221269] (sc2_bridge_interfaces) StdoutLine: {'line': b'-- Up-to-date: /home/ros/ws/ros2_ws/install/sc2_bridge_interfaces/include/sc2_bridge_interfaces/sc2_bridge_interfaces/msg/detail/unit_state_array__type_support.h\n'}
[0.221293] (sc2_bridge_interfaces) StdoutLine: {'line': b'-- Up-to-date: /home/ros/ws/ros2_ws/install/sc2_bridge_interfaces/include/sc2_bridge_interfaces/sc2_bridge_interfaces/msg/detail/contact_mark__type_support.h\n'}
[0.221343] (sc2_bridge_interfaces) StdoutLine: {'line': b'-- Up-to-date: /home/ros/ws/ros2_ws/install/sc2_bridge_interfaces/include/sc2_bridge_interfaces/sc2_bridge_interfaces/msg/detail/unit_state_array__functions.h\n'}
[0.221370] (sc2_bridge_interfaces) StdoutLine: {'line': b'-- Up-to-date: /home/ros/ws/ros2_ws/install/sc2_bridge_interfaces/include/sc2_bridge_interfaces/sc2_bridge_interfaces/msg/detail/game_info__type_support.h\n'}
[0.221395] (sc2_bridge_interfaces) StdoutLine: {'line': b'-- Up-to-date: /home/ros/ws/ros2_ws/install/sc2_bridge_interfaces/include/sc2_bridge_interfaces/sc2_bridge_interfaces/msg/detail/unit_state__functions.h\n'}
[0.221421] (sc2_bridge_interfaces) StdoutLine: {'line': b'-- Up-to-date: /home/ros/ws/ros2_ws/install/sc2_bridge_interfaces/include/sc2_bridge_interfaces/sc2_bridge_interfaces/msg/detail/unit_state_array__struct.h\n'}
[0.221448] (sc2_bridge_interfaces) StdoutLine: {'line': b'-- Up-to-date: /home/ros/ws/ros2_ws/install/sc2_bridge_interfaces/include/sc2_bridge_interfaces/sc2_bridge_interfaces/msg/detail/game_info__functions.h\n'}
[0.221477] (sc2_bridge_interfaces) StdoutLine: {'line': b'-- Up-to-date: /home/ros/ws/ros2_ws/install/sc2_bridge_interfaces/include/sc2_bridge_interfaces/sc2_bridge_interfaces/msg/detail/game_info__struct.h\n'}
[0.221504] (sc2_bridge_interfaces) StdoutLine: {'line': b'-- Up-to-date: /home/ros/ws/ros2_ws/install/sc2_bridge_interfaces/include/sc2_bridge_interfaces/sc2_bridge_interfaces/msg/detail/unit_state_array__functions.c\n'}
[0.221531] (sc2_bridge_interfaces) StdoutLine: {'line': b'-- Up-to-date: /home/ros/ws/ros2_ws/install/sc2_bridge_interfaces/include/sc2_bridge_interfaces/sc2_bridge_interfaces/msg/detail/unit_state__type_support.h\n'}
[0.221608] (sc2_bridge_interfaces) StdoutLine: {'line': b'-- Up-to-date: /home/ros/ws/ros2_ws/install/sc2_bridge_interfaces/include/sc2_bridge_interfaces/sc2_bridge_interfaces/msg/detail/contact_mark_array__struct.h\n'}
[0.221633] (sc2_bridge_interfaces) StdoutLine: {'line': b'-- Up-to-date: /home/ros/ws/ros2_ws/install/sc2_bridge_interfaces/include/sc2_bridge_interfaces/sc2_bridge_interfaces/msg/detail/contact_mark__struct.h\n'}
[0.221659] (sc2_bridge_interfaces) StdoutLine: {'line': b'-- Up-to-date: /home/ros/ws/ros2_ws/install/sc2_bridge_interfaces/include/sc2_bridge_interfaces/sc2_bridge_interfaces/msg/detail/contact_mark_array__type_support.h\n'}
[0.221684] (sc2_bridge_interfaces) StdoutLine: {'line': b'-- Up-to-date: /home/ros/ws/ros2_ws/install/sc2_bridge_interfaces/include/sc2_bridge_interfaces/sc2_bridge_interfaces/msg/detail/contact_mark__functions.h\n'}
[0.221709] (sc2_bridge_interfaces) StdoutLine: {'line': b'-- Up-to-date: /home/ros/ws/ros2_ws/install/sc2_bridge_interfaces/include/sc2_bridge_interfaces/sc2_bridge_interfaces/msg/detail/contact_mark_array__functions.h\n'}
[0.221735] (sc2_bridge_interfaces) StdoutLine: {'line': b'-- Up-to-date: /home/ros/ws/ros2_ws/install/sc2_bridge_interfaces/include/sc2_bridge_interfaces/sc2_bridge_interfaces/msg/detail/unit_state__struct.h\n'}
[0.221760] (sc2_bridge_interfaces) StdoutLine: {'line': b'-- Up-to-date: /home/ros/ws/ros2_ws/install/sc2_bridge_interfaces/include/sc2_bridge_interfaces/sc2_bridge_interfaces/msg/detail/contact_mark__functions.c\n'}
[0.221785] (sc2_bridge_interfaces) StdoutLine: {'line': b'-- Up-to-date: /home/ros/ws/ros2_ws/install/sc2_bridge_interfaces/include/sc2_bridge_interfaces/sc2_bridge_interfaces/msg/detail/unit_state__functions.c\n'}
[0.221866] (sc2_bridge_interfaces) StdoutLine: {'line': b'-- Up-to-date: /home/ros/ws/ros2_ws/install/sc2_bridge_interfaces/include/sc2_bridge_interfaces/sc2_bridge_interfaces/msg/detail/contact_mark_array__functions.c\n'}
[0.221892] (sc2_bridge_interfaces) StdoutLine: {'line': b'-- Up-to-date: /home/ros/ws/ros2_ws/install/sc2_bridge_interfaces/include/sc2_bridge_interfaces/sc2_bridge_interfaces/msg/detail/game_info__functions.c\n'}
[0.221937] (sc2_bridge_interfaces) StdoutLine: {'line': b'-- Up-to-date: /home/ros/ws/ros2_ws/install/sc2_bridge_interfaces/include/sc2_bridge_interfaces/sc2_bridge_interfaces/msg/game_info.h\n'}
[0.221963] (sc2_bridge_interfaces) StdoutLine: {'line': b'-- Up-to-date: /home/ros/ws/ros2_ws/install/sc2_bridge_interfaces/include/sc2_bridge_interfaces/sc2_bridge_interfaces/msg/unit_state_array.h\n'}
[0.221989] (sc2_bridge_interfaces) StdoutLine: {'line': b'-- Up-to-date: /home/ros/ws/ros2_ws/install/sc2_bridge_interfaces/include/sc2_bridge_interfaces/sc2_bridge_interfaces/action\n'}
[0.222014] (sc2_bridge_interfaces) StdoutLine: {'line': b'-- Up-to-date: /home/ros/ws/ros2_ws/install/sc2_bridge_interfaces/include/sc2_bridge_interfaces/sc2_bridge_interfaces/action/attack.h\n'}
[0.222039] (sc2_bridge_interfaces) StdoutLine: {'line': b'-- Up-to-date: /home/ros/ws/ros2_ws/install/sc2_bridge_interfaces/include/sc2_bridge_interfaces/sc2_bridge_interfaces/action/detail\n'}
[0.222064] (sc2_bridge_interfaces) StdoutLine: {'line': b'-- Up-to-date: /home/ros/ws/ros2_ws/install/sc2_bridge_interfaces/include/sc2_bridge_interfaces/sc2_bridge_interfaces/action/detail/attack__struct.h\n'}
[0.222213] (sc2_bridge_interfaces) StdoutLine: {'line': b'-- Up-to-date: /home/ros/ws/ros2_ws/install/sc2_bridge_interfaces/include/sc2_bridge_interfaces/sc2_bridge_interfaces/action/detail/move__functions.h\n'}
[0.222240] (sc2_bridge_interfaces) StdoutLine: {'line': b'-- Up-to-date: /home/ros/ws/ros2_ws/install/sc2_bridge_interfaces/include/sc2_bridge_interfaces/sc2_bridge_interfaces/action/detail/move__type_support.h\n'}
[0.222265] (sc2_bridge_interfaces) StdoutLine: {'line': b'-- Up-to-date: /home/ros/ws/ros2_ws/install/sc2_bridge_interfaces/include/sc2_bridge_interfaces/sc2_bridge_interfaces/action/detail/move__functions.c\n'}
[0.222290] (sc2_bridge_interfaces) StdoutLine: {'line': b'-- Up-to-date: /home/ros/ws/ros2_ws/install/sc2_bridge_interfaces/include/sc2_bridge_interfaces/sc2_bridge_interfaces/action/detail/move__struct.h\n'}
[0.222378] (sc2_bridge_interfaces) StdoutLine: {'line': b'-- Up-to-date: /home/ros/ws/ros2_ws/install/sc2_bridge_interfaces/include/sc2_bridge_interfaces/sc2_bridge_interfaces/action/detail/attack__functions.c\n'}
[0.222405] (sc2_bridge_interfaces) StdoutLine: {'line': b'-- Up-to-date: /home/ros/ws/ros2_ws/install/sc2_bridge_interfaces/include/sc2_bridge_interfaces/sc2_bridge_interfaces/action/detail/attack__type_support.h\n'}
[0.222430] (sc2_bridge_interfaces) StdoutLine: {'line': b'-- Up-to-date: /home/ros/ws/ros2_ws/install/sc2_bridge_interfaces/include/sc2_bridge_interfaces/sc2_bridge_interfaces/action/detail/attack__functions.h\n'}
[0.222455] (sc2_bridge_interfaces) StdoutLine: {'line': b'-- Up-to-date: /home/ros/ws/ros2_ws/install/sc2_bridge_interfaces/include/sc2_bridge_interfaces/sc2_bridge_interfaces/action/move.h\n'}
[0.222480] (sc2_bridge_interfaces) StdoutLine: {'line': b'-- Up-to-date: /home/ros/ws/ros2_ws/install/sc2_bridge_interfaces/share/sc2_bridge_interfaces/environment/library_path.sh\n'}
[0.222506] (sc2_bridge_interfaces) StdoutLine: {'line': b'-- Up-to-date: /home/ros/ws/ros2_ws/install/sc2_bridge_interfaces/share/sc2_bridge_interfaces/environment/library_path.dsv\n'}
[0.222531] (sc2_bridge_interfaces) StdoutLine: {'line': b'-- Up-to-date: /home/ros/ws/ros2_ws/install/sc2_bridge_interfaces/lib/libsc2_bridge_interfaces__rosidl_generator_c.so\n'}
[0.222557] (sc2_bridge_interfaces) StdoutLine: {'line': b'-- Up-to-date: /home/ros/ws/ros2_ws/install/sc2_bridge_interfaces/include/sc2_bridge_interfaces/sc2_bridge_interfaces\n'}
[0.222583] (sc2_bridge_interfaces) StdoutLine: {'line': b'-- Up-to-date: /home/ros/ws/ros2_ws/install/sc2_bridge_interfaces/include/sc2_bridge_interfaces/sc2_bridge_interfaces/srv\n'}
[0.222609] (sc2_bridge_interfaces) StdoutLine: {'line': b'-- Up-to-date: /home/ros/ws/ros2_ws/install/sc2_bridge_interfaces/include/sc2_bridge_interfaces/sc2_bridge_interfaces/srv/detail\n'}
[0.222634] (sc2_bridge_interfaces) StdoutLine: {'line': b'-- Up-to-date: /home/ros/ws/ros2_ws/install/sc2_bridge_interfaces/include/sc2_bridge_interfaces/sc2_bridge_interfaces/srv/detail/kill_units__rosidl_typesupport_fastrtps_c.h\n'}
[0.222660] (sc2_bridge_interfaces) StdoutLine: {'line': b'-- Up-to-date: /home/ros/ws/ros2_ws/install/sc2_bridge_interfaces/include/sc2_bridge_interfaces/sc2_bridge_interfaces/srv/detail/spawn_units__rosidl_typesupport_fastrtps_c.h\n'}
[0.222686] (sc2_bridge_interfaces) StdoutLine: {'line': b'-- Up-to-date: /home/ros/ws/ros2_ws/install/sc2_bridge_interfaces/include/sc2_bridge_interfaces/sc2_bridge_interfaces/msg\n'}
[0.222712] (sc2_bridge_interfaces) StdoutLine: {'line': b'-- Up-to-date: /home/ros/ws/ros2_ws/install/sc2_bridge_interfaces/include/sc2_bridge_interfaces/sc2_bridge_interfaces/msg/rosidl_typesupport_fastrtps_c__visibility_control.h\n'}
[0.222737] (sc2_bridge_interfaces) StdoutLine: {'line': b'-- Up-to-date: /home/ros/ws/ros2_ws/install/sc2_bridge_interfaces/include/sc2_bridge_interfaces/sc2_bridge_interfaces/msg/detail\n'}
[0.222762] (sc2_bridge_interfaces) StdoutLine: {'line': b'-- Up-to-date: /home/ros/ws/ros2_ws/install/sc2_bridge_interfaces/include/sc2_bridge_interfaces/sc2_bridge_interfaces/msg/detail/unit_state__rosidl_typesupport_fastrtps_c.h\n'}
[0.222863] (sc2_bridge_interfaces) StdoutLine: {'line': b'-- Up-to-date: /home/ros/ws/ros2_ws/install/sc2_bridge_interfaces/include/sc2_bridge_interfaces/sc2_bridge_interfaces/msg/detail/contact_mark__rosidl_typesupport_fastrtps_c.h\n'}
[0.222889] (sc2_bridge_interfaces) StdoutLine: {'line': b'-- Up-to-date: /home/ros/ws/ros2_ws/install/sc2_bridge_interfaces/include/sc2_bridge_interfaces/sc2_bridge_interfaces/msg/detail/game_info__rosidl_typesupport_fastrtps_c.h\n'}
[0.222915] (sc2_bridge_interfaces) StdoutLine: {'line': b'-- Up-to-date: /home/ros/ws/ros2_ws/install/sc2_bridge_interfaces/include/sc2_bridge_interfaces/sc2_bridge_interfaces/msg/detail/unit_state_array__rosidl_typesupport_fastrtps_c.h\n'}
[0.222974] (sc2_bridge_interfaces) StdoutLine: {'line': b'-- Up-to-date: /home/ros/ws/ros2_ws/install/sc2_bridge_interfaces/include/sc2_bridge_interfaces/sc2_bridge_interfaces/msg/detail/contact_mark_array__rosidl_typesupport_fastrtps_c.h\n'}
[0.223000] (sc2_bridge_interfaces) StdoutLine: {'line': b'-- Up-to-date: /home/ros/ws/ros2_ws/install/sc2_bridge_interfaces/include/sc2_bridge_interfaces/sc2_bridge_interfaces/action\n'}
[0.223025] (sc2_bridge_interfaces) StdoutLine: {'line': b'-- Up-to-date: /home/ros/ws/ros2_ws/install/sc2_bridge_interfaces/include/sc2_bridge_interfaces/sc2_bridge_interfaces/action/detail\n'}
[0.223050] (sc2_bridge_interfaces) StdoutLine: {'line': b'-- Up-to-date: /home/ros/ws/ros2_ws/install/sc2_bridge_interfaces/include/sc2_bridge_interfaces/sc2_bridge_interfaces/action/detail/move__rosidl_typesupport_fastrtps_c.h\n'}
[0.223076] (sc2_bridge_interfaces) StdoutLine: {'line': b'-- Up-to-date: /home/ros/ws/ros2_ws/install/sc2_bridge_interfaces/include/sc2_bridge_interfaces/sc2_bridge_interfaces/action/detail/attack__rosidl_typesupport_fastrtps_c.h\n'}
[0.223251] (sc2_bridge_interfaces) StdoutLine: {'line': b'-- Up-to-date: /home/ros/ws/ros2_ws/install/sc2_bridge_interfaces/lib/libsc2_bridge_interfaces__rosidl_typesupport_fastrtps_c.so\n'}
[0.223282] (sc2_bridge_interfaces) StdoutLine: {'line': b'-- Up-to-date: /home/ros/ws/ros2_ws/install/sc2_bridge_interfaces/include/sc2_bridge_interfaces/sc2_bridge_interfaces\n'}
[0.223313] (sc2_bridge_interfaces) StdoutLine: {'line': b'-- Up-to-date: /home/ros/ws/ros2_ws/install/sc2_bridge_interfaces/include/sc2_bridge_interfaces/sc2_bridge_interfaces/srv\n'}
[0.223341] (sc2_bridge_interfaces) StdoutLine: {'line': b'-- Up-to-date: /home/ros/ws/ros2_ws/install/sc2_bridge_interfaces/include/sc2_bridge_interfaces/sc2_bridge_interfaces/srv/detail\n'}
[0.223368] (sc2_bridge_interfaces) StdoutLine: {'line': b'-- Up-to-date: /home/ros/ws/ros2_ws/install/sc2_bridge_interfaces/include/sc2_bridge_interfaces/sc2_bridge_interfaces/srv/detail/kill_units__rosidl_typesupport_introspection_c.h\n'}
[0.223394] (sc2_bridge_interfaces) StdoutLine: {'line': b'-- Up-to-date: /home/ros/ws/ros2_ws/install/sc2_bridge_interfaces/include/sc2_bridge_interfaces/sc2_bridge_interfaces/srv/detail/kill_units__type_support.c\n'}
[0.223420] (sc2_bridge_interfaces) StdoutLine: {'line': b'-- Up-to-date: /home/ros/ws/ros2_ws/install/sc2_bridge_interfaces/include/sc2_bridge_interfaces/sc2_bridge_interfaces/srv/detail/spawn_units__rosidl_typesupport_introspection_c.h\n'}
[0.223446] (sc2_bridge_interfaces) StdoutLine: {'line': b'-- Up-to-date: /home/ros/ws/ros2_ws/install/sc2_bridge_interfaces/include/sc2_bridge_interfaces/sc2_bridge_interfaces/srv/detail/spawn_units__type_support.c\n'}
[0.223471] (sc2_bridge_interfaces) StdoutLine: {'line': b'-- Up-to-date: /home/ros/ws/ros2_ws/install/sc2_bridge_interfaces/include/sc2_bridge_interfaces/sc2_bridge_interfaces/msg\n'}
[0.223495] (sc2_bridge_interfaces) StdoutLine: {'line': b'-- Up-to-date: /home/ros/ws/ros2_ws/install/sc2_bridge_interfaces/include/sc2_bridge_interfaces/sc2_bridge_interfaces/msg/detail\n'}
[0.223520] (sc2_bridge_interfaces) StdoutLine: {'line': b'-- Up-to-date: /home/ros/ws/ros2_ws/install/sc2_bridge_interfaces/include/sc2_bridge_interfaces/sc2_bridge_interfaces/msg/detail/game_info__rosidl_typesupport_introspection_c.h\n'}
[0.223545] (sc2_bridge_interfaces) StdoutLine: {'line': b'-- Up-to-date: /home/ros/ws/ros2_ws/install/sc2_bridge_interfaces/include/sc2_bridge_interfaces/sc2_bridge_interfaces/msg/detail/contact_mark_array__type_support.c\n'}
[0.223570] (sc2_bridge_interfaces) StdoutLine: {'line': b'-- Up-to-date: /home/ros/ws/ros2_ws/install/sc2_bridge_interfaces/include/sc2_bridge_interfaces/sc2_bridge_interfaces/msg/detail/unit_state__type_support.c\n'}
[0.223595] (sc2_bridge_interfaces) StdoutLine: {'line': b'-- Up-to-date: /home/ros/ws/ros2_ws/install/sc2_bridge_interfaces/include/sc2_bridge_interfaces/sc2_bridge_interfaces/msg/detail/unit_state__rosidl_typesupport_introspection_c.h\n'}
[0.223743] (sc2_bridge_interfaces) StdoutLine: {'line': b'-- Up-to-date: /home/ros/ws/ros2_ws/install/sc2_bridge_interfaces/include/sc2_bridge_interfaces/sc2_bridge_interfaces/msg/detail/contact_mark__rosidl_typesupport_introspection_c.h\n'}
[0.223769] (sc2_bridge_interfaces) StdoutLine: {'line': b'-- Up-to-date: /home/ros/ws/ros2_ws/install/sc2_bridge_interfaces/include/sc2_bridge_interfaces/sc2_bridge_interfaces/msg/detail/contact_mark_array__rosidl_typesupport_introspection_c.h\n'}
[0.223826] (sc2_bridge_interfaces) StdoutLine: {'line': b'-- Up-to-date: /home/ros/ws/ros2_ws/install/sc2_bridge_interfaces/include/sc2_bridge_interfaces/sc2_bridge_interfaces/msg/detail/unit_state_array__type_support.c\n'}
[0.223852] (sc2_bridge_interfaces) StdoutLine: {'line': b'-- Up-to-date: /home/ros/ws/ros2_ws/install/sc2_bridge_interfaces/include/sc2_bridge_interfaces/sc2_bridge_interfaces/msg/detail/contact_mark__type_support.c\n'}
[0.223878] (sc2_bridge_interfaces) StdoutLine: {'line': b'-- Up-to-date: /home/ros/ws/ros2_ws/install/sc2_bridge_interfaces/include/sc2_bridge_interfaces/sc2_bridge_interfaces/msg/detail/game_info__type_support.c\n'}
[0.223903] (sc2_bridge_interfaces) StdoutLine: {'line': b'-- Up-to-date: /home/ros/ws/ros2_ws/install/sc2_bridge_interfaces/include/sc2_bridge_interfaces/sc2_bridge_interfaces/msg/detail/unit_state_array__rosidl_typesupport_introspection_c.h\n'}
[0.223928] (sc2_bridge_interfaces) StdoutLine: {'line': b'-- Up-to-date: /home/ros/ws/ros2_ws/install/sc2_bridge_interfaces/include/sc2_bridge_interfaces/sc2_bridge_interfaces/msg/rosidl_typesupport_introspection_c__visibility_control.h\n'}
[0.223953] (sc2_bridge_interfaces) StdoutLine: {'line': b'-- Up-to-date: /home/ros/ws/ros2_ws/install/sc2_bridge_interfaces/include/sc2_bridge_interfaces/sc2_bridge_interfaces/action\n'}
[0.223978] (sc2_bridge_interfaces) StdoutLine: {'line': b'-- Up-to-date: /home/ros/ws/ros2_ws/install/sc2_bridge_interfaces/include/sc2_bridge_interfaces/sc2_bridge_interfaces/action/detail\n'}
[0.224003] (sc2_bridge_interfaces) StdoutLine: {'line': b'-- Up-to-date: /home/ros/ws/ros2_ws/install/sc2_bridge_interfaces/include/sc2_bridge_interfaces/sc2_bridge_interfaces/action/detail/attack__rosidl_typesupport_introspection_c.h\n'}
[0.224029] (sc2_bridge_interfaces) StdoutLine: {'line': b'-- Up-to-date: /home/ros/ws/ros2_ws/install/sc2_bridge_interfaces/include/sc2_bridge_interfaces/sc2_bridge_interfaces/action/detail/move__type_support.c\n'}
[0.224053] (sc2_bridge_interfaces) StdoutLine: {'line': b'-- Up-to-date: /home/ros/ws/ros2_ws/install/sc2_bridge_interfaces/include/sc2_bridge_interfaces/sc2_bridge_interfaces/action/detail/attack__type_support.c\n'}
[0.224146] (sc2_bridge_interfaces) StdoutLine: {'line': b'-- Up-to-date: /home/ros/ws/ros2_ws/install/sc2_bridge_interfaces/include/sc2_bridge_interfaces/sc2_bridge_interfaces/action/detail/move__rosidl_typesupport_introspection_c.h\n'}
[0.224169] (sc2_bridge_interfaces) StdoutLine: {'line': b'-- Up-to-date: /home/ros/ws/ros2_ws/install/sc2_bridge_interfaces/lib/libsc2_bridge_interfaces__rosidl_typesupport_introspection_c.so\n'}
[0.224193] (sc2_bridge_interfaces) StdoutLine: {'line': b'-- Up-to-date: /home/ros/ws/ros2_ws/install/sc2_bridge_interfaces/lib/libsc2_bridge_interfaces__rosidl_typesupport_c.so\n'}
[0.224218] (sc2_bridge_interfaces) StdoutLine: {'line': b'-- Up-to-date: /home/ros/ws/ros2_ws/install/sc2_bridge_interfaces/include/sc2_bridge_interfaces/sc2_bridge_interfaces\n'}
[0.224245] (sc2_bridge_interfaces) StdoutLine: {'line': b'-- Up-to-date: /home/ros/ws/ros2_ws/install/sc2_bridge_interfaces/include/sc2_bridge_interfaces/sc2_bridge_interfaces/srv\n'}
[0.224272] (sc2_bridge_interfaces) StdoutLine: {'line': b'-- Up-to-date: /home/ros/ws/ros2_ws/install/sc2_bridge_interfaces/include/sc2_bridge_interfaces/sc2_bridge_interfaces/srv/kill_units.hpp\n'}
[0.224297] (sc2_bridge_interfaces) StdoutLine: {'line': b'-- Up-to-date: /home/ros/ws/ros2_ws/install/sc2_bridge_interfaces/include/sc2_bridge_interfaces/sc2_bridge_interfaces/srv/detail\n'}
[0.224399] (sc2_bridge_interfaces) StdoutLine: {'line': b'-- Up-to-date: /home/ros/ws/ros2_ws/install/sc2_bridge_interfaces/include/sc2_bridge_interfaces/sc2_bridge_interfaces/srv/detail/kill_units__struct.hpp\n'}
[0.224425] (sc2_bridge_interfaces) StdoutLine: {'line': b'-- Up-to-date: /home/ros/ws/ros2_ws/install/sc2_bridge_interfaces/include/sc2_bridge_interfaces/sc2_bridge_interfaces/srv/detail/kill_units__traits.hpp\n'}
[0.224450] (sc2_bridge_interfaces) StdoutLine: {'line': b'-- Up-to-date: /home/ros/ws/ros2_ws/install/sc2_bridge_interfaces/include/sc2_bridge_interfaces/sc2_bridge_interfaces/srv/detail/spawn_units__struct.hpp\n'}
[0.224475] (sc2_bridge_interfaces) StdoutLine: {'line': b'-- Up-to-date: /home/ros/ws/ros2_ws/install/sc2_bridge_interfaces/include/sc2_bridge_interfaces/sc2_bridge_interfaces/srv/detail/spawn_units__type_support.hpp\n'}
[0.224500] (sc2_bridge_interfaces) StdoutLine: {'line': b'-- Up-to-date: /home/ros/ws/ros2_ws/install/sc2_bridge_interfaces/include/sc2_bridge_interfaces/sc2_bridge_interfaces/srv/detail/kill_units__builder.hpp\n'}
[0.224525] (sc2_bridge_interfaces) StdoutLine: {'line': b'-- Up-to-date: /home/ros/ws/ros2_ws/install/sc2_bridge_interfaces/include/sc2_bridge_interfaces/sc2_bridge_interfaces/srv/detail/spawn_units__builder.hpp\n'}
[0.224551] (sc2_bridge_interfaces) StdoutLine: {'line': b'-- Up-to-date: /home/ros/ws/ros2_ws/install/sc2_bridge_interfaces/include/sc2_bridge_interfaces/sc2_bridge_interfaces/srv/detail/kill_units__type_support.hpp\n'}
[0.224576] (sc2_bridge_interfaces) StdoutLine: {'line': b'-- Up-to-date: /home/ros/ws/ros2_ws/install/sc2_bridge_interfaces/include/sc2_bridge_interfaces/sc2_bridge_interfaces/srv/detail/spawn_units__traits.hpp\n'}
[0.224600] (sc2_bridge_interfaces) StdoutLine: {'line': b'-- Up-to-date: /home/ros/ws/ros2_ws/install/sc2_bridge_interfaces/include/sc2_bridge_interfaces/sc2_bridge_interfaces/srv/spawn_units.hpp\n'}
[0.224732] (sc2_bridge_interfaces) StdoutLine: {'line': b'-- Up-to-date: /home/ros/ws/ros2_ws/install/sc2_bridge_interfaces/include/sc2_bridge_interfaces/sc2_bridge_interfaces/msg\n'}
[0.224758] (sc2_bridge_interfaces) StdoutLine: {'line': b'-- Up-to-date: /home/ros/ws/ros2_ws/install/sc2_bridge_interfaces/include/sc2_bridge_interfaces/sc2_bridge_interfaces/msg/contact_mark.hpp\n'}
[0.224783] (sc2_bridge_interfaces) StdoutLine: {'line': b'-- Up-to-date: /home/ros/ws/ros2_ws/install/sc2_bridge_interfaces/include/sc2_bridge_interfaces/sc2_bridge_interfaces/msg/game_info.hpp\n'}
[0.224808] (sc2_bridge_interfaces) StdoutLine: {'line': b'-- Up-to-date: /home/ros/ws/ros2_ws/install/sc2_bridge_interfaces/include/sc2_bridge_interfaces/sc2_bridge_interfaces/msg/contact_mark_array.hpp\n'}
[0.224833] (sc2_bridge_interfaces) StdoutLine: {'line': b'-- Up-to-date: /home/ros/ws/ros2_ws/install/sc2_bridge_interfaces/include/sc2_bridge_interfaces/sc2_bridge_interfaces/msg/rosidl_generator_cpp__visibility_control.hpp\n'}
[0.224858] (sc2_bridge_interfaces) StdoutLine: {'line': b'-- Up-to-date: /home/ros/ws/ros2_ws/install/sc2_bridge_interfaces/include/sc2_bridge_interfaces/sc2_bridge_interfaces/msg/unit_state_array.hpp\n'}
[0.224884] (sc2_bridge_interfaces) StdoutLine: {'line': b'-- Up-to-date: /home/ros/ws/ros2_ws/install/sc2_bridge_interfaces/include/sc2_bridge_interfaces/sc2_bridge_interfaces/msg/detail\n'}
[0.224910] (sc2_bridge_interfaces) StdoutLine: {'line': b'-- Up-to-date: /home/ros/ws/ros2_ws/install/sc2_bridge_interfaces/include/sc2_bridge_interfaces/sc2_bridge_interfaces/msg/detail/contact_mark_array__builder.hpp\n'}
[0.224935] (sc2_bridge_interfaces) StdoutLine: {'line': b'-- Up-to-date: /home/ros/ws/ros2_ws/install/sc2_bridge_interfaces/include/sc2_bridge_interfaces/sc2_bridge_interfaces/msg/detail/unit_state_array__struct.hpp\n'}
[0.224960] (sc2_bridge_interfaces) StdoutLine: {'line': b'-- Up-to-date: /home/ros/ws/ros2_ws/install/sc2_bridge_interfaces/include/sc2_bridge_interfaces/sc2_bridge_interfaces/msg/detail/game_info__type_support.hpp\n'}
[0.224985] (sc2_bridge_interfaces) StdoutLine: {'line': b'-- Up-to-date: /home/ros/ws/ros2_ws/install/sc2_bridge_interfaces/include/sc2_bridge_interfaces/sc2_bridge_interfaces/msg/detail/contact_mark_array__struct.hpp\n'}
[0.225038] (sc2_bridge_interfaces) StdoutLine: {'line': b'-- Up-to-date: /home/ros/ws/ros2_ws/install/sc2_bridge_interfaces/include/sc2_bridge_interfaces/sc2_bridge_interfaces/msg/detail/contact_mark__type_support.hpp\n'}
[0.225105] (sc2_bridge_interfaces) StdoutLine: {'line': b'-- Up-to-date: /home/ros/ws/ros2_ws/install/sc2_bridge_interfaces/include/sc2_bridge_interfaces/sc2_bridge_interfaces/msg/detail/game_info__builder.hpp\n'}
[0.225131] (sc2_bridge_interfaces) StdoutLine: {'line': b'-- Up-to-date: /home/ros/ws/ros2_ws/install/sc2_bridge_interfaces/include/sc2_bridge_interfaces/sc2_bridge_interfaces/msg/detail/contact_mark__builder.hpp\n'}
[0.225157] (sc2_bridge_interfaces) StdoutLine: {'line': b'-- Up-to-date: /home/ros/ws/ros2_ws/install/sc2_bridge_interfaces/include/sc2_bridge_interfaces/sc2_bridge_interfaces/msg/detail/unit_state__type_support.hpp\n'}
[0.225182] (sc2_bridge_interfaces) StdoutLine: {'line': b'-- Up-to-date: /home/ros/ws/ros2_ws/install/sc2_bridge_interfaces/include/sc2_bridge_interfaces/sc2_bridge_interfaces/msg/detail/game_info__struct.hpp\n'}
[0.225207] (sc2_bridge_interfaces) StdoutLine: {'line': b'-- Up-to-date: /home/ros/ws/ros2_ws/install/sc2_bridge_interfaces/include/sc2_bridge_interfaces/sc2_bridge_interfaces/msg/detail/contact_mark__struct.hpp\n'}
[0.225232] (sc2_bridge_interfaces) StdoutLine: {'line': b'-- Up-to-date: /home/ros/ws/ros2_ws/install/sc2_bridge_interfaces/include/sc2_bridge_interfaces/sc2_bridge_interfaces/msg/detail/game_info__traits.hpp\n'}
[0.225259] (sc2_bridge_interfaces) StdoutLine: {'line': b'-- Up-to-date: /home/ros/ws/ros2_ws/install/sc2_bridge_interfaces/include/sc2_bridge_interfaces/sc2_bridge_interfaces/msg/detail/unit_state_array__traits.hpp\n'}
[0.225284] (sc2_bridge_interfaces) StdoutLine: {'line': b'-- Up-to-date: /home/ros/ws/ros2_ws/install/sc2_bridge_interfaces/include/sc2_bridge_interfaces/sc2_bridge_interfaces/msg/detail/unit_state_array__builder.hpp\n'}
[0.225313] (sc2_bridge_interfaces) StdoutLine: {'line': b'-- Up-to-date: /home/ros/ws/ros2_ws/install/sc2_bridge_interfaces/include/sc2_bridge_interfaces/sc2_bridge_interfaces/msg/detail/unit_state_array__type_support.hpp\n'}
[0.225341] (sc2_bridge_interfaces) StdoutLine: {'line': b'-- Up-to-date: /home/ros/ws/ros2_ws/install/sc2_bridge_interfaces/include/sc2_bridge_interfaces/sc2_bridge_interfaces/msg/detail/contact_mark_array__type_support.hpp\n'}
[0.225367] (sc2_bridge_interfaces) StdoutLine: {'line': b'-- Up-to-date: /home/ros/ws/ros2_ws/install/sc2_bridge_interfaces/include/sc2_bridge_interfaces/sc2_bridge_interfaces/msg/detail/contact_mark_array__traits.hpp\n'}
[0.225393] (sc2_bridge_interfaces) StdoutLine: {'line': b'-- Up-to-date: /home/ros/ws/ros2_ws/install/sc2_bridge_interfaces/include/sc2_bridge_interfaces/sc2_bridge_interfaces/msg/detail/unit_state__struct.hpp\n'}
[0.225418] (sc2_bridge_interfaces) StdoutLine: {'line': b'-- Up-to-date: /home/ros/ws/ros2_ws/install/sc2_bridge_interfaces/include/sc2_bridge_interfaces/sc2_bridge_interfaces/msg/detail/unit_state__builder.hpp\n'}
[0.225472] (sc2_bridge_interfaces) StdoutLine: {'line': b'-- Up-to-date: /home/ros/ws/ros2_ws/install/sc2_bridge_interfaces/include/sc2_bridge_interfaces/sc2_bridge_interfaces/msg/detail/unit_state__traits.hpp\n'}
[0.225499] (sc2_bridge_interfaces) StdoutLine: {'line': b'-- Up-to-date: /home/ros/ws/ros2_ws/install/sc2_bridge_interfaces/include/sc2_bridge_interfaces/sc2_bridge_interfaces/msg/detail/contact_mark__traits.hpp\n'}
[0.225524] (sc2_bridge_interfaces) StdoutLine: {'line': b'-- Up-to-date: /home/ros/ws/ros2_ws/install/sc2_bridge_interfaces/include/sc2_bridge_interfaces/sc2_bridge_interfaces/msg/unit_state.hpp\n'}
[0.225549] (sc2_bridge_interfaces) StdoutLine: {'line': b'-- Up-to-date: /home/ros/ws/ros2_ws/install/sc2_bridge_interfaces/include/sc2_bridge_interfaces/sc2_bridge_interfaces/action\n'}
[0.225574] (sc2_bridge_interfaces) StdoutLine: {'line': b'-- Up-to-date: /home/ros/ws/ros2_ws/install/sc2_bridge_interfaces/include/sc2_bridge_interfaces/sc2_bridge_interfaces/action/attack.hpp\n'}
[0.225698] (sc2_bridge_interfaces) StdoutLine: {'line': b'-- Up-to-date: /home/ros/ws/ros2_ws/install/sc2_bridge_interfaces/include/sc2_bridge_interfaces/sc2_bridge_interfaces/action/move.hpp\n'}
[0.225724] (sc2_bridge_interfaces) StdoutLine: {'line': b'-- Up-to-date: /home/ros/ws/ros2_ws/install/sc2_bridge_interfaces/include/sc2_bridge_interfaces/sc2_bridge_interfaces/action/detail\n'}
[0.225749] (sc2_bridge_interfaces) StdoutLine: {'line': b'-- Up-to-date: /home/ros/ws/ros2_ws/install/sc2_bridge_interfaces/include/sc2_bridge_interfaces/sc2_bridge_interfaces/action/detail/move__builder.hpp\n'}
[0.225774] (sc2_bridge_interfaces) StdoutLine: {'line': b'-- Up-to-date: /home/ros/ws/ros2_ws/install/sc2_bridge_interfaces/include/sc2_bridge_interfaces/sc2_bridge_interfaces/action/detail/attack__type_support.hpp\n'}
[0.225799] (sc2_bridge_interfaces) StdoutLine: {'line': b'-- Up-to-date: /home/ros/ws/ros2_ws/install/sc2_bridge_interfaces/include/sc2_bridge_interfaces/sc2_bridge_interfaces/action/detail/move__struct.hpp\n'}
[0.225824] (sc2_bridge_interfaces) StdoutLine: {'line': b'-- Up-to-date: /home/ros/ws/ros2_ws/install/sc2_bridge_interfaces/include/sc2_bridge_interfaces/sc2_bridge_interfaces/action/detail/move__traits.hpp\n'}
[0.225849] (sc2_bridge_interfaces) StdoutLine: {'line': b'-- Up-to-date: /home/ros/ws/ros2_ws/install/sc2_bridge_interfaces/include/sc2_bridge_interfaces/sc2_bridge_interfaces/action/detail/attack__traits.hpp\n'}
[0.225874] (sc2_bridge_interfaces) StdoutLine: {'line': b'-- Up-to-date: /home/ros/ws/ros2_ws/install/sc2_bridge_interfaces/include/sc2_bridge_interfaces/sc2_bridge_interfaces/action/detail/attack__builder.hpp\n'}
[0.225899] (sc2_bridge_interfaces) StdoutLine: {'line': b'-- Up-to-date: /home/ros/ws/ros2_ws/install/sc2_bridge_interfaces/include/sc2_bridge_interfaces/sc2_bridge_interfaces/action/detail/move__type_support.hpp\n'}
[0.226096] (sc2_bridge_interfaces) StdoutLine: {'line': b'-- Up-to-date: /home/ros/ws/ros2_ws/install/sc2_bridge_interfaces/include/sc2_bridge_interfaces/sc2_bridge_interfaces/action/detail/attack__struct.hpp\n'}
[0.226123] (sc2_bridge_interfaces) StdoutLine: {'line': b'-- Up-to-date: /home/ros/ws/ros2_ws/install/sc2_bridge_interfaces/include/sc2_bridge_interfaces/sc2_bridge_interfaces\n'}
[0.226149] (sc2_bridge_interfaces) StdoutLine: {'line': b'-- Up-to-date: /home/ros/ws/ros2_ws/install/sc2_bridge_interfaces/include/sc2_bridge_interfaces/sc2_bridge_interfaces/srv\n'}
[0.226173] (sc2_bridge_interfaces) StdoutLine: {'line': b'-- Up-to-date: /home/ros/ws/ros2_ws/install/sc2_bridge_interfaces/include/sc2_bridge_interfaces/sc2_bridge_interfaces/srv/detail\n'}
[0.226198] (sc2_bridge_interfaces) StdoutLine: {'line': b'-- Up-to-date: /home/ros/ws/ros2_ws/install/sc2_bridge_interfaces/include/sc2_bridge_interfaces/sc2_bridge_interfaces/srv/detail/spawn_units__rosidl_typesupport_fastrtps_cpp.hpp\n'}
[0.226224] (sc2_bridge_interfaces) StdoutLine: {'line': b'-- Up-to-date: /home/ros/ws/ros2_ws/install/sc2_bridge_interfaces/include/sc2_bridge_interfaces/sc2_bridge_interfaces/srv/detail/dds_fastrtps\n'}
[0.226248] (sc2_bridge_interfaces) StdoutLine: {'line': b'-- Up-to-date: /home/ros/ws/ros2_ws/install/sc2_bridge_interfaces/include/sc2_bridge_interfaces/sc2_bridge_interfaces/srv/detail/kill_units__rosidl_typesupport_fastrtps_cpp.hpp\n'}
[0.226274] (sc2_bridge_interfaces) StdoutLine: {'line': b'-- Up-to-date: /home/ros/ws/ros2_ws/install/sc2_bridge_interfaces/include/sc2_bridge_interfaces/sc2_bridge_interfaces/msg\n'}
[0.226298] (sc2_bridge_interfaces) StdoutLine: {'line': b'-- Up-to-date: /home/ros/ws/ros2_ws/install/sc2_bridge_interfaces/include/sc2_bridge_interfaces/sc2_bridge_interfaces/msg/detail\n'}
[0.226439] (sc2_bridge_interfaces) StdoutLine: {'line': b'-- Up-to-date: /home/ros/ws/ros2_ws/install/sc2_bridge_interfaces/include/sc2_bridge_interfaces/sc2_bridge_interfaces/msg/detail/contact_mark__rosidl_typesupport_fastrtps_cpp.hpp\n'}
[0.226464] (sc2_bridge_interfaces) StdoutLine: {'line': b'-- Up-to-date: /home/ros/ws/ros2_ws/install/sc2_bridge_interfaces/include/sc2_bridge_interfaces/sc2_bridge_interfaces/msg/detail/unit_state__rosidl_typesupport_fastrtps_cpp.hpp\n'}
[0.226488] (sc2_bridge_interfaces) StdoutLine: {'line': b'-- Up-to-date: /home/ros/ws/ros2_ws/install/sc2_bridge_interfaces/include/sc2_bridge_interfaces/sc2_bridge_interfaces/msg/detail/contact_mark_array__rosidl_typesupport_fastrtps_cpp.hpp\n'}
[0.226512] (sc2_bridge_interfaces) StdoutLine: {'line': b'-- Up-to-date: /home/ros/ws/ros2_ws/install/sc2_bridge_interfaces/include/sc2_bridge_interfaces/sc2_bridge_interfaces/msg/detail/game_info__rosidl_typesupport_fastrtps_cpp.hpp\n'}
[0.226535] (sc2_bridge_interfaces) StdoutLine: {'line': b'-- Up-to-date: /home/ros/ws/ros2_ws/install/sc2_bridge_interfaces/include/sc2_bridge_interfaces/sc2_bridge_interfaces/msg/detail/dds_fastrtps\n'}
[0.226558] (sc2_bridge_interfaces) StdoutLine: {'line': b'-- Up-to-date: /home/ros/ws/ros2_ws/install/sc2_bridge_interfaces/include/sc2_bridge_interfaces/sc2_bridge_interfaces/msg/detail/unit_state_array__rosidl_typesupport_fastrtps_cpp.hpp\n'}
[0.226582] (sc2_bridge_interfaces) StdoutLine: {'line': b'-- Up-to-date: /home/ros/ws/ros2_ws/install/sc2_bridge_interfaces/include/sc2_bridge_interfaces/sc2_bridge_interfaces/msg/rosidl_typesupport_fastrtps_cpp__visibility_control.h\n'}
[0.226605] (sc2_bridge_interfaces) StdoutLine: {'line': b'-- Up-to-date: /home/ros/ws/ros2_ws/install/sc2_bridge_interfaces/include/sc2_bridge_interfaces/sc2_bridge_interfaces/action\n'}
[0.226628] (sc2_bridge_interfaces) StdoutLine: {'line': b'-- Up-to-date: /home/ros/ws/ros2_ws/install/sc2_bridge_interfaces/include/sc2_bridge_interfaces/sc2_bridge_interfaces/action/detail\n'}
[0.226652] (sc2_bridge_interfaces) StdoutLine: {'line': b'-- Up-to-date: /home/ros/ws/ros2_ws/install/sc2_bridge_interfaces/include/sc2_bridge_interfaces/sc2_bridge_interfaces/action/detail/attack__rosidl_typesupport_fastrtps_cpp.hpp\n'}
[0.226674] (sc2_bridge_interfaces) StdoutLine: {'line': b'-- Up-to-date: /home/ros/ws/ros2_ws/install/sc2_bridge_interfaces/include/sc2_bridge_interfaces/sc2_bridge_interfaces/action/detail/move__rosidl_typesupport_fastrtps_cpp.hpp\n'}
[0.226697] (sc2_bridge_interfaces) StdoutLine: {'line': b'-- Up-to-date: /home/ros/ws/ros2_ws/install/sc2_bridge_interfaces/include/sc2_bridge_interfaces/sc2_bridge_interfaces/action/detail/dds_fastrtps\n'}
[0.226720] (sc2_bridge_interfaces) StdoutLine: {'line': b'-- Up-to-date: /home/ros/ws/ros2_ws/install/sc2_bridge_interfaces/lib/libsc2_bridge_interfaces__rosidl_typesupport_fastrtps_cpp.so\n'}
[0.226743] (sc2_bridge_interfaces) StdoutLine: {'line': b'-- Up-to-date: /home/ros/ws/ros2_ws/install/sc2_bridge_interfaces/include/sc2_bridge_interfaces/sc2_bridge_interfaces\n'}
[0.226766] (sc2_bridge_interfaces) StdoutLine: {'line': b'-- Up-to-date: /home/ros/ws/ros2_ws/install/sc2_bridge_interfaces/include/sc2_bridge_interfaces/sc2_bridge_interfaces/srv\n'}
[0.226789] (sc2_bridge_interfaces) StdoutLine: {'line': b'-- Up-to-date: /home/ros/ws/ros2_ws/install/sc2_bridge_interfaces/include/sc2_bridge_interfaces/sc2_bridge_interfaces/srv/detail\n'}
[0.226812] (sc2_bridge_interfaces) StdoutLine: {'line': b'-- Up-to-date: /home/ros/ws/ros2_ws/install/sc2_bridge_interfaces/include/sc2_bridge_interfaces/sc2_bridge_interfaces/srv/detail/kill_units__type_support.cpp\n'}
[0.226835] (sc2_bridge_interfaces) StdoutLine: {'line': b'-- Up-to-date: /home/ros/ws/ros2_ws/install/sc2_bridge_interfaces/include/sc2_bridge_interfaces/sc2_bridge_interfaces/srv/detail/spawn_units__rosidl_typesupport_introspection_cpp.hpp\n'}
[0.226860] (sc2_bridge_interfaces) StdoutLine: {'line': b'-- Up-to-date: /home/ros/ws/ros2_ws/install/sc2_bridge_interfaces/include/sc2_bridge_interfaces/sc2_bridge_interfaces/srv/detail/kill_units__rosidl_typesupport_introspection_cpp.hpp\n'}
[0.226883] (sc2_bridge_interfaces) StdoutLine: {'line': b'-- Up-to-date: /home/ros/ws/ros2_ws/install/sc2_bridge_interfaces/include/sc2_bridge_interfaces/sc2_bridge_interfaces/srv/detail/spawn_units__type_support.cpp\n'}
[0.226907] (sc2_bridge_interfaces) StdoutLine: {'line': b'-- Up-to-date: /home/ros/ws/ros2_ws/install/sc2_bridge_interfaces/include/sc2_bridge_interfaces/sc2_bridge_interfaces/msg\n'}
[0.226929] (sc2_bridge_interfaces) StdoutLine: {'line': b'-- Up-to-date: /home/ros/ws/ros2_ws/install/sc2_bridge_interfaces/include/sc2_bridge_interfaces/sc2_bridge_interfaces/msg/detail\n'}
[0.226953] (sc2_bridge_interfaces) StdoutLine: {'line': b'-- Up-to-date: /home/ros/ws/ros2_ws/install/sc2_bridge_interfaces/include/sc2_bridge_interfaces/sc2_bridge_interfaces/msg/detail/game_info__rosidl_typesupport_introspection_cpp.hpp\n'}
[0.226976] (sc2_bridge_interfaces) StdoutLine: {'line': b'-- Up-to-date: /home/ros/ws/ros2_ws/install/sc2_bridge_interfaces/include/sc2_bridge_interfaces/sc2_bridge_interfaces/msg/detail/unit_state__rosidl_typesupport_introspection_cpp.hpp\n'}
[0.226998] (sc2_bridge_interfaces) StdoutLine: {'line': b'-- Up-to-date: /home/ros/ws/ros2_ws/install/sc2_bridge_interfaces/include/sc2_bridge_interfaces/sc2_bridge_interfaces/msg/detail/contact_mark__type_support.cpp\n'}
[0.227021] (sc2_bridge_interfaces) StdoutLine: {'line': b'-- Up-to-date: /home/ros/ws/ros2_ws/install/sc2_bridge_interfaces/include/sc2_bridge_interfaces/sc2_bridge_interfaces/msg/detail/unit_state__type_support.cpp\n'}
[0.227043] (sc2_bridge_interfaces) StdoutLine: {'line': b'-- Up-to-date: /home/ros/ws/ros2_ws/install/sc2_bridge_interfaces/include/sc2_bridge_interfaces/sc2_bridge_interfaces/msg/detail/game_info__type_support.cpp\n'}
[0.227066] (sc2_bridge_interfaces) StdoutLine: {'line': b'-- Up-to-date: /home/ros/ws/ros2_ws/install/sc2_bridge_interfaces/include/sc2_bridge_interfaces/sc2_bridge_interfaces/msg/detail/unit_state_array__rosidl_typesupport_introspection_cpp.hpp\n'}
[0.227090] (sc2_bridge_interfaces) StdoutLine: {'line': b'-- Up-to-date: /home/ros/ws/ros2_ws/install/sc2_bridge_interfaces/include/sc2_bridge_interfaces/sc2_bridge_interfaces/msg/detail/contact_mark_array__rosidl_typesupport_introspection_cpp.hpp\n'}
[0.227114] (sc2_bridge_interfaces) StdoutLine: {'line': b'-- Up-to-date: /home/ros/ws/ros2_ws/install/sc2_bridge_interfaces/include/sc2_bridge_interfaces/sc2_bridge_interfaces/msg/detail/contact_mark_array__type_support.cpp\n'}
[0.227137] (sc2_bridge_interfaces) StdoutLine: {'line': b'-- Up-to-date: /home/ros/ws/ros2_ws/install/sc2_bridge_interfaces/include/sc2_bridge_interfaces/sc2_bridge_interfaces/msg/detail/unit_state_array__type_support.cpp\n'}
[0.227160] (sc2_bridge_interfaces) StdoutLine: {'line': b'-- Up-to-date: /home/ros/ws/ros2_ws/install/sc2_bridge_interfaces/include/sc2_bridge_interfaces/sc2_bridge_interfaces/msg/detail/contact_mark__rosidl_typesupport_introspection_cpp.hpp\n'}
[0.227183] (sc2_bridge_interfaces) StdoutLine: {'line': b'-- Up-to-date: /home/ros/ws/ros2_ws/install/sc2_bridge_interfaces/include/sc2_bridge_interfaces/sc2_bridge_interfaces/action\n'}
[0.227206] (sc2_bridge_interfaces) StdoutLine: {'line': b'-- Up-to-date: /home/ros/ws/ros2_ws/install/sc2_bridge_interfaces/include/sc2_bridge_interfaces/sc2_bridge_interfaces/action/detail\n'}
[0.227229] (sc2_bridge_interfaces) StdoutLine: {'line': b'-- Up-to-date: /home/ros/ws/ros2_ws/install/sc2_bridge_interfaces/include/sc2_bridge_interfaces/sc2_bridge_interfaces/action/detail/attack__rosidl_typesupport_introspection_cpp.hpp\n'}
[0.227252] (sc2_bridge_interfaces) StdoutLine: {'line': b'-- Up-to-date: /home/ros/ws/ros2_ws/install/sc2_bridge_interfaces/include/sc2_bridge_interfaces/sc2_bridge_interfaces/action/detail/move__type_support.cpp\n'}
[0.227274] (sc2_bridge_interfaces) StdoutLine: {'line': b'-- Up-to-date: /home/ros/ws/ros2_ws/install/sc2_bridge_interfaces/include/sc2_bridge_interfaces/sc2_bridge_interfaces/action/detail/move__rosidl_typesupport_introspection_cpp.hpp\n'}
[0.227297] (sc2_bridge_interfaces) StdoutLine: {'line': b'-- Up-to-date: /home/ros/ws/ros2_ws/install/sc2_bridge_interfaces/include/sc2_bridge_interfaces/sc2_bridge_interfaces/action/detail/attack__type_support.cpp\n'}
[0.227327] (sc2_bridge_interfaces) StdoutLine: {'line': b'-- Up-to-date: /home/ros/ws/ros2_ws/install/sc2_bridge_interfaces/lib/libsc2_bridge_interfaces__rosidl_typesupport_introspection_cpp.so\n'}
[0.227352] (sc2_bridge_interfaces) StdoutLine: {'line': b'-- Up-to-date: /home/ros/ws/ros2_ws/install/sc2_bridge_interfaces/lib/libsc2_bridge_interfaces__rosidl_typesupport_cpp.so\n'}
[0.227375] (sc2_bridge_interfaces) StdoutLine: {'line': b'-- Up-to-date: /home/ros/ws/ros2_ws/install/sc2_bridge_interfaces/share/sc2_bridge_interfaces/environment/pythonpath.sh\n'}
[0.227397] (sc2_bridge_interfaces) StdoutLine: {'line': b'-- Up-to-date: /home/ros/ws/ros2_ws/install/sc2_bridge_interfaces/share/sc2_bridge_interfaces/environment/pythonpath.dsv\n'}
[0.227420] (sc2_bridge_interfaces) StdoutLine: {'line': b'-- Up-to-date: /home/ros/ws/ros2_ws/install/sc2_bridge_interfaces/local/lib/python3.10/dist-packages/sc2_bridge_interfaces-0.1.0-py3.10.egg-info\n'}
[0.227443] (sc2_bridge_interfaces) StdoutLine: {'line': b'-- Installing: /home/ros/ws/ros2_ws/install/sc2_bridge_interfaces/local/lib/python3.10/dist-packages/sc2_bridge_interfaces-0.1.0-py3.10.egg-info/top_level.txt\n'}
[0.227466] (sc2_bridge_interfaces) StdoutLine: {'line': b'-- Installing: /home/ros/ws/ros2_ws/install/sc2_bridge_interfaces/local/lib/python3.10/dist-packages/sc2_bridge_interfaces-0.1.0-py3.10.egg-info/SOURCES.txt\n'}
[0.227491] (sc2_bridge_interfaces) StdoutLine: {'line': b'-- Installing: /home/ros/ws/ros2_ws/install/sc2_bridge_interfaces/local/lib/python3.10/dist-packages/sc2_bridge_interfaces-0.1.0-py3.10.egg-info/dependency_links.txt\n'}
[0.227514] (sc2_bridge_interfaces) StdoutLine: {'line': b'-- Installing: /home/ros/ws/ros2_ws/install/sc2_bridge_interfaces/local/lib/python3.10/dist-packages/sc2_bridge_interfaces-0.1.0-py3.10.egg-info/PKG-INFO\n'}
[0.227536] (sc2_bridge_interfaces) StdoutLine: {'line': b'-- Up-to-date: /home/ros/ws/ros2_ws/install/sc2_bridge_interfaces/local/lib/python3.10/dist-packages/sc2_bridge_interfaces\n'}
[0.227559] (sc2_bridge_interfaces) StdoutLine: {'line': b'-- Up-to-date: /home/ros/ws/ros2_ws/install/sc2_bridge_interfaces/local/lib/python3.10/dist-packages/sc2_bridge_interfaces/sc2_bridge_interfaces_s__rosidl_typesupport_fastrtps_c.cpython-310-x86_64-linux-gnu.so\n'}
[0.227583] (sc2_bridge_interfaces) StdoutLine: {'line': b'-- Up-to-date: /home/ros/ws/ros2_ws/install/sc2_bridge_interfaces/local/lib/python3.10/dist-packages/sc2_bridge_interfaces/sc2_bridge_interfaces_s__rosidl_typesupport_introspection_c.cpython-310-x86_64-linux-gnu.so\n'}
[0.227607] (sc2_bridge_interfaces) StdoutLine: {'line': b'-- Up-to-date: /home/ros/ws/ros2_ws/install/sc2_bridge_interfaces/local/lib/python3.10/dist-packages/sc2_bridge_interfaces/_sc2_bridge_interfaces_s.ep.rosidl_typesupport_c.c\n'}
[0.227630] (sc2_bridge_interfaces) StdoutLine: {'line': b'-- Up-to-date: /home/ros/ws/ros2_ws/install/sc2_bridge_interfaces/local/lib/python3.10/dist-packages/sc2_bridge_interfaces/srv\n'}
[0.227653] (sc2_bridge_interfaces) StdoutLine: {'line': b'-- Up-to-date: /home/ros/ws/ros2_ws/install/sc2_bridge_interfaces/local/lib/python3.10/dist-packages/sc2_bridge_interfaces/srv/_kill_units_s.c\n'}
[0.227676] (sc2_bridge_interfaces) StdoutLine: {'line': b'-- Up-to-date: /home/ros/ws/ros2_ws/install/sc2_bridge_interfaces/local/lib/python3.10/dist-packages/sc2_bridge_interfaces/srv/_kill_units.py\n'}
[0.227699] (sc2_bridge_interfaces) StdoutLine: {'line': b'-- Up-to-date: /home/ros/ws/ros2_ws/install/sc2_bridge_interfaces/local/lib/python3.10/dist-packages/sc2_bridge_interfaces/srv/_spawn_units.py\n'}
[0.227722] (sc2_bridge_interfaces) StdoutLine: {'line': b'-- Up-to-date: /home/ros/ws/ros2_ws/install/sc2_bridge_interfaces/local/lib/python3.10/dist-packages/sc2_bridge_interfaces/srv/_spawn_units_s.c\n'}
[0.227744] (sc2_bridge_interfaces) StdoutLine: {'line': b'-- Up-to-date: /home/ros/ws/ros2_ws/install/sc2_bridge_interfaces/local/lib/python3.10/dist-packages/sc2_bridge_interfaces/srv/__init__.py\n'}
[0.227767] (sc2_bridge_interfaces) StdoutLine: {'line': b'-- Up-to-date: /home/ros/ws/ros2_ws/install/sc2_bridge_interfaces/local/lib/python3.10/dist-packages/sc2_bridge_interfaces/sc2_bridge_interfaces_s__rosidl_typesupport_c.cpython-310-x86_64-linux-gnu.so\n'}
[0.227791] (sc2_bridge_interfaces) StdoutLine: {'line': b'-- Up-to-date: /home/ros/ws/ros2_ws/install/sc2_bridge_interfaces/local/lib/python3.10/dist-packages/sc2_bridge_interfaces/msg\n'}
[0.227814] (sc2_bridge_interfaces) StdoutLine: {'line': b'-- Up-to-date: /home/ros/ws/ros2_ws/install/sc2_bridge_interfaces/local/lib/python3.10/dist-packages/sc2_bridge_interfaces/msg/_unit_state_array_s.c\n'}
[0.227837] (sc2_bridge_interfaces) StdoutLine: {'line': b'-- Up-to-date: /home/ros/ws/ros2_ws/install/sc2_bridge_interfaces/local/lib/python3.10/dist-packages/sc2_bridge_interfaces/msg/_contact_mark_array.py\n'}
[0.227860] (sc2_bridge_interfaces) StdoutLine: {'line': b'-- Up-to-date: /home/ros/ws/ros2_ws/install/sc2_bridge_interfaces/local/lib/python3.10/dist-packages/sc2_bridge_interfaces/msg/_contact_mark_s.c\n'}
[0.227883] (sc2_bridge_interfaces) StdoutLine: {'line': b'-- Up-to-date: /home/ros/ws/ros2_ws/install/sc2_bridge_interfaces/local/lib/python3.10/dist-packages/sc2_bridge_interfaces/msg/__init__.py\n'}
[0.227906] (sc2_bridge_interfaces) StdoutLine: {'line': b'-- Up-to-date: /home/ros/ws/ros2_ws/install/sc2_bridge_interfaces/local/lib/python3.10/dist-packages/sc2_bridge_interfaces/msg/_unit_state.py\n'}
[0.227928] (sc2_bridge_interfaces) StdoutLine: {'line': b'-- Up-to-date: /home/ros/ws/ros2_ws/install/sc2_bridge_interfaces/local/lib/python3.10/dist-packages/sc2_bridge_interfaces/msg/_game_info_s.c\n'}
[0.227951] (sc2_bridge_interfaces) StdoutLine: {'line': b'-- Up-to-date: /home/ros/ws/ros2_ws/install/sc2_bridge_interfaces/local/lib/python3.10/dist-packages/sc2_bridge_interfaces/msg/_unit_state_array.py\n'}
[0.227973] (sc2_bridge_interfaces) StdoutLine: {'line': b'-- Up-to-date: /home/ros/ws/ros2_ws/install/sc2_bridge_interfaces/local/lib/python3.10/dist-packages/sc2_bridge_interfaces/msg/_contact_mark_array_s.c\n'}
[0.227996] (sc2_bridge_interfaces) StdoutLine: {'line': b'-- Up-to-date: /home/ros/ws/ros2_ws/install/sc2_bridge_interfaces/local/lib/python3.10/dist-packages/sc2_bridge_interfaces/msg/_game_info.py\n'}
[0.228019] (sc2_bridge_interfaces) StdoutLine: {'line': b'-- Up-to-date: /home/ros/ws/ros2_ws/install/sc2_bridge_interfaces/local/lib/python3.10/dist-packages/sc2_bridge_interfaces/msg/_contact_mark.py\n'}
[0.228042] (sc2_bridge_interfaces) StdoutLine: {'line': b'-- Up-to-date: /home/ros/ws/ros2_ws/install/sc2_bridge_interfaces/local/lib/python3.10/dist-packages/sc2_bridge_interfaces/msg/_unit_state_s.c\n'}
[0.228064] (sc2_bridge_interfaces) StdoutLine: {'line': b'-- Up-to-date: /home/ros/ws/ros2_ws/install/sc2_bridge_interfaces/local/lib/python3.10/dist-packages/sc2_bridge_interfaces/libsc2_bridge_interfaces__rosidl_generator_py.so\n'}
[0.228090] (sc2_bridge_interfaces) StdoutLine: {'line': b'-- Up-to-date: /home/ros/ws/ros2_ws/install/sc2_bridge_interfaces/local/lib/python3.10/dist-packages/sc2_bridge_interfaces/__init__.py\n'}
[0.228113] (sc2_bridge_interfaces) StdoutLine: {'line': b'-- Up-to-date: /home/ros/ws/ros2_ws/install/sc2_bridge_interfaces/local/lib/python3.10/dist-packages/sc2_bridge_interfaces/_sc2_bridge_interfaces_s.ep.rosidl_typesupport_introspection_c.c\n'}
[0.228136] (sc2_bridge_interfaces) StdoutLine: {'line': b'-- Up-to-date: /home/ros/ws/ros2_ws/install/sc2_bridge_interfaces/local/lib/python3.10/dist-packages/sc2_bridge_interfaces/action\n'}
[0.228159] (sc2_bridge_interfaces) StdoutLine: {'line': b'-- Up-to-date: /home/ros/ws/ros2_ws/install/sc2_bridge_interfaces/local/lib/python3.10/dist-packages/sc2_bridge_interfaces/action/__init__.py\n'}
[0.228182] (sc2_bridge_interfaces) StdoutLine: {'line': b'-- Up-to-date: /home/ros/ws/ros2_ws/install/sc2_bridge_interfaces/local/lib/python3.10/dist-packages/sc2_bridge_interfaces/action/_attack_s.c\n'}
[0.228204] (sc2_bridge_interfaces) StdoutLine: {'line': b'-- Up-to-date: /home/ros/ws/ros2_ws/install/sc2_bridge_interfaces/local/lib/python3.10/dist-packages/sc2_bridge_interfaces/action/_move.py\n'}
[0.228226] (sc2_bridge_interfaces) StdoutLine: {'line': b'-- Up-to-date: /home/ros/ws/ros2_ws/install/sc2_bridge_interfaces/local/lib/python3.10/dist-packages/sc2_bridge_interfaces/action/_attack.py\n'}
[0.228251] (sc2_bridge_interfaces) StdoutLine: {'line': b'-- Up-to-date: /home/ros/ws/ros2_ws/install/sc2_bridge_interfaces/local/lib/python3.10/dist-packages/sc2_bridge_interfaces/action/_move_s.c\n'}
[0.228276] (sc2_bridge_interfaces) StdoutLine: {'line': b'-- Up-to-date: /home/ros/ws/ros2_ws/install/sc2_bridge_interfaces/local/lib/python3.10/dist-packages/sc2_bridge_interfaces/_sc2_bridge_interfaces_s.ep.rosidl_typesupport_fastrtps_c.c\n'}
[0.248845] (sc2_bridge_interfaces) StdoutLine: {'line': b"Listing '/home/ros/ws/ros2_ws/install/sc2_bridge_interfaces/local/lib/python3.10/dist-packages/sc2_bridge_interfaces'...\n"}
[0.248950] (sc2_bridge_interfaces) StdoutLine: {'line': b"Listing '/home/ros/ws/ros2_ws/install/sc2_bridge_interfaces/local/lib/python3.10/dist-packages/sc2_bridge_interfaces/action'...\n"}
[0.248989] (sc2_bridge_interfaces) StdoutLine: {'line': b"Listing '/home/ros/ws/ros2_ws/install/sc2_bridge_interfaces/local/lib/python3.10/dist-packages/sc2_bridge_interfaces/msg'...\n"}
[0.249021] (sc2_bridge_interfaces) StdoutLine: {'line': b"Listing '/home/ros/ws/ros2_ws/install/sc2_bridge_interfaces/local/lib/python3.10/dist-packages/sc2_bridge_interfaces/srv'...\n"}
[0.252516] (sc2_bridge_interfaces) StdoutLine: {'line': b'-- Up-to-date: /home/ros/ws/ros2_ws/install/sc2_bridge_interfaces/local/lib/python3.10/dist-packages/sc2_bridge_interfaces/sc2_bridge_interfaces_s__rosidl_typesupport_fastrtps_c.cpython-310-x86_64-linux-gnu.so\n'}
[0.252694] (sc2_bridge_interfaces) StdoutLine: {'line': b'-- Up-to-date: /home/ros/ws/ros2_ws/install/sc2_bridge_interfaces/local/lib/python3.10/dist-packages/sc2_bridge_interfaces/sc2_bridge_interfaces_s__rosidl_typesupport_introspection_c.cpython-310-x86_64-linux-gnu.so\n'}
[0.252851] (sc2_bridge_interfaces) StdoutLine: {'line': b'-- Up-to-date: /home/ros/ws/ros2_ws/install/sc2_bridge_interfaces/local/lib/python3.10/dist-packages/sc2_bridge_interfaces/sc2_bridge_interfaces_s__rosidl_typesupport_c.cpython-310-x86_64-linux-gnu.so\n'}
[0.253016] (sc2_bridge_interfaces) StdoutLine: {'line': b'-- Up-to-date: /home/ros/ws/ros2_ws/install/sc2_bridge_interfaces/lib/libsc2_bridge_interfaces__rosidl_generator_py.so\n'}
[0.253196] (sc2_bridge_interfaces) StdoutLine: {'line': b'-- Up-to-date: /home/ros/ws/ros2_ws/install/sc2_bridge_interfaces/share/ament_index/resource_index/rust_packages/sc2_bridge_interfaces\n'}
[0.253378] (sc2_bridge_interfaces) StdoutLine: {'line': b'-- Up-to-date: /home/ros/ws/ros2_ws/install/sc2_bridge_interfaces/share/sc2_bridge_interfaces/rust\n'}
[0.253430] (sc2_bridge_interfaces) StdoutLine: {'line': b'-- Up-to-date: /home/ros/ws/ros2_ws/install/sc2_bridge_interfaces/share/sc2_bridge_interfaces/rust/build.rs\n'}
[0.253475] (sc2_bridge_interfaces) StdoutLine: {'line': b'-- Up-to-date: /home/ros/ws/ros2_ws/install/sc2_bridge_interfaces/share/sc2_bridge_interfaces/rust/src\n'}
[0.253518] (sc2_bridge_interfaces) StdoutLine: {'line': b'-- Up-to-date: /home/ros/ws/ros2_ws/install/sc2_bridge_interfaces/share/sc2_bridge_interfaces/rust/src/srv.rs\n'}
[0.253560] (sc2_bridge_interfaces) StdoutLine: {'line': b'-- Up-to-date: /home/ros/ws/ros2_ws/install/sc2_bridge_interfaces/share/sc2_bridge_interfaces/rust/src/srv\n'}
[0.253602] (sc2_bridge_interfaces) StdoutLine: {'line': b'-- Up-to-date: /home/ros/ws/ros2_ws/install/sc2_bridge_interfaces/share/sc2_bridge_interfaces/rust/src/srv/rmw.rs\n'}
[0.253644] (sc2_bridge_interfaces) StdoutLine: {'line': b'-- Up-to-date: /home/ros/ws/ros2_ws/install/sc2_bridge_interfaces/share/sc2_bridge_interfaces/rust/src/msg\n'}
[0.253685] (sc2_bridge_interfaces) StdoutLine: {'line': b'-- Up-to-date: /home/ros/ws/ros2_ws/install/sc2_bridge_interfaces/share/sc2_bridge_interfaces/rust/src/msg/rmw.rs\n'}
[0.253727] (sc2_bridge_interfaces) StdoutLine: {'line': b'-- Up-to-date: /home/ros/ws/ros2_ws/install/sc2_bridge_interfaces/share/sc2_bridge_interfaces/rust/src/lib.rs\n'}
[0.253789] (sc2_bridge_interfaces) StdoutLine: {'line': b'-- Up-to-date: /home/ros/ws/ros2_ws/install/sc2_bridge_interfaces/share/sc2_bridge_interfaces/rust/src/action\n'}
[0.253820] (sc2_bridge_interfaces) StdoutLine: {'line': b'-- Up-to-date: /home/ros/ws/ros2_ws/install/sc2_bridge_interfaces/share/sc2_bridge_interfaces/rust/src/action/rmw.rs\n'}
[0.253845] (sc2_bridge_interfaces) StdoutLine: {'line': b'-- Up-to-date: /home/ros/ws/ros2_ws/install/sc2_bridge_interfaces/share/sc2_bridge_interfaces/rust/src/action.rs\n'}
[0.253870] (sc2_bridge_interfaces) StdoutLine: {'line': b'-- Up-to-date: /home/ros/ws/ros2_ws/install/sc2_bridge_interfaces/share/sc2_bridge_interfaces/rust/src/msg.rs\n'}
[0.253981] (sc2_bridge_interfaces) StdoutLine: {'line': b'-- Up-to-date: /home/ros/ws/ros2_ws/install/sc2_bridge_interfaces/share/sc2_bridge_interfaces/rust/Cargo.toml\n'}
[0.254007] (sc2_bridge_interfaces) StdoutLine: {'line': b'-- Up-to-date: /home/ros/ws/ros2_ws/install/sc2_bridge_interfaces/share/sc2_bridge_interfaces/msg/ContactMark.idl\n'}
[0.254033] (sc2_bridge_interfaces) StdoutLine: {'line': b'-- Up-to-date: /home/ros/ws/ros2_ws/install/sc2_bridge_interfaces/share/sc2_bridge_interfaces/msg/ContactMarkArray.idl\n'}
[0.254059] (sc2_bridge_interfaces) StdoutLine: {'line': b'-- Up-to-date: /home/ros/ws/ros2_ws/install/sc2_bridge_interfaces/share/sc2_bridge_interfaces/msg/GameInfo.idl\n'}
[0.254085] (sc2_bridge_interfaces) StdoutLine: {'line': b'-- Up-to-date: /home/ros/ws/ros2_ws/install/sc2_bridge_interfaces/share/sc2_bridge_interfaces/msg/UnitState.idl\n'}
[0.254110] (sc2_bridge_interfaces) StdoutLine: {'line': b'-- Up-to-date: /home/ros/ws/ros2_ws/install/sc2_bridge_interfaces/share/sc2_bridge_interfaces/msg/UnitStateArray.idl\n'}
[0.254135] (sc2_bridge_interfaces) StdoutLine: {'line': b'-- Up-to-date: /home/ros/ws/ros2_ws/install/sc2_bridge_interfaces/share/sc2_bridge_interfaces/srv/KillUnits.idl\n'}
[0.254160] (sc2_bridge_interfaces) StdoutLine: {'line': b'-- Up-to-date: /home/ros/ws/ros2_ws/install/sc2_bridge_interfaces/share/sc2_bridge_interfaces/srv/SpawnUnits.idl\n'}
[0.254258] (sc2_bridge_interfaces) StdoutLine: {'line': b'-- Up-to-date: /home/ros/ws/ros2_ws/install/sc2_bridge_interfaces/share/sc2_bridge_interfaces/action/Attack.idl\n'}
[0.254284] (sc2_bridge_interfaces) StdoutLine: {'line': b'-- Up-to-date: /home/ros/ws/ros2_ws/install/sc2_bridge_interfaces/share/sc2_bridge_interfaces/action/Move.idl\n'}
[0.254309] (sc2_bridge_interfaces) StdoutLine: {'line': b'-- Up-to-date: /home/ros/ws/ros2_ws/install/sc2_bridge_interfaces/share/sc2_bridge_interfaces/msg/ContactMark.msg\n'}
[0.254341] (sc2_bridge_interfaces) StdoutLine: {'line': b'-- Up-to-date: /home/ros/ws/ros2_ws/install/sc2_bridge_interfaces/share/sc2_bridge_interfaces/msg/ContactMarkArray.msg\n'}
[0.254367] (sc2_bridge_interfaces) StdoutLine: {'line': b'-- Up-to-date: /home/ros/ws/ros2_ws/install/sc2_bridge_interfaces/share/sc2_bridge_interfaces/msg/GameInfo.msg\n'}
[0.254392] (sc2_bridge_interfaces) StdoutLine: {'line': b'-- Up-to-date: /home/ros/ws/ros2_ws/install/sc2_bridge_interfaces/share/sc2_bridge_interfaces/msg/UnitState.msg\n'}
[0.254417] (sc2_bridge_interfaces) StdoutLine: {'line': b'-- Up-to-date: /home/ros/ws/ros2_ws/install/sc2_bridge_interfaces/share/sc2_bridge_interfaces/msg/UnitStateArray.msg\n'}
[0.254441] (sc2_bridge_interfaces) StdoutLine: {'line': b'-- Up-to-date: /home/ros/ws/ros2_ws/install/sc2_bridge_interfaces/share/sc2_bridge_interfaces/srv/KillUnits.srv\n'}
[0.254467] (sc2_bridge_interfaces) StdoutLine: {'line': b'-- Up-to-date: /home/ros/ws/ros2_ws/install/sc2_bridge_interfaces/share/sc2_bridge_interfaces/srv/KillUnits_Request.msg\n'}
[0.254493] (sc2_bridge_interfaces) StdoutLine: {'line': b'-- Up-to-date: /home/ros/ws/ros2_ws/install/sc2_bridge_interfaces/share/sc2_bridge_interfaces/srv/KillUnits_Response.msg\n'}
[0.254518] (sc2_bridge_interfaces) StdoutLine: {'line': b'-- Up-to-date: /home/ros/ws/ros2_ws/install/sc2_bridge_interfaces/share/sc2_bridge_interfaces/srv/SpawnUnits.srv\n'}
[0.254543] (sc2_bridge_interfaces) StdoutLine: {'line': b'-- Up-to-date: /home/ros/ws/ros2_ws/install/sc2_bridge_interfaces/share/sc2_bridge_interfaces/srv/SpawnUnits_Request.msg\n'}
[0.254616] (sc2_bridge_interfaces) StdoutLine: {'line': b'-- Up-to-date: /home/ros/ws/ros2_ws/install/sc2_bridge_interfaces/share/sc2_bridge_interfaces/srv/SpawnUnits_Response.msg\n'}
[0.254641] (sc2_bridge_interfaces) StdoutLine: {'line': b'-- Up-to-date: /home/ros/ws/ros2_ws/install/sc2_bridge_interfaces/share/sc2_bridge_interfaces/action/Attack.action\n'}
[0.254666] (sc2_bridge_interfaces) StdoutLine: {'line': b'-- Up-to-date: /home/ros/ws/ros2_ws/install/sc2_bridge_interfaces/share/sc2_bridge_interfaces/action/Move.action\n'}
[0.254691] (sc2_bridge_interfaces) StdoutLine: {'line': b'-- Up-to-date: /home/ros/ws/ros2_ws/install/sc2_bridge_interfaces/share/ament_index/resource_index/package_run_dependencies/sc2_bridge_interfaces\n'}
[0.254716] (sc2_bridge_interfaces) StdoutLine: {'line': b'-- Up-to-date: /home/ros/ws/ros2_ws/install/sc2_bridge_interfaces/share/ament_index/resource_index/parent_prefix_path/sc2_bridge_interfaces\n'}
[0.254741] (sc2_bridge_interfaces) StdoutLine: {'line': b'-- Up-to-date: /home/ros/ws/ros2_ws/install/sc2_bridge_interfaces/share/sc2_bridge_interfaces/environment/ament_prefix_path.sh\n'}
[0.254766] (sc2_bridge_interfaces) StdoutLine: {'line': b'-- Up-to-date: /home/ros/ws/ros2_ws/install/sc2_bridge_interfaces/share/sc2_bridge_interfaces/environment/ament_prefix_path.dsv\n'}
[0.254790] (sc2_bridge_interfaces) StdoutLine: {'line': b'-- Up-to-date: /home/ros/ws/ros2_ws/install/sc2_bridge_interfaces/share/sc2_bridge_interfaces/environment/path.sh\n'}
[0.254815] (sc2_bridge_interfaces) StdoutLine: {'line': b'-- Up-to-date: /home/ros/ws/ros2_ws/install/sc2_bridge_interfaces/share/sc2_bridge_interfaces/environment/path.dsv\n'}
[0.254839] (sc2_bridge_interfaces) StdoutLine: {'line': b'-- Up-to-date: /home/ros/ws/ros2_ws/install/sc2_bridge_interfaces/share/sc2_bridge_interfaces/local_setup.bash\n'}
[0.254864] (sc2_bridge_interfaces) StdoutLine: {'line': b'-- Up-to-date: /home/ros/ws/ros2_ws/install/sc2_bridge_interfaces/share/sc2_bridge_interfaces/local_setup.sh\n'}
[0.254890] (sc2_bridge_interfaces) StdoutLine: {'line': b'-- Up-to-date: /home/ros/ws/ros2_ws/install/sc2_bridge_interfaces/share/sc2_bridge_interfaces/local_setup.zsh\n'}
[0.254916] (sc2_bridge_interfaces) StdoutLine: {'line': b'-- Up-to-date: /home/ros/ws/ros2_ws/install/sc2_bridge_interfaces/share/sc2_bridge_interfaces/local_setup.dsv\n'}
[0.254941] (sc2_bridge_interfaces) StdoutLine: {'line': b'-- Installing: /home/ros/ws/ros2_ws/install/sc2_bridge_interfaces/share/sc2_bridge_interfaces/package.dsv\n'}
[0.254966] (sc2_bridge_interfaces) StdoutLine: {'line': b'-- Up-to-date: /home/ros/ws/ros2_ws/install/sc2_bridge_interfaces/share/ament_index/resource_index/packages/sc2_bridge_interfaces\n'}
[0.255030] (sc2_bridge_interfaces) StdoutLine: {'line': b'-- Up-to-date: /home/ros/ws/ros2_ws/install/sc2_bridge_interfaces/share/sc2_bridge_interfaces/cmake/export_sc2_bridge_interfaces__rosidl_generator_cExport.cmake\n'}
[0.255056] (sc2_bridge_interfaces) StdoutLine: {'line': b'-- Up-to-date: /home/ros/ws/ros2_ws/install/sc2_bridge_interfaces/share/sc2_bridge_interfaces/cmake/export_sc2_bridge_interfaces__rosidl_generator_cExport-noconfig.cmake\n'}
[0.255081] (sc2_bridge_interfaces) StdoutLine: {'line': b'-- Up-to-date: /home/ros/ws/ros2_ws/install/sc2_bridge_interfaces/share/sc2_bridge_interfaces/cmake/export_sc2_bridge_interfaces__rosidl_typesupport_fastrtps_cExport.cmake\n'}
[0.255108] (sc2_bridge_interfaces) StdoutLine: {'line': b'-- Up-to-date: /home/ros/ws/ros2_ws/install/sc2_bridge_interfaces/share/sc2_bridge_interfaces/cmake/export_sc2_bridge_interfaces__rosidl_typesupport_fastrtps_cExport-noconfig.cmake\n'}
[0.255136] (sc2_bridge_interfaces) StdoutLine: {'line': b'-- Up-to-date: /home/ros/ws/ros2_ws/install/sc2_bridge_interfaces/share/sc2_bridge_interfaces/cmake/sc2_bridge_interfaces__rosidl_typesupport_introspection_cExport.cmake\n'}
[0.255162] (sc2_bridge_interfaces) StdoutLine: {'line': b'-- Up-to-date: /home/ros/ws/ros2_ws/install/sc2_bridge_interfaces/share/sc2_bridge_interfaces/cmake/sc2_bridge_interfaces__rosidl_typesupport_introspection_cExport-noconfig.cmake\n'}
[0.255189] (sc2_bridge_interfaces) StdoutLine: {'line': b'-- Up-to-date: /home/ros/ws/ros2_ws/install/sc2_bridge_interfaces/share/sc2_bridge_interfaces/cmake/sc2_bridge_interfaces__rosidl_typesupport_cExport.cmake\n'}
[0.255215] (sc2_bridge_interfaces) StdoutLine: {'line': b'-- Up-to-date: /home/ros/ws/ros2_ws/install/sc2_bridge_interfaces/share/sc2_bridge_interfaces/cmake/sc2_bridge_interfaces__rosidl_typesupport_cExport-noconfig.cmake\n'}
[0.255429] (sc2_bridge_interfaces) StdoutLine: {'line': b'-- Up-to-date: /home/ros/ws/ros2_ws/install/sc2_bridge_interfaces/share/sc2_bridge_interfaces/cmake/export_sc2_bridge_interfaces__rosidl_generator_cppExport.cmake\n'}
[0.255462] (sc2_bridge_interfaces) StdoutLine: {'line': b'-- Up-to-date: /home/ros/ws/ros2_ws/install/sc2_bridge_interfaces/share/sc2_bridge_interfaces/cmake/export_sc2_bridge_interfaces__rosidl_typesupport_fastrtps_cppExport.cmake\n'}
[0.255489] (sc2_bridge_interfaces) StdoutLine: {'line': b'-- Up-to-date: /home/ros/ws/ros2_ws/install/sc2_bridge_interfaces/share/sc2_bridge_interfaces/cmake/export_sc2_bridge_interfaces__rosidl_typesupport_fastrtps_cppExport-noconfig.cmake\n'}
[0.255517] (sc2_bridge_interfaces) StdoutLine: {'line': b'-- Up-to-date: /home/ros/ws/ros2_ws/install/sc2_bridge_interfaces/share/sc2_bridge_interfaces/cmake/sc2_bridge_interfaces__rosidl_typesupport_introspection_cppExport.cmake\n'}
[0.255542] (sc2_bridge_interfaces) StdoutLine: {'line': b'-- Up-to-date: /home/ros/ws/ros2_ws/install/sc2_bridge_interfaces/share/sc2_bridge_interfaces/cmake/sc2_bridge_interfaces__rosidl_typesupport_introspection_cppExport-noconfig.cmake\n'}
[0.255570] (sc2_bridge_interfaces) StdoutLine: {'line': b'-- Up-to-date: /home/ros/ws/ros2_ws/install/sc2_bridge_interfaces/share/sc2_bridge_interfaces/cmake/sc2_bridge_interfaces__rosidl_typesupport_cppExport.cmake\n'}
[0.255597] (sc2_bridge_interfaces) StdoutLine: {'line': b'-- Up-to-date: /home/ros/ws/ros2_ws/install/sc2_bridge_interfaces/share/sc2_bridge_interfaces/cmake/sc2_bridge_interfaces__rosidl_typesupport_cppExport-noconfig.cmake\n'}
[0.255623] (sc2_bridge_interfaces) StdoutLine: {'line': b'-- Up-to-date: /home/ros/ws/ros2_ws/install/sc2_bridge_interfaces/share/sc2_bridge_interfaces/cmake/export_sc2_bridge_interfaces__rosidl_generator_pyExport.cmake\n'}
[0.255649] (sc2_bridge_interfaces) StdoutLine: {'line': b'-- Up-to-date: /home/ros/ws/ros2_ws/install/sc2_bridge_interfaces/share/sc2_bridge_interfaces/cmake/export_sc2_bridge_interfaces__rosidl_generator_pyExport-noconfig.cmake\n'}
[0.255727] (sc2_bridge_interfaces) StdoutLine: {'line': b'-- Up-to-date: /home/ros/ws/ros2_ws/install/sc2_bridge_interfaces/share/sc2_bridge_interfaces/cmake/rosidl_cmake-extras.cmake\n'}
[0.255755] (sc2_bridge_interfaces) StdoutLine: {'line': b'-- Up-to-date: /home/ros/ws/ros2_ws/install/sc2_bridge_interfaces/share/sc2_bridge_interfaces/cmake/ament_cmake_export_dependencies-extras.cmake\n'}
[0.255779] (sc2_bridge_interfaces) StdoutLine: {'line': b'-- Up-to-date: /home/ros/ws/ros2_ws/install/sc2_bridge_interfaces/share/sc2_bridge_interfaces/cmake/ament_cmake_export_include_directories-extras.cmake\n'}
[0.255803] (sc2_bridge_interfaces) StdoutLine: {'line': b'-- Up-to-date: /home/ros/ws/ros2_ws/install/sc2_bridge_interfaces/share/sc2_bridge_interfaces/cmake/ament_cmake_export_libraries-extras.cmake\n'}
[0.255827] (sc2_bridge_interfaces) StdoutLine: {'line': b'-- Up-to-date: /home/ros/ws/ros2_ws/install/sc2_bridge_interfaces/share/sc2_bridge_interfaces/cmake/ament_cmake_export_targets-extras.cmake\n'}
[0.255849] (sc2_bridge_interfaces) StdoutLine: {'line': b'-- Up-to-date: /home/ros/ws/ros2_ws/install/sc2_bridge_interfaces/share/sc2_bridge_interfaces/cmake/rosidl_cmake_export_typesupport_targets-extras.cmake\n'}
[0.255872] (sc2_bridge_interfaces) StdoutLine: {'line': b'-- Up-to-date: /home/ros/ws/ros2_ws/install/sc2_bridge_interfaces/share/sc2_bridge_interfaces/cmake/rosidl_cmake_export_typesupport_libraries-extras.cmake\n'}
[0.255897] (sc2_bridge_interfaces) StdoutLine: {'line': b'-- Up-to-date: /home/ros/ws/ros2_ws/install/sc2_bridge_interfaces/share/sc2_bridge_interfaces/cmake/sc2_bridge_interfacesConfig.cmake\n'}
[0.255928] (sc2_bridge_interfaces) StdoutLine: {'line': b'-- Up-to-date: /home/ros/ws/ros2_ws/install/sc2_bridge_interfaces/share/sc2_bridge_interfaces/cmake/sc2_bridge_interfacesConfig-version.cmake\n'}
[0.255951] (sc2_bridge_interfaces) StdoutLine: {'line': b'-- Up-to-date: /home/ros/ws/ros2_ws/install/sc2_bridge_interfaces/share/sc2_bridge_interfaces/package.xml\n'}
[0.257198] (sc2_bridge_interfaces) CommandEnded: {'returncode': 0}
[0.272412] (sc2_bridge_interfaces) JobEnded: {'identifier': 'sc2_bridge_interfaces', 'rc': 0}
[0.272981] (sc2_bridge) JobStarted: {'identifier': 'sc2_bridge'}
[0.300168] (-) TimerEvent: {}
[0.400366] (-) TimerEvent: {}
[0.500540] (-) TimerEvent: {}
[0.560855] (sc2_bridge) Command: {'cmd': ['/usr/bin/python3', '-W', 'ignore:setup.py install is deprecated', '-W', 'ignore:easy_install command is deprecated', 'setup.py', 'develop', '--editable', '--build-directory', '/home/ros/ws/ros2_ws/build/sc2_bridge/build', '--no-deps', 'symlink_data'], 'cwd': '/home/ros/ws/ros2_ws/build/sc2_bridge', 'env': {'HOSTNAME': '793d460668f9', 'ROS_PACKAGE_PATH': '/home/ros/ws/ros2_ws/install/sc2_bridge_interfaces/share', 'SHLVL': '1', 'LD_LIBRARY_PATH': '/home/ros/ws/ros2_ws/install/sc2_bridge_interfaces/lib:/opt/ros/humble/opt/rviz_ogre_vendor/lib:/opt/ros/humble/lib/x86_64-linux-gnu:/opt/ros/humble/lib', 'HOME': '/home/ros', 'ROS_PYTHON_VERSION': '3', 'SC2_MAP': '/StarCraftII/maps/Flat482Spawns.SC2Map', 'ROS_DISTRO': 'humble', '_': '/usr/bin/colcon', 'ROS_VERSION': '2', 'PKG_CONFIG_PATH': '/home/ros/ws/ros2_ws/install/sc2_bridge_interfaces/lib/x86_64-linux-gnu/pkgconfig:/home/ros/ws/ros2_ws/install/sc2_bridge_interfaces/lib/pkgconfig', 'ROS_LOCALHOST_ONLY': '0', 'PATH': '/opt/ros/humble/bin:/usr/local/sbin:/usr/local/bin:/usr/sbin:/usr/bin:/sbin:/bin', 'DISPLAY': ':0', 'LANG': 'C.UTF-8', 'XAUTHORITY': '/run/user/1000/.mutter-Xwaylandauth.UJHRP3', 'AMENT_PREFIX_PATH': '/opt/ros/humble', 'SC2_HOST': 'host.docker.internal', 'PWD': '/home/ros/ws/ros2_ws/build/sc2_bridge', 'LC_ALL': 'C.UTF-8', 'PYTHONPATH': '/home/ros/ws/ros2_ws/build/sc2_bridge/prefix_override:/usr/lib/python3/dist-packages/colcon_core/task/python/colcon_distutils_commands:/home/ros/ws/ros2_ws/install/sc2_bridge/lib/python3.10/site-packages:/home/ros/ws/ros2_ws/install/sc2_bridge_interfaces/local/lib/python3.10/dist-packages:/opt/ros/humble/lib/python3.10/site-packages:/opt/ros/humble/local/lib/python3.10/dist-packages', 'COLCON': '1', 'SC2_PORT': '8167', 'CMAKE_PREFIX_PATH': '/home/ros/ws/ros2_ws/install/sc2_bridge_interfaces'}, 'shell': False}
[0.600615] (-) TimerEvent: {}
[0.682096] (sc2_bridge) StdoutLine: {'line': b'running develop\n'}
[0.700742] (-) TimerEvent: {}
[0.729059] (sc2_bridge) StdoutLine: {'line': b'running egg_info\n'}
[0.729496] (sc2_bridge) StdoutLine: {'line': b'writing sc2_bridge.egg-info/PKG-INFO\n'}
[0.729555] (sc2_bridge) StdoutLine: {'line': b'writing dependency_links to sc2_bridge.egg-info/dependency_links.txt\n'}
[0.729601] (sc2_bridge) StdoutLine: {'line': b'writing entry points to sc2_bridge.egg-info/entry_points.txt\n'}
[0.729644] (sc2_bridge) StdoutLine: {'line': b'writing requirements to sc2_bridge.egg-info/requires.txt\n'}
[0.729681] (sc2_bridge) StdoutLine: {'line': b'writing top-level names to sc2_bridge.egg-info/top_level.txt\n'}
[0.730284] (sc2_bridge) StdoutLine: {'line': b"reading manifest file 'sc2_bridge.egg-info/SOURCES.txt'\n"}
[0.730675] (sc2_bridge) StdoutLine: {'line': b"writing manifest file 'sc2_bridge.egg-info/SOURCES.txt'\n"}
[0.731339] (sc2_bridge) StdoutLine: {'line': b'running build_ext\n'}
[0.731371] (sc2_bridge) StdoutLine: {'line': b'Creating /home/ros/ws/ros2_ws/install/sc2_bridge/lib/python3.10/site-packages/sc2-bridge.egg-link (link to .)\n'}
[0.731697] (sc2_bridge) StdoutLine: {'line': b'Installing sc2_bridge_node script to /home/ros/ws/ros2_ws/install/sc2_bridge/lib/sc2_bridge\n'}
[0.731786] (sc2_bridge) StdoutLine: {'line': b'Installing swarm_demo script to /home/ros/ws/ros2_ws/install/sc2_bridge/lib/sc2_bridge\n'}
[0.731897] (sc2_bridge) StdoutLine: {'line': b'\n'}
[0.731927] (sc2_bridge) StdoutLine: {'line': b'Installed /home/ros/ws/ros2_ws/build/sc2_bridge\n'}
[0.731951] (sc2_bridge) StdoutLine: {'line': b'running symlink_data\n'}
[0.747083] (sc2_bridge) CommandEnded: {'returncode': 0}
[0.751347] (sc2_bridge) JobEnded: {'identifier': 'sc2_bridge', 'rc': 0}
[0.751887] (-) EventReactorShutdown: {}
