-- The C compiler identification is GNU 11.4.0
-- The CXX compiler identification is GNU 11.4.0
-- Detecting C compiler ABI info
-- Detecting C compiler ABI info - done
-- Check for working C compiler: /usr/bin/cc - skipped
-- Detecting C compile features
-- Detecting C compile features - done
-- Detecting CXX compiler ABI info
-- Detecting CXX compiler ABI info - done
-- Check for working CXX compiler: /usr/bin/c++ - skipped
-- Detecting CXX compile features
-- Detecting CXX compile features - done
-- Found ament_cmake: 1.3.14 (/opt/ros/humble/share/ament_cmake/cmake)
-- Found Python3: /usr/bin/python3 (found version "3.10.12") found components: Interpreter 
-- Found rosidl_default_generators: 1.2.1 (/opt/ros/humble/share/rosidl_default_generators/cmake)
-- Using all available rosidl_typesupport_c: rosidl_typesupport_fastrtps_c;rosidl_typesupport_introspection_c
-- Found rosidl_adapter: 3.1.8 (/opt/ros/humble/share/rosidl_adapter/cmake)
-- Using all available rosidl_typesupport_cpp: rosidl_typesupport_fastrtps_cpp;rosidl_typesupport_introspection_cpp
-- Found builtin_interfaces: 1.2.2 (/opt/ros/humble/share/builtin_interfaces/cmake)
-- Found geometry_msgs: 4.9.1 (/opt/ros/humble/share/geometry_msgs/cmake)
-- Found ament_cmake_ros: 0.10.0 (/opt/ros/humble/share/ament_cmake_ros/cmake)
-- Using all available rosidl_typesupport_c: rosidl_typesupport_fastrtps_c;rosidl_typesupport_introspection_c
-- Using all available rosidl_typesupport_cpp: rosidl_typesupport_fastrtps_cpp;rosidl_typesupport_introspection_cpp
-- Found PythonInterp: /usr/bin/python3 (found suitable version "3.10.12", minimum required is "3.6") 
-- Found python_cmake_module: 0.10.0 (/opt/ros/humble/share/python_cmake_module/cmake)
-- Found PythonLibs: /usr/lib/x86_64-linux-gnu/libpython3.10.so (found suitable version "3.10.12", minimum required is "3.5") 
-- Using PYTHON_EXECUTABLE: /usr/bin/python3
-- Using PYTHON_INCLUDE_DIRS: /usr/include/python3.10
-- Using PYTHON_LIBRARIES: /usr/lib/x86_64-linux-gnu/libpython3.10.so
-- Found PythonExtra: .so  
-- Configuring done
-- Generating done
CMake Warning:
  Manually-specified variables were not used by the project:

    CATKIN_INSTALL_INTO_PREFIX_ROOT
    CATKIN_SYMLINK_INSTALL


-- Build files have been written to: /home/ros/ws/ros2_ws/build/sc2_bridge_interfaces
[  1%] Generating C code for ROS interfaces
[  2%] Generating Rust code for ROS interfaces
[  3%] Generating C++ code for ROS interfaces
[  3%] Built target ament_cmake_python_copy_sc2_bridge_interfaces
running egg_info
creating sc2_bridge_interfaces.egg-info
writing sc2_bridge_interfaces.egg-info/PKG-INFO
writing dependency_links to sc2_bridge_interfaces.egg-info/dependency_links.txt
writing top-level names to sc2_bridge_interfaces.egg-info/top_level.txt
writing manifest file 'sc2_bridge_interfaces.egg-info/SOURCES.txt'
reading manifest file 'sc2_bridge_interfaces.egg-info/SOURCES.txt'
writing manifest file 'sc2_bridge_interfaces.egg-info/SOURCES.txt'
[  3%] Built target ament_cmake_python_build_sc2_bridge_interfaces_egg
[  3%] Built target sc2_bridge_interfaces__rs
[  3%] Built target sc2_bridge_interfaces__cpp
[  4%] Building C object CMakeFiles/sc2_bridge_interfaces__rosidl_generator_c.dir/rosidl_generator_c/sc2_bridge_interfaces/action/detail/move__functions.c.o
[ 10%] Building C object CMakeFiles/sc2_bridge_interfaces__rosidl_generator_c.dir/rosidl_generator_c/sc2_bridge_interfaces/srv/detail/kill_units__functions.c.o
[ 10%] Building C object CMakeFiles/sc2_bridge_interfaces__rosidl_generator_c.dir/rosidl_generator_c/sc2_bridge_interfaces/msg/detail/game_info__functions.c.o
[ 10%] Building C object CMakeFiles/sc2_bridge_interfaces__rosidl_generator_c.dir/rosidl_generator_c/sc2_bridge_interfaces/msg/detail/unit_state_array__functions.c.o
[ 10%] Building C object CMakeFiles/sc2_bridge_interfaces__rosidl_generator_c.dir/rosidl_generator_c/sc2_bridge_interfaces/msg/detail/unit_state__functions.c.o
[ 10%] Building C object CMakeFiles/sc2_bridge_interfaces__rosidl_generator_c.dir/rosidl_generator_c/sc2_bridge_interfaces/srv/detail/spawn_units__functions.c.o
[ 10%] Building C object CMakeFiles/sc2_bridge_interfaces__rosidl_generator_c.dir/rosidl_generator_c/sc2_bridge_interfaces/msg/detail/contact_mark_array__functions.c.o
[ 11%] Building C object CMakeFiles/sc2_bridge_interfaces__rosidl_generator_c.dir/rosidl_generator_c/sc2_bridge_interfaces/msg/detail/contact_mark__functions.c.o
[ 12%] Building C object CMakeFiles/sc2_bridge_interfaces__rosidl_generator_c.dir/rosidl_generator_c/sc2_bridge_interfaces/action/detail/attack__functions.c.o
[ 13%] Generating C++ type support dispatch for ROS interfaces
[ 15%] Generating C++ type support for eProsima Fast-RTPS
[ 15%] Generating C++ introspection for ROS interfaces
[ 16%] Linking C shared library libsc2_bridge_interfaces__rosidl_generator_c.so
[ 16%] Built target sc2_bridge_interfaces__rosidl_generator_c
[ 19%] Generating C type support for eProsima Fast-RTPS
[ 19%] Generating C type support dispatch for ROS interfaces
[ 19%] Generating C introspection for ROS interfaces
[ 20%] Building CXX object CMakeFiles/sc2_bridge_interfaces__rosidl_typesupport_cpp.dir/rosidl_typesupport_cpp/sc2_bridge_interfaces/msg/unit_state_array__type_support.cpp.o
[ 26%] Building CXX object CMakeFiles/sc2_bridge_interfaces__rosidl_typesupport_cpp.dir/rosidl_typesupport_cpp/sc2_bridge_interfaces/msg/unit_state__type_support.cpp.o
[ 26%] Building CXX object CMakeFiles/sc2_bridge_interfaces__rosidl_typesupport_cpp.dir/rosidl_typesupport_cpp/sc2_bridge_interfaces/msg/contact_mark_array__type_support.cpp.o
[ 26%] Building CXX object CMakeFiles/sc2_bridge_interfaces__rosidl_typesupport_cpp.dir/rosidl_typesupport_cpp/sc2_bridge_interfaces/srv/kill_units__type_support.cpp.o
[ 26%] Building CXX object CMakeFiles/sc2_bridge_interfaces__rosidl_typesupport_cpp.dir/rosidl_typesupport_cpp/sc2_bridge_interfaces/srv/spawn_units__type_support.cpp.o
[ 28%] Building CXX object CMakeFiles/sc2_bridge_interfaces__rosidl_typesupport_cpp.dir/rosidl_typesupport_cpp/sc2_bridge_interfaces/msg/game_info__type_support.cpp.o
[ 28%] Building CXX object CMakeFiles/sc2_bridge_interfaces__rosidl_typesupport_cpp.dir/rosidl_typesupport_cpp/sc2_bridge_interfaces/action/move__type_support.cpp.o
[ 28%] Building CXX object CMakeFiles/sc2_bridge_interfaces__rosidl_typesupport_cpp.dir/rosidl_typesupport_cpp/sc2_bridge_interfaces/msg/contact_mark__type_support.cpp.o
[ 29%] Building CXX object CMakeFiles/sc2_bridge_interfaces__rosidl_typesupport_cpp.dir/rosidl_typesupport_cpp/sc2_bridge_interfaces/action/attack__type_support.cpp.o
[ 32%] Building CXX object CMakeFiles/sc2_bridge_interfaces__rosidl_typesupport_introspection_cpp.dir/rosidl_typesupport_introspection_cpp/sc2_bridge_interfaces/msg/detail/unit_state_array__type_support.cpp.o
[ 32%] Building CXX object CMakeFiles/sc2_bridge_interfaces__rosidl_typesupport_introspection_cpp.dir/rosidl_typesupport_introspection_cpp/sc2_bridge_interfaces/srv/detail/kill_units__type_support.cpp.o
[ 32%] Building CXX object CMakeFiles/sc2_bridge_interfaces__rosidl_typesupport_introspection_cpp.dir/rosidl_typesupport_introspection_cpp/sc2_bridge_interfaces/action/detail/attack__type_support.cpp.o
[ 37%] Building CXX object CMakeFiles/sc2_bridge_interfaces__rosidl_typesupport_introspection_cpp.dir/rosidl_typesupport_introspection_cpp/sc2_bridge_interfaces/srv/detail/spawn_units__type_support.cpp.o
[ 37%] Building CXX object CMakeFiles/sc2_bridge_interfaces__rosidl_typesupport_introspection_cpp.dir/rosidl_typesupport_introspection_cpp/sc2_bridge_interfaces/msg/detail/contact_mark_array__type_support.cpp.o
[ 37%] Building CXX object CMakeFiles/sc2_bridge_interfaces__rosidl_typesupport_introspection_cpp.dir/rosidl_typesupport_introspection_cpp/sc2_bridge_interfaces/action/detail/move__type_support.cpp.o
[ 37%] Building CXX object CMakeFiles/sc2_bridge_interfaces__rosidl_typesupport_introspection_cpp.dir/rosidl_typesupport_introspection_cpp/sc2_bridge_interfaces/msg/detail/unit_state__type_support.cpp.o
[ 37%] Building CXX object CMakeFiles/sc2_bridge_interfaces__rosidl_typesupport_introspection_cpp.dir/rosidl_typesupport_introspection_cpp/sc2_bridge_interfaces/msg/detail/game_info__type_support.cpp.o
[ 38%] Building CXX object CMakeFiles/sc2_bridge_interfaces__rosidl_typesupport_introspection_cpp.dir/rosidl_typesupport_introspection_cpp/sc2_bridge_interfaces/msg/detail/contact_mark__type_support.cpp.o
[ 40%] Building CXX object CMakeFiles/sc2_bridge_interfaces__rosidl_typesupport_fastrtps_cpp.dir/rosidl_typesupport_fastrtps_cpp/sc2_bridge_interfaces/msg/detail/dds_fastrtps/unit_state__type_support.cpp.o
[ 40%] Building CXX object CMakeFiles/sc2_bridge_interfaces__rosidl_typesupport_fastrtps_cpp.dir/rosidl_typesupport_fastrtps_cpp/sc2_bridge_interfaces/srv/detail/dds_fastrtps/kill_units__type_support.cpp.o
[ 42%] Building CXX object CMakeFiles/sc2_bridge_interfaces__rosidl_typesupport_fastrtps_cpp.dir/rosidl_typesupport_fastrtps_cpp/sc2_bridge_interfaces/msg/detail/dds_fastrtps/unit_state_array__type_support.cpp.o
[ 42%] Building CXX object CMakeFiles/sc2_bridge_interfaces__rosidl_typesupport_fastrtps_cpp.dir/rosidl_typesupport_fastrtps_cpp/sc2_bridge_interfaces/srv/detail/dds_fastrtps/spawn_units__type_support.cpp.o
[ 43%] Building CXX object CMakeFiles/sc2_bridge_interfaces__rosidl_typesupport_fastrtps_cpp.dir/rosidl_typesupport_fastrtps_cpp/sc2_bridge_interfaces/msg/detail/dds_fastrtps/contact_mark__type_support.cpp.o
[ 44%] Building CXX object CMakeFiles/sc2_bridge_interfaces__rosidl_typesupport_fastrtps_cpp.dir/rosidl_typesupport_fastrtps_cpp/sc2_bridge_interfaces/action/detail/dds_fastrtps/attack__type_support.cpp.o
[ 45%] Building CXX object CMakeFiles/sc2_bridge_interfaces__rosidl_typesupport_fastrtps_cpp.dir/rosidl_typesupport_fastrtps_cpp/sc2_bridge_interfaces/msg/detail/dds_fastrtps/contact_mark_array__type_support.cpp.o
[ 46%] Building CXX object CMakeFiles/sc2_bridge_interfaces__rosidl_typesupport_fastrtps_cpp.dir/rosidl_typesupport_fastrtps_cpp/sc2_bridge_interfaces/msg/detail/dds_fastrtps/game_info__type_support.cpp.o
[ 47%] Building CXX object CMakeFiles/sc2_bridge_interfaces__rosidl_typesupport_fastrtps_cpp.dir/rosidl_typesupport_fastrtps_cpp/sc2_bridge_interfaces/action/detail/dds_fastrtps/move__type_support.cpp.o
[ 48%] Building CXX object CMakeFiles/sc2_bridge_interfaces__rosidl_typesupport_c.dir/rosidl_typesupport_c/sc2_bridge_interfaces/msg/contact_mark__type_support.cpp.o
[ 50%] Building CXX object CMakeFiles/sc2_bridge_interfaces__rosidl_typesupport_c.dir/rosidl_typesupport_c/sc2_bridge_interfaces/msg/contact_mark_array__type_support.cpp.o
[ 51%] Building CXX object CMakeFiles/sc2_bridge_interfaces__rosidl_typesupport_c.dir/rosidl_typesupport_c/sc2_bridge_interfaces/msg/game_info__type_support.cpp.o
[ 52%] Building CXX object CMakeFiles/sc2_bridge_interfaces__rosidl_typesupport_c.dir/rosidl_typesupport_c/sc2_bridge_interfaces/msg/unit_state__type_support.cpp.o
[ 54%] Building CXX object CMakeFiles/sc2_bridge_interfaces__rosidl_typesupport_c.dir/rosidl_typesupport_c/sc2_bridge_interfaces/msg/unit_state_array__type_support.cpp.o
[ 54%] Building CXX object CMakeFiles/sc2_bridge_interfaces__rosidl_typesupport_c.dir/rosidl_typesupport_c/sc2_bridge_interfaces/srv/kill_units__type_support.cpp.o
[ 55%] Linking CXX shared library libsc2_bridge_interfaces__rosidl_typesupport_cpp.so
[ 56%] Building CXX object CMakeFiles/sc2_bridge_interfaces__rosidl_typesupport_fastrtps_c.dir/rosidl_typesupport_fastrtps_c/sc2_bridge_interfaces/msg/detail/contact_mark__type_support_c.cpp.o
[ 57%] Building C object CMakeFiles/sc2_bridge_interfaces__rosidl_typesupport_introspection_c.dir/rosidl_typesupport_introspection_c/sc2_bridge_interfaces/msg/detail/contact_mark__type_support.c.o
[ 58%] Building CXX object CMakeFiles/sc2_bridge_interfaces__rosidl_typesupport_fastrtps_c.dir/rosidl_typesupport_fastrtps_c/sc2_bridge_interfaces/msg/detail/contact_mark_array__type_support_c.cpp.o
[ 60%] Building CXX object CMakeFiles/sc2_bridge_interfaces__rosidl_typesupport_c.dir/rosidl_typesupport_c/sc2_bridge_interfaces/srv/spawn_units__type_support.cpp.o
[ 60%] Building CXX object CMakeFiles/sc2_bridge_interfaces__rosidl_typesupport_c.dir/rosidl_typesupport_c/sc2_bridge_interfaces/action/attack__type_support.cpp.o
[ 60%] Built target sc2_bridge_interfaces__rosidl_typesupport_cpp
[ 61%] Building CXX object CMakeFiles/sc2_bridge_interfaces__rosidl_typesupport_c.dir/rosidl_typesupport_c/sc2_bridge_interfaces/action/move__type_support.cpp.o
[ 62%] Building C object CMakeFiles/sc2_bridge_interfaces__rosidl_typesupport_introspection_c.dir/rosidl_typesupport_introspection_c/sc2_bridge_interfaces/msg/detail/contact_mark_array__type_support.c.o
[ 64%] Building CXX object CMakeFiles/sc2_bridge_interfaces__rosidl_typesupport_fastrtps_c.dir/rosidl_typesupport_fastrtps_c/sc2_bridge_interfaces/msg/detail/game_info__type_support_c.cpp.o
[ 64%] Building C object CMakeFiles/sc2_bridge_interfaces__rosidl_typesupport_introspection_c.dir/rosidl_typesupport_introspection_c/sc2_bridge_interfaces/msg/detail/game_info__type_support.c.o
[ 66%] Building CXX object CMakeFiles/sc2_bridge_interfaces__rosidl_typesupport_fastrtps_c.dir/rosidl_typesupport_fastrtps_c/sc2_bridge_interfaces/msg/detail/unit_state__type_support_c.cpp.o
[ 66%] Building C object CMakeFiles/sc2_bridge_interfaces__rosidl_typesupport_introspection_c.dir/rosidl_typesupport_introspection_c/sc2_bridge_interfaces/msg/detail/unit_state__type_support.c.o
[ 67%] Building C object CMakeFiles/sc2_bridge_interfaces__rosidl_typesupport_introspection_c.dir/rosidl_typesupport_introspection_c/sc2_bridge_interfaces/msg/detail/unit_state_array__type_support.c.o
[ 68%] Building C object CMakeFiles/sc2_bridge_interfaces__rosidl_typesupport_introspection_c.dir/rosidl_typesupport_introspection_c/sc2_bridge_interfaces/srv/detail/kill_units__type_support.c.o
[ 69%] Building C object CMakeFiles/sc2_bridge_interfaces__rosidl_typesupport_introspection_c.dir/rosidl_typesupport_introspection_c/sc2_bridge_interfaces/action/detail/attack__type_support.c.o
[ 70%] Building C object CMakeFiles/sc2_bridge_interfaces__rosidl_typesupport_introspection_c.dir/rosidl_typesupport_introspection_c/sc2_bridge_interfaces/srv/detail/spawn_units__type_support.c.o
[ 71%] Building CXX object CMakeFiles/sc2_bridge_interfaces__rosidl_typesupport_fastrtps_c.dir/rosidl_typesupport_fastrtps_c/sc2_bridge_interfaces/msg/detail/unit_state_array__type_support_c.cpp.o
[ 72%] Linking CXX shared library libsc2_bridge_interfaces__rosidl_typesupport_c.so
[ 73%] Building CXX object CMakeFiles/sc2_bridge_interfaces__rosidl_typesupport_fastrtps_c.dir/rosidl_typesupport_fastrtps_c/sc2_bridge_interfaces/srv/detail/kill_units__type_support_c.cpp.o
[ 75%] Building CXX object CMakeFiles/sc2_bridge_interfaces__rosidl_typesupport_fastrtps_c.dir/rosidl_typesupport_fastrtps_c/sc2_bridge_interfaces/action/detail/attack__type_support_c.cpp.o
[ 76%] Building C object CMakeFiles/sc2_bridge_interfaces__rosidl_typesupport_introspection_c.dir/rosidl_typesupport_introspection_c/sc2_bridge_interfaces/action/detail/move__type_support.c.o
[ 77%] Building CXX object CMakeFiles/sc2_bridge_interfaces__rosidl_typesupport_fastrtps_c.dir/rosidl_typesupport_fastrtps_c/sc2_bridge_interfaces/srv/detail/spawn_units__type_support_c.cpp.o
[ 78%] Building CXX object CMakeFiles/sc2_bridge_interfaces__rosidl_typesupport_fastrtps_c.dir/rosidl_typesupport_fastrtps_c/sc2_bridge_interfaces/action/detail/move__type_support_c.cpp.o
[ 78%] Built target sc2_bridge_interfaces__rosidl_typesupport_c
[ 79%] Linking C shared library libsc2_bridge_interfaces__rosidl_typesupport_introspection_c.so
[ 79%] Built target sc2_bridge_interfaces__rosidl_typesupport_introspection_c
[ 80%] Linking CXX shared library libsc2_bridge_interfaces__rosidl_typesupport_introspection_cpp.so
[ 81%] Linking CXX shared library libsc2_bridge_interfaces__rosidl_typesupport_fastrtps_cpp.so
[ 81%] Built target sc2_bridge_interfaces__rosidl_typesupport_introspection_cpp
[ 81%] Built target sc2_bridge_interfaces__rosidl_typesupport_fastrtps_cpp
[ 82%] Linking CXX shared library libsc2_bridge_interfaces__rosidl_typesupport_fastrtps_c.so
[ 82%] Built target sc2_bridge_interfaces__rosidl_typesupport_fastrtps_c
[ 82%] Built target sc2_bridge_interfaces
[ 83%] Generating Python code for ROS interfaces
[ 83%] Built target sc2_bridge_interfaces__py
[ 85%] Building C object CMakeFiles/sc2_bridge_interfaces__rosidl_generator_py.dir/rosidl_generator_py/sc2_bridge_interfaces/srv/_spawn_units_s.c.o
[ 85%] Building C object CMakeFiles/sc2_bridge_interfaces__rosidl_generator_py.dir/rosidl_generator_py/sc2_bridge_interfaces/msg/_unit_state_array_s.c.o
[ 90%] Building C object CMakeFiles/sc2_bridge_interfaces__rosidl_generator_py.dir/rosidl_generator_py/sc2_bridge_interfaces/srv/_kill_units_s.c.o
[ 90%] Building C object CMakeFiles/sc2_bridge_interfaces__rosidl_generator_py.dir/rosidl_generator_py/sc2_bridge_interfaces/msg/_contact_mark_s.c.o
[ 90%] Building C object CMakeFiles/sc2_bridge_interfaces__rosidl_generator_py.dir/rosidl_generator_py/sc2_bridge_interfaces/msg/_unit_state_s.c.o
[ 92%] Building C object CMakeFiles/sc2_bridge_interfaces__rosidl_generator_py.dir/rosidl_generator_py/sc2_bridge_interfaces/action/_attack_s.c.o
[ 90%] Building C object CMakeFiles/sc2_bridge_interfaces__rosidl_generator_py.dir/rosidl_generator_py/sc2_bridge_interfaces/msg/_game_info_s.c.o
[ 90%] Building C object CMakeFiles/sc2_bridge_interfaces__rosidl_generator_py.dir/rosidl_generator_py/sc2_bridge_interfaces/msg/_contact_mark_array_s.c.o
[ 92%] Building C object CMakeFiles/sc2_bridge_interfaces__rosidl_generator_py.dir/rosidl_generator_py/sc2_bridge_interfaces/action/_move_s.c.o
[ 93%] Linking C shared library rosidl_generator_py/sc2_bridge_interfaces/libsc2_bridge_interfaces__rosidl_generator_py.so
[ 93%] Built target sc2_bridge_interfaces__rosidl_generator_py
[ 96%] Building C object CMakeFiles/sc2_bridge_interfaces__rosidl_typesupport_c__pyext.dir/rosidl_generator_py/sc2_bridge_interfaces/_sc2_bridge_interfaces_s.ep.rosidl_typesupport_c.c.o
[ 96%] Building C object CMakeFiles/sc2_bridge_interfaces__rosidl_typesupport_fastrtps_c__pyext.dir/rosidl_generator_py/sc2_bridge_interfaces/_sc2_bridge_interfaces_s.ep.rosidl_typesupport_fastrtps_c.c.o
[ 96%] Building C object CMakeFiles/sc2_bridge_interfaces__rosidl_typesupport_introspection_c__pyext.dir/rosidl_generator_py/sc2_bridge_interfaces/_sc2_bridge_interfaces_s.ep.rosidl_typesupport_introspection_c.c.o
[ 97%] Linking C shared library rosidl_generator_py/sc2_bridge_interfaces/sc2_bridge_interfaces_s__rosidl_typesupport_introspection_c.cpython-310-x86_64-linux-gnu.so
[100%] Linking C shared library rosidl_generator_py/sc2_bridge_interfaces/sc2_bridge_interfaces_s__rosidl_typesupport_c.cpython-310-x86_64-linux-gnu.so
[100%] Linking C shared library rosidl_generator_py/sc2_bridge_interfaces/sc2_bridge_interfaces_s__rosidl_typesupport_fastrtps_c.cpython-310-x86_64-linux-gnu.so
[100%] Built target sc2_bridge_interfaces__rosidl_typesupport_fastrtps_c__pyext
[100%] Built target sc2_bridge_interfaces__rosidl_typesupport_introspection_c__pyext
[100%] Built target sc2_bridge_interfaces__rosidl_typesupport_c__pyext
-- Install configuration: ""
-- Installing: /home/ros/ws/ros2_ws/install/sc2_bridge_interfaces/share/ament_index/resource_index/rosidl_interfaces/sc2_bridge_interfaces
-- Installing: /home/ros/ws/ros2_ws/install/sc2_bridge_interfaces/include/sc2_bridge_interfaces/sc2_bridge_interfaces
-- Installing: /home/ros/ws/ros2_ws/install/sc2_bridge_interfaces/include/sc2_bridge_interfaces/sc2_bridge_interfaces/srv
-- Installing: /home/ros/ws/ros2_ws/install/sc2_bridge_interfaces/include/sc2_bridge_interfaces/sc2_bridge_interfaces/srv/spawn_units.h
-- Installing: /home/ros/ws/ros2_ws/install/sc2_bridge_interfaces/include/sc2_bridge_interfaces/sc2_bridge_interfaces/srv/detail
-- Installing: /home/ros/ws/ros2_ws/install/sc2_bridge_interfaces/include/sc2_bridge_interfaces/sc2_bridge_interfaces/srv/detail/kill_units__type_support.h
-- Installing: /home/ros/ws/ros2_ws/install/sc2_bridge_interfaces/include/sc2_bridge_interfaces/sc2_bridge_interfaces/srv/detail/kill_units__functions.h
-- Installing: /home/ros/ws/ros2_ws/install/sc2_bridge_interfaces/include/sc2_bridge_interfaces/sc2_bridge_interfaces/srv/detail/kill_units__struct.h
-- Installing: /home/ros/ws/ros2_ws/install/sc2_bridge_interfaces/include/sc2_bridge_interfaces/sc2_bridge_interfaces/srv/detail/spawn_units__functions.h
-- Installing: /home/ros/ws/ros2_ws/install/sc2_bridge_interfaces/include/sc2_bridge_interfaces/sc2_bridge_interfaces/srv/detail/kill_units__functions.c
-- Installing: /home/ros/ws/ros2_ws/install/sc2_bridge_interfaces/include/sc2_bridge_interfaces/sc2_bridge_interfaces/srv/detail/spawn_units__functions.c
-- Installing: /home/ros/ws/ros2_ws/install/sc2_bridge_interfaces/include/sc2_bridge_interfaces/sc2_bridge_interfaces/srv/detail/spawn_units__type_support.h
-- Installing: /home/ros/ws/ros2_ws/install/sc2_bridge_interfaces/include/sc2_bridge_interfaces/sc2_bridge_interfaces/srv/detail/spawn_units__struct.h
-- Installing: /home/ros/ws/ros2_ws/install/sc2_bridge_interfaces/include/sc2_bridge_interfaces/sc2_bridge_interfaces/srv/kill_units.h
-- Installing: /home/ros/ws/ros2_ws/install/sc2_bridge_interfaces/include/sc2_bridge_interfaces/sc2_bridge_interfaces/msg
-- Installing: /home/ros/ws/ros2_ws/install/sc2_bridge_interfaces/include/sc2_bridge_interfaces/sc2_bridge_interfaces/msg/rosidl_generator_c__visibility_control.h
-- Installing: /home/ros/ws/ros2_ws/install/sc2_bridge_interfaces/include/sc2_bridge_interfaces/sc2_bridge_interfaces/msg/contact_mark_array.h
-- Installing: /home/ros/ws/ros2_ws/install/sc2_bridge_interfaces/include/sc2_bridge_interfaces/sc2_bridge_interfaces/msg/unit_state.h
-- Installing: /home/ros/ws/ros2_ws/install/sc2_bridge_interfaces/include/sc2_bridge_interfaces/sc2_bridge_interfaces/msg/contact_mark.h
-- Installing: /home/ros/ws/ros2_ws/install/sc2_bridge_interfaces/include/sc2_bridge_interfaces/sc2_bridge_interfaces/msg/detail
-- Installing: /home/ros/ws/ros2_ws/install/sc2_bridge_interfaces/include/sc2_bridge_interfaces/sc2_bridge_interfaces/msg/detail/unit_state_array__type_support.h
-- Installing: /home/ros/ws/ros2_ws/install/sc2_bridge_interfaces/include/sc2_bridge_interfaces/sc2_bridge_interfaces/msg/detail/contact_mark__type_support.h
-- Installing: /home/ros/ws/ros2_ws/install/sc2_bridge_interfaces/include/sc2_bridge_interfaces/sc2_bridge_interfaces/msg/detail/unit_state_array__functions.h
-- Installing: /home/ros/ws/ros2_ws/install/sc2_bridge_interfaces/include/sc2_bridge_interfaces/sc2_bridge_interfaces/msg/detail/game_info__type_support.h
-- Installing: /home/ros/ws/ros2_ws/install/sc2_bridge_interfaces/include/sc2_bridge_interfaces/sc2_bridge_interfaces/msg/detail/unit_state__functions.h
-- Installing: /home/ros/ws/ros2_ws/install/sc2_bridge_interfaces/include/sc2_bridge_interfaces/sc2_bridge_interfaces/msg/detail/unit_state_array__struct.h
-- Installing: /home/ros/ws/ros2_ws/install/sc2_bridge_interfaces/include/sc2_bridge_interfaces/sc2_bridge_interfaces/msg/detail/game_info__functions.h
-- Installing: /home/ros/ws/ros2_ws/install/sc2_bridge_interfaces/include/sc2_bridge_interfaces/sc2_bridge_interfaces/msg/detail/game_info__struct.h
-- Installing: /home/ros/ws/ros2_ws/install/sc2_bridge_interfaces/include/sc2_bridge_interfaces/sc2_bridge_interfaces/msg/detail/unit_state_array__functions.c
-- Installing: /home/ros/ws/ros2_ws/install/sc2_bridge_interfaces/include/sc2_bridge_interfaces/sc2_bridge_interfaces/msg/detail/unit_state__type_support.h
-- Installing: /home/ros/ws/ros2_ws/install/sc2_bridge_interfaces/include/sc2_bridge_interfaces/sc2_bridge_interfaces/msg/detail/contact_mark_array__struct.h
-- Installing: /home/ros/ws/ros2_ws/install/sc2_bridge_interfaces/include/sc2_bridge_interfaces/sc2_bridge_interfaces/msg/detail/contact_mark__struct.h
-- Installing: /home/ros/ws/ros2_ws/install/sc2_bridge_interfaces/include/sc2_bridge_interfaces/sc2_bridge_interfaces/msg/detail/contact_mark_array__type_support.h
-- Installing: /home/ros/ws/ros2_ws/install/sc2_bridge_interfaces/include/sc2_bridge_interfaces/sc2_bridge_interfaces/msg/detail/contact_mark__functions.h
-- Installing: /home/ros/ws/ros2_ws/install/sc2_bridge_interfaces/include/sc2_bridge_interfaces/sc2_bridge_interfaces/msg/detail/contact_mark_array__functions.h
-- Installing: /home/ros/ws/ros2_ws/install/sc2_bridge_interfaces/include/sc2_bridge_interfaces/sc2_bridge_interfaces/msg/detail/unit_state__struct.h
-- Installing: /home/ros/ws/ros2_ws/install/sc2_bridge_interfaces/include/sc2_bridge_interfaces/sc2_bridge_interfaces/msg/detail/contact_mark__functions.c
-- Installing: /home/ros/ws/ros2_ws/install/sc2_bridge_interfaces/include/sc2_bridge_interfaces/sc2_bridge_interfaces/msg/detail/unit_state__functions.c
-- Installing: /home/ros/ws/ros2_ws/install/sc2_bridge_interfaces/include/sc2_bridge_interfaces/sc2_bridge_interfaces/msg/detail/contact_mark_array__functions.c
-- Installing: /home/ros/ws/ros2_ws/install/sc2_bridge_interfaces/include/sc2_bridge_interfaces/sc2_bridge_interfaces/msg/detail/game_info__functions.c
-- Installing: /home/ros/ws/ros2_ws/install/sc2_bridge_interfaces/include/sc2_bridge_interfaces/sc2_bridge_interfaces/msg/game_info.h
-- Installing: /home/ros/ws/ros2_ws/install/sc2_bridge_interfaces/include/sc2_bridge_interfaces/sc2_bridge_interfaces/msg/unit_state_array.h
-- Installing: /home/ros/ws/ros2_ws/install/sc2_bridge_interfaces/include/sc2_bridge_interfaces/sc2_bridge_interfaces/action
-- Installing: /home/ros/ws/ros2_ws/install/sc2_bridge_interfaces/include/sc2_bridge_interfaces/sc2_bridge_interfaces/action/attack.h
-- Installing: /home/ros/ws/ros2_ws/install/sc2_bridge_interfaces/include/sc2_bridge_interfaces/sc2_bridge_interfaces/action/detail
-- Installing: /home/ros/ws/ros2_ws/install/sc2_bridge_interfaces/include/sc2_bridge_interfaces/sc2_bridge_interfaces/action/detail/attack__struct.h
-- Installing: /home/ros/ws/ros2_ws/install/sc2_bridge_interfaces/include/sc2_bridge_interfaces/sc2_bridge_interfaces/action/detail/move__functions.h
-- Installing: /home/ros/ws/ros2_ws/install/sc2_bridge_interfaces/include/sc2_bridge_interfaces/sc2_bridge_interfaces/action/detail/move__type_support.h
-- Installing: /home/ros/ws/ros2_ws/install/sc2_bridge_interfaces/include/sc2_bridge_interfaces/sc2_bridge_interfaces/action/detail/move__functions.c
-- Installing: /home/ros/ws/ros2_ws/install/sc2_bridge_interfaces/include/sc2_bridge_interfaces/sc2_bridge_interfaces/action/detail/move__struct.h
-- Installing: /home/ros/ws/ros2_ws/install/sc2_bridge_interfaces/include/sc2_bridge_interfaces/sc2_bridge_interfaces/action/detail/attack__functions.c
-- Installing: /home/ros/ws/ros2_ws/install/sc2_bridge_interfaces/include/sc2_bridge_interfaces/sc2_bridge_interfaces/action/detail/attack__type_support.h
-- Installing: /home/ros/ws/ros2_ws/install/sc2_bridge_interfaces/include/sc2_bridge_interfaces/sc2_bridge_interfaces/action/detail/attack__functions.h
-- Installing: /home/ros/ws/ros2_ws/install/sc2_bridge_interfaces/include/sc2_bridge_interfaces/sc2_bridge_interfaces/action/move.h
-- Installing: /home/ros/ws/ros2_ws/install/sc2_bridge_interfaces/share/sc2_bridge_interfaces/environment/library_path.sh
-- Installing: /home/ros/ws/ros2_ws/install/sc2_bridge_interfaces/share/sc2_bridge_interfaces/environment/library_path.dsv
-- Installing: /home/ros/ws/ros2_ws/install/sc2_bridge_interfaces/lib/libsc2_bridge_interfaces__rosidl_generator_c.so
-- Set runtime path of "/home/ros/ws/ros2_ws/install/sc2_bridge_interfaces/lib/libsc2_bridge_interfaces__rosidl_generator_c.so" to ""
-- Up-to-date: /home/ros/ws/ros2_ws/install/sc2_bridge_interfaces/include/sc2_bridge_interfaces/sc2_bridge_interfaces
-- Up-to-date: /home/ros/ws/ros2_ws/install/sc2_bridge_interfaces/include/sc2_bridge_interfaces/sc2_bridge_interfaces/srv
-- Up-to-date: /home/ros/ws/ros2_ws/install/sc2_bridge_interfaces/include/sc2_bridge_interfaces/sc2_bridge_interfaces/srv/detail
-- Installing: /home/ros/ws/ros2_ws/install/sc2_bridge_interfaces/include/sc2_bridge_interfaces/sc2_bridge_interfaces/srv/detail/kill_units__rosidl_typesupport_fastrtps_c.h
-- Installing: /home/ros/ws/ros2_ws/install/sc2_bridge_interfaces/include/sc2_bridge_interfaces/sc2_bridge_interfaces/srv/detail/spawn_units__rosidl_typesupport_fastrtps_c.h
-- Up-to-date: /home/ros/ws/ros2_ws/install/sc2_bridge_interfaces/include/sc2_bridge_interfaces/sc2_bridge_interfaces/msg
-- Installing: /home/ros/ws/ros2_ws/install/sc2_bridge_interfaces/include/sc2_bridge_interfaces/sc2_bridge_interfaces/msg/rosidl_typesupport_fastrtps_c__visibility_control.h
-- Up-to-date: /home/ros/ws/ros2_ws/install/sc2_bridge_interfaces/include/sc2_bridge_interfaces/sc2_bridge_interfaces/msg/detail
-- Installing: /home/ros/ws/ros2_ws/install/sc2_bridge_interfaces/include/sc2_bridge_interfaces/sc2_bridge_interfaces/msg/detail/unit_state__rosidl_typesupport_fastrtps_c.h
-- Installing: /home/ros/ws/ros2_ws/install/sc2_bridge_interfaces/include/sc2_bridge_interfaces/sc2_bridge_interfaces/msg/detail/contact_mark__rosidl_typesupport_fastrtps_c.h
-- Installing: /home/ros/ws/ros2_ws/install/sc2_bridge_interfaces/include/sc2_bridge_interfaces/sc2_bridge_interfaces/msg/detail/game_info__rosidl_typesupport_fastrtps_c.h
-- Installing: /home/ros/ws/ros2_ws/install/sc2_bridge_interfaces/include/sc2_bridge_interfaces/sc2_bridge_interfaces/msg/detail/unit_state_array__rosidl_typesupport_fastrtps_c.h
-- Installing: /home/ros/ws/ros2_ws/install/sc2_bridge_interfaces/include/sc2_bridge_interfaces/sc2_bridge_interfaces/msg/detail/contact_mark_array__rosidl_typesupport_fastrtps_c.h
-- Up-to-date: /home/ros/ws/ros2_ws/install/sc2_bridge_interfaces/include/sc2_bridge_interfaces/sc2_bridge_interfaces/action
-- Up-to-date: /home/ros/ws/ros2_ws/install/sc2_bridge_interfaces/include/sc2_bridge_interfaces/sc2_bridge_interfaces/action/detail
-- Installing: /home/ros/ws/ros2_ws/install/sc2_bridge_interfaces/include/sc2_bridge_interfaces/sc2_bridge_interfaces/action/detail/move__rosidl_typesupport_fastrtps_c.h
-- Installing: /home/ros/ws/ros2_ws/install/sc2_bridge_interfaces/include/sc2_bridge_interfaces/sc2_bridge_interfaces/action/detail/attack__rosidl_typesupport_fastrtps_c.h
-- Installing: /home/ros/ws/ros2_ws/install/sc2_bridge_interfaces/lib/libsc2_bridge_interfaces__rosidl_typesupport_fastrtps_c.so
-- Set runtime path of "/home/ros/ws/ros2_ws/install/sc2_bridge_interfaces/lib/libsc2_bridge_interfaces__rosidl_typesupport_fastrtps_c.so" to ""
-- Up-to-date: /home/ros/ws/ros2_ws/install/sc2_bridge_interfaces/include/sc2_bridge_interfaces/sc2_bridge_interfaces
-- Up-to-date: /home/ros/ws/ros2_ws/install/sc2_bridge_interfaces/include/sc2_bridge_interfaces/sc2_bridge_interfaces/srv
-- Up-to-date: /home/ros/ws/ros2_ws/install/sc2_bridge_interfaces/include/sc2_bridge_interfaces/sc2_bridge_interfaces/srv/detail
-- Installing: /home/ros/ws/ros2_ws/install/sc2_bridge_interfaces/include/sc2_bridge_interfaces/sc2_bridge_interfaces/srv/detail/kill_units__rosidl_typesupport_introspection_c.h
-- Installing: /home/ros/ws/ros2_ws/install/sc2_bridge_interfaces/include/sc2_bridge_interfaces/sc2_bridge_interfaces/srv/detail/kill_units__type_support.c
-- Installing: /home/ros/ws/ros2_ws/install/sc2_bridge_interfaces/include/sc2_bridge_interfaces/sc2_bridge_interfaces/srv/detail/spawn_units__rosidl_typesupport_introspection_c.h
-- Installing: /home/ros/ws/ros2_ws/install/sc2_bridge_interfaces/include/sc2_bridge_interfaces/sc2_bridge_interfaces/srv/detail/spawn_units__type_support.c
-- Up-to-date: /home/ros/ws/ros2_ws/install/sc2_bridge_interfaces/include/sc2_bridge_interfaces/sc2_bridge_interfaces/msg
-- Up-to-date: /home/ros/ws/ros2_ws/install/sc2_bridge_interfaces/include/sc2_bridge_interfaces/sc2_bridge_interfaces/msg/detail
-- Installing: /home/ros/ws/ros2_ws/install/sc2_bridge_interfaces/include/sc2_bridge_interfaces/sc2_bridge_interfaces/msg/detail/game_info__rosidl_typesupport_introspection_c.h
-- Installing: /home/ros/ws/ros2_ws/install/sc2_bridge_interfaces/include/sc2_bridge_interfaces/sc2_bridge_interfaces/msg/detail/contact_mark_array__type_support.c
-- Installing: /home/ros/ws/ros2_ws/install/sc2_bridge_interfaces/include/sc2_bridge_interfaces/sc2_bridge_interfaces/msg/detail/unit_state__type_support.c
-- Installing: /home/ros/ws/ros2_ws/install/sc2_bridge_interfaces/include/sc2_bridge_interfaces/sc2_bridge_interfaces/msg/detail/unit_state__rosidl_typesupport_introspection_c.h
-- Installing: /home/ros/ws/ros2_ws/install/sc2_bridge_interfaces/include/sc2_bridge_interfaces/sc2_bridge_interfaces/msg/detail/contact_mark__rosidl_typesupport_introspection_c.h
-- Installing: /home/ros/ws/ros2_ws/install/sc2_bridge_interfaces/include/sc2_bridge_interfaces/sc2_bridge_interfaces/msg/detail/contact_mark_array__rosidl_typesupport_introspection_c.h
-- Installing: /home/ros/ws/ros2_ws/install/sc2_bridge_interfaces/include/sc2_bridge_interfaces/sc2_bridge_interfaces/msg/detail/unit_state_array__type_support.c
-- Installing: /home/ros/ws/ros2_ws/install/sc2_bridge_interfaces/include/sc2_bridge_interfaces/sc2_bridge_interfaces/msg/detail/contact_mark__type_support.c
-- Installing: /home/ros/ws/ros2_ws/install/sc2_bridge_interfaces/include/sc2_bridge_interfaces/sc2_bridge_interfaces/msg/detail/game_info__type_support.c
-- Installing: /home/ros/ws/ros2_ws/install/sc2_bridge_interfaces/include/sc2_bridge_interfaces/sc2_bridge_interfaces/msg/detail/unit_state_array__rosidl_typesupport_introspection_c.h
-- Installing: /home/ros/ws/ros2_ws/install/sc2_bridge_interfaces/include/sc2_bridge_interfaces/sc2_bridge_interfaces/msg/rosidl_typesupport_introspection_c__visibility_control.h
-- Up-to-date: /home/ros/ws/ros2_ws/install/sc2_bridge_interfaces/include/sc2_bridge_interfaces/sc2_bridge_interfaces/action
-- Up-to-date: /home/ros/ws/ros2_ws/install/sc2_bridge_interfaces/include/sc2_bridge_interfaces/sc2_bridge_interfaces/action/detail
-- Installing: /home/ros/ws/ros2_ws/install/sc2_bridge_interfaces/include/sc2_bridge_interfaces/sc2_bridge_interfaces/action/detail/attack__rosidl_typesupport_introspection_c.h
-- Installing: /home/ros/ws/ros2_ws/install/sc2_bridge_interfaces/include/sc2_bridge_interfaces/sc2_bridge_interfaces/action/detail/move__type_support.c
-- Installing: /home/ros/ws/ros2_ws/install/sc2_bridge_interfaces/include/sc2_bridge_interfaces/sc2_bridge_interfaces/action/detail/attack__type_support.c
-- Installing: /home/ros/ws/ros2_ws/install/sc2_bridge_interfaces/include/sc2_bridge_interfaces/sc2_bridge_interfaces/action/detail/move__rosidl_typesupport_introspection_c.h
-- Installing: /home/ros/ws/ros2_ws/install/sc2_bridge_interfaces/lib/libsc2_bridge_interfaces__rosidl_typesupport_introspection_c.so
-- Set runtime path of "/home/ros/ws/ros2_ws/install/sc2_bridge_interfaces/lib/libsc2_bridge_interfaces__rosidl_typesupport_introspection_c.so" to ""
-- Installing: /home/ros/ws/ros2_ws/install/sc2_bridge_interfaces/lib/libsc2_bridge_interfaces__rosidl_typesupport_c.so
-- Set runtime path of "/home/ros/ws/ros2_ws/install/sc2_bridge_interfaces/lib/libsc2_bridge_interfaces__rosidl_typesupport_c.so" to ""
-- Up-to-date: /home/ros/ws/ros2_ws/install/sc2_bridge_interfaces/include/sc2_bridge_interfaces/sc2_bridge_interfaces
-- Up-to-date: /home/ros/ws/ros2_ws/install/sc2_bridge_interfaces/include/sc2_bridge_interfaces/sc2_bridge_interfaces/srv
-- Installing: /home/ros/ws/ros2_ws/install/sc2_bridge_interfaces/include/sc2_bridge_interfaces/sc2_bridge_interfaces/srv/kill_units.hpp
-- Up-to-date: /home/ros/ws/ros2_ws/install/sc2_bridge_interfaces/include/sc2_bridge_interfaces/sc2_bridge_interfaces/srv/detail
-- Installing: /home/ros/ws/ros2_ws/install/sc2_bridge_interfaces/include/sc2_bridge_interfaces/sc2_bridge_interfaces/srv/detail/kill_units__struct.hpp
-- Installing: /home/ros/ws/ros2_ws/install/sc2_bridge_interfaces/include/sc2_bridge_interfaces/sc2_bridge_interfaces/srv/detail/kill_units__traits.hpp
-- Installing: /home/ros/ws/ros2_ws/install/sc2_bridge_interfaces/include/sc2_bridge_interfaces/sc2_bridge_interfaces/srv/detail/spawn_units__struct.hpp
-- Installing: /home/ros/ws/ros2_ws/install/sc2_bridge_interfaces/include/sc2_bridge_interfaces/sc2_bridge_interfaces/srv/detail/spawn_units__type_support.hpp
-- Installing: /home/ros/ws/ros2_ws/install/sc2_bridge_interfaces/include/sc2_bridge_interfaces/sc2_bridge_interfaces/srv/detail/kill_units__builder.hpp
-- Installing: /home/ros/ws/ros2_ws/install/sc2_bridge_interfaces/include/sc2_bridge_interfaces/sc2_bridge_interfaces/srv/detail/spawn_units__builder.hpp
-- Installing: /home/ros/ws/ros2_ws/install/sc2_bridge_interfaces/include/sc2_bridge_interfaces/sc2_bridge_interfaces/srv/detail/kill_units__type_support.hpp
-- Installing: /home/ros/ws/ros2_ws/install/sc2_bridge_interfaces/include/sc2_bridge_interfaces/sc2_bridge_interfaces/srv/detail/spawn_units__traits.hpp
-- Installing: /home/ros/ws/ros2_ws/install/sc2_bridge_interfaces/include/sc2_bridge_interfaces/sc2_bridge_interfaces/srv/spawn_units.hpp
-- Up-to-date: /home/ros/ws/ros2_ws/install/sc2_bridge_interfaces/include/sc2_bridge_interfaces/sc2_bridge_interfaces/msg
-- Installing: /home/ros/ws/ros2_ws/install/sc2_bridge_interfaces/include/sc2_bridge_interfaces/sc2_bridge_interfaces/msg/contact_mark.hpp
-- Installing: /home/ros/ws/ros2_ws/install/sc2_bridge_interfaces/include/sc2_bridge_interfaces/sc2_bridge_interfaces/msg/game_info.hpp
-- Installing: /home/ros/ws/ros2_ws/install/sc2_bridge_interfaces/include/sc2_bridge_interfaces/sc2_bridge_interfaces/msg/contact_mark_array.hpp
-- Installing: /home/ros/ws/ros2_ws/install/sc2_bridge_interfaces/include/sc2_bridge_interfaces/sc2_bridge_interfaces/msg/rosidl_generator_cpp__visibility_control.hpp
-- Installing: /home/ros/ws/ros2_ws/install/sc2_bridge_interfaces/include/sc2_bridge_interfaces/sc2_bridge_interfaces/msg/unit_state_array.hpp
-- Up-to-date: /home/ros/ws/ros2_ws/install/sc2_bridge_interfaces/include/sc2_bridge_interfaces/sc2_bridge_interfaces/msg/detail
-- Installing: /home/ros/ws/ros2_ws/install/sc2_bridge_interfaces/include/sc2_bridge_interfaces/sc2_bridge_interfaces/msg/detail/contact_mark_array__builder.hpp
-- Installing: /home/ros/ws/ros2_ws/install/sc2_bridge_interfaces/include/sc2_bridge_interfaces/sc2_bridge_interfaces/msg/detail/unit_state_array__struct.hpp
-- Installing: /home/ros/ws/ros2_ws/install/sc2_bridge_interfaces/include/sc2_bridge_interfaces/sc2_bridge_interfaces/msg/detail/game_info__type_support.hpp
-- Installing: /home/ros/ws/ros2_ws/install/sc2_bridge_interfaces/include/sc2_bridge_interfaces/sc2_bridge_interfaces/msg/detail/contact_mark_array__struct.hpp
-- Installing: /home/ros/ws/ros2_ws/install/sc2_bridge_interfaces/include/sc2_bridge_interfaces/sc2_bridge_interfaces/msg/detail/contact_mark__type_support.hpp
-- Installing: /home/ros/ws/ros2_ws/install/sc2_bridge_interfaces/include/sc2_bridge_interfaces/sc2_bridge_interfaces/msg/detail/game_info__builder.hpp
-- Installing: /home/ros/ws/ros2_ws/install/sc2_bridge_interfaces/include/sc2_bridge_interfaces/sc2_bridge_interfaces/msg/detail/contact_mark__builder.hpp
-- Installing: /home/ros/ws/ros2_ws/install/sc2_bridge_interfaces/include/sc2_bridge_interfaces/sc2_bridge_interfaces/msg/detail/unit_state__type_support.hpp
-- Installing: /home/ros/ws/ros2_ws/install/sc2_bridge_interfaces/include/sc2_bridge_interfaces/sc2_bridge_interfaces/msg/detail/game_info__struct.hpp
-- Installing: /home/ros/ws/ros2_ws/install/sc2_bridge_interfaces/include/sc2_bridge_interfaces/sc2_bridge_interfaces/msg/detail/contact_mark__struct.hpp
-- Installing: /home/ros/ws/ros2_ws/install/sc2_bridge_interfaces/include/sc2_bridge_interfaces/sc2_bridge_interfaces/msg/detail/game_info__traits.hpp
-- Installing: /home/ros/ws/ros2_ws/install/sc2_bridge_interfaces/include/sc2_bridge_interfaces/sc2_bridge_interfaces/msg/detail/unit_state_array__traits.hpp
-- Installing: /home/ros/ws/ros2_ws/install/sc2_bridge_interfaces/include/sc2_bridge_interfaces/sc2_bridge_interfaces/msg/detail/unit_state_array__builder.hpp
-- Installing: /home/ros/ws/ros2_ws/install/sc2_bridge_interfaces/include/sc2_bridge_interfaces/sc2_bridge_interfaces/msg/detail/unit_state_array__type_support.hpp
-- Installing: /home/ros/ws/ros2_ws/install/sc2_bridge_interfaces/include/sc2_bridge_interfaces/sc2_bridge_interfaces/msg/detail/contact_mark_array__type_support.hpp
-- Installing: /home/ros/ws/ros2_ws/install/sc2_bridge_interfaces/include/sc2_bridge_interfaces/sc2_bridge_interfaces/msg/detail/contact_mark_array__traits.hpp
-- Installing: /home/ros/ws/ros2_ws/install/sc2_bridge_interfaces/include/sc2_bridge_interfaces/sc2_bridge_interfaces/msg/detail/unit_state__struct.hpp
-- Installing: /home/ros/ws/ros2_ws/install/sc2_bridge_interfaces/include/sc2_bridge_interfaces/sc2_bridge_interfaces/msg/detail/unit_state__builder.hpp
-- Installing: /home/ros/ws/ros2_ws/install/sc2_bridge_interfaces/include/sc2_bridge_interfaces/sc2_bridge_interfaces/msg/detail/unit_state__traits.hpp
-- Installing: /home/ros/ws/ros2_ws/install/sc2_bridge_interfaces/include/sc2_bridge_interfaces/sc2_bridge_interfaces/msg/detail/contact_mark__traits.hpp
-- Installing: /home/ros/ws/ros2_ws/install/sc2_bridge_interfaces/include/sc2_bridge_interfaces/sc2_bridge_interfaces/msg/unit_state.hpp
-- Up-to-date: /home/ros/ws/ros2_ws/install/sc2_bridge_interfaces/include/sc2_bridge_interfaces/sc2_bridge_interfaces/action
-- Installing: /home/ros/ws/ros2_ws/install/sc2_bridge_interfaces/include/sc2_bridge_interfaces/sc2_bridge_interfaces/action/attack.hpp
-- Installing: /home/ros/ws/ros2_ws/install/sc2_bridge_interfaces/include/sc2_bridge_interfaces/sc2_bridge_interfaces/action/move.hpp
-- Up-to-date: /home/ros/ws/ros2_ws/install/sc2_bridge_interfaces/include/sc2_bridge_interfaces/sc2_bridge_interfaces/action/detail
-- Installing: /home/ros/ws/ros2_ws/install/sc2_bridge_interfaces/include/sc2_bridge_interfaces/sc2_bridge_interfaces/action/detail/move__builder.hpp
-- Installing: /home/ros/ws/ros2_ws/install/sc2_bridge_interfaces/include/sc2_bridge_interfaces/sc2_bridge_interfaces/action/detail/attack__type_support.hpp
-- Installing: /home/ros/ws/ros2_ws/install/sc2_bridge_interfaces/include/sc2_bridge_interfaces/sc2_bridge_interfaces/action/detail/move__struct.hpp
-- Installing: /home/ros/ws/ros2_ws/install/sc2_bridge_interfaces/include/sc2_bridge_interfaces/sc2_bridge_interfaces/action/detail/move__traits.hpp
-- Installing: /home/ros/ws/ros2_ws/install/sc2_bridge_interfaces/include/sc2_bridge_interfaces/sc2_bridge_interfaces/action/detail/attack__traits.hpp
-- Installing: /home/ros/ws/ros2_ws/install/sc2_bridge_interfaces/include/sc2_bridge_interfaces/sc2_bridge_interfaces/action/detail/attack__builder.hpp
-- Installing: /home/ros/ws/ros2_ws/install/sc2_bridge_interfaces/include/sc2_bridge_interfaces/sc2_bridge_interfaces/action/detail/move__type_support.hpp
-- Installing: /home/ros/ws/ros2_ws/install/sc2_bridge_interfaces/include/sc2_bridge_interfaces/sc2_bridge_interfaces/action/detail/attack__struct.hpp
-- Up-to-date: /home/ros/ws/ros2_ws/install/sc2_bridge_interfaces/include/sc2_bridge_interfaces/sc2_bridge_interfaces
-- Up-to-date: /home/ros/ws/ros2_ws/install/sc2_bridge_interfaces/include/sc2_bridge_interfaces/sc2_bridge_interfaces/srv
-- Up-to-date: /home/ros/ws/ros2_ws/install/sc2_bridge_interfaces/include/sc2_bridge_interfaces/sc2_bridge_interfaces/srv/detail
-- Installing: /home/ros/ws/ros2_ws/install/sc2_bridge_interfaces/include/sc2_bridge_interfaces/sc2_bridge_interfaces/srv/detail/spawn_units__rosidl_typesupport_fastrtps_cpp.hpp
-- Installing: /home/ros/ws/ros2_ws/install/sc2_bridge_interfaces/include/sc2_bridge_interfaces/sc2_bridge_interfaces/srv/detail/dds_fastrtps
-- Installing: /home/ros/ws/ros2_ws/install/sc2_bridge_interfaces/include/sc2_bridge_interfaces/sc2_bridge_interfaces/srv/detail/kill_units__rosidl_typesupport_fastrtps_cpp.hpp
-- Up-to-date: /home/ros/ws/ros2_ws/install/sc2_bridge_interfaces/include/sc2_bridge_interfaces/sc2_bridge_interfaces/msg
-- Up-to-date: /home/ros/ws/ros2_ws/install/sc2_bridge_interfaces/include/sc2_bridge_interfaces/sc2_bridge_interfaces/msg/detail
-- Installing: /home/ros/ws/ros2_ws/install/sc2_bridge_interfaces/include/sc2_bridge_interfaces/sc2_bridge_interfaces/msg/detail/contact_mark__rosidl_typesupport_fastrtps_cpp.hpp
-- Installing: /home/ros/ws/ros2_ws/install/sc2_bridge_interfaces/include/sc2_bridge_interfaces/sc2_bridge_interfaces/msg/detail/unit_state__rosidl_typesupport_fastrtps_cpp.hpp
-- Installing: /home/ros/ws/ros2_ws/install/sc2_bridge_interfaces/include/sc2_bridge_interfaces/sc2_bridge_interfaces/msg/detail/contact_mark_array__rosidl_typesupport_fastrtps_cpp.hpp
-- Installing: /home/ros/ws/ros2_ws/install/sc2_bridge_interfaces/include/sc2_bridge_interfaces/sc2_bridge_interfaces/msg/detail/game_info__rosidl_typesupport_fastrtps_cpp.hpp
-- Installing: /home/ros/ws/ros2_ws/install/sc2_bridge_interfaces/include/sc2_bridge_interfaces/sc2_bridge_interfaces/msg/detail/dds_fastrtps
-- Installing: /home/ros/ws/ros2_ws/install/sc2_bridge_interfaces/include/sc2_bridge_interfaces/sc2_bridge_interfaces/msg/detail/unit_state_array__rosidl_typesupport_fastrtps_cpp.hpp
-- Installing: /home/ros/ws/ros2_ws/install/sc2_bridge_interfaces/include/sc2_bridge_interfaces/sc2_bridge_interfaces/msg/rosidl_typesupport_fastrtps_cpp__visibility_control.h
-- Up-to-date: /home/ros/ws/ros2_ws/install/sc2_bridge_interfaces/include/sc2_bridge_interfaces/sc2_bridge_interfaces/action
-- Up-to-date: /home/ros/ws/ros2_ws/install/sc2_bridge_interfaces/include/sc2_bridge_interfaces/sc2_bridge_interfaces/action/detail
-- Installing: /home/ros/ws/ros2_ws/install/sc2_bridge_interfaces/include/sc2_bridge_interfaces/sc2_bridge_interfaces/action/detail/attack__rosidl_typesupport_fastrtps_cpp.hpp
-- Installing: /home/ros/ws/ros2_ws/install/sc2_bridge_interfaces/include/sc2_bridge_interfaces/sc2_bridge_interfaces/action/detail/move__rosidl_typesupport_fastrtps_cpp.hpp
-- Installing: /home/ros/ws/ros2_ws/install/sc2_bridge_interfaces/include/sc2_bridge_interfaces/sc2_bridge_interfaces/action/detail/dds_fastrtps
-- Installing: /home/ros/ws/ros2_ws/install/sc2_bridge_interfaces/lib/libsc2_bridge_interfaces__rosidl_typesupport_fastrtps_cpp.so
-- Set runtime path of "/home/ros/ws/ros2_ws/install/sc2_bridge_interfaces/lib/libsc2_bridge_interfaces__rosidl_typesupport_fastrtps_cpp.so" to ""
-- Up-to-date: /home/ros/ws/ros2_ws/install/sc2_bridge_interfaces/include/sc2_bridge_interfaces/sc2_bridge_interfaces
-- Up-to-date: /home/ros/ws/ros2_ws/install/sc2_bridge_interfaces/include/sc2_bridge_interfaces/sc2_bridge_interfaces/srv
-- Up-to-date: /home/ros/ws/ros2_ws/install/sc2_bridge_interfaces/include/sc2_bridge_interfaces/sc2_bridge_interfaces/srv/detail
-- Installing: /home/ros/ws/ros2_ws/install/sc2_bridge_interfaces/include/sc2_bridge_interfaces/sc2_bridge_interfaces/srv/detail/kill_units__type_support.cpp
-- Installing: /home/ros/ws/ros2_ws/install/sc2_bridge_interfaces/include/sc2_bridge_interfaces/sc2_bridge_interfaces/srv/detail/spawn_units__rosidl_typesupport_introspection_cpp.hpp
-- Installing: /home/ros/ws/ros2_ws/install/sc2_bridge_interfaces/include/sc2_bridge_interfaces/sc2_bridge_interfaces/srv/detail/kill_units__rosidl_typesupport_introspection_cpp.hpp
-- Installing: /home/ros/ws/ros2_ws/install/sc2_bridge_interfaces/include/sc2_bridge_interfaces/sc2_bridge_interfaces/srv/detail/spawn_units__type_support.cpp
-- Up-to-date: /home/ros/ws/ros2_ws/install/sc2_bridge_interfaces/include/sc2_bridge_interfaces/sc2_bridge_interfaces/msg
-- Up-to-date: /home/ros/ws/ros2_ws/install/sc2_bridge_interfaces/include/sc2_bridge_interfaces/sc2_bridge_interfaces/msg/detail
-- Installing: /home/ros/ws/ros2_ws/install/sc2_bridge_interfaces/include/sc2_bridge_interfaces/sc2_bridge_interfaces/msg/detail/game_info__rosidl_typesupport_introspection_cpp.hpp
-- Installing: /home/ros/ws/ros2_ws/install/sc2_bridge_interfaces/include/sc2_bridge_interfaces/sc2_bridge_interfaces/msg/detail/unit_state__rosidl_typesupport_introspection_cpp.hpp
-- Installing: /home/ros/ws/ros2_ws/install/sc2_bridge_interfaces/include/sc2_bridge_interfaces/sc2_bridge_interfaces/msg/detail/contact_mark__type_support.cpp
-- Installing: /home/ros/ws/ros2_ws/install/sc2_bridge_interfaces/include/sc2_bridge_interfaces/sc2_bridge_interfaces/msg/detail/unit_state__type_support.cpp
-- Installing: /home/ros/ws/ros2_ws/install/sc2_bridge_interfaces/include/sc2_bridge_interfaces/sc2_bridge_interfaces/msg/detail/game_info__type_support.cpp
-- Installing: /home/ros/ws/ros2_ws/install/sc2_bridge_interfaces/include/sc2_bridge_interfaces/sc2_bridge_interfaces/msg/detail/unit_state_array__rosidl_typesupport_introspection_cpp.hpp
-- Installing: /home/ros/ws/ros2_ws/install/sc2_bridge_interfaces/include/sc2_bridge_interfaces/sc2_bridge_interfaces/msg/detail/contact_mark_array__rosidl_typesupport_introspection_cpp.hpp
-- Installing: /home/ros/ws/ros2_ws/install/sc2_bridge_interfaces/include/sc2_bridge_interfaces/sc2_bridge_interfaces/msg/detail/contact_mark_array__type_support.cpp
-- Installing: /home/ros/ws/ros2_ws/install/sc2_bridge_interfaces/include/sc2_bridge_interfaces/sc2_bridge_interfaces/msg/detail/unit_state_array__type_support.cpp
-- Installing: /home/ros/ws/ros2_ws/install/sc2_bridge_interfaces/include/sc2_bridge_interfaces/sc2_bridge_interfaces/msg/detail/contact_mark__rosidl_typesupport_introspection_cpp.hpp
-- Up-to-date: /home/ros/ws/ros2_ws/install/sc2_bridge_interfaces/include/sc2_bridge_interfaces/sc2_bridge_interfaces/action
-- Up-to-date: /home/ros/ws/ros2_ws/install/sc2_bridge_interfaces/include/sc2_bridge_interfaces/sc2_bridge_interfaces/action/detail
-- Installing: /home/ros/ws/ros2_ws/install/sc2_bridge_interfaces/include/sc2_bridge_interfaces/sc2_bridge_interfaces/action/detail/attack__rosidl_typesupport_introspection_cpp.hpp
-- Installing: /home/ros/ws/ros2_ws/install/sc2_bridge_interfaces/include/sc2_bridge_interfaces/sc2_bridge_interfaces/action/detail/move__type_support.cpp
-- Installing: /home/ros/ws/ros2_ws/install/sc2_bridge_interfaces/include/sc2_bridge_interfaces/sc2_bridge_interfaces/action/detail/move__rosidl_typesupport_introspection_cpp.hpp
-- Installing: /home/ros/ws/ros2_ws/install/sc2_bridge_interfaces/include/sc2_bridge_interfaces/sc2_bridge_interfaces/action/detail/attack__type_support.cpp
-- Installing: /home/ros/ws/ros2_ws/install/sc2_bridge_interfaces/lib/libsc2_bridge_interfaces__rosidl_typesupport_introspection_cpp.so
-- Set runtime path of "/home/ros/ws/ros2_ws/install/sc2_bridge_interfaces/lib/libsc2_bridge_interfaces__rosidl_typesupport_introspection_cpp.so" to ""
-- Installing: /home/ros/ws/ros2_ws/install/sc2_bridge_interfaces/lib/libsc2_bridge_interfaces__rosidl_typesupport_cpp.so
-- Set runtime path of "/home/ros/ws/ros2_ws/install/sc2_bridge_interfaces/lib/libsc2_bridge_interfaces__rosidl_typesupport_cpp.so" to ""
-- Installing: /home/ros/ws/ros2_ws/install/sc2_bridge_interfaces/share/sc2_bridge_interfaces/environment/pythonpath.sh
-- Installing: /home/ros/ws/ros2_ws/install/sc2_bridge_interfaces/share/sc2_bridge_interfaces/environment/pythonpath.dsv
-- Installing: /home/ros/ws/ros2_ws/install/sc2_bridge_interfaces/local/lib/python3.10/dist-packages/sc2_bridge_interfaces-0.1.0-py3.10.egg-info
-- Installing: /home/ros/ws/ros2_ws/install/sc2_bridge_interfaces/local/lib/python3.10/dist-packages/sc2_bridge_interfaces-0.1.0-py3.10.egg-info/top_level.txt
-- Installing: /home/ros/ws/ros2_ws/install/sc2_bridge_interfaces/local/lib/python3.10/dist-packages/sc2_bridge_interfaces-0.1.0-py3.10.egg-info/SOURCES.txt
-- Installing: /home/ros/ws/ros2_ws/install/sc2_bridge_interfaces/local/lib/python3.10/dist-packages/sc2_bridge_interfaces-0.1.0-py3.10.egg-info/dependency_links.txt
-- Installing: /home/ros/ws/ros2_ws/install/sc2_bridge_interfaces/local/lib/python3.10/dist-packages/sc2_bridge_interfaces-0.1.0-py3.10.egg-info/PKG-INFO
-- Installing: /home/ros/ws/ros2_ws/install/sc2_bridge_interfaces/local/lib/python3.10/dist-packages/sc2_bridge_interfaces
-- Installing: /home/ros/ws/ros2_ws/install/sc2_bridge_interfaces/local/lib/python3.10/dist-packages/sc2_bridge_interfaces/sc2_bridge_interfaces_s__rosidl_typesupport_fastrtps_c.cpython-310-x86_64-linux-gnu.so
-- Installing: /home/ros/ws/ros2_ws/install/sc2_bridge_interfaces/local/lib/python3.10/dist-packages/sc2_bridge_interfaces/sc2_bridge_interfaces_s__rosidl_typesupport_introspection_c.cpython-310-x86_64-linux-gnu.so
-- Installing: /home/ros/ws/ros2_ws/install/sc2_bridge_interfaces/local/lib/python3.10/dist-packages/sc2_bridge_interfaces/_sc2_bridge_interfaces_s.ep.rosidl_typesupport_c.c
-- Installing: /home/ros/ws/ros2_ws/install/sc2_bridge_interfaces/local/lib/python3.10/dist-packages/sc2_bridge_interfaces/srv
-- Installing: /home/ros/ws/ros2_ws/install/sc2_bridge_interfaces/local/lib/python3.10/dist-packages/sc2_bridge_interfaces/srv/_kill_units_s.c
-- Installing: /home/ros/ws/ros2_ws/install/sc2_bridge_interfaces/local/lib/python3.10/dist-packages/sc2_bridge_interfaces/srv/_kill_units.py
-- Installing: /home/ros/ws/ros2_ws/install/sc2_bridge_interfaces/local/lib/python3.10/dist-packages/sc2_bridge_interfaces/srv/_spawn_units.py
-- Installing: /home/ros/ws/ros2_ws/install/sc2_bridge_interfaces/local/lib/python3.10/dist-packages/sc2_bridge_interfaces/srv/_spawn_units_s.c
-- Installing: /home/ros/ws/ros2_ws/install/sc2_bridge_interfaces/local/lib/python3.10/dist-packages/sc2_bridge_interfaces/srv/__init__.py
-- Installing: /home/ros/ws/ros2_ws/install/sc2_bridge_interfaces/local/lib/python3.10/dist-packages/sc2_bridge_interfaces/sc2_bridge_interfaces_s__rosidl_typesupport_c.cpython-310-x86_64-linux-gnu.so
-- Installing: /home/ros/ws/ros2_ws/install/sc2_bridge_interfaces/local/lib/python3.10/dist-packages/sc2_bridge_interfaces/msg
-- Installing: /home/ros/ws/ros2_ws/install/sc2_bridge_interfaces/local/lib/python3.10/dist-packages/sc2_bridge_interfaces/msg/_unit_state_array_s.c
-- Installing: /home/ros/ws/ros2_ws/install/sc2_bridge_interfaces/local/lib/python3.10/dist-packages/sc2_bridge_interfaces/msg/_contact_mark_array.py
-- Installing: /home/ros/ws/ros2_ws/install/sc2_bridge_interfaces/local/lib/python3.10/dist-packages/sc2_bridge_interfaces/msg/_contact_mark_s.c
-- Installing: /home/ros/ws/ros2_ws/install/sc2_bridge_interfaces/local/lib/python3.10/dist-packages/sc2_bridge_interfaces/msg/__init__.py
-- Installing: /home/ros/ws/ros2_ws/install/sc2_bridge_interfaces/local/lib/python3.10/dist-packages/sc2_bridge_interfaces/msg/_unit_state.py
-- Installing: /home/ros/ws/ros2_ws/install/sc2_bridge_interfaces/local/lib/python3.10/dist-packages/sc2_bridge_interfaces/msg/_game_info_s.c
-- Installing: /home/ros/ws/ros2_ws/install/sc2_bridge_interfaces/local/lib/python3.10/dist-packages/sc2_bridge_interfaces/msg/_unit_state_array.py
-- Installing: /home/ros/ws/ros2_ws/install/sc2_bridge_interfaces/local/lib/python3.10/dist-packages/sc2_bridge_interfaces/msg/_contact_mark_array_s.c
-- Installing: /home/ros/ws/ros2_ws/install/sc2_bridge_interfaces/local/lib/python3.10/dist-packages/sc2_bridge_interfaces/msg/_game_info.py
-- Installing: /home/ros/ws/ros2_ws/install/sc2_bridge_interfaces/local/lib/python3.10/dist-packages/sc2_bridge_interfaces/msg/_contact_mark.py
-- Installing: /home/ros/ws/ros2_ws/install/sc2_bridge_interfaces/local/lib/python3.10/dist-packages/sc2_bridge_interfaces/msg/_unit_state_s.c
-- Installing: /home/ros/ws/ros2_ws/install/sc2_bridge_interfaces/local/lib/python3.10/dist-packages/sc2_bridge_interfaces/libsc2_bridge_interfaces__rosidl_generator_py.so
-- Installing: /home/ros/ws/ros2_ws/install/sc2_bridge_interfaces/local/lib/python3.10/dist-packages/sc2_bridge_interfaces/__init__.py
-- Installing: /home/ros/ws/ros2_ws/install/sc2_bridge_interfaces/local/lib/python3.10/dist-packages/sc2_bridge_interfaces/_sc2_bridge_interfaces_s.ep.rosidl_typesupport_introspection_c.c
-- Installing: /home/ros/ws/ros2_ws/install/sc2_bridge_interfaces/local/lib/python3.10/dist-packages/sc2_bridge_interfaces/action
-- Installing: /home/ros/ws/ros2_ws/install/sc2_bridge_interfaces/local/lib/python3.10/dist-packages/sc2_bridge_interfaces/action/__init__.py
-- Installing: /home/ros/ws/ros2_ws/install/sc2_bridge_interfaces/local/lib/python3.10/dist-packages/sc2_bridge_interfaces/action/_attack_s.c
-- Installing: /home/ros/ws/ros2_ws/install/sc2_bridge_interfaces/local/lib/python3.10/dist-packages/sc2_bridge_interfaces/action/_move.py
-- Installing: /home/ros/ws/ros2_ws/install/sc2_bridge_interfaces/local/lib/python3.10/dist-packages/sc2_bridge_interfaces/action/_attack.py
-- Installing: /home/ros/ws/ros2_ws/install/sc2_bridge_interfaces/local/lib/python3.10/dist-packages/sc2_bridge_interfaces/action/_move_s.c
-- Installing: /home/ros/ws/ros2_ws/install/sc2_bridge_interfaces/local/lib/python3.10/dist-packages/sc2_bridge_interfaces/_sc2_bridge_interfaces_s.ep.rosidl_typesupport_fastrtps_c.c
Listing '/home/ros/ws/ros2_ws/install/sc2_bridge_interfaces/local/lib/python3.10/dist-packages/sc2_bridge_interfaces'...
Compiling '/home/ros/ws/ros2_ws/install/sc2_bridge_interfaces/local/lib/python3.10/dist-packages/sc2_bridge_interfaces/__init__.py'...
Listing '/home/ros/ws/ros2_ws/install/sc2_bridge_interfaces/local/lib/python3.10/dist-packages/sc2_bridge_interfaces/action'...
Compiling '/home/ros/ws/ros2_ws/install/sc2_bridge_interfaces/local/lib/python3.10/dist-packages/sc2_bridge_interfaces/action/__init__.py'...
Compiling '/home/ros/ws/ros2_ws/install/sc2_bridge_interfaces/local/lib/python3.10/dist-packages/sc2_bridge_interfaces/action/_attack.py'...
Compiling '/home/ros/ws/ros2_ws/install/sc2_bridge_interfaces/local/lib/python3.10/dist-packages/sc2_bridge_interfaces/action/_move.py'...
Listing '/home/ros/ws/ros2_ws/install/sc2_bridge_interfaces/local/lib/python3.10/dist-packages/sc2_bridge_interfaces/msg'...
Compiling '/home/ros/ws/ros2_ws/install/sc2_bridge_interfaces/local/lib/python3.10/dist-packages/sc2_bridge_interfaces/msg/__init__.py'...
Compiling '/home/ros/ws/ros2_ws/install/sc2_bridge_interfaces/local/lib/python3.10/dist-packages/sc2_bridge_interfaces/msg/_contact_mark.py'...
Compiling '/home/ros/ws/ros2_ws/install/sc2_bridge_interfaces/local/lib/python3.10/dist-packages/sc2_bridge_interfaces/msg/_contact_mark_array.py'...
Compiling '/home/ros/ws/ros2_ws/install/sc2_bridge_interfaces/local/lib/python3.10/dist-packages/sc2_bridge_interfaces/msg/_game_info.py'...
Compiling '/home/ros/ws/ros2_ws/install/sc2_bridge_interfaces/local/lib/python3.10/dist-packages/sc2_bridge_interfaces/msg/_unit_state.py'...
Compiling '/home/ros/ws/ros2_ws/install/sc2_bridge_interfaces/local/lib/python3.10/dist-packages/sc2_bridge_interfaces/msg/_unit_state_array.py'...
Listing '/home/ros/ws/ros2_ws/install/sc2_bridge_interfaces/local/lib/python3.10/dist-packages/sc2_bridge_interfaces/srv'...
Compiling '/home/ros/ws/ros2_ws/install/sc2_bridge_interfaces/local/lib/python3.10/dist-packages/sc2_bridge_interfaces/srv/__init__.py'...
Compiling '/home/ros/ws/ros2_ws/install/sc2_bridge_interfaces/local/lib/python3.10/dist-packages/sc2_bridge_interfaces/srv/_kill_units.py'...
Compiling '/home/ros/ws/ros2_ws/install/sc2_bridge_interfaces/local/lib/python3.10/dist-packages/sc2_bridge_interfaces/srv/_spawn_units.py'...
-- Installing: /home/ros/ws/ros2_ws/install/sc2_bridge_interfaces/local/lib/python3.10/dist-packages/sc2_bridge_interfaces/sc2_bridge_interfaces_s__rosidl_typesupport_fastrtps_c.cpython-310-x86_64-linux-gnu.so
-- Set runtime path of "/home/ros/ws/ros2_ws/install/sc2_bridge_interfaces/local/lib/python3.10/dist-packages/sc2_bridge_interfaces/sc2_bridge_interfaces_s__rosidl_typesupport_fastrtps_c.cpython-310-x86_64-linux-gnu.so" to ""
-- Installing: /home/ros/ws/ros2_ws/install/sc2_bridge_interfaces/local/lib/python3.10/dist-packages/sc2_bridge_interfaces/sc2_bridge_interfaces_s__rosidl_typesupport_introspection_c.cpython-310-x86_64-linux-gnu.so
-- Set runtime path of "/home/ros/ws/ros2_ws/install/sc2_bridge_interfaces/local/lib/python3.10/dist-packages/sc2_bridge_interfaces/sc2_bridge_interfaces_s__rosidl_typesupport_introspection_c.cpython-310-x86_64-linux-gnu.so" to ""
-- Installing: /home/ros/ws/ros2_ws/install/sc2_bridge_interfaces/local/lib/python3.10/dist-packages/sc2_bridge_interfaces/sc2_bridge_interfaces_s__rosidl_typesupport_c.cpython-310-x86_64-linux-gnu.so
-- Set runtime path of "/home/ros/ws/ros2_ws/install/sc2_bridge_interfaces/local/lib/python3.10/dist-packages/sc2_bridge_interfaces/sc2_bridge_interfaces_s__rosidl_typesupport_c.cpython-310-x86_64-linux-gnu.so" to ""
-- Installing: /home/ros/ws/ros2_ws/install/sc2_bridge_interfaces/lib/libsc2_bridge_interfaces__rosidl_generator_py.so
-- Set runtime path of "/home/ros/ws/ros2_ws/install/sc2_bridge_interfaces/lib/libsc2_bridge_interfaces__rosidl_generator_py.so" to ""
-- Installing: /home/ros/ws/ros2_ws/install/sc2_bridge_interfaces/share/ament_index/resource_index/rust_packages/sc2_bridge_interfaces
-- Installing: /home/ros/ws/ros2_ws/install/sc2_bridge_interfaces/share/sc2_bridge_interfaces/rust
-- Installing: /home/ros/ws/ros2_ws/install/sc2_bridge_interfaces/share/sc2_bridge_interfaces/rust/build.rs
-- Installing: /home/ros/ws/ros2_ws/install/sc2_bridge_interfaces/share/sc2_bridge_interfaces/rust/src
-- Installing: /home/ros/ws/ros2_ws/install/sc2_bridge_interfaces/share/sc2_bridge_interfaces/rust/src/srv.rs
-- Installing: /home/ros/ws/ros2_ws/install/sc2_bridge_interfaces/share/sc2_bridge_interfaces/rust/src/srv
-- Installing: /home/ros/ws/ros2_ws/install/sc2_bridge_interfaces/share/sc2_bridge_interfaces/rust/src/srv/rmw.rs
-- Installing: /home/ros/ws/ros2_ws/install/sc2_bridge_interfaces/share/sc2_bridge_interfaces/rust/src/msg
-- Installing: /home/ros/ws/ros2_ws/install/sc2_bridge_interfaces/share/sc2_bridge_interfaces/rust/src/msg/rmw.rs
-- Installing: /home/ros/ws/ros2_ws/install/sc2_bridge_interfaces/share/sc2_bridge_interfaces/rust/src/lib.rs
-- Installing: /home/ros/ws/ros2_ws/install/sc2_bridge_interfaces/share/sc2_bridge_interfaces/rust/src/action
-- Installing: /home/ros/ws/ros2_ws/install/sc2_bridge_interfaces/share/sc2_bridge_interfaces/rust/src/action/rmw.rs
-- Installing: /home/ros/ws/ros2_ws/install/sc2_bridge_interfaces/share/sc2_bridge_interfaces/rust/src/action.rs
-- Installing: /home/ros/ws/ros2_ws/install/sc2_bridge_interfaces/share/sc2_bridge_interfaces/rust/src/msg.rs
-- Installing: /home/ros/ws/ros2_ws/install/sc2_bridge_interfaces/share/sc2_bridge_interfaces/rust/Cargo.toml
-- Installing: /home/ros/ws/ros2_ws/install/sc2_bridge_interfaces/share/sc2_bridge_interfaces/msg/ContactMark.idl
-- Installing: /home/ros/ws/ros2_ws/install/sc2_bridge_interfaces/share/sc2_bridge_interfaces/msg/ContactMarkArray.idl
-- Installing: /home/ros/ws/ros2_ws/install/sc2_bridge_interfaces/share/sc2_bridge_interfaces/msg/GameInfo.idl
-- Installing: /home/ros/ws/ros2_ws/install/sc2_bridge_interfaces/share/sc2_bridge_interfaces/msg/UnitState.idl
-- Installing: /home/ros/ws/ros2_ws/install/sc2_bridge_interfaces/share/sc2_bridge_interfaces/msg/UnitStateArray.idl
-- Installing: /home/ros/ws/ros2_ws/install/sc2_bridge_interfaces/share/sc2_bridge_interfaces/srv/KillUnits.idl
-- Installing: /home/ros/ws/ros2_ws/install/sc2_bridge_interfaces/share/sc2_bridge_interfaces/srv/SpawnUnits.idl
-- Installing: /home/ros/ws/ros2_ws/install/sc2_bridge_interfaces/share/sc2_bridge_interfaces/action/Attack.idl
-- Installing: /home/ros/ws/ros2_ws/install/sc2_bridge_interfaces/share/sc2_bridge_interfaces/action/Move.idl
-- Installing: /home/ros/ws/ros2_ws/install/sc2_bridge_interfaces/share/sc2_bridge_interfaces/msg/ContactMark.msg
-- Installing: /home/ros/ws/ros2_ws/install/sc2_bridge_interfaces/share/sc2_bridge_interfaces/msg/ContactMarkArray.msg
-- Installing: /home/ros/ws/ros2_ws/install/sc2_bridge_interfaces/share/sc2_bridge_interfaces/msg/GameInfo.msg
-- Installing: /home/ros/ws/ros2_ws/install/sc2_bridge_interfaces/share/sc2_bridge_interfaces/msg/UnitState.msg
-- Installing: /home/ros/ws/ros2_ws/install/sc2_bridge_interfaces/share/sc2_bridge_interfaces/msg/UnitStateArray.msg
-- Installing: /home/ros/ws/ros2_ws/install/sc2_bridge_interfaces/share/sc2_bridge_interfaces/srv/KillUnits.srv
-- Installing: /home/ros/ws/ros2_ws/install/sc2_bridge_interfaces/share/sc2_bridge_interfaces/srv/KillUnits_Request.msg
-- Installing: /home/ros/ws/ros2_ws/install/sc2_bridge_interfaces/share/sc2_bridge_interfaces/srv/KillUnits_Response.msg
-- Installing: /home/ros/ws/ros2_ws/install/sc2_bridge_interfaces/share/sc2_bridge_interfaces/srv/SpawnUnits.srv
-- Installing: /home/ros/ws/ros2_ws/install/sc2_bridge_interfaces/share/sc2_bridge_interfaces/srv/SpawnUnits_Request.msg
-- Installing: /home/ros/ws/ros2_ws/install/sc2_bridge_interfaces/share/sc2_bridge_interfaces/srv/SpawnUnits_Response.msg
-- Installing: /home/ros/ws/ros2_ws/install/sc2_bridge_interfaces/share/sc2_bridge_interfaces/action/Attack.action
-- Installing: /home/ros/ws/ros2_ws/install/sc2_bridge_interfaces/share/sc2_bridge_interfaces/action/Move.action
-- Installing: /home/ros/ws/ros2_ws/install/sc2_bridge_interfaces/share/ament_index/resource_index/package_run_dependencies/sc2_bridge_interfaces
-- Installing: /home/ros/ws/ros2_ws/install/sc2_bridge_interfaces/share/ament_index/resource_index/parent_prefix_path/sc2_bridge_interfaces
-- Installing: /home/ros/ws/ros2_ws/install/sc2_bridge_interfaces/share/sc2_bridge_interfaces/environment/ament_prefix_path.sh
-- Installing: /home/ros/ws/ros2_ws/install/sc2_bridge_interfaces/share/sc2_bridge_interfaces/environment/ament_prefix_path.dsv
-- Installing: /home/ros/ws/ros2_ws/install/sc2_bridge_interfaces/share/sc2_bridge_interfaces/environment/path.sh
-- Installing: /home/ros/ws/ros2_ws/install/sc2_bridge_interfaces/share/sc2_bridge_interfaces/environment/path.dsv
-- Installing: /home/ros/ws/ros2_ws/install/sc2_bridge_interfaces/share/sc2_bridge_interfaces/local_setup.bash
-- Installing: /home/ros/ws/ros2_ws/install/sc2_bridge_interfaces/share/sc2_bridge_interfaces/local_setup.sh
-- Installing: /home/ros/ws/ros2_ws/install/sc2_bridge_interfaces/share/sc2_bridge_interfaces/local_setup.zsh
-- Installing: /home/ros/ws/ros2_ws/install/sc2_bridge_interfaces/share/sc2_bridge_interfaces/local_setup.dsv
-- Installing: /home/ros/ws/ros2_ws/install/sc2_bridge_interfaces/share/sc2_bridge_interfaces/package.dsv
-- Installing: /home/ros/ws/ros2_ws/install/sc2_bridge_interfaces/share/ament_index/resource_index/packages/sc2_bridge_interfaces
-- Installing: /home/ros/ws/ros2_ws/install/sc2_bridge_interfaces/share/sc2_bridge_interfaces/cmake/export_sc2_bridge_interfaces__rosidl_generator_cExport.cmake
-- Installing: /home/ros/ws/ros2_ws/install/sc2_bridge_interfaces/share/sc2_bridge_interfaces/cmake/export_sc2_bridge_interfaces__rosidl_generator_cExport-noconfig.cmake
-- Installing: /home/ros/ws/ros2_ws/install/sc2_bridge_interfaces/share/sc2_bridge_interfaces/cmake/export_sc2_bridge_interfaces__rosidl_typesupport_fastrtps_cExport.cmake
-- Installing: /home/ros/ws/ros2_ws/install/sc2_bridge_interfaces/share/sc2_bridge_interfaces/cmake/export_sc2_bridge_interfaces__rosidl_typesupport_fastrtps_cExport-noconfig.cmake
-- Installing: /home/ros/ws/ros2_ws/install/sc2_bridge_interfaces/share/sc2_bridge_interfaces/cmake/sc2_bridge_interfaces__rosidl_typesupport_introspection_cExport.cmake
-- Installing: /home/ros/ws/ros2_ws/install/sc2_bridge_interfaces/share/sc2_bridge_interfaces/cmake/sc2_bridge_interfaces__rosidl_typesupport_introspection_cExport-noconfig.cmake
-- Installing: /home/ros/ws/ros2_ws/install/sc2_bridge_interfaces/share/sc2_bridge_interfaces/cmake/sc2_bridge_interfaces__rosidl_typesupport_cExport.cmake
-- Installing: /home/ros/ws/ros2_ws/install/sc2_bridge_interfaces/share/sc2_bridge_interfaces/cmake/sc2_bridge_interfaces__rosidl_typesupport_cExport-noconfig.cmake
-- Installing: /home/ros/ws/ros2_ws/install/sc2_bridge_interfaces/share/sc2_bridge_interfaces/cmake/export_sc2_bridge_interfaces__rosidl_generator_cppExport.cmake
-- Installing: /home/ros/ws/ros2_ws/install/sc2_bridge_interfaces/share/sc2_bridge_interfaces/cmake/export_sc2_bridge_interfaces__rosidl_typesupport_fastrtps_cppExport.cmake
-- Installing: /home/ros/ws/ros2_ws/install/sc2_bridge_interfaces/share/sc2_bridge_interfaces/cmake/export_sc2_bridge_interfaces__rosidl_typesupport_fastrtps_cppExport-noconfig.cmake
-- Installing: /home/ros/ws/ros2_ws/install/sc2_bridge_interfaces/share/sc2_bridge_interfaces/cmake/sc2_bridge_interfaces__rosidl_typesupport_introspection_cppExport.cmake
-- Installing: /home/ros/ws/ros2_ws/install/sc2_bridge_interfaces/share/sc2_bridge_interfaces/cmake/sc2_bridge_interfaces__rosidl_typesupport_introspection_cppExport-noconfig.cmake
-- Installing: /home/ros/ws/ros2_ws/install/sc2_bridge_interfaces/share/sc2_bridge_interfaces/cmake/sc2_bridge_interfaces__rosidl_typesupport_cppExport.cmake
-- Installing: /home/ros/ws/ros2_ws/install/sc2_bridge_interfaces/share/sc2_bridge_interfaces/cmake/sc2_bridge_interfaces__rosidl_typesupport_cppExport-noconfig.cmake
-- Installing: /home/ros/ws/ros2_ws/install/sc2_bridge_interfaces/share/sc2_bridge_interfaces/cmake/export_sc2_bridge_interfaces__rosidl_generator_pyExport.cmake
-- Installing: /home/ros/ws/ros2_ws/install/sc2_bridge_interfaces/share/sc2_bridge_interfaces/cmake/export_sc2_bridge_interfaces__rosidl_generator_pyExport-noconfig.cmake
-- Installing: /home/ros/ws/ros2_ws/install/sc2_bridge_interfaces/share/sc2_bridge_interfaces/cmake/rosidl_cmake-extras.cmake
-- Installing: /home/ros/ws/ros2_ws/install/sc2_bridge_interfaces/share/sc2_bridge_interfaces/cmake/ament_cmake_export_dependencies-extras.cmake
-- Installing: /home/ros/ws/ros2_ws/install/sc2_bridge_interfaces/share/sc2_bridge_interfaces/cmake/ament_cmake_export_include_directories-extras.cmake
-- Installing: /home/ros/ws/ros2_ws/install/sc2_bridge_interfaces/share/sc2_bridge_interfaces/cmake/ament_cmake_export_libraries-extras.cmake
-- Installing: /home/ros/ws/ros2_ws/install/sc2_bridge_interfaces/share/sc2_bridge_interfaces/cmake/ament_cmake_export_targets-extras.cmake
-- Installing: /home/ros/ws/ros2_ws/install/sc2_bridge_interfaces/share/sc2_bridge_interfaces/cmake/rosidl_cmake_export_typesupport_targets-extras.cmake
-- Installing: /home/ros/ws/ros2_ws/install/sc2_bridge_interfaces/share/sc2_bridge_interfaces/cmake/rosidl_cmake_export_typesupport_libraries-extras.cmake
-- Installing: /home/ros/ws/ros2_ws/install/sc2_bridge_interfaces/share/sc2_bridge_interfaces/cmake/sc2_bridge_interfacesConfig.cmake
-- Installing: /home/ros/ws/ros2_ws/install/sc2_bridge_interfaces/share/sc2_bridge_interfaces/cmake/sc2_bridge_interfacesConfig-version.cmake
-- Installing: /home/ros/ws/ros2_ws/install/sc2_bridge_interfaces/share/sc2_bridge_interfaces/package.xml
