running develop
running egg_info
creating sc2_bridge.egg-info
writing sc2_bridge.egg-info/PKG-INFO
writing dependency_links to sc2_bridge.egg-info/dependency_links.txt
writing entry points to sc2_bridge.egg-info/entry_points.txt
writing requirements to sc2_bridge.egg-info/requires.txt
writing top-level names to sc2_bridge.egg-info/top_level.txt
writing manifest file 'sc2_bridge.egg-info/SOURCES.txt'
reading manifest file 'sc2_bridge.egg-info/SOURCES.txt'
writing manifest file 'sc2_bridge.egg-info/SOURCES.txt'
running build_ext
Creating /home/ros/ws/ros2_ws/install/sc2_bridge/lib/python3.10/site-packages/sc2-bridge.egg-link (link to .)
Installing sc2_bridge_node script to /home/ros/ws/ros2_ws/install/sc2_bridge/lib/sc2_bridge
Installing swarm_demo script to /home/ros/ws/ros2_ws/install/sc2_bridge/lib/sc2_bridge

Installed /home/ros/ws/ros2_ws/build/sc2_bridge
running symlink_data
creating /home/ros/ws/ros2_ws/install/sc2_bridge/share/ament_index
creating /home/ros/ws/ros2_ws/install/sc2_bridge/share/ament_index/resource_index
creating /home/ros/ws/ros2_ws/install/sc2_bridge/share/ament_index/resource_index/packages
symbolically linking /home/ros/ws/ros2_ws/build/sc2_bridge/resource/sc2_bridge -> /home/ros/ws/ros2_ws/install/sc2_bridge/share/ament_index/resource_index/packages
symbolically linking /home/ros/ws/ros2_ws/build/sc2_bridge/package.xml -> /home/ros/ws/ros2_ws/install/sc2_bridge/share/sc2_bridge
creating /home/ros/ws/ros2_ws/install/sc2_bridge/share/sc2_bridge/config
symbolically linking /home/ros/ws/ros2_ws/build/sc2_bridge/config/bridge.yaml -> /home/ros/ws/ros2_ws/install/sc2_bridge/share/sc2_bridge/config
creating /home/ros/ws/ros2_ws/install/sc2_bridge/share/sc2_bridge/launch
symbolically linking /home/ros/ws/ros2_ws/build/sc2_bridge/launch/sc2_bridge.launch.py -> /home/ros/ws/ros2_ws/install/sc2_bridge/share/sc2_bridge/launch
