[0.000000] (-) TimerEvent: {}
[0.000145] (sc2_bridge_interfaces) JobQueued: {'identifier': 'sc2_bridge_interfaces', 'dependencies': OrderedDict()}
[0.000377] (sc2_bridge) JobQueued: {'identifier': 'sc2_bridge', 'dependencies': OrderedDict([('sc2_bridge_interfaces', '/home/ros/ws/ros2_ws/install/sc2_bridge_interfaces')])}
[0.000395] (sc2_bridge_interfaces) JobStarted: {'identifier': 'sc2_bridge_interfaces'}
[0.007837] (sc2_bridge_interfaces) JobProgress: {'identifier': 'sc2_bridge_interfaces', 'progress': 'cmake'}
[0.008379] (sc2_bridge_interfaces) JobProgress: {'identifier': 'sc2_bridge_interfaces', 'progress': 'build'}
[0.008875] (sc2_bridge_interfaces) Command: {'cmd': ['/usr/bin/cmake', '--build', '/home/ros/ws/ros2_ws/build/sc2_bridge_interfaces', '--', '-j24', '-l24'], 'cwd': '/home/ros/ws/ros2_ws/build/sc2_bridge_interfaces', 'env': OrderedDict([('HOSTNAME', '793d460668f9'), ('SHLVL', '1'), ('LD_LIBRARY_PATH', '/opt/ros/humble/opt/rviz_ogre_vendor/lib:/opt/ros/humble/lib/x86_64-linux-gnu:/opt/ros/humble/lib'), ('HOME', '/home/ros'), ('ROS_PYTHON_VERSION', '3'), ('SC2_MAP', '/StarCraftII/maps/Flat482Spawns.SC2Map'), ('ROS_DISTRO', 'humble'), ('_', '/usr/bin/colcon'), ('ROS_VERSION', '2'), ('ROS_LOCALHOST_ONLY', '0'), ('PATH', '/opt/ros/humble/bin:/usr/local/sbin:/usr/local/bin:/usr/sbin:/usr/bin:/sbin:/bin'), ('DISPLAY', ':0'), ('LANG', 'C.UTF-8'), ('XAUTHORITY', '/run/user/1000/.mutter-Xwaylandauth.UJHRP3'), ('AMENT_PREFIX_PATH', '/opt/ros/humble'), ('SC2_HOST', 'host.docker.internal'), ('PWD', '/home/ros/ws/ros2_ws/build/sc2_bridge_interfaces'), ('LC_ALL', 'C.UTF-8'), ('PYTHONPATH', '/opt/ros/humble/lib/python3.10/site-packages:/opt/ros/humble/local/lib/python3.10/dist-packages'), ('COLCON', '1'), ('SC2_PORT', '8167')]), 'shell': False}
[0.077564] (sc2_bridge_interfaces) StdoutLine: {'line': b'[  2%] Built target sc2_bridge_interfaces__cpp\n'}
[0.077726] (sc2_bridge_interfaces) StdoutLine: {'line': b'[  2%] Built target sc2_bridge_interfaces__rs\n'}
[0.086445] (sc2_bridge_interfaces) StdoutLine: {'line': b'[  2%] Built target ament_cmake_python_copy_sc2_bridge_interfaces\n'}
[0.086749] (sc2_bridge_interfaces) StdoutLine: {'line': b'[ 13%] Built target sc2_bridge_interfaces__rosidl_generator_c\n'}
[0.099792] (sc2_bridge_interfaces) StdoutLine: {'line': b'[ 46%] Built target sc2_bridge_interfaces__rosidl_typesupport_cpp\n'}
[0.099975] (-) TimerEvent: {}
[0.099995] (sc2_bridge_interfaces) StdoutLine: {'line': b'[ 47%] Built target sc2_bridge_interfaces__rosidl_typesupport_introspection_cpp\n'}
[0.100046] (sc2_bridge_interfaces) StdoutLine: {'line': b'[ 47%] Built target sc2_bridge_interfaces__rosidl_typesupport_fastrtps_cpp\n'}
[0.104009] (sc2_bridge_interfaces) StdoutLine: {'line': b'[ 69%] Built target sc2_bridge_interfaces__rosidl_typesupport_c\n'}
[0.104120] (sc2_bridge_interfaces) StdoutLine: {'line': b'[ 70%] Built target sc2_bridge_interfaces__rosidl_typesupport_introspection_c\n'}
[0.104797] (sc2_bridge_interfaces) StdoutLine: {'line': b'[ 82%] Built target sc2_bridge_interfaces__rosidl_typesupport_fastrtps_c\n'}
[0.118279] (sc2_bridge_interfaces) StdoutLine: {'line': b'[ 82%] Built target sc2_bridge_interfaces\n'}
[0.132335] (sc2_bridge_interfaces) StdoutLine: {'line': b'[ 83%] Built target sc2_bridge_interfaces__py\n'}
[0.151161] (sc2_bridge_interfaces) StdoutLine: {'line': b'[ 93%] Built target sc2_bridge_interfaces__rosidl_generator_py\n'}
[0.166496] (sc2_bridge_interfaces) StdoutLine: {'line': b'[ 98%] Built target sc2_bridge_interfaces__rosidl_typesupport_fastrtps_c__pyext\n'}
[0.166644] (sc2_bridge_interfaces) StdoutLine: {'line': b'[ 98%] Built target sc2_bridge_interfaces__rosidl_typesupport_introspection_c__pyext\n'}
[0.166684] (sc2_bridge_interfaces) StdoutLine: {'line': b'[100%] Built target sc2_bridge_interfaces__rosidl_typesupport_c__pyext\n'}
[0.200056] (-) TimerEvent: {}
[0.214841] (sc2_bridge_interfaces) StdoutLine: {'line': b'running egg_info\n'}
[0.215141] (sc2_bridge_interfaces) StdoutLine: {'line': b'writing sc2_bridge_interfaces.egg-info/PKG-INFO\n'}
[0.215248] (sc2_bridge_interfaces) StdoutLine: {'line': b'writing dependency_links to sc2_bridge_interfaces.egg-info/dependency_links.txt\n'}
[0.215329] (sc2_bridge_interfaces) StdoutLine: {'line': b'writing top-level names to sc2_bridge_interfaces.egg-info/top_level.txt\n'}
[0.216608] (sc2_bridge_interfaces) StdoutLine: {'line': b"reading manifest file 'sc2_bridge_interfaces.egg-info/SOURCES.txt'\n"}
[0.216978] (sc2_bridge_interfaces) StdoutLine: {'line': b"writing manifest file 'sc2_bridge_interfaces.egg-info/SOURCES.txt'\n"}
[0.241602] (sc2_bridge_interfaces) StdoutLine: {'line': b'[100%] Built target ament_cmake_python_build_sc2_bridge_interfaces_egg\n'}
[0.248957] (sc2_bridge_interfaces) CommandEnded: {'returncode': 0}
[0.250053] (sc2_bridge_interfaces) JobProgress: {'identifier': 'sc2_bridge_interfaces', 'progress': 'install'}
[0.256061] (sc2_bridge_interfaces) Command: {'cmd': ['/usr/bin/cmake', '--install', '/home/ros/ws/ros2_ws/build/sc2_bridge_interfaces'], 'cwd': '/home/ros/ws/ros2_ws/build/sc2_bridge_interfaces', 'env': OrderedDict([('HOSTNAME', '793d460668f9'), ('SHLVL', '1'), ('LD_LIBRARY_PATH', '/opt/ros/humble/opt/rviz_ogre_vendor/lib:/opt/ros/humble/lib/x86_64-linux-gnu:/opt/ros/humble/lib'), ('HOME', '/home/ros'), ('ROS_PYTHON_VERSION', '3'), ('SC2_MAP', '/StarCraftII/maps/Flat482Spawns.SC2Map'), ('ROS_DISTRO', 'humble'), ('_', '/usr/bin/colcon'), ('ROS_VERSION', '2'), ('ROS_LOCALHOST_ONLY', '0'), ('PATH', '/opt/ros/humble/bin:/usr/local/sbin:/usr/local/bin:/usr/sbin:/usr/bin:/sbin:/bin'), ('DISPLAY', ':0'), ('LANG', 'C.UTF-8'), ('XAUTHORITY', '/run/user/1000/.mutter-Xwaylandauth.UJHRP3'), ('AMENT_PREFIX_PATH', '/opt/ros/humble'), ('SC2_HOST', 'host.docker.internal'), ('PWD', '/home/ros/ws/ros2_ws/build/sc2_bridge_interfaces'), ('LC_ALL', 'C.UTF-8'), ('PYTHONPATH', '/opt/ros/humble/lib/python3.10/site-packages:/opt/ros/humble/local/lib/python3.10/dist-packages'), ('COLCON', '1'), ('SC2_PORT', '8167')]), 'shell': False}
[0.261292] (sc2_bridge_interfaces) StdoutLine: {'line': b'-- Install configuration: ""\n'}
[0.261410] (sc2_bridge_interfaces) StdoutLine: {'line': b'-- Up-to-date: /home/ros/ws/ros2_ws/install/sc2_bridge_interfaces/share/ament_index/resource_index/rosidl_interfaces/sc2_bridge_interfaces\n'}
[0.261574] (sc2_bridge_interfaces) StdoutLine: {'line': b'-- Up-to-date: /home/ros/ws/ros2_ws/install/sc2_bridge_interfaces/include/sc2_bridge_interfaces/sc2_bridge_interfaces\n'}
[0.261624] (sc2_bridge_interfaces) StdoutLine: {'line': b'-- Up-to-date: /home/ros/ws/ros2_ws/install/sc2_bridge_interfaces/include/sc2_bridge_interfaces/sc2_bridge_interfaces/srv\n'}
[0.261670] (sc2_bridge_interfaces) StdoutLine: {'line': b'-- Up-to-date: /home/ros/ws/ros2_ws/install/sc2_bridge_interfaces/include/sc2_bridge_interfaces/sc2_bridge_interfaces/srv/spawn_units.h\n'}
[0.261715] (sc2_bridge_interfaces) StdoutLine: {'line': b'-- Up-to-date: /home/ros/ws/ros2_ws/install/sc2_bridge_interfaces/include/sc2_bridge_interfaces/sc2_bridge_interfaces/srv/detail\n'}
[0.261759] (sc2_bridge_interfaces) StdoutLine: {'line': b'-- Up-to-date: /home/ros/ws/ros2_ws/install/sc2_bridge_interfaces/include/sc2_bridge_interfaces/sc2_bridge_interfaces/srv/detail/kill_units__type_support.h\n'}
[0.261805] (sc2_bridge_interfaces) StdoutLine: {'line': b'-- Up-to-date: /home/ros/ws/ros2_ws/install/sc2_bridge_interfaces/include/sc2_bridge_interfaces/sc2_bridge_interfaces/srv/detail/kill_units__functions.h\n'}
[0.261848] (sc2_bridge_interfaces) StdoutLine: {'line': b'-- Up-to-date: /home/ros/ws/ros2_ws/install/sc2_bridge_interfaces/include/sc2_bridge_interfaces/sc2_bridge_interfaces/srv/detail/kill_units__struct.h\n'}
[0.261979] (sc2_bridge_interfaces) StdoutLine: {'line': b'-- Up-to-date: /home/ros/ws/ros2_ws/install/sc2_bridge_interfaces/include/sc2_bridge_interfaces/sc2_bridge_interfaces/srv/detail/spawn_units__functions.h\n'}
[0.262026] (sc2_bridge_interfaces) StdoutLine: {'line': b'-- Up-to-date: /home/ros/ws/ros2_ws/install/sc2_bridge_interfaces/include/sc2_bridge_interfaces/sc2_bridge_interfaces/srv/detail/kill_units__functions.c\n'}
[0.262053] (sc2_bridge_interfaces) StdoutLine: {'line': b'-- Up-to-date: /home/ros/ws/ros2_ws/install/sc2_bridge_interfaces/include/sc2_bridge_interfaces/sc2_bridge_interfaces/srv/detail/spawn_units__functions.c\n'}
[0.262344] (sc2_bridge_interfaces) StdoutLine: {'line': b'-- Up-to-date: /home/ros/ws/ros2_ws/install/sc2_bridge_interfaces/include/sc2_bridge_interfaces/sc2_bridge_interfaces/srv/detail/spawn_units__type_support.h\n'}
[0.262371] (sc2_bridge_interfaces) StdoutLine: {'line': b'-- Up-to-date: /home/ros/ws/ros2_ws/install/sc2_bridge_interfaces/include/sc2_bridge_interfaces/sc2_bridge_interfaces/srv/detail/spawn_units__struct.h\n'}
[0.262423] (sc2_bridge_interfaces) StdoutLine: {'line': b'-- Up-to-date: /home/ros/ws/ros2_ws/install/sc2_bridge_interfaces/include/sc2_bridge_interfaces/sc2_bridge_interfaces/srv/kill_units.h\n'}
[0.262449] (sc2_bridge_interfaces) StdoutLine: {'line': b'-- Up-to-date: /home/ros/ws/ros2_ws/install/sc2_bridge_interfaces/include/sc2_bridge_interfaces/sc2_bridge_interfaces/msg\n'}
[0.262473] (sc2_bridge_interfaces) StdoutLine: {'line': b'-- Up-to-date: /home/ros/ws/ros2_ws/install/sc2_bridge_interfaces/include/sc2_bridge_interfaces/sc2_bridge_interfaces/msg/rosidl_generator_c__visibility_control.h\n'}
[0.262497] (sc2_bridge_interfaces) StdoutLine: {'line': b'-- Up-to-date: /home/ros/ws/ros2_ws/install/sc2_bridge_interfaces/include/sc2_bridge_interfaces/sc2_bridge_interfaces/msg/contact_mark_array.h\n'}
[0.262522] (sc2_bridge_interfaces) StdoutLine: {'line': b'-- Up-to-date: /home/ros/ws/ros2_ws/install/sc2_bridge_interfaces/include/sc2_bridge_interfaces/sc2_bridge_interfaces/msg/unit_state.h\n'}
[0.262548] (sc2_bridge_interfaces) StdoutLine: {'line': b'-- Up-to-date: /home/ros/ws/ros2_ws/install/sc2_bridge_interfaces/include/sc2_bridge_interfaces/sc2_bridge_interfaces/msg/contact_mark.h\n'}
[0.262635] (sc2_bridge_interfaces) StdoutLine: {'line': b'-- Up-to-date: /home/ros/ws/ros2_ws/install/sc2_bridge_interfaces/include/sc2_bridge_interfaces/sc2_bridge_interfaces/msg/detail\n'}
[0.262661] (sc2_bridge_interfaces) StdoutLine: {'line': b'-- Up-to-date: /home/ros/ws/ros2_ws/install/sc2_bridge_interfaces/include/sc2_bridge_interfaces/sc2_bridge_interfaces/msg/detail/unit_state_array__type_support.h\n'}
[0.262687] (sc2_bridge_interfaces) StdoutLine: {'line': b'-- Up-to-date: /home/ros/ws/ros2_ws/install/sc2_bridge_interfaces/include/sc2_bridge_interfaces/sc2_bridge_interfaces/msg/detail/contact_mark__type_support.h\n'}
[0.262712] (sc2_bridge_interfaces) StdoutLine: {'line': b'-- Up-to-date: /home/ros/ws/ros2_ws/install/sc2_bridge_interfaces/include/sc2_bridge_interfaces/sc2_bridge_interfaces/msg/detail/unit_state_array__functions.h\n'}
[0.262737] (sc2_bridge_interfaces) StdoutLine: {'line': b'-- Up-to-date: /home/ros/ws/ros2_ws/install/sc2_bridge_interfaces/include/sc2_bridge_interfaces/sc2_bridge_interfaces/msg/detail/game_info__type_support.h\n'}
[0.262762] (sc2_bridge_interfaces) StdoutLine: {'line': b'-- Up-to-date: /home/ros/ws/ros2_ws/install/sc2_bridge_interfaces/include/sc2_bridge_interfaces/sc2_bridge_interfaces/msg/detail/unit_state__functions.h\n'}
[0.262788] (sc2_bridge_interfaces) StdoutLine: {'line': b'-- Up-to-date: /home/ros/ws/ros2_ws/install/sc2_bridge_interfaces/include/sc2_bridge_interfaces/sc2_bridge_interfaces/msg/detail/unit_state_array__struct.h\n'}
[0.262815] (sc2_bridge_interfaces) StdoutLine: {'line': b'-- Up-to-date: /home/ros/ws/ros2_ws/install/sc2_bridge_interfaces/include/sc2_bridge_interfaces/sc2_bridge_interfaces/msg/detail/game_info__functions.h\n'}
[0.262846] (sc2_bridge_interfaces) StdoutLine: {'line': b'-- Up-to-date: /home/ros/ws/ros2_ws/install/sc2_bridge_interfaces/include/sc2_bridge_interfaces/sc2_bridge_interfaces/msg/detail/game_info__struct.h\n'}
[0.262875] (sc2_bridge_interfaces) StdoutLine: {'line': b'-- Up-to-date: /home/ros/ws/ros2_ws/install/sc2_bridge_interfaces/include/sc2_bridge_interfaces/sc2_bridge_interfaces/msg/detail/unit_state_array__functions.c\n'}
[0.262907] (sc2_bridge_interfaces) StdoutLine: {'line': b'-- Up-to-date: /home/ros/ws/ros2_ws/install/sc2_bridge_interfaces/include/sc2_bridge_interfaces/sc2_bridge_interfaces/msg/detail/unit_state__type_support.h\n'}
[0.262935] (sc2_bridge_interfaces) StdoutLine: {'line': b'-- Up-to-date: /home/ros/ws/ros2_ws/install/sc2_bridge_interfaces/include/sc2_bridge_interfaces/sc2_bridge_interfaces/msg/detail/contact_mark_array__struct.h\n'}
[0.262961] (sc2_bridge_interfaces) StdoutLine: {'line': b'-- Up-to-date: /home/ros/ws/ros2_ws/install/sc2_bridge_interfaces/include/sc2_bridge_interfaces/sc2_bridge_interfaces/msg/detail/contact_mark__struct.h\n'}
[0.262987] (sc2_bridge_interfaces) StdoutLine: {'line': b'-- Up-to-date: /home/ros/ws/ros2_ws/install/sc2_bridge_interfaces/include/sc2_bridge_interfaces/sc2_bridge_interfaces/msg/detail/contact_mark_array__type_support.h\n'}
[0.263013] (sc2_bridge_interfaces) StdoutLine: {'line': b'-- Up-to-date: /home/ros/ws/ros2_ws/install/sc2_bridge_interfaces/include/sc2_bridge_interfaces/sc2_bridge_interfaces/msg/detail/contact_mark__functions.h\n'}
[0.263038] (sc2_bridge_interfaces) StdoutLine: {'line': b'-- Up-to-date: /home/ros/ws/ros2_ws/install/sc2_bridge_interfaces/include/sc2_bridge_interfaces/sc2_bridge_interfaces/msg/detail/contact_mark_array__functions.h\n'}
[0.263063] (sc2_bridge_interfaces) StdoutLine: {'line': b'-- Up-to-date: /home/ros/ws/ros2_ws/install/sc2_bridge_interfaces/include/sc2_bridge_interfaces/sc2_bridge_interfaces/msg/detail/unit_state__struct.h\n'}
[0.263088] (sc2_bridge_interfaces) StdoutLine: {'line': b'-- Up-to-date: /home/ros/ws/ros2_ws/install/sc2_bridge_interfaces/include/sc2_bridge_interfaces/sc2_bridge_interfaces/msg/detail/contact_mark__functions.c\n'}
[0.263113] (sc2_bridge_interfaces) StdoutLine: {'line': b'-- Up-to-date: /home/ros/ws/ros2_ws/install/sc2_bridge_interfaces/include/sc2_bridge_interfaces/sc2_bridge_interfaces/msg/detail/unit_state__functions.c\n'}
[0.263214] (sc2_bridge_interfaces) StdoutLine: {'line': b'-- Up-to-date: /home/ros/ws/ros2_ws/install/sc2_bridge_interfaces/include/sc2_bridge_interfaces/sc2_bridge_interfaces/msg/detail/contact_mark_array__functions.c\n'}
[0.263242] (sc2_bridge_interfaces) StdoutLine: {'line': b'-- Up-to-date: /home/ros/ws/ros2_ws/install/sc2_bridge_interfaces/include/sc2_bridge_interfaces/sc2_bridge_interfaces/msg/detail/game_info__functions.c\n'}
[0.263268] (sc2_bridge_interfaces) StdoutLine: {'line': b'-- Up-to-date: /home/ros/ws/ros2_ws/install/sc2_bridge_interfaces/include/sc2_bridge_interfaces/sc2_bridge_interfaces/msg/game_info.h\n'}
[0.263293] (sc2_bridge_interfaces) StdoutLine: {'line': b'-- Up-to-date: /home/ros/ws/ros2_ws/install/sc2_bridge_interfaces/include/sc2_bridge_interfaces/sc2_bridge_interfaces/msg/unit_state_array.h\n'}
[0.263320] (sc2_bridge_interfaces) StdoutLine: {'line': b'-- Up-to-date: /home/ros/ws/ros2_ws/install/sc2_bridge_interfaces/include/sc2_bridge_interfaces/sc2_bridge_interfaces/action\n'}
[0.263346] (sc2_bridge_interfaces) StdoutLine: {'line': b'-- Up-to-date: /home/ros/ws/ros2_ws/install/sc2_bridge_interfaces/include/sc2_bridge_interfaces/sc2_bridge_interfaces/action/attack.h\n'}
[0.263371] (sc2_bridge_interfaces) StdoutLine: {'line': b'-- Up-to-date: /home/ros/ws/ros2_ws/install/sc2_bridge_interfaces/include/sc2_bridge_interfaces/sc2_bridge_interfaces/action/detail\n'}
[0.263397] (sc2_bridge_interfaces) StdoutLine: {'line': b'-- Up-to-date: /home/ros/ws/ros2_ws/install/sc2_bridge_interfaces/include/sc2_bridge_interfaces/sc2_bridge_interfaces/action/detail/attack__struct.h\n'}
[0.263569] (sc2_bridge_interfaces) StdoutLine: {'line': b'-- Up-to-date: /home/ros/ws/ros2_ws/install/sc2_bridge_interfaces/include/sc2_bridge_interfaces/sc2_bridge_interfaces/action/detail/move__functions.h\n'}
[0.263598] (sc2_bridge_interfaces) StdoutLine: {'line': b'-- Up-to-date: /home/ros/ws/ros2_ws/install/sc2_bridge_interfaces/include/sc2_bridge_interfaces/sc2_bridge_interfaces/action/detail/move__type_support.h\n'}
[0.263623] (sc2_bridge_interfaces) StdoutLine: {'line': b'-- Up-to-date: /home/ros/ws/ros2_ws/install/sc2_bridge_interfaces/include/sc2_bridge_interfaces/sc2_bridge_interfaces/action/detail/move__functions.c\n'}
[0.263649] (sc2_bridge_interfaces) StdoutLine: {'line': b'-- Up-to-date: /home/ros/ws/ros2_ws/install/sc2_bridge_interfaces/include/sc2_bridge_interfaces/sc2_bridge_interfaces/action/detail/move__struct.h\n'}
[0.263706] (sc2_bridge_interfaces) StdoutLine: {'line': b'-- Up-to-date: /home/ros/ws/ros2_ws/install/sc2_bridge_interfaces/include/sc2_bridge_interfaces/sc2_bridge_interfaces/action/detail/attack__functions.c\n'}
[0.263732] (sc2_bridge_interfaces) StdoutLine: {'line': b'-- Up-to-date: /home/ros/ws/ros2_ws/install/sc2_bridge_interfaces/include/sc2_bridge_interfaces/sc2_bridge_interfaces/action/detail/attack__type_support.h\n'}
[0.263757] (sc2_bridge_interfaces) StdoutLine: {'line': b'-- Up-to-date: /home/ros/ws/ros2_ws/install/sc2_bridge_interfaces/include/sc2_bridge_interfaces/sc2_bridge_interfaces/action/detail/attack__functions.h\n'}
[0.263783] (sc2_bridge_interfaces) StdoutLine: {'line': b'-- Up-to-date: /home/ros/ws/ros2_ws/install/sc2_bridge_interfaces/include/sc2_bridge_interfaces/sc2_bridge_interfaces/action/move.h\n'}
[0.263809] (sc2_bridge_interfaces) StdoutLine: {'line': b'-- Up-to-date: /home/ros/ws/ros2_ws/install/sc2_bridge_interfaces/share/sc2_bridge_interfaces/environment/library_path.sh\n'}
[0.263834] (sc2_bridge_interfaces) StdoutLine: {'line': b'-- Up-to-date: /home/ros/ws/ros2_ws/install/sc2_bridge_interfaces/share/sc2_bridge_interfaces/environment/library_path.dsv\n'}
[0.263859] (sc2_bridge_interfaces) StdoutLine: {'line': b'-- Up-to-date: /home/ros/ws/ros2_ws/install/sc2_bridge_interfaces/lib/libsc2_bridge_interfaces__rosidl_generator_c.so\n'}
[0.263885] (sc2_bridge_interfaces) StdoutLine: {'line': b'-- Up-to-date: /home/ros/ws/ros2_ws/install/sc2_bridge_interfaces/include/sc2_bridge_interfaces/sc2_bridge_interfaces\n'}
[0.263914] (sc2_bridge_interfaces) StdoutLine: {'line': b'-- Up-to-date: /home/ros/ws/ros2_ws/install/sc2_bridge_interfaces/include/sc2_bridge_interfaces/sc2_bridge_interfaces/srv\n'}
[0.263940] (sc2_bridge_interfaces) StdoutLine: {'line': b'-- Up-to-date: /home/ros/ws/ros2_ws/install/sc2_bridge_interfaces/include/sc2_bridge_interfaces/sc2_bridge_interfaces/srv/detail\n'}
[0.263965] (sc2_bridge_interfaces) StdoutLine: {'line': b'-- Up-to-date: /home/ros/ws/ros2_ws/install/sc2_bridge_interfaces/include/sc2_bridge_interfaces/sc2_bridge_interfaces/srv/detail/kill_units__rosidl_typesupport_fastrtps_c.h\n'}
[0.263991] (sc2_bridge_interfaces) StdoutLine: {'line': b'-- Up-to-date: /home/ros/ws/ros2_ws/install/sc2_bridge_interfaces/include/sc2_bridge_interfaces/sc2_bridge_interfaces/srv/detail/spawn_units__rosidl_typesupport_fastrtps_c.h\n'}
[0.264016] (sc2_bridge_interfaces) StdoutLine: {'line': b'-- Up-to-date: /home/ros/ws/ros2_ws/install/sc2_bridge_interfaces/include/sc2_bridge_interfaces/sc2_bridge_interfaces/msg\n'}
[0.264041] (sc2_bridge_interfaces) StdoutLine: {'line': b'-- Up-to-date: /home/ros/ws/ros2_ws/install/sc2_bridge_interfaces/include/sc2_bridge_interfaces/sc2_bridge_interfaces/msg/rosidl_typesupport_fastrtps_c__visibility_control.h\n'}
[0.264066] (sc2_bridge_interfaces) StdoutLine: {'line': b'-- Up-to-date: /home/ros/ws/ros2_ws/install/sc2_bridge_interfaces/include/sc2_bridge_interfaces/sc2_bridge_interfaces/msg/detail\n'}
[0.264091] (sc2_bridge_interfaces) StdoutLine: {'line': b'-- Up-to-date: /home/ros/ws/ros2_ws/install/sc2_bridge_interfaces/include/sc2_bridge_interfaces/sc2_bridge_interfaces/msg/detail/unit_state__rosidl_typesupport_fastrtps_c.h\n'}
[0.264199] (sc2_bridge_interfaces) StdoutLine: {'line': b'-- Up-to-date: /home/ros/ws/ros2_ws/install/sc2_bridge_interfaces/include/sc2_bridge_interfaces/sc2_bridge_interfaces/msg/detail/contact_mark__rosidl_typesupport_fastrtps_c.h\n'}
[0.264225] (sc2_bridge_interfaces) StdoutLine: {'line': b'-- Up-to-date: /home/ros/ws/ros2_ws/install/sc2_bridge_interfaces/include/sc2_bridge_interfaces/sc2_bridge_interfaces/msg/detail/game_info__rosidl_typesupport_fastrtps_c.h\n'}
[0.264250] (sc2_bridge_interfaces) StdoutLine: {'line': b'-- Up-to-date: /home/ros/ws/ros2_ws/install/sc2_bridge_interfaces/include/sc2_bridge_interfaces/sc2_bridge_interfaces/msg/detail/unit_state_array__rosidl_typesupport_fastrtps_c.h\n'}
[0.264329] (sc2_bridge_interfaces) StdoutLine: {'line': b'-- Up-to-date: /home/ros/ws/ros2_ws/install/sc2_bridge_interfaces/include/sc2_bridge_interfaces/sc2_bridge_interfaces/msg/detail/contact_mark_array__rosidl_typesupport_fastrtps_c.h\n'}
[0.264354] (sc2_bridge_interfaces) StdoutLine: {'line': b'-- Up-to-date: /home/ros/ws/ros2_ws/install/sc2_bridge_interfaces/include/sc2_bridge_interfaces/sc2_bridge_interfaces/action\n'}
[0.264380] (sc2_bridge_interfaces) StdoutLine: {'line': b'-- Up-to-date: /home/ros/ws/ros2_ws/install/sc2_bridge_interfaces/include/sc2_bridge_interfaces/sc2_bridge_interfaces/action/detail\n'}
[0.264405] (sc2_bridge_interfaces) StdoutLine: {'line': b'-- Up-to-date: /home/ros/ws/ros2_ws/install/sc2_bridge_interfaces/include/sc2_bridge_interfaces/sc2_bridge_interfaces/action/detail/move__rosidl_typesupport_fastrtps_c.h\n'}
[0.264430] (sc2_bridge_interfaces) StdoutLine: {'line': b'-- Up-to-date: /home/ros/ws/ros2_ws/install/sc2_bridge_interfaces/include/sc2_bridge_interfaces/sc2_bridge_interfaces/action/detail/attack__rosidl_typesupport_fastrtps_c.h\n'}
[0.264616] (sc2_bridge_interfaces) StdoutLine: {'line': b'-- Up-to-date: /home/ros/ws/ros2_ws/install/sc2_bridge_interfaces/lib/libsc2_bridge_interfaces__rosidl_typesupport_fastrtps_c.so\n'}
[0.264645] (sc2_bridge_interfaces) StdoutLine: {'line': b'-- Up-to-date: /home/ros/ws/ros2_ws/install/sc2_bridge_interfaces/include/sc2_bridge_interfaces/sc2_bridge_interfaces\n'}
[0.264674] (sc2_bridge_interfaces) StdoutLine: {'line': b'-- Up-to-date: /home/ros/ws/ros2_ws/install/sc2_bridge_interfaces/include/sc2_bridge_interfaces/sc2_bridge_interfaces/srv\n'}
[0.264701] (sc2_bridge_interfaces) StdoutLine: {'line': b'-- Up-to-date: /home/ros/ws/ros2_ws/install/sc2_bridge_interfaces/include/sc2_bridge_interfaces/sc2_bridge_interfaces/srv/detail\n'}
[0.264727] (sc2_bridge_interfaces) StdoutLine: {'line': b'-- Up-to-date: /home/ros/ws/ros2_ws/install/sc2_bridge_interfaces/include/sc2_bridge_interfaces/sc2_bridge_interfaces/srv/detail/kill_units__rosidl_typesupport_introspection_c.h\n'}
[0.264752] (sc2_bridge_interfaces) StdoutLine: {'line': b'-- Up-to-date: /home/ros/ws/ros2_ws/install/sc2_bridge_interfaces/include/sc2_bridge_interfaces/sc2_bridge_interfaces/srv/detail/kill_units__type_support.c\n'}
[0.264778] (sc2_bridge_interfaces) StdoutLine: {'line': b'-- Up-to-date: /home/ros/ws/ros2_ws/install/sc2_bridge_interfaces/include/sc2_bridge_interfaces/sc2_bridge_interfaces/srv/detail/spawn_units__rosidl_typesupport_introspection_c.h\n'}
[0.264804] (sc2_bridge_interfaces) StdoutLine: {'line': b'-- Up-to-date: /home/ros/ws/ros2_ws/install/sc2_bridge_interfaces/include/sc2_bridge_interfaces/sc2_bridge_interfaces/srv/detail/spawn_units__type_support.c\n'}
[0.264830] (sc2_bridge_interfaces) StdoutLine: {'line': b'-- Up-to-date: /home/ros/ws/ros2_ws/install/sc2_bridge_interfaces/include/sc2_bridge_interfaces/sc2_bridge_interfaces/msg\n'}
[0.264855] (sc2_bridge_interfaces) StdoutLine: {'line': b'-- Up-to-date: /home/ros/ws/ros2_ws/install/sc2_bridge_interfaces/include/sc2_bridge_interfaces/sc2_bridge_interfaces/msg/detail\n'}
[0.264881] (sc2_bridge_interfaces) StdoutLine: {'line': b'-- Up-to-date: /home/ros/ws/ros2_ws/install/sc2_bridge_interfaces/include/sc2_bridge_interfaces/sc2_bridge_interfaces/msg/detail/game_info__rosidl_typesupport_introspection_c.h\n'}
[0.264910] (sc2_bridge_interfaces) StdoutLine: {'line': b'-- Up-to-date: /home/ros/ws/ros2_ws/install/sc2_bridge_interfaces/include/sc2_bridge_interfaces/sc2_bridge_interfaces/msg/detail/contact_mark_array__type_support.c\n'}
[0.264936] (sc2_bridge_interfaces) StdoutLine: {'line': b'-- Up-to-date: /home/ros/ws/ros2_ws/install/sc2_bridge_interfaces/include/sc2_bridge_interfaces/sc2_bridge_interfaces/msg/detail/unit_state__type_support.c\n'}
[0.264961] (sc2_bridge_interfaces) StdoutLine: {'line': b'-- Up-to-date: /home/ros/ws/ros2_ws/install/sc2_bridge_interfaces/include/sc2_bridge_interfaces/sc2_bridge_interfaces/msg/detail/unit_state__rosidl_typesupport_introspection_c.h\n'}
[0.265087] (sc2_bridge_interfaces) StdoutLine: {'line': b'-- Up-to-date: /home/ros/ws/ros2_ws/install/sc2_bridge_interfaces/include/sc2_bridge_interfaces/sc2_bridge_interfaces/msg/detail/contact_mark__rosidl_typesupport_introspection_c.h\n'}
[0.265113] (sc2_bridge_interfaces) StdoutLine: {'line': b'-- Up-to-date: /home/ros/ws/ros2_ws/install/sc2_bridge_interfaces/include/sc2_bridge_interfaces/sc2_bridge_interfaces/msg/detail/contact_mark_array__rosidl_typesupport_introspection_c.h\n'}
[0.265169] (sc2_bridge_interfaces) StdoutLine: {'line': b'-- Up-to-date: /home/ros/ws/ros2_ws/install/sc2_bridge_interfaces/include/sc2_bridge_interfaces/sc2_bridge_interfaces/msg/detail/unit_state_array__type_support.c\n'}
[0.265196] (sc2_bridge_interfaces) StdoutLine: {'line': b'-- Up-to-date: /home/ros/ws/ros2_ws/install/sc2_bridge_interfaces/include/sc2_bridge_interfaces/sc2_bridge_interfaces/msg/detail/contact_mark__type_support.c\n'}
[0.265221] (sc2_bridge_interfaces) StdoutLine: {'line': b'-- Up-to-date: /home/ros/ws/ros2_ws/install/sc2_bridge_interfaces/include/sc2_bridge_interfaces/sc2_bridge_interfaces/msg/detail/game_info__type_support.c\n'}
[0.265246] (sc2_bridge_interfaces) StdoutLine: {'line': b'-- Up-to-date: /home/ros/ws/ros2_ws/install/sc2_bridge_interfaces/include/sc2_bridge_interfaces/sc2_bridge_interfaces/msg/detail/unit_state_array__rosidl_typesupport_introspection_c.h\n'}
[0.265271] (sc2_bridge_interfaces) StdoutLine: {'line': b'-- Up-to-date: /home/ros/ws/ros2_ws/install/sc2_bridge_interfaces/include/sc2_bridge_interfaces/sc2_bridge_interfaces/msg/rosidl_typesupport_introspection_c__visibility_control.h\n'}
[0.265297] (sc2_bridge_interfaces) StdoutLine: {'line': b'-- Up-to-date: /home/ros/ws/ros2_ws/install/sc2_bridge_interfaces/include/sc2_bridge_interfaces/sc2_bridge_interfaces/action\n'}
[0.265323] (sc2_bridge_interfaces) StdoutLine: {'line': b'-- Up-to-date: /home/ros/ws/ros2_ws/install/sc2_bridge_interfaces/include/sc2_bridge_interfaces/sc2_bridge_interfaces/action/detail\n'}
[0.265348] (sc2_bridge_interfaces) StdoutLine: {'line': b'-- Up-to-date: /home/ros/ws/ros2_ws/install/sc2_bridge_interfaces/include/sc2_bridge_interfaces/sc2_bridge_interfaces/action/detail/attack__rosidl_typesupport_introspection_c.h\n'}
[0.265373] (sc2_bridge_interfaces) StdoutLine: {'line': b'-- Up-to-date: /home/ros/ws/ros2_ws/install/sc2_bridge_interfaces/include/sc2_bridge_interfaces/sc2_bridge_interfaces/action/detail/move__type_support.c\n'}
[0.265398] (sc2_bridge_interfaces) StdoutLine: {'line': b'-- Up-to-date: /home/ros/ws/ros2_ws/install/sc2_bridge_interfaces/include/sc2_bridge_interfaces/sc2_bridge_interfaces/action/detail/attack__type_support.c\n'}
[0.265462] (sc2_bridge_interfaces) StdoutLine: {'line': b'-- Up-to-date: /home/ros/ws/ros2_ws/install/sc2_bridge_interfaces/include/sc2_bridge_interfaces/sc2_bridge_interfaces/action/detail/move__rosidl_typesupport_introspection_c.h\n'}
[0.265489] (sc2_bridge_interfaces) StdoutLine: {'line': b'-- Up-to-date: /home/ros/ws/ros2_ws/install/sc2_bridge_interfaces/lib/libsc2_bridge_interfaces__rosidl_typesupport_introspection_c.so\n'}
[0.265514] (sc2_bridge_interfaces) StdoutLine: {'line': b'-- Up-to-date: /home/ros/ws/ros2_ws/install/sc2_bridge_interfaces/lib/libsc2_bridge_interfaces__rosidl_typesupport_c.so\n'}
[0.265540] (sc2_bridge_interfaces) StdoutLine: {'line': b'-- Up-to-date: /home/ros/ws/ros2_ws/install/sc2_bridge_interfaces/include/sc2_bridge_interfaces/sc2_bridge_interfaces\n'}
[0.265566] (sc2_bridge_interfaces) StdoutLine: {'line': b'-- Up-to-date: /home/ros/ws/ros2_ws/install/sc2_bridge_interfaces/include/sc2_bridge_interfaces/sc2_bridge_interfaces/srv\n'}
[0.265592] (sc2_bridge_interfaces) StdoutLine: {'line': b'-- Up-to-date: /home/ros/ws/ros2_ws/install/sc2_bridge_interfaces/include/sc2_bridge_interfaces/sc2_bridge_interfaces/srv/kill_units.hpp\n'}
[0.265617] (sc2_bridge_interfaces) StdoutLine: {'line': b'-- Up-to-date: /home/ros/ws/ros2_ws/install/sc2_bridge_interfaces/include/sc2_bridge_interfaces/sc2_bridge_interfaces/srv/detail\n'}
[0.265697] (sc2_bridge_interfaces) StdoutLine: {'line': b'-- Up-to-date: /home/ros/ws/ros2_ws/install/sc2_bridge_interfaces/include/sc2_bridge_interfaces/sc2_bridge_interfaces/srv/detail/kill_units__struct.hpp\n'}
[0.265722] (sc2_bridge_interfaces) StdoutLine: {'line': b'-- Up-to-date: /home/ros/ws/ros2_ws/install/sc2_bridge_interfaces/include/sc2_bridge_interfaces/sc2_bridge_interfaces/srv/detail/kill_units__traits.hpp\n'}
[0.265748] (sc2_bridge_interfaces) StdoutLine: {'line': b'-- Up-to-date: /home/ros/ws/ros2_ws/install/sc2_bridge_interfaces/include/sc2_bridge_interfaces/sc2_bridge_interfaces/srv/detail/spawn_units__struct.hpp\n'}
[0.265773] (sc2_bridge_interfaces) StdoutLine: {'line': b'-- Up-to-date: /home/ros/ws/ros2_ws/install/sc2_bridge_interfaces/include/sc2_bridge_interfaces/sc2_bridge_interfaces/srv/detail/spawn_units__type_support.hpp\n'}
[0.265798] (sc2_bridge_interfaces) StdoutLine: {'line': b'-- Up-to-date: /home/ros/ws/ros2_ws/install/sc2_bridge_interfaces/include/sc2_bridge_interfaces/sc2_bridge_interfaces/srv/detail/kill_units__builder.hpp\n'}
[0.265823] (sc2_bridge_interfaces) StdoutLine: {'line': b'-- Up-to-date: /home/ros/ws/ros2_ws/install/sc2_bridge_interfaces/include/sc2_bridge_interfaces/sc2_bridge_interfaces/srv/detail/spawn_units__builder.hpp\n'}
[0.265848] (sc2_bridge_interfaces) StdoutLine: {'line': b'-- Up-to-date: /home/ros/ws/ros2_ws/install/sc2_bridge_interfaces/include/sc2_bridge_interfaces/sc2_bridge_interfaces/srv/detail/kill_units__type_support.hpp\n'}
[0.265872] (sc2_bridge_interfaces) StdoutLine: {'line': b'-- Up-to-date: /home/ros/ws/ros2_ws/install/sc2_bridge_interfaces/include/sc2_bridge_interfaces/sc2_bridge_interfaces/srv/detail/spawn_units__traits.hpp\n'}
[0.265901] (sc2_bridge_interfaces) StdoutLine: {'line': b'-- Up-to-date: /home/ros/ws/ros2_ws/install/sc2_bridge_interfaces/include/sc2_bridge_interfaces/sc2_bridge_interfaces/srv/spawn_units.hpp\n'}
[0.265996] (sc2_bridge_interfaces) StdoutLine: {'line': b'-- Up-to-date: /home/ros/ws/ros2_ws/install/sc2_bridge_interfaces/include/sc2_bridge_interfaces/sc2_bridge_interfaces/msg\n'}
[0.266021] (sc2_bridge_interfaces) StdoutLine: {'line': b'-- Up-to-date: /home/ros/ws/ros2_ws/install/sc2_bridge_interfaces/include/sc2_bridge_interfaces/sc2_bridge_interfaces/msg/contact_mark.hpp\n'}
[0.266044] (sc2_bridge_interfaces) StdoutLine: {'line': b'-- Up-to-date: /home/ros/ws/ros2_ws/install/sc2_bridge_interfaces/include/sc2_bridge_interfaces/sc2_bridge_interfaces/msg/game_info.hpp\n'}
[0.266069] (sc2_bridge_interfaces) StdoutLine: {'line': b'-- Up-to-date: /home/ros/ws/ros2_ws/install/sc2_bridge_interfaces/include/sc2_bridge_interfaces/sc2_bridge_interfaces/msg/contact_mark_array.hpp\n'}
[0.266094] (sc2_bridge_interfaces) StdoutLine: {'line': b'-- Up-to-date: /home/ros/ws/ros2_ws/install/sc2_bridge_interfaces/include/sc2_bridge_interfaces/sc2_bridge_interfaces/msg/rosidl_generator_cpp__visibility_control.hpp\n'}
[0.266121] (sc2_bridge_interfaces) StdoutLine: {'line': b'-- Up-to-date: /home/ros/ws/ros2_ws/install/sc2_bridge_interfaces/include/sc2_bridge_interfaces/sc2_bridge_interfaces/msg/unit_state_array.hpp\n'}
[0.266146] (sc2_bridge_interfaces) StdoutLine: {'line': b'-- Up-to-date: /home/ros/ws/ros2_ws/install/sc2_bridge_interfaces/include/sc2_bridge_interfaces/sc2_bridge_interfaces/msg/detail\n'}
[0.266171] (sc2_bridge_interfaces) StdoutLine: {'line': b'-- Up-to-date: /home/ros/ws/ros2_ws/install/sc2_bridge_interfaces/include/sc2_bridge_interfaces/sc2_bridge_interfaces/msg/detail/contact_mark_array__builder.hpp\n'}
[0.266196] (sc2_bridge_interfaces) StdoutLine: {'line': b'-- Up-to-date: /home/ros/ws/ros2_ws/install/sc2_bridge_interfaces/include/sc2_bridge_interfaces/sc2_bridge_interfaces/msg/detail/unit_state_array__struct.hpp\n'}
[0.266222] (sc2_bridge_interfaces) StdoutLine: {'line': b'-- Up-to-date: /home/ros/ws/ros2_ws/install/sc2_bridge_interfaces/include/sc2_bridge_interfaces/sc2_bridge_interfaces/msg/detail/game_info__type_support.hpp\n'}
[0.266248] (sc2_bridge_interfaces) StdoutLine: {'line': b'-- Up-to-date: /home/ros/ws/ros2_ws/install/sc2_bridge_interfaces/include/sc2_bridge_interfaces/sc2_bridge_interfaces/msg/detail/contact_mark_array__struct.hpp\n'}
[0.266316] (sc2_bridge_interfaces) StdoutLine: {'line': b'-- Up-to-date: /home/ros/ws/ros2_ws/install/sc2_bridge_interfaces/include/sc2_bridge_interfaces/sc2_bridge_interfaces/msg/detail/contact_mark__type_support.hpp\n'}
[0.266366] (sc2_bridge_interfaces) StdoutLine: {'line': b'-- Up-to-date: /home/ros/ws/ros2_ws/install/sc2_bridge_interfaces/include/sc2_bridge_interfaces/sc2_bridge_interfaces/msg/detail/game_info__builder.hpp\n'}
[0.266391] (sc2_bridge_interfaces) StdoutLine: {'line': b'-- Up-to-date: /home/ros/ws/ros2_ws/install/sc2_bridge_interfaces/include/sc2_bridge_interfaces/sc2_bridge_interfaces/msg/detail/contact_mark__builder.hpp\n'}
[0.266414] (sc2_bridge_interfaces) StdoutLine: {'line': b'-- Up-to-date: /home/ros/ws/ros2_ws/install/sc2_bridge_interfaces/include/sc2_bridge_interfaces/sc2_bridge_interfaces/msg/detail/unit_state__type_support.hpp\n'}
[0.266437] (sc2_bridge_interfaces) StdoutLine: {'line': b'-- Up-to-date: /home/ros/ws/ros2_ws/install/sc2_bridge_interfaces/include/sc2_bridge_interfaces/sc2_bridge_interfaces/msg/detail/game_info__struct.hpp\n'}
[0.266461] (sc2_bridge_interfaces) StdoutLine: {'line': b'-- Up-to-date: /home/ros/ws/ros2_ws/install/sc2_bridge_interfaces/include/sc2_bridge_interfaces/sc2_bridge_interfaces/msg/detail/contact_mark__struct.hpp\n'}
[0.266486] (sc2_bridge_interfaces) StdoutLine: {'line': b'-- Up-to-date: /home/ros/ws/ros2_ws/install/sc2_bridge_interfaces/include/sc2_bridge_interfaces/sc2_bridge_interfaces/msg/detail/game_info__traits.hpp\n'}
[0.266512] (sc2_bridge_interfaces) StdoutLine: {'line': b'-- Up-to-date: /home/ros/ws/ros2_ws/install/sc2_bridge_interfaces/include/sc2_bridge_interfaces/sc2_bridge_interfaces/msg/detail/unit_state_array__traits.hpp\n'}
[0.266538] (sc2_bridge_interfaces) StdoutLine: {'line': b'-- Up-to-date: /home/ros/ws/ros2_ws/install/sc2_bridge_interfaces/include/sc2_bridge_interfaces/sc2_bridge_interfaces/msg/detail/unit_state_array__builder.hpp\n'}
[0.266564] (sc2_bridge_interfaces) StdoutLine: {'line': b'-- Up-to-date: /home/ros/ws/ros2_ws/install/sc2_bridge_interfaces/include/sc2_bridge_interfaces/sc2_bridge_interfaces/msg/detail/unit_state_array__type_support.hpp\n'}
[0.266590] (sc2_bridge_interfaces) StdoutLine: {'line': b'-- Up-to-date: /home/ros/ws/ros2_ws/install/sc2_bridge_interfaces/include/sc2_bridge_interfaces/sc2_bridge_interfaces/msg/detail/contact_mark_array__type_support.hpp\n'}
[0.266616] (sc2_bridge_interfaces) StdoutLine: {'line': b'-- Up-to-date: /home/ros/ws/ros2_ws/install/sc2_bridge_interfaces/include/sc2_bridge_interfaces/sc2_bridge_interfaces/msg/detail/contact_mark_array__traits.hpp\n'}
[0.266641] (sc2_bridge_interfaces) StdoutLine: {'line': b'-- Up-to-date: /home/ros/ws/ros2_ws/install/sc2_bridge_interfaces/include/sc2_bridge_interfaces/sc2_bridge_interfaces/msg/detail/unit_state__struct.hpp\n'}
[0.266668] (sc2_bridge_interfaces) StdoutLine: {'line': b'-- Up-to-date: /home/ros/ws/ros2_ws/install/sc2_bridge_interfaces/include/sc2_bridge_interfaces/sc2_bridge_interfaces/msg/detail/unit_state__builder.hpp\n'}
[0.266722] (sc2_bridge_interfaces) StdoutLine: {'line': b'-- Up-to-date: /home/ros/ws/ros2_ws/install/sc2_bridge_interfaces/include/sc2_bridge_interfaces/sc2_bridge_interfaces/msg/detail/unit_state__traits.hpp\n'}
[0.266768] (sc2_bridge_interfaces) StdoutLine: {'line': b'-- Up-to-date: /home/ros/ws/ros2_ws/install/sc2_bridge_interfaces/include/sc2_bridge_interfaces/sc2_bridge_interfaces/msg/detail/contact_mark__traits.hpp\n'}
[0.266793] (sc2_bridge_interfaces) StdoutLine: {'line': b'-- Up-to-date: /home/ros/ws/ros2_ws/install/sc2_bridge_interfaces/include/sc2_bridge_interfaces/sc2_bridge_interfaces/msg/unit_state.hpp\n'}
[0.266818] (sc2_bridge_interfaces) StdoutLine: {'line': b'-- Up-to-date: /home/ros/ws/ros2_ws/install/sc2_bridge_interfaces/include/sc2_bridge_interfaces/sc2_bridge_interfaces/action\n'}
[0.266843] (sc2_bridge_interfaces) StdoutLine: {'line': b'-- Up-to-date: /home/ros/ws/ros2_ws/install/sc2_bridge_interfaces/include/sc2_bridge_interfaces/sc2_bridge_interfaces/action/attack.hpp\n'}
[0.266920] (sc2_bridge_interfaces) StdoutLine: {'line': b'-- Up-to-date: /home/ros/ws/ros2_ws/install/sc2_bridge_interfaces/include/sc2_bridge_interfaces/sc2_bridge_interfaces/action/move.hpp\n'}
[0.266945] (sc2_bridge_interfaces) StdoutLine: {'line': b'-- Up-to-date: /home/ros/ws/ros2_ws/install/sc2_bridge_interfaces/include/sc2_bridge_interfaces/sc2_bridge_interfaces/action/detail\n'}
[0.266971] (sc2_bridge_interfaces) StdoutLine: {'line': b'-- Up-to-date: /home/ros/ws/ros2_ws/install/sc2_bridge_interfaces/include/sc2_bridge_interfaces/sc2_bridge_interfaces/action/detail/move__builder.hpp\n'}
[0.266996] (sc2_bridge_interfaces) StdoutLine: {'line': b'-- Up-to-date: /home/ros/ws/ros2_ws/install/sc2_bridge_interfaces/include/sc2_bridge_interfaces/sc2_bridge_interfaces/action/detail/attack__type_support.hpp\n'}
[0.267021] (sc2_bridge_interfaces) StdoutLine: {'line': b'-- Up-to-date: /home/ros/ws/ros2_ws/install/sc2_bridge_interfaces/include/sc2_bridge_interfaces/sc2_bridge_interfaces/action/detail/move__struct.hpp\n'}
[0.267046] (sc2_bridge_interfaces) StdoutLine: {'line': b'-- Up-to-date: /home/ros/ws/ros2_ws/install/sc2_bridge_interfaces/include/sc2_bridge_interfaces/sc2_bridge_interfaces/action/detail/move__traits.hpp\n'}
[0.267071] (sc2_bridge_interfaces) StdoutLine: {'line': b'-- Up-to-date: /home/ros/ws/ros2_ws/install/sc2_bridge_interfaces/include/sc2_bridge_interfaces/sc2_bridge_interfaces/action/detail/attack__traits.hpp\n'}
[0.267095] (sc2_bridge_interfaces) StdoutLine: {'line': b'-- Up-to-date: /home/ros/ws/ros2_ws/install/sc2_bridge_interfaces/include/sc2_bridge_interfaces/sc2_bridge_interfaces/action/detail/attack__builder.hpp\n'}
[0.267120] (sc2_bridge_interfaces) StdoutLine: {'line': b'-- Up-to-date: /home/ros/ws/ros2_ws/install/sc2_bridge_interfaces/include/sc2_bridge_interfaces/sc2_bridge_interfaces/action/detail/move__type_support.hpp\n'}
[0.267310] (sc2_bridge_interfaces) StdoutLine: {'line': b'-- Up-to-date: /home/ros/ws/ros2_ws/install/sc2_bridge_interfaces/include/sc2_bridge_interfaces/sc2_bridge_interfaces/action/detail/attack__struct.hpp\n'}
[0.267335] (sc2_bridge_interfaces) StdoutLine: {'line': b'-- Up-to-date: /home/ros/ws/ros2_ws/install/sc2_bridge_interfaces/include/sc2_bridge_interfaces/sc2_bridge_interfaces\n'}
[0.267358] (sc2_bridge_interfaces) StdoutLine: {'line': b'-- Up-to-date: /home/ros/ws/ros2_ws/install/sc2_bridge_interfaces/include/sc2_bridge_interfaces/sc2_bridge_interfaces/srv\n'}
[0.267381] (sc2_bridge_interfaces) StdoutLine: {'line': b'-- Up-to-date: /home/ros/ws/ros2_ws/install/sc2_bridge_interfaces/include/sc2_bridge_interfaces/sc2_bridge_interfaces/srv/detail\n'}
[0.267404] (sc2_bridge_interfaces) StdoutLine: {'line': b'-- Up-to-date: /home/ros/ws/ros2_ws/install/sc2_bridge_interfaces/include/sc2_bridge_interfaces/sc2_bridge_interfaces/srv/detail/spawn_units__rosidl_typesupport_fastrtps_cpp.hpp\n'}
[0.267427] (sc2_bridge_interfaces) StdoutLine: {'line': b'-- Up-to-date: /home/ros/ws/ros2_ws/install/sc2_bridge_interfaces/include/sc2_bridge_interfaces/sc2_bridge_interfaces/srv/detail/dds_fastrtps\n'}
[0.267450] (sc2_bridge_interfaces) StdoutLine: {'line': b'-- Up-to-date: /home/ros/ws/ros2_ws/install/sc2_bridge_interfaces/include/sc2_bridge_interfaces/sc2_bridge_interfaces/srv/detail/kill_units__rosidl_typesupport_fastrtps_cpp.hpp\n'}
[0.267473] (sc2_bridge_interfaces) StdoutLine: {'line': b'-- Up-to-date: /home/ros/ws/ros2_ws/install/sc2_bridge_interfaces/include/sc2_bridge_interfaces/sc2_bridge_interfaces/msg\n'}
[0.267496] (sc2_bridge_interfaces) StdoutLine: {'line': b'-- Up-to-date: /home/ros/ws/ros2_ws/install/sc2_bridge_interfaces/include/sc2_bridge_interfaces/sc2_bridge_interfaces/msg/detail\n'}
[0.267519] (sc2_bridge_interfaces) StdoutLine: {'line': b'-- Up-to-date: /home/ros/ws/ros2_ws/install/sc2_bridge_interfaces/include/sc2_bridge_interfaces/sc2_bridge_interfaces/msg/detail/contact_mark__rosidl_typesupport_fastrtps_cpp.hpp\n'}
[0.267541] (sc2_bridge_interfaces) StdoutLine: {'line': b'-- Up-to-date: /home/ros/ws/ros2_ws/install/sc2_bridge_interfaces/include/sc2_bridge_interfaces/sc2_bridge_interfaces/msg/detail/unit_state__rosidl_typesupport_fastrtps_cpp.hpp\n'}
[0.267565] (sc2_bridge_interfaces) StdoutLine: {'line': b'-- Up-to-date: /home/ros/ws/ros2_ws/install/sc2_bridge_interfaces/include/sc2_bridge_interfaces/sc2_bridge_interfaces/msg/detail/contact_mark_array__rosidl_typesupport_fastrtps_cpp.hpp\n'}
[0.267588] (sc2_bridge_interfaces) StdoutLine: {'line': b'-- Up-to-date: /home/ros/ws/ros2_ws/install/sc2_bridge_interfaces/include/sc2_bridge_interfaces/sc2_bridge_interfaces/msg/detail/game_info__rosidl_typesupport_fastrtps_cpp.hpp\n'}
[0.267611] (sc2_bridge_interfaces) StdoutLine: {'line': b'-- Up-to-date: /home/ros/ws/ros2_ws/install/sc2_bridge_interfaces/include/sc2_bridge_interfaces/sc2_bridge_interfaces/msg/detail/dds_fastrtps\n'}
[0.267635] (sc2_bridge_interfaces) StdoutLine: {'line': b'-- Up-to-date: /home/ros/ws/ros2_ws/install/sc2_bridge_interfaces/include/sc2_bridge_interfaces/sc2_bridge_interfaces/msg/detail/unit_state_array__rosidl_typesupport_fastrtps_cpp.hpp\n'}
[0.267658] (sc2_bridge_interfaces) StdoutLine: {'line': b'-- Up-to-date: /home/ros/ws/ros2_ws/install/sc2_bridge_interfaces/include/sc2_bridge_interfaces/sc2_bridge_interfaces/msg/rosidl_typesupport_fastrtps_cpp__visibility_control.h\n'}
[0.267681] (sc2_bridge_interfaces) StdoutLine: {'line': b'-- Up-to-date: /home/ros/ws/ros2_ws/install/sc2_bridge_interfaces/include/sc2_bridge_interfaces/sc2_bridge_interfaces/action\n'}
[0.267704] (sc2_bridge_interfaces) StdoutLine: {'line': b'-- Up-to-date: /home/ros/ws/ros2_ws/install/sc2_bridge_interfaces/include/sc2_bridge_interfaces/sc2_bridge_interfaces/action/detail\n'}
[0.267726] (sc2_bridge_interfaces) StdoutLine: {'line': b'-- Up-to-date: /home/ros/ws/ros2_ws/install/sc2_bridge_interfaces/include/sc2_bridge_interfaces/sc2_bridge_interfaces/action/detail/attack__rosidl_typesupport_fastrtps_cpp.hpp\n'}
[0.267749] (sc2_bridge_interfaces) StdoutLine: {'line': b'-- Up-to-date: /home/ros/ws/ros2_ws/install/sc2_bridge_interfaces/include/sc2_bridge_interfaces/sc2_bridge_interfaces/action/detail/move__rosidl_typesupport_fastrtps_cpp.hpp\n'}
[0.267772] (sc2_bridge_interfaces) StdoutLine: {'line': b'-- Up-to-date: /home/ros/ws/ros2_ws/install/sc2_bridge_interfaces/include/sc2_bridge_interfaces/sc2_bridge_interfaces/action/detail/dds_fastrtps\n'}
[0.267795] (sc2_bridge_interfaces) StdoutLine: {'line': b'-- Up-to-date: /home/ros/ws/ros2_ws/install/sc2_bridge_interfaces/lib/libsc2_bridge_interfaces__rosidl_typesupport_fastrtps_cpp.so\n'}
[0.267818] (sc2_bridge_interfaces) StdoutLine: {'line': b'-- Up-to-date: /home/ros/ws/ros2_ws/install/sc2_bridge_interfaces/include/sc2_bridge_interfaces/sc2_bridge_interfaces\n'}
[0.267841] (sc2_bridge_interfaces) StdoutLine: {'line': b'-- Up-to-date: /home/ros/ws/ros2_ws/install/sc2_bridge_interfaces/include/sc2_bridge_interfaces/sc2_bridge_interfaces/srv\n'}
[0.267863] (sc2_bridge_interfaces) StdoutLine: {'line': b'-- Up-to-date: /home/ros/ws/ros2_ws/install/sc2_bridge_interfaces/include/sc2_bridge_interfaces/sc2_bridge_interfaces/srv/detail\n'}
[0.267887] (sc2_bridge_interfaces) StdoutLine: {'line': b'-- Up-to-date: /home/ros/ws/ros2_ws/install/sc2_bridge_interfaces/include/sc2_bridge_interfaces/sc2_bridge_interfaces/srv/detail/kill_units__type_support.cpp\n'}
[0.267914] (sc2_bridge_interfaces) StdoutLine: {'line': b'-- Up-to-date: /home/ros/ws/ros2_ws/install/sc2_bridge_interfaces/include/sc2_bridge_interfaces/sc2_bridge_interfaces/srv/detail/spawn_units__rosidl_typesupport_introspection_cpp.hpp\n'}
[0.267939] (sc2_bridge_interfaces) StdoutLine: {'line': b'-- Up-to-date: /home/ros/ws/ros2_ws/install/sc2_bridge_interfaces/include/sc2_bridge_interfaces/sc2_bridge_interfaces/srv/detail/kill_units__rosidl_typesupport_introspection_cpp.hpp\n'}
[0.267962] (sc2_bridge_interfaces) StdoutLine: {'line': b'-- Up-to-date: /home/ros/ws/ros2_ws/install/sc2_bridge_interfaces/include/sc2_bridge_interfaces/sc2_bridge_interfaces/srv/detail/spawn_units__type_support.cpp\n'}
[0.267986] (sc2_bridge_interfaces) StdoutLine: {'line': b'-- Up-to-date: /home/ros/ws/ros2_ws/install/sc2_bridge_interfaces/include/sc2_bridge_interfaces/sc2_bridge_interfaces/msg\n'}
[0.268009] (sc2_bridge_interfaces) StdoutLine: {'line': b'-- Up-to-date: /home/ros/ws/ros2_ws/install/sc2_bridge_interfaces/include/sc2_bridge_interfaces/sc2_bridge_interfaces/msg/detail\n'}
[0.268032] (sc2_bridge_interfaces) StdoutLine: {'line': b'-- Up-to-date: /home/ros/ws/ros2_ws/install/sc2_bridge_interfaces/include/sc2_bridge_interfaces/sc2_bridge_interfaces/msg/detail/game_info__rosidl_typesupport_introspection_cpp.hpp\n'}
[0.268055] (sc2_bridge_interfaces) StdoutLine: {'line': b'-- Up-to-date: /home/ros/ws/ros2_ws/install/sc2_bridge_interfaces/include/sc2_bridge_interfaces/sc2_bridge_interfaces/msg/detail/unit_state__rosidl_typesupport_introspection_cpp.hpp\n'}
[0.268077] (sc2_bridge_interfaces) StdoutLine: {'line': b'-- Up-to-date: /home/ros/ws/ros2_ws/install/sc2_bridge_interfaces/include/sc2_bridge_interfaces/sc2_bridge_interfaces/msg/detail/contact_mark__type_support.cpp\n'}
[0.268100] (sc2_bridge_interfaces) StdoutLine: {'line': b'-- Up-to-date: /home/ros/ws/ros2_ws/install/sc2_bridge_interfaces/include/sc2_bridge_interfaces/sc2_bridge_interfaces/msg/detail/unit_state__type_support.cpp\n'}
[0.268123] (sc2_bridge_interfaces) StdoutLine: {'line': b'-- Up-to-date: /home/ros/ws/ros2_ws/install/sc2_bridge_interfaces/include/sc2_bridge_interfaces/sc2_bridge_interfaces/msg/detail/game_info__type_support.cpp\n'}
[0.268146] (sc2_bridge_interfaces) StdoutLine: {'line': b'-- Up-to-date: /home/ros/ws/ros2_ws/install/sc2_bridge_interfaces/include/sc2_bridge_interfaces/sc2_bridge_interfaces/msg/detail/unit_state_array__rosidl_typesupport_introspection_cpp.hpp\n'}
[0.268169] (sc2_bridge_interfaces) StdoutLine: {'line': b'-- Up-to-date: /home/ros/ws/ros2_ws/install/sc2_bridge_interfaces/include/sc2_bridge_interfaces/sc2_bridge_interfaces/msg/detail/contact_mark_array__rosidl_typesupport_introspection_cpp.hpp\n'}
[0.268192] (sc2_bridge_interfaces) StdoutLine: {'line': b'-- Up-to-date: /home/ros/ws/ros2_ws/install/sc2_bridge_interfaces/include/sc2_bridge_interfaces/sc2_bridge_interfaces/msg/detail/contact_mark_array__type_support.cpp\n'}
[0.268215] (sc2_bridge_interfaces) StdoutLine: {'line': b'-- Up-to-date: /home/ros/ws/ros2_ws/install/sc2_bridge_interfaces/include/sc2_bridge_interfaces/sc2_bridge_interfaces/msg/detail/unit_state_array__type_support.cpp\n'}
[0.268238] (sc2_bridge_interfaces) StdoutLine: {'line': b'-- Up-to-date: /home/ros/ws/ros2_ws/install/sc2_bridge_interfaces/include/sc2_bridge_interfaces/sc2_bridge_interfaces/msg/detail/contact_mark__rosidl_typesupport_introspection_cpp.hpp\n'}
[0.268261] (sc2_bridge_interfaces) StdoutLine: {'line': b'-- Up-to-date: /home/ros/ws/ros2_ws/install/sc2_bridge_interfaces/include/sc2_bridge_interfaces/sc2_bridge_interfaces/action\n'}
[0.268283] (sc2_bridge_interfaces) StdoutLine: {'line': b'-- Up-to-date: /home/ros/ws/ros2_ws/install/sc2_bridge_interfaces/include/sc2_bridge_interfaces/sc2_bridge_interfaces/action/detail\n'}
[0.268306] (sc2_bridge_interfaces) StdoutLine: {'line': b'-- Up-to-date: /home/ros/ws/ros2_ws/install/sc2_bridge_interfaces/include/sc2_bridge_interfaces/sc2_bridge_interfaces/action/detail/attack__rosidl_typesupport_introspection_cpp.hpp\n'}
[0.268329] (sc2_bridge_interfaces) StdoutLine: {'line': b'-- Up-to-date: /home/ros/ws/ros2_ws/install/sc2_bridge_interfaces/include/sc2_bridge_interfaces/sc2_bridge_interfaces/action/detail/move__type_support.cpp\n'}
[0.268351] (sc2_bridge_interfaces) StdoutLine: {'line': b'-- Up-to-date: /home/ros/ws/ros2_ws/install/sc2_bridge_interfaces/include/sc2_bridge_interfaces/sc2_bridge_interfaces/action/detail/move__rosidl_typesupport_introspection_cpp.hpp\n'}
[0.268374] (sc2_bridge_interfaces) StdoutLine: {'line': b'-- Up-to-date: /home/ros/ws/ros2_ws/install/sc2_bridge_interfaces/include/sc2_bridge_interfaces/sc2_bridge_interfaces/action/detail/attack__type_support.cpp\n'}
[0.268396] (sc2_bridge_interfaces) StdoutLine: {'line': b'-- Up-to-date: /home/ros/ws/ros2_ws/install/sc2_bridge_interfaces/lib/libsc2_bridge_interfaces__rosidl_typesupport_introspection_cpp.so\n'}
[0.268420] (sc2_bridge_interfaces) StdoutLine: {'line': b'-- Up-to-date: /home/ros/ws/ros2_ws/install/sc2_bridge_interfaces/lib/libsc2_bridge_interfaces__rosidl_typesupport_cpp.so\n'}
[0.268443] (sc2_bridge_interfaces) StdoutLine: {'line': b'-- Up-to-date: /home/ros/ws/ros2_ws/install/sc2_bridge_interfaces/share/sc2_bridge_interfaces/environment/pythonpath.sh\n'}
[0.268466] (sc2_bridge_interfaces) StdoutLine: {'line': b'-- Up-to-date: /home/ros/ws/ros2_ws/install/sc2_bridge_interfaces/share/sc2_bridge_interfaces/environment/pythonpath.dsv\n'}
[0.268488] (sc2_bridge_interfaces) StdoutLine: {'line': b'-- Up-to-date: /home/ros/ws/ros2_ws/install/sc2_bridge_interfaces/local/lib/python3.10/dist-packages/sc2_bridge_interfaces-0.1.0-py3.10.egg-info\n'}
[0.268512] (sc2_bridge_interfaces) StdoutLine: {'line': b'-- Installing: /home/ros/ws/ros2_ws/install/sc2_bridge_interfaces/local/lib/python3.10/dist-packages/sc2_bridge_interfaces-0.1.0-py3.10.egg-info/top_level.txt\n'}
[0.268535] (sc2_bridge_interfaces) StdoutLine: {'line': b'-- Installing: /home/ros/ws/ros2_ws/install/sc2_bridge_interfaces/local/lib/python3.10/dist-packages/sc2_bridge_interfaces-0.1.0-py3.10.egg-info/SOURCES.txt\n'}
[0.268559] (sc2_bridge_interfaces) StdoutLine: {'line': b'-- Installing: /home/ros/ws/ros2_ws/install/sc2_bridge_interfaces/local/lib/python3.10/dist-packages/sc2_bridge_interfaces-0.1.0-py3.10.egg-info/dependency_links.txt\n'}
[0.268582] (sc2_bridge_interfaces) StdoutLine: {'line': b'-- Installing: /home/ros/ws/ros2_ws/install/sc2_bridge_interfaces/local/lib/python3.10/dist-packages/sc2_bridge_interfaces-0.1.0-py3.10.egg-info/PKG-INFO\n'}
[0.268605] (sc2_bridge_interfaces) StdoutLine: {'line': b'-- Up-to-date: /home/ros/ws/ros2_ws/install/sc2_bridge_interfaces/local/lib/python3.10/dist-packages/sc2_bridge_interfaces\n'}
[0.268628] (sc2_bridge_interfaces) StdoutLine: {'line': b'-- Up-to-date: /home/ros/ws/ros2_ws/install/sc2_bridge_interfaces/local/lib/python3.10/dist-packages/sc2_bridge_interfaces/sc2_bridge_interfaces_s__rosidl_typesupport_fastrtps_c.cpython-310-x86_64-linux-gnu.so\n'}
[0.268652] (sc2_bridge_interfaces) StdoutLine: {'line': b'-- Up-to-date: /home/ros/ws/ros2_ws/install/sc2_bridge_interfaces/local/lib/python3.10/dist-packages/sc2_bridge_interfaces/sc2_bridge_interfaces_s__rosidl_typesupport_introspection_c.cpython-310-x86_64-linux-gnu.so\n'}
[0.268675] (sc2_bridge_interfaces) StdoutLine: {'line': b'-- Up-to-date: /home/ros/ws/ros2_ws/install/sc2_bridge_interfaces/local/lib/python3.10/dist-packages/sc2_bridge_interfaces/_sc2_bridge_interfaces_s.ep.rosidl_typesupport_c.c\n'}
[0.268698] (sc2_bridge_interfaces) StdoutLine: {'line': b'-- Up-to-date: /home/ros/ws/ros2_ws/install/sc2_bridge_interfaces/local/lib/python3.10/dist-packages/sc2_bridge_interfaces/srv\n'}
[0.268721] (sc2_bridge_interfaces) StdoutLine: {'line': b'-- Up-to-date: /home/ros/ws/ros2_ws/install/sc2_bridge_interfaces/local/lib/python3.10/dist-packages/sc2_bridge_interfaces/srv/_kill_units_s.c\n'}
[0.268745] (sc2_bridge_interfaces) StdoutLine: {'line': b'-- Up-to-date: /home/ros/ws/ros2_ws/install/sc2_bridge_interfaces/local/lib/python3.10/dist-packages/sc2_bridge_interfaces/srv/_kill_units.py\n'}
[0.268767] (sc2_bridge_interfaces) StdoutLine: {'line': b'-- Up-to-date: /home/ros/ws/ros2_ws/install/sc2_bridge_interfaces/local/lib/python3.10/dist-packages/sc2_bridge_interfaces/srv/_spawn_units.py\n'}
[0.268789] (sc2_bridge_interfaces) StdoutLine: {'line': b'-- Up-to-date: /home/ros/ws/ros2_ws/install/sc2_bridge_interfaces/local/lib/python3.10/dist-packages/sc2_bridge_interfaces/srv/_spawn_units_s.c\n'}
[0.268812] (sc2_bridge_interfaces) StdoutLine: {'line': b'-- Up-to-date: /home/ros/ws/ros2_ws/install/sc2_bridge_interfaces/local/lib/python3.10/dist-packages/sc2_bridge_interfaces/srv/__init__.py\n'}
[0.268835] (sc2_bridge_interfaces) StdoutLine: {'line': b'-- Up-to-date: /home/ros/ws/ros2_ws/install/sc2_bridge_interfaces/local/lib/python3.10/dist-packages/sc2_bridge_interfaces/sc2_bridge_interfaces_s__rosidl_typesupport_c.cpython-310-x86_64-linux-gnu.so\n'}
[0.268859] (sc2_bridge_interfaces) StdoutLine: {'line': b'-- Up-to-date: /home/ros/ws/ros2_ws/install/sc2_bridge_interfaces/local/lib/python3.10/dist-packages/sc2_bridge_interfaces/msg\n'}
[0.268883] (sc2_bridge_interfaces) StdoutLine: {'line': b'-- Up-to-date: /home/ros/ws/ros2_ws/install/sc2_bridge_interfaces/local/lib/python3.10/dist-packages/sc2_bridge_interfaces/msg/_unit_state_array_s.c\n'}
[0.268910] (sc2_bridge_interfaces) StdoutLine: {'line': b'-- Up-to-date: /home/ros/ws/ros2_ws/install/sc2_bridge_interfaces/local/lib/python3.10/dist-packages/sc2_bridge_interfaces/msg/_contact_mark_array.py\n'}
[0.268933] (sc2_bridge_interfaces) StdoutLine: {'line': b'-- Up-to-date: /home/ros/ws/ros2_ws/install/sc2_bridge_interfaces/local/lib/python3.10/dist-packages/sc2_bridge_interfaces/msg/_contact_mark_s.c\n'}
[0.268957] (sc2_bridge_interfaces) StdoutLine: {'line': b'-- Up-to-date: /home/ros/ws/ros2_ws/install/sc2_bridge_interfaces/local/lib/python3.10/dist-packages/sc2_bridge_interfaces/msg/__init__.py\n'}
[0.268980] (sc2_bridge_interfaces) StdoutLine: {'line': b'-- Up-to-date: /home/ros/ws/ros2_ws/install/sc2_bridge_interfaces/local/lib/python3.10/dist-packages/sc2_bridge_interfaces/msg/_unit_state.py\n'}
[0.269003] (sc2_bridge_interfaces) StdoutLine: {'line': b'-- Up-to-date: /home/ros/ws/ros2_ws/install/sc2_bridge_interfaces/local/lib/python3.10/dist-packages/sc2_bridge_interfaces/msg/_game_info_s.c\n'}
[0.269026] (sc2_bridge_interfaces) StdoutLine: {'line': b'-- Up-to-date: /home/ros/ws/ros2_ws/install/sc2_bridge_interfaces/local/lib/python3.10/dist-packages/sc2_bridge_interfaces/msg/_unit_state_array.py\n'}
[0.269049] (sc2_bridge_interfaces) StdoutLine: {'line': b'-- Up-to-date: /home/ros/ws/ros2_ws/install/sc2_bridge_interfaces/local/lib/python3.10/dist-packages/sc2_bridge_interfaces/msg/_contact_mark_array_s.c\n'}
[0.269072] (sc2_bridge_interfaces) StdoutLine: {'line': b'-- Up-to-date: /home/ros/ws/ros2_ws/install/sc2_bridge_interfaces/local/lib/python3.10/dist-packages/sc2_bridge_interfaces/msg/_game_info.py\n'}
[0.269095] (sc2_bridge_interfaces) StdoutLine: {'line': b'-- Up-to-date: /home/ros/ws/ros2_ws/install/sc2_bridge_interfaces/local/lib/python3.10/dist-packages/sc2_bridge_interfaces/msg/_contact_mark.py\n'}
[0.269118] (sc2_bridge_interfaces) StdoutLine: {'line': b'-- Up-to-date: /home/ros/ws/ros2_ws/install/sc2_bridge_interfaces/local/lib/python3.10/dist-packages/sc2_bridge_interfaces/msg/_unit_state_s.c\n'}
[0.269141] (sc2_bridge_interfaces) StdoutLine: {'line': b'-- Up-to-date: /home/ros/ws/ros2_ws/install/sc2_bridge_interfaces/local/lib/python3.10/dist-packages/sc2_bridge_interfaces/libsc2_bridge_interfaces__rosidl_generator_py.so\n'}
[0.269176] (sc2_bridge_interfaces) StdoutLine: {'line': b'-- Up-to-date: /home/ros/ws/ros2_ws/install/sc2_bridge_interfaces/local/lib/python3.10/dist-packages/sc2_bridge_interfaces/__init__.py\n'}
[0.269199] (sc2_bridge_interfaces) StdoutLine: {'line': b'-- Up-to-date: /home/ros/ws/ros2_ws/install/sc2_bridge_interfaces/local/lib/python3.10/dist-packages/sc2_bridge_interfaces/_sc2_bridge_interfaces_s.ep.rosidl_typesupport_introspection_c.c\n'}
[0.269222] (sc2_bridge_interfaces) StdoutLine: {'line': b'-- Up-to-date: /home/ros/ws/ros2_ws/install/sc2_bridge_interfaces/local/lib/python3.10/dist-packages/sc2_bridge_interfaces/action\n'}
[0.269245] (sc2_bridge_interfaces) StdoutLine: {'line': b'-- Up-to-date: /home/ros/ws/ros2_ws/install/sc2_bridge_interfaces/local/lib/python3.10/dist-packages/sc2_bridge_interfaces/action/__init__.py\n'}
[0.269267] (sc2_bridge_interfaces) StdoutLine: {'line': b'-- Up-to-date: /home/ros/ws/ros2_ws/install/sc2_bridge_interfaces/local/lib/python3.10/dist-packages/sc2_bridge_interfaces/action/_attack_s.c\n'}
[0.269290] (sc2_bridge_interfaces) StdoutLine: {'line': b'-- Up-to-date: /home/ros/ws/ros2_ws/install/sc2_bridge_interfaces/local/lib/python3.10/dist-packages/sc2_bridge_interfaces/action/_move.py\n'}
[0.269313] (sc2_bridge_interfaces) StdoutLine: {'line': b'-- Up-to-date: /home/ros/ws/ros2_ws/install/sc2_bridge_interfaces/local/lib/python3.10/dist-packages/sc2_bridge_interfaces/action/_attack.py\n'}
[0.269336] (sc2_bridge_interfaces) StdoutLine: {'line': b'-- Up-to-date: /home/ros/ws/ros2_ws/install/sc2_bridge_interfaces/local/lib/python3.10/dist-packages/sc2_bridge_interfaces/action/_move_s.c\n'}
[0.269359] (sc2_bridge_interfaces) StdoutLine: {'line': b'-- Up-to-date: /home/ros/ws/ros2_ws/install/sc2_bridge_interfaces/local/lib/python3.10/dist-packages/sc2_bridge_interfaces/_sc2_bridge_interfaces_s.ep.rosidl_typesupport_fastrtps_c.c\n'}
[0.287551] (sc2_bridge_interfaces) StdoutLine: {'line': b"Listing '/home/ros/ws/ros2_ws/install/sc2_bridge_interfaces/local/lib/python3.10/dist-packages/sc2_bridge_interfaces'...\n"}
[0.287662] (sc2_bridge_interfaces) StdoutLine: {'line': b"Listing '/home/ros/ws/ros2_ws/install/sc2_bridge_interfaces/local/lib/python3.10/dist-packages/sc2_bridge_interfaces/action'...\n"}
[0.287713] (sc2_bridge_interfaces) StdoutLine: {'line': b"Listing '/home/ros/ws/ros2_ws/install/sc2_bridge_interfaces/local/lib/python3.10/dist-packages/sc2_bridge_interfaces/msg'...\n"}
[0.287755] (sc2_bridge_interfaces) StdoutLine: {'line': b"Listing '/home/ros/ws/ros2_ws/install/sc2_bridge_interfaces/local/lib/python3.10/dist-packages/sc2_bridge_interfaces/srv'...\n"}
[0.290718] (sc2_bridge_interfaces) StdoutLine: {'line': b'-- Up-to-date: /home/ros/ws/ros2_ws/install/sc2_bridge_interfaces/local/lib/python3.10/dist-packages/sc2_bridge_interfaces/sc2_bridge_interfaces_s__rosidl_typesupport_fastrtps_c.cpython-310-x86_64-linux-gnu.so\n'}
[0.290859] (sc2_bridge_interfaces) StdoutLine: {'line': b'-- Up-to-date: /home/ros/ws/ros2_ws/install/sc2_bridge_interfaces/local/lib/python3.10/dist-packages/sc2_bridge_interfaces/sc2_bridge_interfaces_s__rosidl_typesupport_introspection_c.cpython-310-x86_64-linux-gnu.so\n'}
[0.290963] (sc2_bridge_interfaces) StdoutLine: {'line': b'-- Up-to-date: /home/ros/ws/ros2_ws/install/sc2_bridge_interfaces/local/lib/python3.10/dist-packages/sc2_bridge_interfaces/sc2_bridge_interfaces_s__rosidl_typesupport_c.cpython-310-x86_64-linux-gnu.so\n'}
[0.291051] (sc2_bridge_interfaces) StdoutLine: {'line': b'-- Up-to-date: /home/ros/ws/ros2_ws/install/sc2_bridge_interfaces/lib/libsc2_bridge_interfaces__rosidl_generator_py.so\n'}
[0.291221] (sc2_bridge_interfaces) StdoutLine: {'line': b'-- Up-to-date: /home/ros/ws/ros2_ws/install/sc2_bridge_interfaces/share/ament_index/resource_index/rust_packages/sc2_bridge_interfaces\n'}
[0.291270] (sc2_bridge_interfaces) StdoutLine: {'line': b'-- Up-to-date: /home/ros/ws/ros2_ws/install/sc2_bridge_interfaces/share/sc2_bridge_interfaces/rust\n'}
[0.291315] (sc2_bridge_interfaces) StdoutLine: {'line': b'-- Up-to-date: /home/ros/ws/ros2_ws/install/sc2_bridge_interfaces/share/sc2_bridge_interfaces/rust/build.rs\n'}
[0.291358] (sc2_bridge_interfaces) StdoutLine: {'line': b'-- Up-to-date: /home/ros/ws/ros2_ws/install/sc2_bridge_interfaces/share/sc2_bridge_interfaces/rust/src\n'}
[0.291401] (sc2_bridge_interfaces) StdoutLine: {'line': b'-- Up-to-date: /home/ros/ws/ros2_ws/install/sc2_bridge_interfaces/share/sc2_bridge_interfaces/rust/src/srv.rs\n'}
[0.291443] (sc2_bridge_interfaces) StdoutLine: {'line': b'-- Up-to-date: /home/ros/ws/ros2_ws/install/sc2_bridge_interfaces/share/sc2_bridge_interfaces/rust/src/srv\n'}
[0.291486] (sc2_bridge_interfaces) StdoutLine: {'line': b'-- Up-to-date: /home/ros/ws/ros2_ws/install/sc2_bridge_interfaces/share/sc2_bridge_interfaces/rust/src/srv/rmw.rs\n'}
[0.291529] (sc2_bridge_interfaces) StdoutLine: {'line': b'-- Up-to-date: /home/ros/ws/ros2_ws/install/sc2_bridge_interfaces/share/sc2_bridge_interfaces/rust/src/msg\n'}
[0.291570] (sc2_bridge_interfaces) StdoutLine: {'line': b'-- Up-to-date: /home/ros/ws/ros2_ws/install/sc2_bridge_interfaces/share/sc2_bridge_interfaces/rust/src/msg/rmw.rs\n'}
[0.291612] (sc2_bridge_interfaces) StdoutLine: {'line': b'-- Up-to-date: /home/ros/ws/ros2_ws/install/sc2_bridge_interfaces/share/sc2_bridge_interfaces/rust/src/lib.rs\n'}
[0.291683] (sc2_bridge_interfaces) StdoutLine: {'line': b'-- Up-to-date: /home/ros/ws/ros2_ws/install/sc2_bridge_interfaces/share/sc2_bridge_interfaces/rust/src/action\n'}
[0.291822] (sc2_bridge_interfaces) StdoutLine: {'line': b'-- Up-to-date: /home/ros/ws/ros2_ws/install/sc2_bridge_interfaces/share/sc2_bridge_interfaces/rust/src/action/rmw.rs\n'}
[0.291871] (sc2_bridge_interfaces) StdoutLine: {'line': b'-- Up-to-date: /home/ros/ws/ros2_ws/install/sc2_bridge_interfaces/share/sc2_bridge_interfaces/rust/src/action.rs\n'}
[0.291975] (sc2_bridge_interfaces) StdoutLine: {'line': b'-- Up-to-date: /home/ros/ws/ros2_ws/install/sc2_bridge_interfaces/share/sc2_bridge_interfaces/rust/src/msg.rs\n'}
[0.292003] (sc2_bridge_interfaces) StdoutLine: {'line': b'-- Up-to-date: /home/ros/ws/ros2_ws/install/sc2_bridge_interfaces/share/sc2_bridge_interfaces/rust/Cargo.toml\n'}
[0.292026] (sc2_bridge_interfaces) StdoutLine: {'line': b'-- Up-to-date: /home/ros/ws/ros2_ws/install/sc2_bridge_interfaces/share/sc2_bridge_interfaces/msg/ContactMark.idl\n'}
[0.292049] (sc2_bridge_interfaces) StdoutLine: {'line': b'-- Up-to-date: /home/ros/ws/ros2_ws/install/sc2_bridge_interfaces/share/sc2_bridge_interfaces/msg/ContactMarkArray.idl\n'}
[0.292072] (sc2_bridge_interfaces) StdoutLine: {'line': b'-- Up-to-date: /home/ros/ws/ros2_ws/install/sc2_bridge_interfaces/share/sc2_bridge_interfaces/msg/GameInfo.idl\n'}
[0.292095] (sc2_bridge_interfaces) StdoutLine: {'line': b'-- Up-to-date: /home/ros/ws/ros2_ws/install/sc2_bridge_interfaces/share/sc2_bridge_interfaces/msg/UnitState.idl\n'}
[0.292118] (sc2_bridge_interfaces) StdoutLine: {'line': b'-- Up-to-date: /home/ros/ws/ros2_ws/install/sc2_bridge_interfaces/share/sc2_bridge_interfaces/msg/UnitStateArray.idl\n'}
[0.292140] (sc2_bridge_interfaces) StdoutLine: {'line': b'-- Up-to-date: /home/ros/ws/ros2_ws/install/sc2_bridge_interfaces/share/sc2_bridge_interfaces/srv/KillUnits.idl\n'}
[0.292166] (sc2_bridge_interfaces) StdoutLine: {'line': b'-- Up-to-date: /home/ros/ws/ros2_ws/install/sc2_bridge_interfaces/share/sc2_bridge_interfaces/srv/SpawnUnits.idl\n'}
[0.292193] (sc2_bridge_interfaces) StdoutLine: {'line': b'-- Up-to-date: /home/ros/ws/ros2_ws/install/sc2_bridge_interfaces/share/sc2_bridge_interfaces/action/Attack.idl\n'}
[0.292219] (sc2_bridge_interfaces) StdoutLine: {'line': b'-- Up-to-date: /home/ros/ws/ros2_ws/install/sc2_bridge_interfaces/share/sc2_bridge_interfaces/action/Move.idl\n'}
[0.292245] (sc2_bridge_interfaces) StdoutLine: {'line': b'-- Up-to-date: /home/ros/ws/ros2_ws/install/sc2_bridge_interfaces/share/sc2_bridge_interfaces/msg/ContactMark.msg\n'}
[0.292271] (sc2_bridge_interfaces) StdoutLine: {'line': b'-- Up-to-date: /home/ros/ws/ros2_ws/install/sc2_bridge_interfaces/share/sc2_bridge_interfaces/msg/ContactMarkArray.msg\n'}
[0.292296] (sc2_bridge_interfaces) StdoutLine: {'line': b'-- Up-to-date: /home/ros/ws/ros2_ws/install/sc2_bridge_interfaces/share/sc2_bridge_interfaces/msg/GameInfo.msg\n'}
[0.292322] (sc2_bridge_interfaces) StdoutLine: {'line': b'-- Up-to-date: /home/ros/ws/ros2_ws/install/sc2_bridge_interfaces/share/sc2_bridge_interfaces/msg/UnitState.msg\n'}
[0.292348] (sc2_bridge_interfaces) StdoutLine: {'line': b'-- Up-to-date: /home/ros/ws/ros2_ws/install/sc2_bridge_interfaces/share/sc2_bridge_interfaces/msg/UnitStateArray.msg\n'}
[0.292374] (sc2_bridge_interfaces) StdoutLine: {'line': b'-- Up-to-date: /home/ros/ws/ros2_ws/install/sc2_bridge_interfaces/share/sc2_bridge_interfaces/srv/KillUnits.srv\n'}
[0.292400] (sc2_bridge_interfaces) StdoutLine: {'line': b'-- Up-to-date: /home/ros/ws/ros2_ws/install/sc2_bridge_interfaces/share/sc2_bridge_interfaces/srv/KillUnits_Request.msg\n'}
[0.292426] (sc2_bridge_interfaces) StdoutLine: {'line': b'-- Up-to-date: /home/ros/ws/ros2_ws/install/sc2_bridge_interfaces/share/sc2_bridge_interfaces/srv/KillUnits_Response.msg\n'}
[0.292452] (sc2_bridge_interfaces) StdoutLine: {'line': b'-- Up-to-date: /home/ros/ws/ros2_ws/install/sc2_bridge_interfaces/share/sc2_bridge_interfaces/srv/SpawnUnits.srv\n'}
[0.292478] (sc2_bridge_interfaces) StdoutLine: {'line': b'-- Up-to-date: /home/ros/ws/ros2_ws/install/sc2_bridge_interfaces/share/sc2_bridge_interfaces/srv/SpawnUnits_Request.msg\n'}
[0.292545] (sc2_bridge_interfaces) StdoutLine: {'line': b'-- Up-to-date: /home/ros/ws/ros2_ws/install/sc2_bridge_interfaces/share/sc2_bridge_interfaces/srv/SpawnUnits_Response.msg\n'}
[0.292572] (sc2_bridge_interfaces) StdoutLine: {'line': b'-- Up-to-date: /home/ros/ws/ros2_ws/install/sc2_bridge_interfaces/share/sc2_bridge_interfaces/action/Attack.action\n'}
[0.292598] (sc2_bridge_interfaces) StdoutLine: {'line': b'-- Up-to-date: /home/ros/ws/ros2_ws/install/sc2_bridge_interfaces/share/sc2_bridge_interfaces/action/Move.action\n'}
[0.292624] (sc2_bridge_interfaces) StdoutLine: {'line': b'-- Up-to-date: /home/ros/ws/ros2_ws/install/sc2_bridge_interfaces/share/ament_index/resource_index/package_run_dependencies/sc2_bridge_interfaces\n'}
[0.292651] (sc2_bridge_interfaces) StdoutLine: {'line': b'-- Up-to-date: /home/ros/ws/ros2_ws/install/sc2_bridge_interfaces/share/ament_index/resource_index/parent_prefix_path/sc2_bridge_interfaces\n'}
[0.292677] (sc2_bridge_interfaces) StdoutLine: {'line': b'-- Up-to-date: /home/ros/ws/ros2_ws/install/sc2_bridge_interfaces/share/sc2_bridge_interfaces/environment/ament_prefix_path.sh\n'}
[0.292704] (sc2_bridge_interfaces) StdoutLine: {'line': b'-- Up-to-date: /home/ros/ws/ros2_ws/install/sc2_bridge_interfaces/share/sc2_bridge_interfaces/environment/ament_prefix_path.dsv\n'}
[0.292730] (sc2_bridge_interfaces) StdoutLine: {'line': b'-- Up-to-date: /home/ros/ws/ros2_ws/install/sc2_bridge_interfaces/share/sc2_bridge_interfaces/environment/path.sh\n'}
[0.292756] (sc2_bridge_interfaces) StdoutLine: {'line': b'-- Up-to-date: /home/ros/ws/ros2_ws/install/sc2_bridge_interfaces/share/sc2_bridge_interfaces/environment/path.dsv\n'}
[0.292781] (sc2_bridge_interfaces) StdoutLine: {'line': b'-- Up-to-date: /home/ros/ws/ros2_ws/install/sc2_bridge_interfaces/share/sc2_bridge_interfaces/local_setup.bash\n'}
[0.292807] (sc2_bridge_interfaces) StdoutLine: {'line': b'-- Up-to-date: /home/ros/ws/ros2_ws/install/sc2_bridge_interfaces/share/sc2_bridge_interfaces/local_setup.sh\n'}
[0.292834] (sc2_bridge_interfaces) StdoutLine: {'line': b'-- Up-to-date: /home/ros/ws/ros2_ws/install/sc2_bridge_interfaces/share/sc2_bridge_interfaces/local_setup.zsh\n'}
[0.292860] (sc2_bridge_interfaces) StdoutLine: {'line': b'-- Up-to-date: /home/ros/ws/ros2_ws/install/sc2_bridge_interfaces/share/sc2_bridge_interfaces/local_setup.dsv\n'}
[0.292886] (sc2_bridge_interfaces) StdoutLine: {'line': b'-- Installing: /home/ros/ws/ros2_ws/install/sc2_bridge_interfaces/share/sc2_bridge_interfaces/package.dsv\n'}
[0.292916] (sc2_bridge_interfaces) StdoutLine: {'line': b'-- Up-to-date: /home/ros/ws/ros2_ws/install/sc2_bridge_interfaces/share/ament_index/resource_index/packages/sc2_bridge_interfaces\n'}
[0.292988] (sc2_bridge_interfaces) StdoutLine: {'line': b'-- Up-to-date: /home/ros/ws/ros2_ws/install/sc2_bridge_interfaces/share/sc2_bridge_interfaces/cmake/export_sc2_bridge_interfaces__rosidl_generator_cExport.cmake\n'}
[0.293013] (sc2_bridge_interfaces) StdoutLine: {'line': b'-- Up-to-date: /home/ros/ws/ros2_ws/install/sc2_bridge_interfaces/share/sc2_bridge_interfaces/cmake/export_sc2_bridge_interfaces__rosidl_generator_cExport-noconfig.cmake\n'}
[0.293040] (sc2_bridge_interfaces) StdoutLine: {'line': b'-- Up-to-date: /home/ros/ws/ros2_ws/install/sc2_bridge_interfaces/share/sc2_bridge_interfaces/cmake/export_sc2_bridge_interfaces__rosidl_typesupport_fastrtps_cExport.cmake\n'}
[0.293067] (sc2_bridge_interfaces) StdoutLine: {'line': b'-- Up-to-date: /home/ros/ws/ros2_ws/install/sc2_bridge_interfaces/share/sc2_bridge_interfaces/cmake/export_sc2_bridge_interfaces__rosidl_typesupport_fastrtps_cExport-noconfig.cmake\n'}
[0.293094] (sc2_bridge_interfaces) StdoutLine: {'line': b'-- Up-to-date: /home/ros/ws/ros2_ws/install/sc2_bridge_interfaces/share/sc2_bridge_interfaces/cmake/sc2_bridge_interfaces__rosidl_typesupport_introspection_cExport.cmake\n'}
[0.293120] (sc2_bridge_interfaces) StdoutLine: {'line': b'-- Up-to-date: /home/ros/ws/ros2_ws/install/sc2_bridge_interfaces/share/sc2_bridge_interfaces/cmake/sc2_bridge_interfaces__rosidl_typesupport_introspection_cExport-noconfig.cmake\n'}
[0.293148] (sc2_bridge_interfaces) StdoutLine: {'line': b'-- Up-to-date: /home/ros/ws/ros2_ws/install/sc2_bridge_interfaces/share/sc2_bridge_interfaces/cmake/sc2_bridge_interfaces__rosidl_typesupport_cExport.cmake\n'}
[0.293175] (sc2_bridge_interfaces) StdoutLine: {'line': b'-- Up-to-date: /home/ros/ws/ros2_ws/install/sc2_bridge_interfaces/share/sc2_bridge_interfaces/cmake/sc2_bridge_interfaces__rosidl_typesupport_cExport-noconfig.cmake\n'}
[0.293201] (sc2_bridge_interfaces) StdoutLine: {'line': b'-- Up-to-date: /home/ros/ws/ros2_ws/install/sc2_bridge_interfaces/share/sc2_bridge_interfaces/cmake/export_sc2_bridge_interfaces__rosidl_generator_cppExport.cmake\n'}
[0.293228] (sc2_bridge_interfaces) StdoutLine: {'line': b'-- Up-to-date: /home/ros/ws/ros2_ws/install/sc2_bridge_interfaces/share/sc2_bridge_interfaces/cmake/export_sc2_bridge_interfaces__rosidl_typesupport_fastrtps_cppExport.cmake\n'}
[0.293254] (sc2_bridge_interfaces) StdoutLine: {'line': b'-- Up-to-date: /home/ros/ws/ros2_ws/install/sc2_bridge_interfaces/share/sc2_bridge_interfaces/cmake/export_sc2_bridge_interfaces__rosidl_typesupport_fastrtps_cppExport-noconfig.cmake\n'}
[0.293280] (sc2_bridge_interfaces) StdoutLine: {'line': b'-- Up-to-date: /home/ros/ws/ros2_ws/install/sc2_bridge_interfaces/share/sc2_bridge_interfaces/cmake/sc2_bridge_interfaces__rosidl_typesupport_introspection_cppExport.cmake\n'}
[0.293306] (sc2_bridge_interfaces) StdoutLine: {'line': b'-- Up-to-date: /home/ros/ws/ros2_ws/install/sc2_bridge_interfaces/share/sc2_bridge_interfaces/cmake/sc2_bridge_interfaces__rosidl_typesupport_introspection_cppExport-noconfig.cmake\n'}
[0.293387] (sc2_bridge_interfaces) StdoutLine: {'line': b'-- Up-to-date: /home/ros/ws/ros2_ws/install/sc2_bridge_interfaces/share/sc2_bridge_interfaces/cmake/sc2_bridge_interfaces__rosidl_typesupport_cppExport.cmake\n'}
[0.293420] (sc2_bridge_interfaces) StdoutLine: {'line': b'-- Up-to-date: /home/ros/ws/ros2_ws/install/sc2_bridge_interfaces/share/sc2_bridge_interfaces/cmake/sc2_bridge_interfaces__rosidl_typesupport_cppExport-noconfig.cmake\n'}
[0.293449] (sc2_bridge_interfaces) StdoutLine: {'line': b'-- Up-to-date: /home/ros/ws/ros2_ws/install/sc2_bridge_interfaces/share/sc2_bridge_interfaces/cmake/export_sc2_bridge_interfaces__rosidl_generator_pyExport.cmake\n'}
[0.293476] (sc2_bridge_interfaces) StdoutLine: {'line': b'-- Up-to-date: /home/ros/ws/ros2_ws/install/sc2_bridge_interfaces/share/sc2_bridge_interfaces/cmake/export_sc2_bridge_interfaces__rosidl_generator_pyExport-noconfig.cmake\n'}
[0.293503] (sc2_bridge_interfaces) StdoutLine: {'line': b'-- Up-to-date: /home/ros/ws/ros2_ws/install/sc2_bridge_interfaces/share/sc2_bridge_interfaces/cmake/rosidl_cmake-extras.cmake\n'}
[0.293529] (sc2_bridge_interfaces) StdoutLine: {'line': b'-- Up-to-date: /home/ros/ws/ros2_ws/install/sc2_bridge_interfaces/share/sc2_bridge_interfaces/cmake/ament_cmake_export_dependencies-extras.cmake\n'}
[0.293556] (sc2_bridge_interfaces) StdoutLine: {'line': b'-- Up-to-date: /home/ros/ws/ros2_ws/install/sc2_bridge_interfaces/share/sc2_bridge_interfaces/cmake/ament_cmake_export_include_directories-extras.cmake\n'}
[0.293582] (sc2_bridge_interfaces) StdoutLine: {'line': b'-- Up-to-date: /home/ros/ws/ros2_ws/install/sc2_bridge_interfaces/share/sc2_bridge_interfaces/cmake/ament_cmake_export_libraries-extras.cmake\n'}
[0.293609] (sc2_bridge_interfaces) StdoutLine: {'line': b'-- Up-to-date: /home/ros/ws/ros2_ws/install/sc2_bridge_interfaces/share/sc2_bridge_interfaces/cmake/ament_cmake_export_targets-extras.cmake\n'}
[0.293635] (sc2_bridge_interfaces) StdoutLine: {'line': b'-- Up-to-date: /home/ros/ws/ros2_ws/install/sc2_bridge_interfaces/share/sc2_bridge_interfaces/cmake/rosidl_cmake_export_typesupport_targets-extras.cmake\n'}
[0.293661] (sc2_bridge_interfaces) StdoutLine: {'line': b'-- Up-to-date: /home/ros/ws/ros2_ws/install/sc2_bridge_interfaces/share/sc2_bridge_interfaces/cmake/rosidl_cmake_export_typesupport_libraries-extras.cmake\n'}
[0.293713] (sc2_bridge_interfaces) StdoutLine: {'line': b'-- Up-to-date: /home/ros/ws/ros2_ws/install/sc2_bridge_interfaces/share/sc2_bridge_interfaces/cmake/sc2_bridge_interfacesConfig.cmake\n'}
[0.293741] (sc2_bridge_interfaces) StdoutLine: {'line': b'-- Up-to-date: /home/ros/ws/ros2_ws/install/sc2_bridge_interfaces/share/sc2_bridge_interfaces/cmake/sc2_bridge_interfacesConfig-version.cmake\n'}
[0.293764] (sc2_bridge_interfaces) StdoutLine: {'line': b'-- Up-to-date: /home/ros/ws/ros2_ws/install/sc2_bridge_interfaces/share/sc2_bridge_interfaces/package.xml\n'}
[0.294609] (sc2_bridge_interfaces) CommandEnded: {'returncode': 0}
[0.300124] (-) TimerEvent: {}
[0.313483] (sc2_bridge_interfaces) JobEnded: {'identifier': 'sc2_bridge_interfaces', 'rc': 0}
[0.314159] (sc2_bridge) JobStarted: {'identifier': 'sc2_bridge'}
[0.400272] (-) TimerEvent: {}
[0.500510] (-) TimerEvent: {}
[0.599595] (sc2_bridge) Command: {'cmd': ['/usr/bin/python3', '-W', 'ignore:setup.py install is deprecated', '-W', 'ignore:easy_install command is deprecated', 'setup.py', 'develop', '--editable', '--build-directory', '/home/ros/ws/ros2_ws/build/sc2_bridge/build', '--no-deps', 'symlink_data'], 'cwd': '/home/ros/ws/ros2_ws/build/sc2_bridge', 'env': {'HOSTNAME': '793d460668f9', 'ROS_PACKAGE_PATH': '/home/ros/ws/ros2_ws/install/sc2_bridge_interfaces/share', 'SHLVL': '1', 'LD_LIBRARY_PATH': '/home/ros/ws/ros2_ws/install/sc2_bridge_interfaces/lib:/opt/ros/humble/opt/rviz_ogre_vendor/lib:/opt/ros/humble/lib/x86_64-linux-gnu:/opt/ros/humble/lib', 'HOME': '/home/ros', 'ROS_PYTHON_VERSION': '3', 'SC2_MAP': '/StarCraftII/maps/Flat482Spawns.SC2Map', 'ROS_DISTRO': 'humble', '_': '/usr/bin/colcon', 'ROS_VERSION': '2', 'PKG_CONFIG_PATH': '/home/ros/ws/ros2_ws/install/sc2_bridge_interfaces/lib/x86_64-linux-gnu/pkgconfig:/home/ros/ws/ros2_ws/install/sc2_bridge_interfaces/lib/pkgconfig', 'ROS_LOCALHOST_ONLY': '0', 'PATH': '/opt/ros/humble/bin:/usr/local/sbin:/usr/local/bin:/usr/sbin:/usr/bin:/sbin:/bin', 'DISPLAY': ':0', 'LANG': 'C.UTF-8', 'XAUTHORITY': '/run/user/1000/.mutter-Xwaylandauth.UJHRP3', 'AMENT_PREFIX_PATH': '/opt/ros/humble', 'SC2_HOST': 'host.docker.internal', 'PWD': '/home/ros/ws/ros2_ws/build/sc2_bridge', 'LC_ALL': 'C.UTF-8', 'PYTHONPATH': '/home/ros/ws/ros2_ws/build/sc2_bridge/prefix_override:/usr/lib/python3/dist-packages/colcon_core/task/python/colcon_distutils_commands:/home/ros/ws/ros2_ws/install/sc2_bridge/lib/python3.10/site-packages:/home/ros/ws/ros2_ws/install/sc2_bridge_interfaces/local/lib/python3.10/dist-packages:/opt/ros/humble/lib/python3.10/site-packages:/opt/ros/humble/local/lib/python3.10/dist-packages', 'COLCON': '1', 'SC2_PORT': '8167', 'CMAKE_PREFIX_PATH': '/home/ros/ws/ros2_ws/install/sc2_bridge_interfaces'}, 'shell': False}
[0.600804] (-) TimerEvent: {}
[0.700938] (-) TimerEvent: {}
[0.714160] (sc2_bridge) StdoutLine: {'line': b'running develop\n'}
[0.759880] (sc2_bridge) StdoutLine: {'line': b'running egg_info\n'}
[0.760385] (sc2_bridge) StdoutLine: {'line': b'writing sc2_bridge.egg-info/PKG-INFO\n'}
[0.760460] (sc2_bridge) StdoutLine: {'line': b'writing dependency_links to sc2_bridge.egg-info/dependency_links.txt\n'}
[0.760506] (sc2_bridge) StdoutLine: {'line': b'writing entry points to sc2_bridge.egg-info/entry_points.txt\n'}
[0.760549] (sc2_bridge) StdoutLine: {'line': b'writing requirements to sc2_bridge.egg-info/requires.txt\n'}
[0.760589] (sc2_bridge) StdoutLine: {'line': b'writing top-level names to sc2_bridge.egg-info/top_level.txt\n'}
[0.761258] (sc2_bridge) StdoutLine: {'line': b"reading manifest file 'sc2_bridge.egg-info/SOURCES.txt'\n"}
[0.761577] (sc2_bridge) StdoutLine: {'line': b"writing manifest file 'sc2_bridge.egg-info/SOURCES.txt'\n"}
[0.762279] (sc2_bridge) StdoutLine: {'line': b'running build_ext\n'}
[0.762367] (sc2_bridge) StdoutLine: {'line': b'Creating /home/ros/ws/ros2_ws/install/sc2_bridge/lib/python3.10/site-packages/sc2-bridge.egg-link (link to .)\n'}
[0.762758] (sc2_bridge) StdoutLine: {'line': b'Installing sc2_bridge_node script to /home/ros/ws/ros2_ws/install/sc2_bridge/lib/sc2_bridge\n'}
[0.762915] (sc2_bridge) StdoutLine: {'line': b'Installing swarm_demo script to /home/ros/ws/ros2_ws/install/sc2_bridge/lib/sc2_bridge\n'}
[0.763026] (sc2_bridge) StdoutLine: {'line': b'\n'}
[0.763080] (sc2_bridge) StdoutLine: {'line': b'Installed /home/ros/ws/ros2_ws/build/sc2_bridge\n'}
[0.763123] (sc2_bridge) StdoutLine: {'line': b'running symlink_data\n'}
[0.778181] (sc2_bridge) CommandEnded: {'returncode': 0}
[0.782114] (sc2_bridge) JobEnded: {'identifier': 'sc2_bridge', 'rc': 0}
[0.782547] (-) EventReactorShutdown: {}
