[0.048s] DEBUG:colcon:Command line arguments: ['/usr/bin/colcon', 'build', '--symlink-install']
[0.048s] DEBUG:colcon:Parsed command line arguments: Namespace(log_base=None, log_level=None, verb_name='build', build_base='build', install_base='install', merge_install=False, symlink_install=True, test_result_base=None, continue_on_error=False, executor='parallel', parallel_workers=24, event_handlers=None, ignore_user_meta=False, metas=['./colcon.meta'], base_paths=['.'], packages_ignore=None, packages_ignore_regex=None, paths=None, packages_up_to=None, packages_up_to_regex=None, packages_above=None, packages_above_and_dependencies=None, packages_above_depth=None, packages_select_by_dep=None, packages_skip_by_dep=None, packages_skip_up_to=None, packages_select_build_failed=False, packages_skip_build_finished=False, packages_select_test_failures=False, packages_skip_test_passed=False, packages_select=None, packages_skip=None, packages_select_regex=None, packages_skip_regex=None, packages_start=None, packages_end=None, cmake_args=None, cmake_target=None, cmake_target_skip_unavailable=False, cmake_clean_cache=False, cmake_clean_first=False, cmake_force_configure=False, ament_cmake_args=None, catkin_cmake_args=None, catkin_skip_building_tests=False, mixin_files=None, mixin=None, verb_parser=<colcon_mixin.mixin.mixin_argument.MixinArgumentDecorator object at 0x714f37ffc0d0>, verb_extension=<colcon_core.verb.build.BuildVerb object at 0x714f38165ba0>, main=<bound method BuildVerb.main of <colcon_core.verb.build.BuildVerb object at 0x714f38165ba0>>, mixin_verb=('build',))
[0.108s] Level 1:colcon.colcon_core.package_discovery:discover_packages(colcon_meta) check parameters
[0.108s] Level 1:colcon.colcon_core.package_discovery:discover_packages(recursive) check parameters
[0.108s] Level 1:colcon.colcon_core.package_discovery:discover_packages(ignore) check parameters
[0.108s] Level 1:colcon.colcon_core.package_discovery:discover_packages(path) check parameters
[0.108s] Level 1:colcon.colcon_core.package_discovery:discover_packages(colcon_meta) discover
[0.108s] Level 1:colcon.colcon_core.package_discovery:discover_packages(recursive) discover
[0.108s] INFO:colcon.colcon_core.package_discovery:Crawling recursively for packages in '/home/ros/ws/ros2_ws'
[0.108s] Level 1:colcon.colcon_core.package_identification:_identify(.) by extensions ['ignore', 'ignore_ament_install']
[0.109s] Level 1:colcon.colcon_core.package_identification:_identify(.) by extension 'ignore'
[0.109s] Level 1:colcon.colcon_core.package_identification:_identify(.) by extension 'ignore_ament_install'
[0.109s] Level 1:colcon.colcon_core.package_identification:_identify(.) by extensions ['colcon_pkg']
[0.109s] Level 1:colcon.colcon_core.package_identification:_identify(.) by extension 'colcon_pkg'
[0.109s] Level 1:colcon.colcon_core.package_identification:_identify(.) by extensions ['colcon_meta']
[0.109s] Level 1:colcon.colcon_core.package_identification:_identify(.) by extension 'colcon_meta'
[0.109s] Level 1:colcon.colcon_core.package_identification:_identify(.) by extensions ['ros']
[0.109s] Level 1:colcon.colcon_core.package_identification:_identify(.) by extension 'ros'
[0.114s] Level 1:colcon.colcon_core.package_identification:_identify(.) by extensions ['cmake', 'python']
[0.114s] Level 1:colcon.colcon_core.package_identification:_identify(.) by extension 'cmake'
[0.114s] Level 1:colcon.colcon_core.package_identification:_identify(.) by extension 'python'
[0.114s] Level 1:colcon.colcon_core.package_identification:_identify(.) by extensions ['python_setup_py']
[0.114s] Level 1:colcon.colcon_core.package_identification:_identify(.) by extension 'python_setup_py'
[0.114s] Level 1:colcon.colcon_core.package_identification:_identify(build) by extensions ['ignore', 'ignore_ament_install']
[0.114s] Level 1:colcon.colcon_core.package_identification:_identify(build) by extension 'ignore'
[0.114s] Level 1:colcon.colcon_core.package_identification:_identify(build) ignored
[0.114s] Level 1:colcon.colcon_core.package_identification:_identify(install) by extensions ['ignore', 'ignore_ament_install']
[0.114s] Level 1:colcon.colcon_core.package_identification:_identify(install) by extension 'ignore'
[0.114s] Level 1:colcon.colcon_core.package_identification:_identify(install) ignored
[0.114s] Level 1:colcon.colcon_core.package_identification:_identify(log) by extensions ['ignore', 'ignore_ament_install']
[0.114s] Level 1:colcon.colcon_core.package_identification:_identify(log) by extension 'ignore'
[0.114s] Level 1:colcon.colcon_core.package_identification:_identify(log) ignored
[0.114s] Level 1:colcon.colcon_core.package_identification:_identify(src) by extensions ['ignore', 'ignore_ament_install']
[0.114s] Level 1:colcon.colcon_core.package_identification:_identify(src) by extension 'ignore'
[0.114s] Level 1:colcon.colcon_core.package_identification:_identify(src) by extension 'ignore_ament_install'
[0.114s] Level 1:colcon.colcon_core.package_identification:_identify(src) by extensions ['colcon_pkg']
[0.114s] Level 1:colcon.colcon_core.package_identification:_identify(src) by extension 'colcon_pkg'
[0.114s] Level 1:colcon.colcon_core.package_identification:_identify(src) by extensions ['colcon_meta']
[0.114s] Level 1:colcon.colcon_core.package_identification:_identify(src) by extension 'colcon_meta'
[0.114s] Level 1:colcon.colcon_core.package_identification:_identify(src) by extensions ['ros']
[0.115s] Level 1:colcon.colcon_core.package_identification:_identify(src) by extension 'ros'
[0.115s] Level 1:colcon.colcon_core.package_identification:_identify(src) by extensions ['cmake', 'python']
[0.115s] Level 1:colcon.colcon_core.package_identification:_identify(src) by extension 'cmake'
[0.115s] Level 1:colcon.colcon_core.package_identification:_identify(src) by extension 'python'
[0.115s] Level 1:colcon.colcon_core.package_identification:_identify(src) by extensions ['python_setup_py']
[0.115s] Level 1:colcon.colcon_core.package_identification:_identify(src) by extension 'python_setup_py'
[0.115s] Level 1:colcon.colcon_core.package_identification:_identify(src/sc2_bridge) by extensions ['ignore', 'ignore_ament_install']
[0.115s] Level 1:colcon.colcon_core.package_identification:_identify(src/sc2_bridge) by extension 'ignore'
[0.115s] Level 1:colcon.colcon_core.package_identification:_identify(src/sc2_bridge) by extension 'ignore_ament_install'
[0.115s] Level 1:colcon.colcon_core.package_identification:_identify(src/sc2_bridge) by extensions ['colcon_pkg']
[0.115s] Level 1:colcon.colcon_core.package_identification:_identify(src/sc2_bridge) by extension 'colcon_pkg'
[0.115s] Level 1:colcon.colcon_core.package_identification:_identify(src/sc2_bridge) by extensions ['colcon_meta']
[0.115s] Level 1:colcon.colcon_core.package_identification:_identify(src/sc2_bridge) by extension 'colcon_meta'
[0.115s] Level 1:colcon.colcon_core.package_identification:_identify(src/sc2_bridge) by extensions ['ros']
[0.115s] Level 1:colcon.colcon_core.package_identification:_identify(src/sc2_bridge) by extension 'ros'
[0.116s] DEBUG:colcon.colcon_core.package_identification:Package 'src/sc2_bridge' with type 'ros.ament_python' and name 'sc2_bridge'
[0.116s] Level 1:colcon.colcon_core.package_identification:_identify(src/sc2_bridge_interfaces) by extensions ['ignore', 'ignore_ament_install']
[0.116s] Level 1:colcon.colcon_core.package_identification:_identify(src/sc2_bridge_interfaces) by extension 'ignore'
[0.116s] Level 1:colcon.colcon_core.package_identification:_identify(src/sc2_bridge_interfaces) by extension 'ignore_ament_install'
[0.116s] Level 1:colcon.colcon_core.package_identification:_identify(src/sc2_bridge_interfaces) by extensions ['colcon_pkg']
[0.116s] Level 1:colcon.colcon_core.package_identification:_identify(src/sc2_bridge_interfaces) by extension 'colcon_pkg'
[0.116s] Level 1:colcon.colcon_core.package_identification:_identify(src/sc2_bridge_interfaces) by extensions ['colcon_meta']
[0.116s] Level 1:colcon.colcon_core.package_identification:_identify(src/sc2_bridge_interfaces) by extension 'colcon_meta'
[0.116s] Level 1:colcon.colcon_core.package_identification:_identify(src/sc2_bridge_interfaces) by extensions ['ros']
[0.116s] Level 1:colcon.colcon_core.package_identification:_identify(src/sc2_bridge_interfaces) by extension 'ros'
[0.116s] DEBUG:colcon.colcon_core.package_identification:Package 'src/sc2_bridge_interfaces' with type 'ros.catkin' and name 'sc2_bridge_interfaces'
[0.116s] Level 1:colcon.colcon_core.package_discovery:discover_packages(recursive) using defaults
[0.117s] Level 1:colcon.colcon_core.package_discovery:discover_packages(ignore) discover
[0.117s] Level 1:colcon.colcon_core.package_discovery:discover_packages(ignore) using defaults
[0.117s] Level 1:colcon.colcon_core.package_discovery:discover_packages(path) discover
[0.117s] Level 1:colcon.colcon_core.package_discovery:discover_packages(path) using defaults
[0.127s] Level 5:colcon.colcon_core.verb:set package 'sc2_bridge_interfaces' build argument 'cmake_args' from command line to 'None'
[0.127s] Level 5:colcon.colcon_core.verb:set package 'sc2_bridge_interfaces' build argument 'cmake_target' from command line to 'None'
[0.127s] Level 5:colcon.colcon_core.verb:set package 'sc2_bridge_interfaces' build argument 'cmake_target_skip_unavailable' from command line to 'False'
[0.127s] Level 5:colcon.colcon_core.verb:set package 'sc2_bridge_interfaces' build argument 'cmake_clean_cache' from command line to 'False'
[0.127s] Level 5:colcon.colcon_core.verb:set package 'sc2_bridge_interfaces' build argument 'cmake_clean_first' from command line to 'False'
[0.127s] Level 5:colcon.colcon_core.verb:set package 'sc2_bridge_interfaces' build argument 'cmake_force_configure' from command line to 'False'
[0.127s] Level 5:colcon.colcon_core.verb:set package 'sc2_bridge_interfaces' build argument 'ament_cmake_args' from command line to 'None'
[0.127s] Level 5:colcon.colcon_core.verb:set package 'sc2_bridge_interfaces' build argument 'catkin_cmake_args' from command line to 'None'
[0.127s] Level 5:colcon.colcon_core.verb:set package 'sc2_bridge_interfaces' build argument 'catkin_skip_building_tests' from command line to 'False'
[0.127s] DEBUG:colcon.colcon_core.verb:Building package 'sc2_bridge_interfaces' with the following arguments: {'ament_cmake_args': None, 'build_base': '/home/ros/ws/ros2_ws/build/sc2_bridge_interfaces', 'catkin_cmake_args': None, 'catkin_skip_building_tests': False, 'cmake_args': None, 'cmake_clean_cache': False, 'cmake_clean_first': False, 'cmake_force_configure': False, 'cmake_target': None, 'cmake_target_skip_unavailable': False, 'install_base': '/home/ros/ws/ros2_ws/install/sc2_bridge_interfaces', 'merge_install': False, 'path': '/home/ros/ws/ros2_ws/src/sc2_bridge_interfaces', 'symlink_install': True, 'test_result_base': None}
[0.127s] Level 5:colcon.colcon_core.verb:set package 'sc2_bridge' build argument 'cmake_args' from command line to 'None'
[0.127s] Level 5:colcon.colcon_core.verb:set package 'sc2_bridge' build argument 'cmake_target' from command line to 'None'
[0.127s] Level 5:colcon.colcon_core.verb:set package 'sc2_bridge' build argument 'cmake_target_skip_unavailable' from command line to 'False'
[0.127s] Level 5:colcon.colcon_core.verb:set package 'sc2_bridge' build argument 'cmake_clean_cache' from command line to 'False'
[0.127s] Level 5:colcon.colcon_core.verb:set package 'sc2_bridge' build argument 'cmake_clean_first' from command line to 'False'
[0.127s] Level 5:colcon.colcon_core.verb:set package 'sc2_bridge' build argument 'cmake_force_configure' from command line to 'False'
[0.128s] Level 5:colcon.colcon_core.verb:set package 'sc2_bridge' build argument 'ament_cmake_args' from command line to 'None'
[0.128s] Level 5:colcon.colcon_core.verb:set package 'sc2_bridge' build argument 'catkin_cmake_args' from command line to 'None'
[0.128s] Level 5:colcon.colcon_core.verb:set package 'sc2_bridge' build argument 'catkin_skip_building_tests' from command line to 'False'
[0.128s] DEBUG:colcon.colcon_core.verb:Building package 'sc2_bridge' with the following arguments: {'ament_cmake_args': None, 'build_base': '/home/ros/ws/ros2_ws/build/sc2_bridge', 'catkin_cmake_args': None, 'catkin_skip_building_tests': False, 'cmake_args': None, 'cmake_clean_cache': False, 'cmake_clean_first': False, 'cmake_force_configure': False, 'cmake_target': None, 'cmake_target_skip_unavailable': False, 'install_base': '/home/ros/ws/ros2_ws/install/sc2_bridge', 'merge_install': False, 'path': '/home/ros/ws/ros2_ws/src/sc2_bridge', 'symlink_install': True, 'test_result_base': None}
[0.128s] INFO:colcon.colcon_core.executor:Executing jobs using 'parallel' executor
[0.128s] DEBUG:colcon.colcon_parallel_executor.executor.parallel:run_until_complete
[0.129s] INFO:colcon.colcon_ros.task.catkin.build:Building ROS package in '/home/ros/ws/ros2_ws/src/sc2_bridge_interfaces' with build type 'catkin'
[0.129s] INFO:colcon.colcon_cmake.task.cmake.build:Building CMake package in '/home/ros/ws/ros2_ws/src/sc2_bridge_interfaces'
[0.130s] INFO:colcon.colcon_core.plugin_system:Skipping extension 'colcon_core.shell.bat': Not used on non-Windows systems
[0.130s] INFO:colcon.colcon_core.shell:Skip shell extension 'powershell' for command environment: Not usable outside of PowerShell
[0.130s] DEBUG:colcon.colcon_core.shell:Skip shell extension 'dsv' for command environment
[0.136s] DEBUG:colcon.colcon_core.event_handler.log_command:Invoking command in '/home/ros/ws/ros2_ws/build/sc2_bridge_interfaces': /usr/bin/cmake --build /home/ros/ws/ros2_ws/build/sc2_bridge_interfaces -- -j24 -l24
[0.307s] DEBUG:colcon.colcon_core.event_handler.log_command:Invoked command in '/home/ros/ws/ros2_ws/build/sc2_bridge_interfaces' returned '0': /usr/bin/cmake --build /home/ros/ws/ros2_ws/build/sc2_bridge_interfaces -- -j24 -l24
[0.314s] DEBUG:colcon.colcon_core.event_handler.log_command:Invoking command in '/home/ros/ws/ros2_ws/build/sc2_bridge_interfaces': /usr/bin/cmake --install /home/ros/ws/ros2_ws/build/sc2_bridge_interfaces
[0.353s] DEBUG:colcon.colcon_core.event_handler.log_command:Invoked command in '/home/ros/ws/ros2_ws/build/sc2_bridge_interfaces' returned '0': /usr/bin/cmake --install /home/ros/ws/ros2_ws/build/sc2_bridge_interfaces
[0.353s] Level 1:colcon.colcon_core.shell:create_environment_hook('sc2_bridge_interfaces', 'ros_package_path')
[0.353s] INFO:colcon.colcon_core.shell:Creating environment hook '/home/ros/ws/ros2_ws/install/sc2_bridge_interfaces/share/sc2_bridge_interfaces/hook/ros_package_path.ps1'
[0.354s] INFO:colcon.colcon_core.shell:Creating environment descriptor '/home/ros/ws/ros2_ws/install/sc2_bridge_interfaces/share/sc2_bridge_interfaces/hook/ros_package_path.dsv'
[0.354s] INFO:colcon.colcon_core.shell:Creating environment hook '/home/ros/ws/ros2_ws/install/sc2_bridge_interfaces/share/sc2_bridge_interfaces/hook/ros_package_path.sh'
[0.354s] Level 1:colcon.colcon_ros.task.catkin:checking '/home/ros/ws/ros2_ws/install/sc2_bridge_interfaces/local/lib/python3.10/dist-packages'
[0.354s] Level 1:colcon.colcon_core.shell:create_environment_hook('sc2_bridge_interfaces', 'catkin_pythonpath')
[0.354s] INFO:colcon.colcon_core.shell:Creating environment hook '/home/ros/ws/ros2_ws/install/sc2_bridge_interfaces/share/sc2_bridge_interfaces/hook/catkin_pythonpath.ps1'
[0.354s] INFO:colcon.colcon_core.shell:Creating environment descriptor '/home/ros/ws/ros2_ws/install/sc2_bridge_interfaces/share/sc2_bridge_interfaces/hook/catkin_pythonpath.dsv'
[0.354s] INFO:colcon.colcon_core.shell:Creating environment hook '/home/ros/ws/ros2_ws/install/sc2_bridge_interfaces/share/sc2_bridge_interfaces/hook/catkin_pythonpath.sh'
[0.355s] Level 1:colcon.colcon_core.shell:create_environment_hook('sc2_bridge_interfaces', 'pkg_config_path')
[0.355s] INFO:colcon.colcon_core.shell:Creating environment hook '/home/ros/ws/ros2_ws/install/sc2_bridge_interfaces/share/sc2_bridge_interfaces/hook/pkg_config_path.ps1'
[0.355s] INFO:colcon.colcon_core.shell:Creating environment descriptor '/home/ros/ws/ros2_ws/install/sc2_bridge_interfaces/share/sc2_bridge_interfaces/hook/pkg_config_path.dsv'
[0.355s] INFO:colcon.colcon_core.shell:Creating environment hook '/home/ros/ws/ros2_ws/install/sc2_bridge_interfaces/share/sc2_bridge_interfaces/hook/pkg_config_path.sh'
[0.356s] Level 1:colcon.colcon_core.shell:create_environment_hook('sc2_bridge_interfaces', 'pkg_config_path_multiarch')
[0.356s] INFO:colcon.colcon_core.shell:Creating environment hook '/home/ros/ws/ros2_ws/install/sc2_bridge_interfaces/share/sc2_bridge_interfaces/hook/pkg_config_path_multiarch.ps1'
[0.357s] INFO:colcon.colcon_core.shell:Creating environment descriptor '/home/ros/ws/ros2_ws/install/sc2_bridge_interfaces/share/sc2_bridge_interfaces/hook/pkg_config_path_multiarch.dsv'
[0.357s] INFO:colcon.colcon_core.shell:Creating environment hook '/home/ros/ws/ros2_ws/install/sc2_bridge_interfaces/share/sc2_bridge_interfaces/hook/pkg_config_path_multiarch.sh'
[0.358s] Level 1:colcon.colcon_core.environment:create_environment_scripts_only(sc2_bridge_interfaces)
[0.360s] Level 1:colcon.colcon_core.environment:checking '/home/ros/ws/ros2_ws/install/sc2_bridge_interfaces' for CMake module files
[0.360s] Level 1:colcon.colcon_core.environment:checking '/home/ros/ws/ros2_ws/install/sc2_bridge_interfaces' for CMake config files
[0.360s] Level 1:colcon.colcon_core.shell:create_environment_hook('sc2_bridge_interfaces', 'cmake_prefix_path')
[0.360s] INFO:colcon.colcon_core.shell:Creating environment hook '/home/ros/ws/ros2_ws/install/sc2_bridge_interfaces/share/sc2_bridge_interfaces/hook/cmake_prefix_path.ps1'
[0.361s] INFO:colcon.colcon_core.shell:Creating environment descriptor '/home/ros/ws/ros2_ws/install/sc2_bridge_interfaces/share/sc2_bridge_interfaces/hook/cmake_prefix_path.dsv'
[0.361s] INFO:colcon.colcon_core.shell:Creating environment hook '/home/ros/ws/ros2_ws/install/sc2_bridge_interfaces/share/sc2_bridge_interfaces/hook/cmake_prefix_path.sh'
[0.361s] Level 1:colcon.colcon_core.environment:checking '/home/ros/ws/ros2_ws/install/sc2_bridge_interfaces/lib'
[0.361s] Level 1:colcon.colcon_core.shell:create_environment_hook('sc2_bridge_interfaces', 'ld_library_path_lib')
[0.362s] INFO:colcon.colcon_core.shell:Creating environment hook '/home/ros/ws/ros2_ws/install/sc2_bridge_interfaces/share/sc2_bridge_interfaces/hook/ld_library_path_lib.ps1'
[0.362s] INFO:colcon.colcon_core.shell:Creating environment descriptor '/home/ros/ws/ros2_ws/install/sc2_bridge_interfaces/share/sc2_bridge_interfaces/hook/ld_library_path_lib.dsv'
[0.362s] INFO:colcon.colcon_core.shell:Creating environment hook '/home/ros/ws/ros2_ws/install/sc2_bridge_interfaces/share/sc2_bridge_interfaces/hook/ld_library_path_lib.sh'
[0.362s] Level 1:colcon.colcon_core.environment:checking '/home/ros/ws/ros2_ws/install/sc2_bridge_interfaces/bin'
[0.362s] Level 1:colcon.colcon_core.environment:checking '/home/ros/ws/ros2_ws/install/sc2_bridge_interfaces/lib/pkgconfig/sc2_bridge_interfaces.pc'
[0.363s] Level 1:colcon.colcon_core.environment:checking '/home/ros/ws/ros2_ws/install/sc2_bridge_interfaces/lib/python3.10/site-packages'
[0.364s] Level 1:colcon.colcon_core.environment:checking '/home/ros/ws/ros2_ws/install/sc2_bridge_interfaces/bin'
[0.364s] INFO:colcon.colcon_core.shell:Creating package script '/home/ros/ws/ros2_ws/install/sc2_bridge_interfaces/share/sc2_bridge_interfaces/package.ps1'
[0.366s] INFO:colcon.colcon_core.shell:Creating package descriptor '/home/ros/ws/ros2_ws/install/sc2_bridge_interfaces/share/sc2_bridge_interfaces/package.dsv'
[0.366s] INFO:colcon.colcon_core.shell:Creating package script '/home/ros/ws/ros2_ws/install/sc2_bridge_interfaces/share/sc2_bridge_interfaces/package.sh'
[0.367s] INFO:colcon.colcon_core.shell:Creating package script '/home/ros/ws/ros2_ws/install/sc2_bridge_interfaces/share/sc2_bridge_interfaces/package.bash'
[0.367s] INFO:colcon.colcon_core.shell:Creating package script '/home/ros/ws/ros2_ws/install/sc2_bridge_interfaces/share/sc2_bridge_interfaces/package.zsh'
[0.368s] Level 1:colcon.colcon_core.environment:create_file_with_runtime_dependencies(/home/ros/ws/ros2_ws/install/sc2_bridge_interfaces/share/colcon-core/packages/sc2_bridge_interfaces)
[0.369s] INFO:colcon.colcon_ros.task.ament_python.build:Building ROS package in '/home/ros/ws/ros2_ws/src/sc2_bridge' with build type 'ament_python'
[0.369s] Level 1:colcon.colcon_core.shell:create_environment_hook('sc2_bridge', 'ament_prefix_path')
[0.369s] INFO:colcon.colcon_core.shell:Creating environment hook '/home/ros/ws/ros2_ws/install/sc2_bridge/share/sc2_bridge/hook/ament_prefix_path.ps1'
[0.369s] INFO:colcon.colcon_core.shell:Creating environment descriptor '/home/ros/ws/ros2_ws/install/sc2_bridge/share/sc2_bridge/hook/ament_prefix_path.dsv'
[0.369s] INFO:colcon.colcon_core.shell:Creating environment hook '/home/ros/ws/ros2_ws/install/sc2_bridge/share/sc2_bridge/hook/ament_prefix_path.sh'
[0.370s] INFO:colcon.colcon_core.shell:Skip shell extension 'powershell' for command environment: Not usable outside of PowerShell
[0.370s] DEBUG:colcon.colcon_core.shell:Skip shell extension 'dsv' for command environment
[0.477s] INFO:colcon.colcon_core.task.python.build:Building Python package in '/home/ros/ws/ros2_ws/src/sc2_bridge'
[0.478s] INFO:colcon.colcon_core.shell:Skip shell extension 'powershell' for command environment: Not usable outside of PowerShell
[0.478s] DEBUG:colcon.colcon_core.shell:Skip shell extension 'dsv' for command environment
[0.730s] DEBUG:colcon.colcon_core.event_handler.log_command:Invoking command in '/home/ros/ws/ros2_ws/build/sc2_bridge': CMAKE_PREFIX_PATH=/home/ros/ws/ros2_ws/install/sc2_bridge_interfaces LD_LIBRARY_PATH=/home/ros/ws/ros2_ws/install/sc2_bridge_interfaces/lib:${LD_LIBRARY_PATH} PKG_CONFIG_PATH=/home/ros/ws/ros2_ws/install/sc2_bridge_interfaces/lib/x86_64-linux-gnu/pkgconfig:/home/ros/ws/ros2_ws/install/sc2_bridge_interfaces/lib/pkgconfig PYTHONPATH=/home/ros/ws/ros2_ws/build/sc2_bridge/prefix_override:/usr/lib/python3/dist-packages/colcon_core/task/python/colcon_distutils_commands:/home/ros/ws/ros2_ws/install/sc2_bridge/lib/python3.10/site-packages:/home/ros/ws/ros2_ws/install/sc2_bridge_interfaces/local/lib/python3.10/dist-packages:${PYTHONPATH} ROS_PACKAGE_PATH=/home/ros/ws/ros2_ws/install/sc2_bridge_interfaces/share /usr/bin/python3 -W ignore:setup.py install is deprecated -W ignore:easy_install command is deprecated setup.py develop --editable --build-directory /home/ros/ws/ros2_ws/build/sc2_bridge/build --no-deps symlink_data
[0.993s] Level 1:colcon.colcon_core.shell:create_environment_hook('sc2_bridge', 'pythonpath_develop')
[0.994s] INFO:colcon.colcon_core.shell:Creating environment hook '/home/ros/ws/ros2_ws/build/sc2_bridge/share/sc2_bridge/hook/pythonpath_develop.ps1'
[0.994s] DEBUG:colcon.colcon_core.event_handler.log_command:Invoked command in '/home/ros/ws/ros2_ws/build/sc2_bridge' returned '0': CMAKE_PREFIX_PATH=/home/ros/ws/ros2_ws/install/sc2_bridge_interfaces LD_LIBRARY_PATH=/home/ros/ws/ros2_ws/install/sc2_bridge_interfaces/lib:${LD_LIBRARY_PATH} PKG_CONFIG_PATH=/home/ros/ws/ros2_ws/install/sc2_bridge_interfaces/lib/x86_64-linux-gnu/pkgconfig:/home/ros/ws/ros2_ws/install/sc2_bridge_interfaces/lib/pkgconfig PYTHONPATH=/home/ros/ws/ros2_ws/build/sc2_bridge/prefix_override:/usr/lib/python3/dist-packages/colcon_core/task/python/colcon_distutils_commands:/home/ros/ws/ros2_ws/install/sc2_bridge/lib/python3.10/site-packages:/home/ros/ws/ros2_ws/install/sc2_bridge_interfaces/local/lib/python3.10/dist-packages:${PYTHONPATH} ROS_PACKAGE_PATH=/home/ros/ws/ros2_ws/install/sc2_bridge_interfaces/share /usr/bin/python3 -W ignore:setup.py install is deprecated -W ignore:easy_install command is deprecated setup.py develop --editable --build-directory /home/ros/ws/ros2_ws/build/sc2_bridge/build --no-deps symlink_data
[0.995s] INFO:colcon.colcon_core.shell:Creating environment descriptor '/home/ros/ws/ros2_ws/build/sc2_bridge/share/sc2_bridge/hook/pythonpath_develop.dsv'
[0.995s] INFO:colcon.colcon_core.shell:Creating environment hook '/home/ros/ws/ros2_ws/build/sc2_bridge/share/sc2_bridge/hook/pythonpath_develop.sh'
[0.996s] Level 1:colcon.colcon_core.environment:checking '/home/ros/ws/ros2_ws/install/sc2_bridge' for CMake module files
[0.996s] Level 1:colcon.colcon_core.environment:checking '/home/ros/ws/ros2_ws/install/sc2_bridge' for CMake config files
[0.997s] Level 1:colcon.colcon_core.environment:checking '/home/ros/ws/ros2_ws/install/sc2_bridge/lib'
[0.997s] Level 1:colcon.colcon_core.environment:checking '/home/ros/ws/ros2_ws/install/sc2_bridge/bin'
[0.997s] Level 1:colcon.colcon_core.environment:checking '/home/ros/ws/ros2_ws/install/sc2_bridge/lib/pkgconfig/sc2_bridge.pc'
[0.997s] Level 1:colcon.colcon_core.environment:checking '/home/ros/ws/ros2_ws/install/sc2_bridge/lib/python3.10/site-packages'
[0.997s] Level 1:colcon.colcon_core.shell:create_environment_hook('sc2_bridge', 'pythonpath')
[0.997s] INFO:colcon.colcon_core.shell:Creating environment hook '/home/ros/ws/ros2_ws/install/sc2_bridge/share/sc2_bridge/hook/pythonpath.ps1'
[0.998s] INFO:colcon.colcon_core.shell:Creating environment descriptor '/home/ros/ws/ros2_ws/install/sc2_bridge/share/sc2_bridge/hook/pythonpath.dsv'
[0.998s] INFO:colcon.colcon_core.shell:Creating environment hook '/home/ros/ws/ros2_ws/install/sc2_bridge/share/sc2_bridge/hook/pythonpath.sh'
[0.999s] Level 1:colcon.colcon_core.environment:checking '/home/ros/ws/ros2_ws/install/sc2_bridge/bin'
[0.999s] Level 1:colcon.colcon_core.environment:create_environment_scripts_only(sc2_bridge)
[0.999s] INFO:colcon.colcon_core.shell:Creating package script '/home/ros/ws/ros2_ws/install/sc2_bridge/share/sc2_bridge/package.ps1'
[1.000s] INFO:colcon.colcon_core.shell:Creating package descriptor '/home/ros/ws/ros2_ws/install/sc2_bridge/share/sc2_bridge/package.dsv'
[1.000s] INFO:colcon.colcon_core.shell:Creating package script '/home/ros/ws/ros2_ws/install/sc2_bridge/share/sc2_bridge/package.sh'
[1.001s] INFO:colcon.colcon_core.shell:Creating package script '/home/ros/ws/ros2_ws/install/sc2_bridge/share/sc2_bridge/package.bash'
[1.001s] INFO:colcon.colcon_core.shell:Creating package script '/home/ros/ws/ros2_ws/install/sc2_bridge/share/sc2_bridge/package.zsh'
[1.001s] Level 1:colcon.colcon_core.environment:create_file_with_runtime_dependencies(/home/ros/ws/ros2_ws/install/sc2_bridge/share/colcon-core/packages/sc2_bridge)
[1.002s] DEBUG:colcon.colcon_parallel_executor.executor.parallel:closing loop
[1.002s] DEBUG:colcon.colcon_parallel_executor.executor.parallel:loop closed
[1.002s] DEBUG:colcon.colcon_parallel_executor.executor.parallel:run_until_complete finished with '0'
[1.002s] DEBUG:colcon.colcon_core.event_reactor:joining thread
[1.025s] INFO:colcon.colcon_core.plugin_system:Skipping extension 'colcon_notification.desktop_notification.notify_send': Could not find 'notify-send'
[1.025s] INFO:colcon.colcon_core.plugin_system:Skipping extension 'colcon_notification.desktop_notification.terminal_notifier': Not used on non-Darwin systems
[1.025s] INFO:colcon.colcon_core.plugin_system:Skipping extension 'colcon_notification.desktop_notification.win32': Not used on non-Windows systems
[1.025s] INFO:colcon.colcon_notification.desktop_notification:Sending desktop notification using 'notify2'
[1.025s] DEBUG:colcon.colcon_notification.desktop_notification.notify2:Failed to initialize notify2: org.freedesktop.DBus.Error.NotSupported: Unable to autolaunch a dbus-daemon without a $DISPLAY for X11
[1.025s] DEBUG:colcon.colcon_core.event_reactor:joined thread
[1.025s] INFO:colcon.colcon_core.shell:Creating prefix script '/home/ros/ws/ros2_ws/install/local_setup.ps1'
[1.026s] INFO:colcon.colcon_core.shell:Creating prefix util module '/home/ros/ws/ros2_ws/install/_local_setup_util_ps1.py'
[1.027s] INFO:colcon.colcon_core.shell:Creating prefix chain script '/home/ros/ws/ros2_ws/install/setup.ps1'
[1.028s] INFO:colcon.colcon_core.shell:Creating prefix script '/home/ros/ws/ros2_ws/install/local_setup.sh'
[1.028s] INFO:colcon.colcon_core.shell:Creating prefix util module '/home/ros/ws/ros2_ws/install/_local_setup_util_sh.py'
[1.029s] INFO:colcon.colcon_core.shell:Creating prefix chain script '/home/ros/ws/ros2_ws/install/setup.sh'
[1.030s] INFO:colcon.colcon_core.shell:Creating prefix script '/home/ros/ws/ros2_ws/install/local_setup.bash'
[1.030s] INFO:colcon.colcon_core.shell:Creating prefix chain script '/home/ros/ws/ros2_ws/install/setup.bash'
[1.031s] INFO:colcon.colcon_core.shell:Creating prefix script '/home/ros/ws/ros2_ws/install/local_setup.zsh'
[1.032s] INFO:colcon.colcon_core.shell:Creating prefix chain script '/home/ros/ws/ros2_ws/install/setup.zsh'
