[0.000000] (-) TimerEvent: {}
[0.000141] (sc2_bridge_interfaces) JobQueued: {'identifier': 'sc2_bridge_interfaces', 'dependencies': OrderedDict()}
[0.000357] (sc2_bridge) JobQueued: {'identifier': 'sc2_bridge', 'dependencies': OrderedDict([('sc2_bridge_interfaces', '/home/ros/ws/ros2_ws/install/sc2_bridge_interfaces')])}
[0.000373] (sc2_bridge_interfaces) JobStarted: {'identifier': 'sc2_bridge_interfaces'}
[0.006765] (sc2_bridge_interfaces) JobProgress: {'identifier': 'sc2_bridge_interfaces', 'progress': 'cmake'}
[0.007331] (sc2_bridge_interfaces) JobProgress: {'identifier': 'sc2_bridge_interfaces', 'progress': 'build'}
[0.007848] (sc2_bridge_interfaces) Command: {'cmd': ['/usr/bin/cmake', '--build', '/home/ros/ws/ros2_ws/build/sc2_bridge_interfaces', '--', '-j24', '-l24'], 'cwd': '/home/ros/ws/ros2_ws/build/sc2_bridge_interfaces', 'env': OrderedDict([('HOSTNAME', '0660052a4a69'), ('SHLVL', '1'), ('LD_LIBRARY_PATH', '/opt/ros/humble/opt/rviz_ogre_vendor/lib:/opt/ros/humble/lib/x86_64-linux-gnu:/opt/ros/humble/lib'), ('HOME', '/home/ros'), ('ROS_PYTHON_VERSION', '3'), ('SC2_MAP', '/root/StarCraftII/Maps/InterloperTest.SC2Map'), ('ROS_DISTRO', 'humble'), ('_', '/usr/bin/colcon'), ('ROS_VERSION', '2'), ('ROS_LOCALHOST_ONLY', '0'), ('PATH', '/opt/ros/humble/bin:/usr/local/sbin:/usr/local/bin:/usr/sbin:/usr/bin:/sbin:/bin'), ('LANG', 'C.UTF-8'), ('AMENT_PREFIX_PATH', '/opt/ros/humble'), ('SC2_HOST', 'sc2-server'), ('PWD', '/home/ros/ws/ros2_ws/build/sc2_bridge_interfaces'), ('LC_ALL', 'C.UTF-8'), ('PYTHONPATH', '/opt/ros/humble/lib/python3.10/site-packages:/opt/ros/humble/local/lib/python3.10/dist-packages'), ('COLCON', '1'), ('SC2_PORT', '8167')]), 'shell': False}
[0.054278] (sc2_bridge_interfaces) StdoutLine: {'line': b'[  2%] Built target sc2_bridge_interfaces__cpp\n'}
[0.054447] (sc2_bridge_interfaces) StdoutLine: {'line': b'[  2%] Built target sc2_bridge_interfaces__rs\n'}
[0.056708] (sc2_bridge_interfaces) StdoutLine: {'line': b'[ 13%] Built target sc2_bridge_interfaces__rosidl_generator_c\n'}
[0.064188] (sc2_bridge_interfaces) StdoutLine: {'line': b'[ 13%] Built target ament_cmake_python_copy_sc2_bridge_interfaces\n'}
[0.072903] (sc2_bridge_interfaces) StdoutLine: {'line': b'[ 68%] Built target sc2_bridge_interfaces__rosidl_typesupport_introspection_cpp\n'}
[0.073079] (sc2_bridge_interfaces) StdoutLine: {'line': b'[ 68%] Built target sc2_bridge_interfaces__rosidl_typesupport_introspection_c\n'}
[0.073131] (sc2_bridge_interfaces) StdoutLine: {'line': b'[ 68%] Built target sc2_bridge_interfaces__rosidl_typesupport_cpp\n'}
[0.073179] (sc2_bridge_interfaces) StdoutLine: {'line': b'[ 68%] Built target sc2_bridge_interfaces__rosidl_typesupport_c\n'}
[0.073219] (sc2_bridge_interfaces) StdoutLine: {'line': b'[ 70%] Built target sc2_bridge_interfaces__rosidl_typesupport_fastrtps_cpp\n'}
[0.073836] (sc2_bridge_interfaces) StdoutLine: {'line': b'[ 82%] Built target sc2_bridge_interfaces__rosidl_typesupport_fastrtps_c\n'}
[0.087313] (sc2_bridge_interfaces) StdoutLine: {'line': b'[ 82%] Built target sc2_bridge_interfaces\n'}
[0.099835] (-) TimerEvent: {}
[0.101411] (sc2_bridge_interfaces) StdoutLine: {'line': b'[ 83%] Built target sc2_bridge_interfaces__py\n'}
[0.118967] (sc2_bridge_interfaces) StdoutLine: {'line': b'[ 93%] Built target sc2_bridge_interfaces__rosidl_generator_py\n'}
[0.135152] (sc2_bridge_interfaces) StdoutLine: {'line': b'[100%] Built target sc2_bridge_interfaces__rosidl_typesupport_c__pyext\n'}
[0.135304] (sc2_bridge_interfaces) StdoutLine: {'line': b'[100%] Built target sc2_bridge_interfaces__rosidl_typesupport_fastrtps_c__pyext\n'}
[0.135342] (sc2_bridge_interfaces) StdoutLine: {'line': b'[100%] Built target sc2_bridge_interfaces__rosidl_typesupport_introspection_c__pyext\n'}
[0.185943] (sc2_bridge_interfaces) StdoutLine: {'line': b'running egg_info\n'}
[0.186189] (sc2_bridge_interfaces) StdoutLine: {'line': b'writing sc2_bridge_interfaces.egg-info/PKG-INFO\n'}
[0.186324] (sc2_bridge_interfaces) StdoutLine: {'line': b'writing dependency_links to sc2_bridge_interfaces.egg-info/dependency_links.txt\n'}
[0.186358] (sc2_bridge_interfaces) StdoutLine: {'line': b'writing top-level names to sc2_bridge_interfaces.egg-info/top_level.txt\n'}
[0.187612] (sc2_bridge_interfaces) StdoutLine: {'line': b"reading manifest file 'sc2_bridge_interfaces.egg-info/SOURCES.txt'\n"}
[0.187957] (sc2_bridge_interfaces) StdoutLine: {'line': b"writing manifest file 'sc2_bridge_interfaces.egg-info/SOURCES.txt'\n"}
[0.199896] (-) TimerEvent: {}
[0.203640] (sc2_bridge_interfaces) StdoutLine: {'line': b'[100%] Built target ament_cmake_python_build_sc2_bridge_interfaces_egg\n'}
[0.211588] (sc2_bridge_interfaces) CommandEnded: {'returncode': 0}
[0.212402] (sc2_bridge_interfaces) JobProgress: {'identifier': 'sc2_bridge_interfaces', 'progress': 'install'}
[0.218391] (sc2_bridge_interfaces) Command: {'cmd': ['/usr/bin/cmake', '--install', '/home/ros/ws/ros2_ws/build/sc2_bridge_interfaces'], 'cwd': '/home/ros/ws/ros2_ws/build/sc2_bridge_interfaces', 'env': OrderedDict([('HOSTNAME', '0660052a4a69'), ('SHLVL', '1'), ('LD_LIBRARY_PATH', '/opt/ros/humble/opt/rviz_ogre_vendor/lib:/opt/ros/humble/lib/x86_64-linux-gnu:/opt/ros/humble/lib'), ('HOME', '/home/ros'), ('ROS_PYTHON_VERSION', '3'), ('SC2_MAP', '/root/StarCraftII/Maps/InterloperTest.SC2Map'), ('ROS_DISTRO', 'humble'), ('_', '/usr/bin/colcon'), ('ROS_VERSION', '2'), ('ROS_LOCALHOST_ONLY', '0'), ('PATH', '/opt/ros/humble/bin:/usr/local/sbin:/usr/local/bin:/usr/sbin:/usr/bin:/sbin:/bin'), ('LANG', 'C.UTF-8'), ('AMENT_PREFIX_PATH', '/opt/ros/humble'), ('SC2_HOST', 'sc2-server'), ('PWD', '/home/ros/ws/ros2_ws/build/sc2_bridge_interfaces'), ('LC_ALL', 'C.UTF-8'), ('PYTHONPATH', '/opt/ros/humble/lib/python3.10/site-packages:/opt/ros/humble/local/lib/python3.10/dist-packages'), ('COLCON', '1'), ('SC2_PORT', '8167')]), 'shell': False}
[0.224520] (sc2_bridge_interfaces) StdoutLine: {'line': b'-- Install configuration: ""\n'}
[0.224666] (sc2_bridge_interfaces) StdoutLine: {'line': b'-- Up-to-date: /home/ros/ws/ros2_ws/install/sc2_bridge_interfaces/share/ament_index/resource_index/rosidl_interfaces/sc2_bridge_interfaces\n'}
[0.224701] (sc2_bridge_interfaces) StdoutLine: {'line': b'-- Up-to-date: /home/ros/ws/ros2_ws/install/sc2_bridge_interfaces/include/sc2_bridge_interfaces/sc2_bridge_interfaces\n'}
[0.224737] (sc2_bridge_interfaces) StdoutLine: {'line': b'-- Up-to-date: /home/ros/ws/ros2_ws/install/sc2_bridge_interfaces/include/sc2_bridge_interfaces/sc2_bridge_interfaces/srv\n'}
[0.224767] (sc2_bridge_interfaces) StdoutLine: {'line': b'-- Up-to-date: /home/ros/ws/ros2_ws/install/sc2_bridge_interfaces/include/sc2_bridge_interfaces/sc2_bridge_interfaces/srv/spawn_units.h\n'}
[0.224794] (sc2_bridge_interfaces) StdoutLine: {'line': b'-- Up-to-date: /home/ros/ws/ros2_ws/install/sc2_bridge_interfaces/include/sc2_bridge_interfaces/sc2_bridge_interfaces/srv/detail\n'}
[0.224942] (sc2_bridge_interfaces) StdoutLine: {'line': b'-- Up-to-date: /home/ros/ws/ros2_ws/install/sc2_bridge_interfaces/include/sc2_bridge_interfaces/sc2_bridge_interfaces/srv/detail/kill_units__type_support.h\n'}
[0.224972] (sc2_bridge_interfaces) StdoutLine: {'line': b'-- Up-to-date: /home/ros/ws/ros2_ws/install/sc2_bridge_interfaces/include/sc2_bridge_interfaces/sc2_bridge_interfaces/srv/detail/kill_units__functions.h\n'}
[0.224999] (sc2_bridge_interfaces) StdoutLine: {'line': b'-- Up-to-date: /home/ros/ws/ros2_ws/install/sc2_bridge_interfaces/include/sc2_bridge_interfaces/sc2_bridge_interfaces/srv/detail/kill_units__struct.h\n'}
[0.225026] (sc2_bridge_interfaces) StdoutLine: {'line': b'-- Up-to-date: /home/ros/ws/ros2_ws/install/sc2_bridge_interfaces/include/sc2_bridge_interfaces/sc2_bridge_interfaces/srv/detail/spawn_units__functions.h\n'}
[0.225053] (sc2_bridge_interfaces) StdoutLine: {'line': b'-- Up-to-date: /home/ros/ws/ros2_ws/install/sc2_bridge_interfaces/include/sc2_bridge_interfaces/sc2_bridge_interfaces/srv/detail/kill_units__functions.c\n'}
[0.225079] (sc2_bridge_interfaces) StdoutLine: {'line': b'-- Up-to-date: /home/ros/ws/ros2_ws/install/sc2_bridge_interfaces/include/sc2_bridge_interfaces/sc2_bridge_interfaces/srv/detail/spawn_units__functions.c\n'}
[0.225256] (sc2_bridge_interfaces) StdoutLine: {'line': b'-- Up-to-date: /home/ros/ws/ros2_ws/install/sc2_bridge_interfaces/include/sc2_bridge_interfaces/sc2_bridge_interfaces/srv/detail/spawn_units__type_support.h\n'}
[0.225282] (sc2_bridge_interfaces) StdoutLine: {'line': b'-- Up-to-date: /home/ros/ws/ros2_ws/install/sc2_bridge_interfaces/include/sc2_bridge_interfaces/sc2_bridge_interfaces/srv/detail/spawn_units__struct.h\n'}
[0.225551] (sc2_bridge_interfaces) StdoutLine: {'line': b'-- Up-to-date: /home/ros/ws/ros2_ws/install/sc2_bridge_interfaces/include/sc2_bridge_interfaces/sc2_bridge_interfaces/srv/kill_units.h\n'}
[0.225578] (sc2_bridge_interfaces) StdoutLine: {'line': b'-- Up-to-date: /home/ros/ws/ros2_ws/install/sc2_bridge_interfaces/include/sc2_bridge_interfaces/sc2_bridge_interfaces/msg\n'}
[0.225606] (sc2_bridge_interfaces) StdoutLine: {'line': b'-- Up-to-date: /home/ros/ws/ros2_ws/install/sc2_bridge_interfaces/include/sc2_bridge_interfaces/sc2_bridge_interfaces/msg/rosidl_generator_c__visibility_control.h\n'}
[0.225633] (sc2_bridge_interfaces) StdoutLine: {'line': b'-- Up-to-date: /home/ros/ws/ros2_ws/install/sc2_bridge_interfaces/include/sc2_bridge_interfaces/sc2_bridge_interfaces/msg/contact_mark_array.h\n'}
[0.225660] (sc2_bridge_interfaces) StdoutLine: {'line': b'-- Up-to-date: /home/ros/ws/ros2_ws/install/sc2_bridge_interfaces/include/sc2_bridge_interfaces/sc2_bridge_interfaces/msg/unit_state.h\n'}
[0.225694] (sc2_bridge_interfaces) StdoutLine: {'line': b'-- Up-to-date: /home/ros/ws/ros2_ws/install/sc2_bridge_interfaces/include/sc2_bridge_interfaces/sc2_bridge_interfaces/msg/contact_mark.h\n'}
[0.225756] (sc2_bridge_interfaces) StdoutLine: {'line': b'-- Up-to-date: /home/ros/ws/ros2_ws/install/sc2_bridge_interfaces/include/sc2_bridge_interfaces/sc2_bridge_interfaces/msg/detail\n'}
[0.225782] (sc2_bridge_interfaces) StdoutLine: {'line': b'-- Up-to-date: /home/ros/ws/ros2_ws/install/sc2_bridge_interfaces/include/sc2_bridge_interfaces/sc2_bridge_interfaces/msg/detail/unit_state_array__type_support.h\n'}
[0.225806] (sc2_bridge_interfaces) StdoutLine: {'line': b'-- Up-to-date: /home/ros/ws/ros2_ws/install/sc2_bridge_interfaces/include/sc2_bridge_interfaces/sc2_bridge_interfaces/msg/detail/contact_mark__type_support.h\n'}
[0.225832] (sc2_bridge_interfaces) StdoutLine: {'line': b'-- Up-to-date: /home/ros/ws/ros2_ws/install/sc2_bridge_interfaces/include/sc2_bridge_interfaces/sc2_bridge_interfaces/msg/detail/unit_state_array__functions.h\n'}
[0.225858] (sc2_bridge_interfaces) StdoutLine: {'line': b'-- Up-to-date: /home/ros/ws/ros2_ws/install/sc2_bridge_interfaces/include/sc2_bridge_interfaces/sc2_bridge_interfaces/msg/detail/game_info__type_support.h\n'}
[0.225883] (sc2_bridge_interfaces) StdoutLine: {'line': b'-- Up-to-date: /home/ros/ws/ros2_ws/install/sc2_bridge_interfaces/include/sc2_bridge_interfaces/sc2_bridge_interfaces/msg/detail/unit_state__functions.h\n'}
[0.225909] (sc2_bridge_interfaces) StdoutLine: {'line': b'-- Up-to-date: /home/ros/ws/ros2_ws/install/sc2_bridge_interfaces/include/sc2_bridge_interfaces/sc2_bridge_interfaces/msg/detail/unit_state_array__struct.h\n'}
[0.225936] (sc2_bridge_interfaces) StdoutLine: {'line': b'-- Up-to-date: /home/ros/ws/ros2_ws/install/sc2_bridge_interfaces/include/sc2_bridge_interfaces/sc2_bridge_interfaces/msg/detail/game_info__functions.h\n'}
[0.225967] (sc2_bridge_interfaces) StdoutLine: {'line': b'-- Up-to-date: /home/ros/ws/ros2_ws/install/sc2_bridge_interfaces/include/sc2_bridge_interfaces/sc2_bridge_interfaces/msg/detail/game_info__struct.h\n'}
[0.225996] (sc2_bridge_interfaces) StdoutLine: {'line': b'-- Up-to-date: /home/ros/ws/ros2_ws/install/sc2_bridge_interfaces/include/sc2_bridge_interfaces/sc2_bridge_interfaces/msg/detail/unit_state_array__functions.c\n'}
[0.226023] (sc2_bridge_interfaces) StdoutLine: {'line': b'-- Up-to-date: /home/ros/ws/ros2_ws/install/sc2_bridge_interfaces/include/sc2_bridge_interfaces/sc2_bridge_interfaces/msg/detail/unit_state__type_support.h\n'}
[0.226049] (sc2_bridge_interfaces) StdoutLine: {'line': b'-- Up-to-date: /home/ros/ws/ros2_ws/install/sc2_bridge_interfaces/include/sc2_bridge_interfaces/sc2_bridge_interfaces/msg/detail/contact_mark_array__struct.h\n'}
[0.226154] (sc2_bridge_interfaces) StdoutLine: {'line': b'-- Up-to-date: /home/ros/ws/ros2_ws/install/sc2_bridge_interfaces/include/sc2_bridge_interfaces/sc2_bridge_interfaces/msg/detail/contact_mark__struct.h\n'}
[0.226183] (sc2_bridge_interfaces) StdoutLine: {'line': b'-- Up-to-date: /home/ros/ws/ros2_ws/install/sc2_bridge_interfaces/include/sc2_bridge_interfaces/sc2_bridge_interfaces/msg/detail/contact_mark_array__type_support.h\n'}
[0.226212] (sc2_bridge_interfaces) StdoutLine: {'line': b'-- Up-to-date: /home/ros/ws/ros2_ws/install/sc2_bridge_interfaces/include/sc2_bridge_interfaces/sc2_bridge_interfaces/msg/detail/contact_mark__functions.h\n'}
[0.226239] (sc2_bridge_interfaces) StdoutLine: {'line': b'-- Up-to-date: /home/ros/ws/ros2_ws/install/sc2_bridge_interfaces/include/sc2_bridge_interfaces/sc2_bridge_interfaces/msg/detail/contact_mark_array__functions.h\n'}
[0.226265] (sc2_bridge_interfaces) StdoutLine: {'line': b'-- Up-to-date: /home/ros/ws/ros2_ws/install/sc2_bridge_interfaces/include/sc2_bridge_interfaces/sc2_bridge_interfaces/msg/detail/unit_state__struct.h\n'}
[0.226293] (sc2_bridge_interfaces) StdoutLine: {'line': b'-- Up-to-date: /home/ros/ws/ros2_ws/install/sc2_bridge_interfaces/include/sc2_bridge_interfaces/sc2_bridge_interfaces/msg/detail/contact_mark__functions.c\n'}
[0.226318] (sc2_bridge_interfaces) StdoutLine: {'line': b'-- Up-to-date: /home/ros/ws/ros2_ws/install/sc2_bridge_interfaces/include/sc2_bridge_interfaces/sc2_bridge_interfaces/msg/detail/unit_state__functions.c\n'}
[0.226420] (sc2_bridge_interfaces) StdoutLine: {'line': b'-- Up-to-date: /home/ros/ws/ros2_ws/install/sc2_bridge_interfaces/include/sc2_bridge_interfaces/sc2_bridge_interfaces/msg/detail/contact_mark_array__functions.c\n'}
[0.226447] (sc2_bridge_interfaces) StdoutLine: {'line': b'-- Up-to-date: /home/ros/ws/ros2_ws/install/sc2_bridge_interfaces/include/sc2_bridge_interfaces/sc2_bridge_interfaces/msg/detail/game_info__functions.c\n'}
[0.226472] (sc2_bridge_interfaces) StdoutLine: {'line': b'-- Up-to-date: /home/ros/ws/ros2_ws/install/sc2_bridge_interfaces/include/sc2_bridge_interfaces/sc2_bridge_interfaces/msg/game_info.h\n'}
[0.226498] (sc2_bridge_interfaces) StdoutLine: {'line': b'-- Up-to-date: /home/ros/ws/ros2_ws/install/sc2_bridge_interfaces/include/sc2_bridge_interfaces/sc2_bridge_interfaces/msg/unit_state_array.h\n'}
[0.226524] (sc2_bridge_interfaces) StdoutLine: {'line': b'-- Up-to-date: /home/ros/ws/ros2_ws/install/sc2_bridge_interfaces/include/sc2_bridge_interfaces/sc2_bridge_interfaces/action\n'}
[0.226550] (sc2_bridge_interfaces) StdoutLine: {'line': b'-- Up-to-date: /home/ros/ws/ros2_ws/install/sc2_bridge_interfaces/include/sc2_bridge_interfaces/sc2_bridge_interfaces/action/attack.h\n'}
[0.226575] (sc2_bridge_interfaces) StdoutLine: {'line': b'-- Up-to-date: /home/ros/ws/ros2_ws/install/sc2_bridge_interfaces/include/sc2_bridge_interfaces/sc2_bridge_interfaces/action/detail\n'}
[0.226600] (sc2_bridge_interfaces) StdoutLine: {'line': b'-- Up-to-date: /home/ros/ws/ros2_ws/install/sc2_bridge_interfaces/include/sc2_bridge_interfaces/sc2_bridge_interfaces/action/detail/attack__struct.h\n'}
[0.226757] (sc2_bridge_interfaces) StdoutLine: {'line': b'-- Up-to-date: /home/ros/ws/ros2_ws/install/sc2_bridge_interfaces/include/sc2_bridge_interfaces/sc2_bridge_interfaces/action/detail/move__functions.h\n'}
[0.226783] (sc2_bridge_interfaces) StdoutLine: {'line': b'-- Up-to-date: /home/ros/ws/ros2_ws/install/sc2_bridge_interfaces/include/sc2_bridge_interfaces/sc2_bridge_interfaces/action/detail/move__type_support.h\n'}
[0.226806] (sc2_bridge_interfaces) StdoutLine: {'line': b'-- Up-to-date: /home/ros/ws/ros2_ws/install/sc2_bridge_interfaces/include/sc2_bridge_interfaces/sc2_bridge_interfaces/action/detail/move__functions.c\n'}
[0.226830] (sc2_bridge_interfaces) StdoutLine: {'line': b'-- Up-to-date: /home/ros/ws/ros2_ws/install/sc2_bridge_interfaces/include/sc2_bridge_interfaces/sc2_bridge_interfaces/action/detail/move__struct.h\n'}
[0.226856] (sc2_bridge_interfaces) StdoutLine: {'line': b'-- Up-to-date: /home/ros/ws/ros2_ws/install/sc2_bridge_interfaces/include/sc2_bridge_interfaces/sc2_bridge_interfaces/action/detail/attack__functions.c\n'}
[0.226882] (sc2_bridge_interfaces) StdoutLine: {'line': b'-- Up-to-date: /home/ros/ws/ros2_ws/install/sc2_bridge_interfaces/include/sc2_bridge_interfaces/sc2_bridge_interfaces/action/detail/attack__type_support.h\n'}
[0.226907] (sc2_bridge_interfaces) StdoutLine: {'line': b'-- Up-to-date: /home/ros/ws/ros2_ws/install/sc2_bridge_interfaces/include/sc2_bridge_interfaces/sc2_bridge_interfaces/action/detail/attack__functions.h\n'}
[0.226932] (sc2_bridge_interfaces) StdoutLine: {'line': b'-- Up-to-date: /home/ros/ws/ros2_ws/install/sc2_bridge_interfaces/include/sc2_bridge_interfaces/sc2_bridge_interfaces/action/move.h\n'}
[0.226957] (sc2_bridge_interfaces) StdoutLine: {'line': b'-- Up-to-date: /home/ros/ws/ros2_ws/install/sc2_bridge_interfaces/share/sc2_bridge_interfaces/environment/library_path.sh\n'}
[0.226982] (sc2_bridge_interfaces) StdoutLine: {'line': b'-- Up-to-date: /home/ros/ws/ros2_ws/install/sc2_bridge_interfaces/share/sc2_bridge_interfaces/environment/library_path.dsv\n'}
[0.227007] (sc2_bridge_interfaces) StdoutLine: {'line': b'-- Up-to-date: /home/ros/ws/ros2_ws/install/sc2_bridge_interfaces/lib/libsc2_bridge_interfaces__rosidl_generator_c.so\n'}
[0.227032] (sc2_bridge_interfaces) StdoutLine: {'line': b'-- Up-to-date: /home/ros/ws/ros2_ws/install/sc2_bridge_interfaces/include/sc2_bridge_interfaces/sc2_bridge_interfaces\n'}
[0.227059] (sc2_bridge_interfaces) StdoutLine: {'line': b'-- Up-to-date: /home/ros/ws/ros2_ws/install/sc2_bridge_interfaces/include/sc2_bridge_interfaces/sc2_bridge_interfaces/srv\n'}
[0.227084] (sc2_bridge_interfaces) StdoutLine: {'line': b'-- Up-to-date: /home/ros/ws/ros2_ws/install/sc2_bridge_interfaces/include/sc2_bridge_interfaces/sc2_bridge_interfaces/srv/detail\n'}
[0.227109] (sc2_bridge_interfaces) StdoutLine: {'line': b'-- Up-to-date: /home/ros/ws/ros2_ws/install/sc2_bridge_interfaces/include/sc2_bridge_interfaces/sc2_bridge_interfaces/srv/detail/kill_units__rosidl_typesupport_fastrtps_c.h\n'}
[0.227134] (sc2_bridge_interfaces) StdoutLine: {'line': b'-- Up-to-date: /home/ros/ws/ros2_ws/install/sc2_bridge_interfaces/include/sc2_bridge_interfaces/sc2_bridge_interfaces/srv/detail/spawn_units__rosidl_typesupport_fastrtps_c.h\n'}
[0.227159] (sc2_bridge_interfaces) StdoutLine: {'line': b'-- Up-to-date: /home/ros/ws/ros2_ws/install/sc2_bridge_interfaces/include/sc2_bridge_interfaces/sc2_bridge_interfaces/msg\n'}
[0.227185] (sc2_bridge_interfaces) StdoutLine: {'line': b'-- Up-to-date: /home/ros/ws/ros2_ws/install/sc2_bridge_interfaces/include/sc2_bridge_interfaces/sc2_bridge_interfaces/msg/rosidl_typesupport_fastrtps_c__visibility_control.h\n'}
[0.227211] (sc2_bridge_interfaces) StdoutLine: {'line': b'-- Up-to-date: /home/ros/ws/ros2_ws/install/sc2_bridge_interfaces/include/sc2_bridge_interfaces/sc2_bridge_interfaces/msg/detail\n'}
[0.227236] (sc2_bridge_interfaces) StdoutLine: {'line': b'-- Up-to-date: /home/ros/ws/ros2_ws/install/sc2_bridge_interfaces/include/sc2_bridge_interfaces/sc2_bridge_interfaces/msg/detail/unit_state__rosidl_typesupport_fastrtps_c.h\n'}
[0.227342] (sc2_bridge_interfaces) StdoutLine: {'line': b'-- Up-to-date: /home/ros/ws/ros2_ws/install/sc2_bridge_interfaces/include/sc2_bridge_interfaces/sc2_bridge_interfaces/msg/detail/contact_mark__rosidl_typesupport_fastrtps_c.h\n'}
[0.227511] (sc2_bridge_interfaces) StdoutLine: {'line': b'-- Up-to-date: /home/ros/ws/ros2_ws/install/sc2_bridge_interfaces/include/sc2_bridge_interfaces/sc2_bridge_interfaces/msg/detail/game_info__rosidl_typesupport_fastrtps_c.h\n'}
[0.227566] (sc2_bridge_interfaces) StdoutLine: {'line': b'-- Up-to-date: /home/ros/ws/ros2_ws/install/sc2_bridge_interfaces/include/sc2_bridge_interfaces/sc2_bridge_interfaces/msg/detail/unit_state_array__rosidl_typesupport_fastrtps_c.h\n'}
[0.227611] (sc2_bridge_interfaces) StdoutLine: {'line': b'-- Up-to-date: /home/ros/ws/ros2_ws/install/sc2_bridge_interfaces/include/sc2_bridge_interfaces/sc2_bridge_interfaces/msg/detail/contact_mark_array__rosidl_typesupport_fastrtps_c.h\n'}
[0.227703] (sc2_bridge_interfaces) StdoutLine: {'line': b'-- Up-to-date: /home/ros/ws/ros2_ws/install/sc2_bridge_interfaces/include/sc2_bridge_interfaces/sc2_bridge_interfaces/action\n'}
[0.227846] (sc2_bridge_interfaces) StdoutLine: {'line': b'-- Up-to-date: /home/ros/ws/ros2_ws/install/sc2_bridge_interfaces/include/sc2_bridge_interfaces/sc2_bridge_interfaces/action/detail\n'}
[0.227875] (sc2_bridge_interfaces) StdoutLine: {'line': b'-- Up-to-date: /home/ros/ws/ros2_ws/install/sc2_bridge_interfaces/include/sc2_bridge_interfaces/sc2_bridge_interfaces/action/detail/move__rosidl_typesupport_fastrtps_c.h\n'}
[0.227901] (sc2_bridge_interfaces) StdoutLine: {'line': b'-- Up-to-date: /home/ros/ws/ros2_ws/install/sc2_bridge_interfaces/include/sc2_bridge_interfaces/sc2_bridge_interfaces/action/detail/attack__rosidl_typesupport_fastrtps_c.h\n'}
[0.228086] (sc2_bridge_interfaces) StdoutLine: {'line': b'-- Up-to-date: /home/ros/ws/ros2_ws/install/sc2_bridge_interfaces/lib/libsc2_bridge_interfaces__rosidl_typesupport_fastrtps_c.so\n'}
[0.228112] (sc2_bridge_interfaces) StdoutLine: {'line': b'-- Up-to-date: /home/ros/ws/ros2_ws/install/sc2_bridge_interfaces/include/sc2_bridge_interfaces/sc2_bridge_interfaces\n'}
[0.228140] (sc2_bridge_interfaces) StdoutLine: {'line': b'-- Up-to-date: /home/ros/ws/ros2_ws/install/sc2_bridge_interfaces/include/sc2_bridge_interfaces/sc2_bridge_interfaces/srv\n'}
[0.228165] (sc2_bridge_interfaces) StdoutLine: {'line': b'-- Up-to-date: /home/ros/ws/ros2_ws/install/sc2_bridge_interfaces/include/sc2_bridge_interfaces/sc2_bridge_interfaces/srv/detail\n'}
[0.228191] (sc2_bridge_interfaces) StdoutLine: {'line': b'-- Up-to-date: /home/ros/ws/ros2_ws/install/sc2_bridge_interfaces/include/sc2_bridge_interfaces/sc2_bridge_interfaces/srv/detail/kill_units__rosidl_typesupport_introspection_c.h\n'}
[0.228216] (sc2_bridge_interfaces) StdoutLine: {'line': b'-- Up-to-date: /home/ros/ws/ros2_ws/install/sc2_bridge_interfaces/include/sc2_bridge_interfaces/sc2_bridge_interfaces/srv/detail/kill_units__type_support.c\n'}
[0.228241] (sc2_bridge_interfaces) StdoutLine: {'line': b'-- Up-to-date: /home/ros/ws/ros2_ws/install/sc2_bridge_interfaces/include/sc2_bridge_interfaces/sc2_bridge_interfaces/srv/detail/spawn_units__rosidl_typesupport_introspection_c.h\n'}
[0.228267] (sc2_bridge_interfaces) StdoutLine: {'line': b'-- Up-to-date: /home/ros/ws/ros2_ws/install/sc2_bridge_interfaces/include/sc2_bridge_interfaces/sc2_bridge_interfaces/srv/detail/spawn_units__type_support.c\n'}
[0.228292] (sc2_bridge_interfaces) StdoutLine: {'line': b'-- Up-to-date: /home/ros/ws/ros2_ws/install/sc2_bridge_interfaces/include/sc2_bridge_interfaces/sc2_bridge_interfaces/msg\n'}
[0.228317] (sc2_bridge_interfaces) StdoutLine: {'line': b'-- Up-to-date: /home/ros/ws/ros2_ws/install/sc2_bridge_interfaces/include/sc2_bridge_interfaces/sc2_bridge_interfaces/msg/detail\n'}
[0.228342] (sc2_bridge_interfaces) StdoutLine: {'line': b'-- Up-to-date: /home/ros/ws/ros2_ws/install/sc2_bridge_interfaces/include/sc2_bridge_interfaces/sc2_bridge_interfaces/msg/detail/game_info__rosidl_typesupport_introspection_c.h\n'}
[0.228366] (sc2_bridge_interfaces) StdoutLine: {'line': b'-- Up-to-date: /home/ros/ws/ros2_ws/install/sc2_bridge_interfaces/include/sc2_bridge_interfaces/sc2_bridge_interfaces/msg/detail/contact_mark_array__type_support.c\n'}
[0.228391] (sc2_bridge_interfaces) StdoutLine: {'line': b'-- Up-to-date: /home/ros/ws/ros2_ws/install/sc2_bridge_interfaces/include/sc2_bridge_interfaces/sc2_bridge_interfaces/msg/detail/unit_state__type_support.c\n'}
[0.228416] (sc2_bridge_interfaces) StdoutLine: {'line': b'-- Up-to-date: /home/ros/ws/ros2_ws/install/sc2_bridge_interfaces/include/sc2_bridge_interfaces/sc2_bridge_interfaces/msg/detail/unit_state__rosidl_typesupport_introspection_c.h\n'}
[0.228441] (sc2_bridge_interfaces) StdoutLine: {'line': b'-- Up-to-date: /home/ros/ws/ros2_ws/install/sc2_bridge_interfaces/include/sc2_bridge_interfaces/sc2_bridge_interfaces/msg/detail/contact_mark__rosidl_typesupport_introspection_c.h\n'}
[0.228590] (sc2_bridge_interfaces) StdoutLine: {'line': b'-- Up-to-date: /home/ros/ws/ros2_ws/install/sc2_bridge_interfaces/include/sc2_bridge_interfaces/sc2_bridge_interfaces/msg/detail/contact_mark_array__rosidl_typesupport_introspection_c.h\n'}
[0.228659] (sc2_bridge_interfaces) StdoutLine: {'line': b'-- Up-to-date: /home/ros/ws/ros2_ws/install/sc2_bridge_interfaces/include/sc2_bridge_interfaces/sc2_bridge_interfaces/msg/detail/unit_state_array__type_support.c\n'}
[0.228737] (sc2_bridge_interfaces) StdoutLine: {'line': b'-- Up-to-date: /home/ros/ws/ros2_ws/install/sc2_bridge_interfaces/include/sc2_bridge_interfaces/sc2_bridge_interfaces/msg/detail/contact_mark__type_support.c\n'}
[0.228761] (sc2_bridge_interfaces) StdoutLine: {'line': b'-- Up-to-date: /home/ros/ws/ros2_ws/install/sc2_bridge_interfaces/include/sc2_bridge_interfaces/sc2_bridge_interfaces/msg/detail/game_info__type_support.c\n'}
[0.228785] (sc2_bridge_interfaces) StdoutLine: {'line': b'-- Up-to-date: /home/ros/ws/ros2_ws/install/sc2_bridge_interfaces/include/sc2_bridge_interfaces/sc2_bridge_interfaces/msg/detail/unit_state_array__rosidl_typesupport_introspection_c.h\n'}
[0.228809] (sc2_bridge_interfaces) StdoutLine: {'line': b'-- Up-to-date: /home/ros/ws/ros2_ws/install/sc2_bridge_interfaces/include/sc2_bridge_interfaces/sc2_bridge_interfaces/msg/rosidl_typesupport_introspection_c__visibility_control.h\n'}
[0.228835] (sc2_bridge_interfaces) StdoutLine: {'line': b'-- Up-to-date: /home/ros/ws/ros2_ws/install/sc2_bridge_interfaces/include/sc2_bridge_interfaces/sc2_bridge_interfaces/action\n'}
[0.228897] (sc2_bridge_interfaces) StdoutLine: {'line': b'-- Up-to-date: /home/ros/ws/ros2_ws/install/sc2_bridge_interfaces/include/sc2_bridge_interfaces/sc2_bridge_interfaces/action/detail\n'}
[0.228925] (sc2_bridge_interfaces) StdoutLine: {'line': b'-- Up-to-date: /home/ros/ws/ros2_ws/install/sc2_bridge_interfaces/include/sc2_bridge_interfaces/sc2_bridge_interfaces/action/detail/attack__rosidl_typesupport_introspection_c.h\n'}
[0.228951] (sc2_bridge_interfaces) StdoutLine: {'line': b'-- Up-to-date: /home/ros/ws/ros2_ws/install/sc2_bridge_interfaces/include/sc2_bridge_interfaces/sc2_bridge_interfaces/action/detail/move__type_support.c\n'}
[0.228976] (sc2_bridge_interfaces) StdoutLine: {'line': b'-- Up-to-date: /home/ros/ws/ros2_ws/install/sc2_bridge_interfaces/include/sc2_bridge_interfaces/sc2_bridge_interfaces/action/detail/attack__type_support.c\n'}
[0.229067] (sc2_bridge_interfaces) StdoutLine: {'line': b'-- Up-to-date: /home/ros/ws/ros2_ws/install/sc2_bridge_interfaces/include/sc2_bridge_interfaces/sc2_bridge_interfaces/action/detail/move__rosidl_typesupport_introspection_c.h\n'}
[0.229093] (sc2_bridge_interfaces) StdoutLine: {'line': b'-- Up-to-date: /home/ros/ws/ros2_ws/install/sc2_bridge_interfaces/lib/libsc2_bridge_interfaces__rosidl_typesupport_introspection_c.so\n'}
[0.229118] (sc2_bridge_interfaces) StdoutLine: {'line': b'-- Up-to-date: /home/ros/ws/ros2_ws/install/sc2_bridge_interfaces/lib/libsc2_bridge_interfaces__rosidl_typesupport_c.so\n'}
[0.229143] (sc2_bridge_interfaces) StdoutLine: {'line': b'-- Up-to-date: /home/ros/ws/ros2_ws/install/sc2_bridge_interfaces/include/sc2_bridge_interfaces/sc2_bridge_interfaces\n'}
[0.229170] (sc2_bridge_interfaces) StdoutLine: {'line': b'-- Up-to-date: /home/ros/ws/ros2_ws/install/sc2_bridge_interfaces/include/sc2_bridge_interfaces/sc2_bridge_interfaces/srv\n'}
[0.229196] (sc2_bridge_interfaces) StdoutLine: {'line': b'-- Up-to-date: /home/ros/ws/ros2_ws/install/sc2_bridge_interfaces/include/sc2_bridge_interfaces/sc2_bridge_interfaces/srv/kill_units.hpp\n'}
[0.229222] (sc2_bridge_interfaces) StdoutLine: {'line': b'-- Up-to-date: /home/ros/ws/ros2_ws/install/sc2_bridge_interfaces/include/sc2_bridge_interfaces/sc2_bridge_interfaces/srv/detail\n'}
[0.229248] (sc2_bridge_interfaces) StdoutLine: {'line': b'-- Up-to-date: /home/ros/ws/ros2_ws/install/sc2_bridge_interfaces/include/sc2_bridge_interfaces/sc2_bridge_interfaces/srv/detail/kill_units__struct.hpp\n'}
[0.229360] (sc2_bridge_interfaces) StdoutLine: {'line': b'-- Up-to-date: /home/ros/ws/ros2_ws/install/sc2_bridge_interfaces/include/sc2_bridge_interfaces/sc2_bridge_interfaces/srv/detail/kill_units__traits.hpp\n'}
[0.229388] (sc2_bridge_interfaces) StdoutLine: {'line': b'-- Up-to-date: /home/ros/ws/ros2_ws/install/sc2_bridge_interfaces/include/sc2_bridge_interfaces/sc2_bridge_interfaces/srv/detail/spawn_units__struct.hpp\n'}
[0.229414] (sc2_bridge_interfaces) StdoutLine: {'line': b'-- Up-to-date: /home/ros/ws/ros2_ws/install/sc2_bridge_interfaces/include/sc2_bridge_interfaces/sc2_bridge_interfaces/srv/detail/spawn_units__type_support.hpp\n'}
[0.229440] (sc2_bridge_interfaces) StdoutLine: {'line': b'-- Up-to-date: /home/ros/ws/ros2_ws/install/sc2_bridge_interfaces/include/sc2_bridge_interfaces/sc2_bridge_interfaces/srv/detail/kill_units__builder.hpp\n'}
[0.229466] (sc2_bridge_interfaces) StdoutLine: {'line': b'-- Up-to-date: /home/ros/ws/ros2_ws/install/sc2_bridge_interfaces/include/sc2_bridge_interfaces/sc2_bridge_interfaces/srv/detail/spawn_units__builder.hpp\n'}
[0.229493] (sc2_bridge_interfaces) StdoutLine: {'line': b'-- Up-to-date: /home/ros/ws/ros2_ws/install/sc2_bridge_interfaces/include/sc2_bridge_interfaces/sc2_bridge_interfaces/srv/detail/kill_units__type_support.hpp\n'}
[0.229519] (sc2_bridge_interfaces) StdoutLine: {'line': b'-- Up-to-date: /home/ros/ws/ros2_ws/install/sc2_bridge_interfaces/include/sc2_bridge_interfaces/sc2_bridge_interfaces/srv/detail/spawn_units__traits.hpp\n'}
[0.229544] (sc2_bridge_interfaces) StdoutLine: {'line': b'-- Up-to-date: /home/ros/ws/ros2_ws/install/sc2_bridge_interfaces/include/sc2_bridge_interfaces/sc2_bridge_interfaces/srv/spawn_units.hpp\n'}
[0.229596] (sc2_bridge_interfaces) StdoutLine: {'line': b'-- Up-to-date: /home/ros/ws/ros2_ws/install/sc2_bridge_interfaces/include/sc2_bridge_interfaces/sc2_bridge_interfaces/msg\n'}
[0.229622] (sc2_bridge_interfaces) StdoutLine: {'line': b'-- Up-to-date: /home/ros/ws/ros2_ws/install/sc2_bridge_interfaces/include/sc2_bridge_interfaces/sc2_bridge_interfaces/msg/contact_mark.hpp\n'}
[0.229647] (sc2_bridge_interfaces) StdoutLine: {'line': b'-- Up-to-date: /home/ros/ws/ros2_ws/install/sc2_bridge_interfaces/include/sc2_bridge_interfaces/sc2_bridge_interfaces/msg/game_info.hpp\n'}
[0.229673] (sc2_bridge_interfaces) StdoutLine: {'line': b'-- Up-to-date: /home/ros/ws/ros2_ws/install/sc2_bridge_interfaces/include/sc2_bridge_interfaces/sc2_bridge_interfaces/msg/contact_mark_array.hpp\n'}
[0.229699] (sc2_bridge_interfaces) StdoutLine: {'line': b'-- Up-to-date: /home/ros/ws/ros2_ws/install/sc2_bridge_interfaces/include/sc2_bridge_interfaces/sc2_bridge_interfaces/msg/rosidl_generator_cpp__visibility_control.hpp\n'}
[0.229728] (sc2_bridge_interfaces) StdoutLine: {'line': b'-- Up-to-date: /home/ros/ws/ros2_ws/install/sc2_bridge_interfaces/include/sc2_bridge_interfaces/sc2_bridge_interfaces/msg/unit_state_array.hpp\n'}
[0.229755] (sc2_bridge_interfaces) StdoutLine: {'line': b'-- Up-to-date: /home/ros/ws/ros2_ws/install/sc2_bridge_interfaces/include/sc2_bridge_interfaces/sc2_bridge_interfaces/msg/detail\n'}
[0.229780] (sc2_bridge_interfaces) StdoutLine: {'line': b'-- Up-to-date: /home/ros/ws/ros2_ws/install/sc2_bridge_interfaces/include/sc2_bridge_interfaces/sc2_bridge_interfaces/msg/detail/contact_mark_array__builder.hpp\n'}
[0.229805] (sc2_bridge_interfaces) StdoutLine: {'line': b'-- Up-to-date: /home/ros/ws/ros2_ws/install/sc2_bridge_interfaces/include/sc2_bridge_interfaces/sc2_bridge_interfaces/msg/detail/unit_state_array__struct.hpp\n'}
[0.229831] (sc2_bridge_interfaces) StdoutLine: {'line': b'-- Up-to-date: /home/ros/ws/ros2_ws/install/sc2_bridge_interfaces/include/sc2_bridge_interfaces/sc2_bridge_interfaces/msg/detail/game_info__type_support.hpp\n'}
[0.229858] (sc2_bridge_interfaces) StdoutLine: {'line': b'-- Up-to-date: /home/ros/ws/ros2_ws/install/sc2_bridge_interfaces/include/sc2_bridge_interfaces/sc2_bridge_interfaces/msg/detail/contact_mark_array__struct.hpp\n'}
[0.229883] (sc2_bridge_interfaces) StdoutLine: {'line': b'-- Up-to-date: /home/ros/ws/ros2_ws/install/sc2_bridge_interfaces/include/sc2_bridge_interfaces/sc2_bridge_interfaces/msg/detail/contact_mark__type_support.hpp\n'}
[0.229964] (sc2_bridge_interfaces) StdoutLine: {'line': b'-- Up-to-date: /home/ros/ws/ros2_ws/install/sc2_bridge_interfaces/include/sc2_bridge_interfaces/sc2_bridge_interfaces/msg/detail/game_info__builder.hpp\n'}
[0.229990] (sc2_bridge_interfaces) StdoutLine: {'line': b'-- Up-to-date: /home/ros/ws/ros2_ws/install/sc2_bridge_interfaces/include/sc2_bridge_interfaces/sc2_bridge_interfaces/msg/detail/contact_mark__builder.hpp\n'}
[0.230016] (sc2_bridge_interfaces) StdoutLine: {'line': b'-- Up-to-date: /home/ros/ws/ros2_ws/install/sc2_bridge_interfaces/include/sc2_bridge_interfaces/sc2_bridge_interfaces/msg/detail/unit_state__type_support.hpp\n'}
[0.230041] (sc2_bridge_interfaces) StdoutLine: {'line': b'-- Up-to-date: /home/ros/ws/ros2_ws/install/sc2_bridge_interfaces/include/sc2_bridge_interfaces/sc2_bridge_interfaces/msg/detail/game_info__struct.hpp\n'}
[0.230068] (sc2_bridge_interfaces) StdoutLine: {'line': b'-- Up-to-date: /home/ros/ws/ros2_ws/install/sc2_bridge_interfaces/include/sc2_bridge_interfaces/sc2_bridge_interfaces/msg/detail/contact_mark__struct.hpp\n'}
[0.230093] (sc2_bridge_interfaces) StdoutLine: {'line': b'-- Up-to-date: /home/ros/ws/ros2_ws/install/sc2_bridge_interfaces/include/sc2_bridge_interfaces/sc2_bridge_interfaces/msg/detail/game_info__traits.hpp\n'}
[0.230118] (sc2_bridge_interfaces) StdoutLine: {'line': b'-- Up-to-date: /home/ros/ws/ros2_ws/install/sc2_bridge_interfaces/include/sc2_bridge_interfaces/sc2_bridge_interfaces/msg/detail/unit_state_array__traits.hpp\n'}
[0.230143] (sc2_bridge_interfaces) StdoutLine: {'line': b'-- Up-to-date: /home/ros/ws/ros2_ws/install/sc2_bridge_interfaces/include/sc2_bridge_interfaces/sc2_bridge_interfaces/msg/detail/unit_state_array__builder.hpp\n'}
[0.230168] (sc2_bridge_interfaces) StdoutLine: {'line': b'-- Up-to-date: /home/ros/ws/ros2_ws/install/sc2_bridge_interfaces/include/sc2_bridge_interfaces/sc2_bridge_interfaces/msg/detail/unit_state_array__type_support.hpp\n'}
[0.230192] (sc2_bridge_interfaces) StdoutLine: {'line': b'-- Up-to-date: /home/ros/ws/ros2_ws/install/sc2_bridge_interfaces/include/sc2_bridge_interfaces/sc2_bridge_interfaces/msg/detail/contact_mark_array__type_support.hpp\n'}
[0.230217] (sc2_bridge_interfaces) StdoutLine: {'line': b'-- Up-to-date: /home/ros/ws/ros2_ws/install/sc2_bridge_interfaces/include/sc2_bridge_interfaces/sc2_bridge_interfaces/msg/detail/contact_mark_array__traits.hpp\n'}
[0.230242] (sc2_bridge_interfaces) StdoutLine: {'line': b'-- Up-to-date: /home/ros/ws/ros2_ws/install/sc2_bridge_interfaces/include/sc2_bridge_interfaces/sc2_bridge_interfaces/msg/detail/unit_state__struct.hpp\n'}
[0.230267] (sc2_bridge_interfaces) StdoutLine: {'line': b'-- Up-to-date: /home/ros/ws/ros2_ws/install/sc2_bridge_interfaces/include/sc2_bridge_interfaces/sc2_bridge_interfaces/msg/detail/unit_state__builder.hpp\n'}
[0.230356] (sc2_bridge_interfaces) StdoutLine: {'line': b'-- Up-to-date: /home/ros/ws/ros2_ws/install/sc2_bridge_interfaces/include/sc2_bridge_interfaces/sc2_bridge_interfaces/msg/detail/unit_state__traits.hpp\n'}
[0.230382] (sc2_bridge_interfaces) StdoutLine: {'line': b'-- Up-to-date: /home/ros/ws/ros2_ws/install/sc2_bridge_interfaces/include/sc2_bridge_interfaces/sc2_bridge_interfaces/msg/detail/contact_mark__traits.hpp\n'}
[0.230407] (sc2_bridge_interfaces) StdoutLine: {'line': b'-- Up-to-date: /home/ros/ws/ros2_ws/install/sc2_bridge_interfaces/include/sc2_bridge_interfaces/sc2_bridge_interfaces/msg/unit_state.hpp\n'}
[0.230432] (sc2_bridge_interfaces) StdoutLine: {'line': b'-- Up-to-date: /home/ros/ws/ros2_ws/install/sc2_bridge_interfaces/include/sc2_bridge_interfaces/sc2_bridge_interfaces/action\n'}
[0.230457] (sc2_bridge_interfaces) StdoutLine: {'line': b'-- Up-to-date: /home/ros/ws/ros2_ws/install/sc2_bridge_interfaces/include/sc2_bridge_interfaces/sc2_bridge_interfaces/action/attack.hpp\n'}
[0.230482] (sc2_bridge_interfaces) StdoutLine: {'line': b'-- Up-to-date: /home/ros/ws/ros2_ws/install/sc2_bridge_interfaces/include/sc2_bridge_interfaces/sc2_bridge_interfaces/action/move.hpp\n'}
[0.230594] (sc2_bridge_interfaces) StdoutLine: {'line': b'-- Up-to-date: /home/ros/ws/ros2_ws/install/sc2_bridge_interfaces/include/sc2_bridge_interfaces/sc2_bridge_interfaces/action/detail\n'}
[0.230620] (sc2_bridge_interfaces) StdoutLine: {'line': b'-- Up-to-date: /home/ros/ws/ros2_ws/install/sc2_bridge_interfaces/include/sc2_bridge_interfaces/sc2_bridge_interfaces/action/detail/move__builder.hpp\n'}
[0.230645] (sc2_bridge_interfaces) StdoutLine: {'line': b'-- Up-to-date: /home/ros/ws/ros2_ws/install/sc2_bridge_interfaces/include/sc2_bridge_interfaces/sc2_bridge_interfaces/action/detail/attack__type_support.hpp\n'}
[0.230670] (sc2_bridge_interfaces) StdoutLine: {'line': b'-- Up-to-date: /home/ros/ws/ros2_ws/install/sc2_bridge_interfaces/include/sc2_bridge_interfaces/sc2_bridge_interfaces/action/detail/move__struct.hpp\n'}
[0.230695] (sc2_bridge_interfaces) StdoutLine: {'line': b'-- Up-to-date: /home/ros/ws/ros2_ws/install/sc2_bridge_interfaces/include/sc2_bridge_interfaces/sc2_bridge_interfaces/action/detail/move__traits.hpp\n'}
[0.230724] (sc2_bridge_interfaces) StdoutLine: {'line': b'-- Up-to-date: /home/ros/ws/ros2_ws/install/sc2_bridge_interfaces/include/sc2_bridge_interfaces/sc2_bridge_interfaces/action/detail/attack__traits.hpp\n'}
[0.230752] (sc2_bridge_interfaces) StdoutLine: {'line': b'-- Up-to-date: /home/ros/ws/ros2_ws/install/sc2_bridge_interfaces/include/sc2_bridge_interfaces/sc2_bridge_interfaces/action/detail/attack__builder.hpp\n'}
[0.230777] (sc2_bridge_interfaces) StdoutLine: {'line': b'-- Up-to-date: /home/ros/ws/ros2_ws/install/sc2_bridge_interfaces/include/sc2_bridge_interfaces/sc2_bridge_interfaces/action/detail/move__type_support.hpp\n'}
[0.230836] (sc2_bridge_interfaces) StdoutLine: {'line': b'-- Up-to-date: /home/ros/ws/ros2_ws/install/sc2_bridge_interfaces/include/sc2_bridge_interfaces/sc2_bridge_interfaces/action/detail/attack__struct.hpp\n'}
[0.230860] (sc2_bridge_interfaces) StdoutLine: {'line': b'-- Up-to-date: /home/ros/ws/ros2_ws/install/sc2_bridge_interfaces/include/sc2_bridge_interfaces/sc2_bridge_interfaces\n'}
[0.230883] (sc2_bridge_interfaces) StdoutLine: {'line': b'-- Up-to-date: /home/ros/ws/ros2_ws/install/sc2_bridge_interfaces/include/sc2_bridge_interfaces/sc2_bridge_interfaces/srv\n'}
[0.230907] (sc2_bridge_interfaces) StdoutLine: {'line': b'-- Up-to-date: /home/ros/ws/ros2_ws/install/sc2_bridge_interfaces/include/sc2_bridge_interfaces/sc2_bridge_interfaces/srv/detail\n'}
[0.230930] (sc2_bridge_interfaces) StdoutLine: {'line': b'-- Up-to-date: /home/ros/ws/ros2_ws/install/sc2_bridge_interfaces/include/sc2_bridge_interfaces/sc2_bridge_interfaces/srv/detail/spawn_units__rosidl_typesupport_fastrtps_cpp.hpp\n'}
[0.230953] (sc2_bridge_interfaces) StdoutLine: {'line': b'-- Up-to-date: /home/ros/ws/ros2_ws/install/sc2_bridge_interfaces/include/sc2_bridge_interfaces/sc2_bridge_interfaces/srv/detail/dds_fastrtps\n'}
[0.230977] (sc2_bridge_interfaces) StdoutLine: {'line': b'-- Up-to-date: /home/ros/ws/ros2_ws/install/sc2_bridge_interfaces/include/sc2_bridge_interfaces/sc2_bridge_interfaces/srv/detail/kill_units__rosidl_typesupport_fastrtps_cpp.hpp\n'}
[0.231006] (sc2_bridge_interfaces) StdoutLine: {'line': b'-- Up-to-date: /home/ros/ws/ros2_ws/install/sc2_bridge_interfaces/include/sc2_bridge_interfaces/sc2_bridge_interfaces/msg\n'}
[0.231032] (sc2_bridge_interfaces) StdoutLine: {'line': b'-- Up-to-date: /home/ros/ws/ros2_ws/install/sc2_bridge_interfaces/include/sc2_bridge_interfaces/sc2_bridge_interfaces/msg/detail\n'}
[0.231055] (sc2_bridge_interfaces) StdoutLine: {'line': b'-- Up-to-date: /home/ros/ws/ros2_ws/install/sc2_bridge_interfaces/include/sc2_bridge_interfaces/sc2_bridge_interfaces/msg/detail/contact_mark__rosidl_typesupport_fastrtps_cpp.hpp\n'}
[0.231079] (sc2_bridge_interfaces) StdoutLine: {'line': b'-- Up-to-date: /home/ros/ws/ros2_ws/install/sc2_bridge_interfaces/include/sc2_bridge_interfaces/sc2_bridge_interfaces/msg/detail/unit_state__rosidl_typesupport_fastrtps_cpp.hpp\n'}
[0.231103] (sc2_bridge_interfaces) StdoutLine: {'line': b'-- Up-to-date: /home/ros/ws/ros2_ws/install/sc2_bridge_interfaces/include/sc2_bridge_interfaces/sc2_bridge_interfaces/msg/detail/contact_mark_array__rosidl_typesupport_fastrtps_cpp.hpp\n'}
[0.231126] (sc2_bridge_interfaces) StdoutLine: {'line': b'-- Up-to-date: /home/ros/ws/ros2_ws/install/sc2_bridge_interfaces/include/sc2_bridge_interfaces/sc2_bridge_interfaces/msg/detail/game_info__rosidl_typesupport_fastrtps_cpp.hpp\n'}
[0.231149] (sc2_bridge_interfaces) StdoutLine: {'line': b'-- Up-to-date: /home/ros/ws/ros2_ws/install/sc2_bridge_interfaces/include/sc2_bridge_interfaces/sc2_bridge_interfaces/msg/detail/dds_fastrtps\n'}
[0.231172] (sc2_bridge_interfaces) StdoutLine: {'line': b'-- Up-to-date: /home/ros/ws/ros2_ws/install/sc2_bridge_interfaces/include/sc2_bridge_interfaces/sc2_bridge_interfaces/msg/detail/unit_state_array__rosidl_typesupport_fastrtps_cpp.hpp\n'}
[0.231195] (sc2_bridge_interfaces) StdoutLine: {'line': b'-- Up-to-date: /home/ros/ws/ros2_ws/install/sc2_bridge_interfaces/include/sc2_bridge_interfaces/sc2_bridge_interfaces/msg/rosidl_typesupport_fastrtps_cpp__visibility_control.h\n'}
[0.231218] (sc2_bridge_interfaces) StdoutLine: {'line': b'-- Up-to-date: /home/ros/ws/ros2_ws/install/sc2_bridge_interfaces/include/sc2_bridge_interfaces/sc2_bridge_interfaces/action\n'}
[0.231241] (sc2_bridge_interfaces) StdoutLine: {'line': b'-- Up-to-date: /home/ros/ws/ros2_ws/install/sc2_bridge_interfaces/include/sc2_bridge_interfaces/sc2_bridge_interfaces/action/detail\n'}
[0.231264] (sc2_bridge_interfaces) StdoutLine: {'line': b'-- Up-to-date: /home/ros/ws/ros2_ws/install/sc2_bridge_interfaces/include/sc2_bridge_interfaces/sc2_bridge_interfaces/action/detail/attack__rosidl_typesupport_fastrtps_cpp.hpp\n'}
[0.231286] (sc2_bridge_interfaces) StdoutLine: {'line': b'-- Up-to-date: /home/ros/ws/ros2_ws/install/sc2_bridge_interfaces/include/sc2_bridge_interfaces/sc2_bridge_interfaces/action/detail/move__rosidl_typesupport_fastrtps_cpp.hpp\n'}
[0.231309] (sc2_bridge_interfaces) StdoutLine: {'line': b'-- Up-to-date: /home/ros/ws/ros2_ws/install/sc2_bridge_interfaces/include/sc2_bridge_interfaces/sc2_bridge_interfaces/action/detail/dds_fastrtps\n'}
[0.231332] (sc2_bridge_interfaces) StdoutLine: {'line': b'-- Up-to-date: /home/ros/ws/ros2_ws/install/sc2_bridge_interfaces/lib/libsc2_bridge_interfaces__rosidl_typesupport_fastrtps_cpp.so\n'}
[0.231355] (sc2_bridge_interfaces) StdoutLine: {'line': b'-- Up-to-date: /home/ros/ws/ros2_ws/install/sc2_bridge_interfaces/include/sc2_bridge_interfaces/sc2_bridge_interfaces\n'}
[0.231378] (sc2_bridge_interfaces) StdoutLine: {'line': b'-- Up-to-date: /home/ros/ws/ros2_ws/install/sc2_bridge_interfaces/include/sc2_bridge_interfaces/sc2_bridge_interfaces/srv\n'}
[0.231401] (sc2_bridge_interfaces) StdoutLine: {'line': b'-- Up-to-date: /home/ros/ws/ros2_ws/install/sc2_bridge_interfaces/include/sc2_bridge_interfaces/sc2_bridge_interfaces/srv/detail\n'}
[0.231423] (sc2_bridge_interfaces) StdoutLine: {'line': b'-- Up-to-date: /home/ros/ws/ros2_ws/install/sc2_bridge_interfaces/include/sc2_bridge_interfaces/sc2_bridge_interfaces/srv/detail/kill_units__type_support.cpp\n'}
[0.231447] (sc2_bridge_interfaces) StdoutLine: {'line': b'-- Up-to-date: /home/ros/ws/ros2_ws/install/sc2_bridge_interfaces/include/sc2_bridge_interfaces/sc2_bridge_interfaces/srv/detail/spawn_units__rosidl_typesupport_introspection_cpp.hpp\n'}
[0.231472] (sc2_bridge_interfaces) StdoutLine: {'line': b'-- Up-to-date: /home/ros/ws/ros2_ws/install/sc2_bridge_interfaces/include/sc2_bridge_interfaces/sc2_bridge_interfaces/srv/detail/kill_units__rosidl_typesupport_introspection_cpp.hpp\n'}
[0.231496] (sc2_bridge_interfaces) StdoutLine: {'line': b'-- Up-to-date: /home/ros/ws/ros2_ws/install/sc2_bridge_interfaces/include/sc2_bridge_interfaces/sc2_bridge_interfaces/srv/detail/spawn_units__type_support.cpp\n'}
[0.231518] (sc2_bridge_interfaces) StdoutLine: {'line': b'-- Up-to-date: /home/ros/ws/ros2_ws/install/sc2_bridge_interfaces/include/sc2_bridge_interfaces/sc2_bridge_interfaces/msg\n'}
[0.231542] (sc2_bridge_interfaces) StdoutLine: {'line': b'-- Up-to-date: /home/ros/ws/ros2_ws/install/sc2_bridge_interfaces/include/sc2_bridge_interfaces/sc2_bridge_interfaces/msg/detail\n'}
[0.231565] (sc2_bridge_interfaces) StdoutLine: {'line': b'-- Up-to-date: /home/ros/ws/ros2_ws/install/sc2_bridge_interfaces/include/sc2_bridge_interfaces/sc2_bridge_interfaces/msg/detail/game_info__rosidl_typesupport_introspection_cpp.hpp\n'}
[0.231588] (sc2_bridge_interfaces) StdoutLine: {'line': b'-- Up-to-date: /home/ros/ws/ros2_ws/install/sc2_bridge_interfaces/include/sc2_bridge_interfaces/sc2_bridge_interfaces/msg/detail/unit_state__rosidl_typesupport_introspection_cpp.hpp\n'}
[0.231611] (sc2_bridge_interfaces) StdoutLine: {'line': b'-- Up-to-date: /home/ros/ws/ros2_ws/install/sc2_bridge_interfaces/include/sc2_bridge_interfaces/sc2_bridge_interfaces/msg/detail/contact_mark__type_support.cpp\n'}
[0.231634] (sc2_bridge_interfaces) StdoutLine: {'line': b'-- Up-to-date: /home/ros/ws/ros2_ws/install/sc2_bridge_interfaces/include/sc2_bridge_interfaces/sc2_bridge_interfaces/msg/detail/unit_state__type_support.cpp\n'}
[0.231657] (sc2_bridge_interfaces) StdoutLine: {'line': b'-- Up-to-date: /home/ros/ws/ros2_ws/install/sc2_bridge_interfaces/include/sc2_bridge_interfaces/sc2_bridge_interfaces/msg/detail/game_info__type_support.cpp\n'}
[0.231679] (sc2_bridge_interfaces) StdoutLine: {'line': b'-- Up-to-date: /home/ros/ws/ros2_ws/install/sc2_bridge_interfaces/include/sc2_bridge_interfaces/sc2_bridge_interfaces/msg/detail/unit_state_array__rosidl_typesupport_introspection_cpp.hpp\n'}
[0.231704] (sc2_bridge_interfaces) StdoutLine: {'line': b'-- Up-to-date: /home/ros/ws/ros2_ws/install/sc2_bridge_interfaces/include/sc2_bridge_interfaces/sc2_bridge_interfaces/msg/detail/contact_mark_array__rosidl_typesupport_introspection_cpp.hpp\n'}
[0.231732] (sc2_bridge_interfaces) StdoutLine: {'line': b'-- Up-to-date: /home/ros/ws/ros2_ws/install/sc2_bridge_interfaces/include/sc2_bridge_interfaces/sc2_bridge_interfaces/msg/detail/contact_mark_array__type_support.cpp\n'}
[0.231756] (sc2_bridge_interfaces) StdoutLine: {'line': b'-- Up-to-date: /home/ros/ws/ros2_ws/install/sc2_bridge_interfaces/include/sc2_bridge_interfaces/sc2_bridge_interfaces/msg/detail/unit_state_array__type_support.cpp\n'}
[0.231779] (sc2_bridge_interfaces) StdoutLine: {'line': b'-- Up-to-date: /home/ros/ws/ros2_ws/install/sc2_bridge_interfaces/include/sc2_bridge_interfaces/sc2_bridge_interfaces/msg/detail/contact_mark__rosidl_typesupport_introspection_cpp.hpp\n'}
[0.231802] (sc2_bridge_interfaces) StdoutLine: {'line': b'-- Up-to-date: /home/ros/ws/ros2_ws/install/sc2_bridge_interfaces/include/sc2_bridge_interfaces/sc2_bridge_interfaces/action\n'}
[0.231824] (sc2_bridge_interfaces) StdoutLine: {'line': b'-- Up-to-date: /home/ros/ws/ros2_ws/install/sc2_bridge_interfaces/include/sc2_bridge_interfaces/sc2_bridge_interfaces/action/detail\n'}
[0.231847] (sc2_bridge_interfaces) StdoutLine: {'line': b'-- Up-to-date: /home/ros/ws/ros2_ws/install/sc2_bridge_interfaces/include/sc2_bridge_interfaces/sc2_bridge_interfaces/action/detail/attack__rosidl_typesupport_introspection_cpp.hpp\n'}
[0.231870] (sc2_bridge_interfaces) StdoutLine: {'line': b'-- Up-to-date: /home/ros/ws/ros2_ws/install/sc2_bridge_interfaces/include/sc2_bridge_interfaces/sc2_bridge_interfaces/action/detail/move__type_support.cpp\n'}
[0.231892] (sc2_bridge_interfaces) StdoutLine: {'line': b'-- Up-to-date: /home/ros/ws/ros2_ws/install/sc2_bridge_interfaces/include/sc2_bridge_interfaces/sc2_bridge_interfaces/action/detail/move__rosidl_typesupport_introspection_cpp.hpp\n'}
[0.231915] (sc2_bridge_interfaces) StdoutLine: {'line': b'-- Up-to-date: /home/ros/ws/ros2_ws/install/sc2_bridge_interfaces/include/sc2_bridge_interfaces/sc2_bridge_interfaces/action/detail/attack__type_support.cpp\n'}
[0.231938] (sc2_bridge_interfaces) StdoutLine: {'line': b'-- Up-to-date: /home/ros/ws/ros2_ws/install/sc2_bridge_interfaces/lib/libsc2_bridge_interfaces__rosidl_typesupport_introspection_cpp.so\n'}
[0.231961] (sc2_bridge_interfaces) StdoutLine: {'line': b'-- Up-to-date: /home/ros/ws/ros2_ws/install/sc2_bridge_interfaces/lib/libsc2_bridge_interfaces__rosidl_typesupport_cpp.so\n'}
[0.231985] (sc2_bridge_interfaces) StdoutLine: {'line': b'-- Up-to-date: /home/ros/ws/ros2_ws/install/sc2_bridge_interfaces/share/sc2_bridge_interfaces/environment/pythonpath.sh\n'}
[0.232007] (sc2_bridge_interfaces) StdoutLine: {'line': b'-- Up-to-date: /home/ros/ws/ros2_ws/install/sc2_bridge_interfaces/share/sc2_bridge_interfaces/environment/pythonpath.dsv\n'}
[0.232030] (sc2_bridge_interfaces) StdoutLine: {'line': b'-- Up-to-date: /home/ros/ws/ros2_ws/install/sc2_bridge_interfaces/local/lib/python3.10/dist-packages/sc2_bridge_interfaces-0.1.0-py3.10.egg-info\n'}
[0.232053] (sc2_bridge_interfaces) StdoutLine: {'line': b'-- Installing: /home/ros/ws/ros2_ws/install/sc2_bridge_interfaces/local/lib/python3.10/dist-packages/sc2_bridge_interfaces-0.1.0-py3.10.egg-info/top_level.txt\n'}
[0.232085] (sc2_bridge_interfaces) StdoutLine: {'line': b'-- Installing: /home/ros/ws/ros2_ws/install/sc2_bridge_interfaces/local/lib/python3.10/dist-packages/sc2_bridge_interfaces-0.1.0-py3.10.egg-info/SOURCES.txt\n'}
[0.232110] (sc2_bridge_interfaces) StdoutLine: {'line': b'-- Installing: /home/ros/ws/ros2_ws/install/sc2_bridge_interfaces/local/lib/python3.10/dist-packages/sc2_bridge_interfaces-0.1.0-py3.10.egg-info/dependency_links.txt\n'}
[0.232133] (sc2_bridge_interfaces) StdoutLine: {'line': b'-- Installing: /home/ros/ws/ros2_ws/install/sc2_bridge_interfaces/local/lib/python3.10/dist-packages/sc2_bridge_interfaces-0.1.0-py3.10.egg-info/PKG-INFO\n'}
[0.232156] (sc2_bridge_interfaces) StdoutLine: {'line': b'-- Up-to-date: /home/ros/ws/ros2_ws/install/sc2_bridge_interfaces/local/lib/python3.10/dist-packages/sc2_bridge_interfaces\n'}
[0.232179] (sc2_bridge_interfaces) StdoutLine: {'line': b'-- Up-to-date: /home/ros/ws/ros2_ws/install/sc2_bridge_interfaces/local/lib/python3.10/dist-packages/sc2_bridge_interfaces/sc2_bridge_interfaces_s__rosidl_typesupport_fastrtps_c.cpython-310-x86_64-linux-gnu.so\n'}
[0.232204] (sc2_bridge_interfaces) StdoutLine: {'line': b'-- Up-to-date: /home/ros/ws/ros2_ws/install/sc2_bridge_interfaces/local/lib/python3.10/dist-packages/sc2_bridge_interfaces/sc2_bridge_interfaces_s__rosidl_typesupport_introspection_c.cpython-310-x86_64-linux-gnu.so\n'}
[0.232227] (sc2_bridge_interfaces) StdoutLine: {'line': b'-- Up-to-date: /home/ros/ws/ros2_ws/install/sc2_bridge_interfaces/local/lib/python3.10/dist-packages/sc2_bridge_interfaces/_sc2_bridge_interfaces_s.ep.rosidl_typesupport_c.c\n'}
[0.232250] (sc2_bridge_interfaces) StdoutLine: {'line': b'-- Up-to-date: /home/ros/ws/ros2_ws/install/sc2_bridge_interfaces/local/lib/python3.10/dist-packages/sc2_bridge_interfaces/srv\n'}
[0.232273] (sc2_bridge_interfaces) StdoutLine: {'line': b'-- Up-to-date: /home/ros/ws/ros2_ws/install/sc2_bridge_interfaces/local/lib/python3.10/dist-packages/sc2_bridge_interfaces/srv/_kill_units_s.c\n'}
[0.232297] (sc2_bridge_interfaces) StdoutLine: {'line': b'-- Up-to-date: /home/ros/ws/ros2_ws/install/sc2_bridge_interfaces/local/lib/python3.10/dist-packages/sc2_bridge_interfaces/srv/_kill_units.py\n'}
[0.232320] (sc2_bridge_interfaces) StdoutLine: {'line': b'-- Up-to-date: /home/ros/ws/ros2_ws/install/sc2_bridge_interfaces/local/lib/python3.10/dist-packages/sc2_bridge_interfaces/srv/_spawn_units.py\n'}
[0.232343] (sc2_bridge_interfaces) StdoutLine: {'line': b'-- Up-to-date: /home/ros/ws/ros2_ws/install/sc2_bridge_interfaces/local/lib/python3.10/dist-packages/sc2_bridge_interfaces/srv/_spawn_units_s.c\n'}
[0.232365] (sc2_bridge_interfaces) StdoutLine: {'line': b'-- Up-to-date: /home/ros/ws/ros2_ws/install/sc2_bridge_interfaces/local/lib/python3.10/dist-packages/sc2_bridge_interfaces/srv/__init__.py\n'}
[0.232388] (sc2_bridge_interfaces) StdoutLine: {'line': b'-- Up-to-date: /home/ros/ws/ros2_ws/install/sc2_bridge_interfaces/local/lib/python3.10/dist-packages/sc2_bridge_interfaces/sc2_bridge_interfaces_s__rosidl_typesupport_c.cpython-310-x86_64-linux-gnu.so\n'}
[0.232412] (sc2_bridge_interfaces) StdoutLine: {'line': b'-- Up-to-date: /home/ros/ws/ros2_ws/install/sc2_bridge_interfaces/local/lib/python3.10/dist-packages/sc2_bridge_interfaces/msg\n'}
[0.232436] (sc2_bridge_interfaces) StdoutLine: {'line': b'-- Up-to-date: /home/ros/ws/ros2_ws/install/sc2_bridge_interfaces/local/lib/python3.10/dist-packages/sc2_bridge_interfaces/msg/_unit_state_array_s.c\n'}
[0.232459] (sc2_bridge_interfaces) StdoutLine: {'line': b'-- Up-to-date: /home/ros/ws/ros2_ws/install/sc2_bridge_interfaces/local/lib/python3.10/dist-packages/sc2_bridge_interfaces/msg/_contact_mark_array.py\n'}
[0.232481] (sc2_bridge_interfaces) StdoutLine: {'line': b'-- Up-to-date: /home/ros/ws/ros2_ws/install/sc2_bridge_interfaces/local/lib/python3.10/dist-packages/sc2_bridge_interfaces/msg/_contact_mark_s.c\n'}
[0.232504] (sc2_bridge_interfaces) StdoutLine: {'line': b'-- Up-to-date: /home/ros/ws/ros2_ws/install/sc2_bridge_interfaces/local/lib/python3.10/dist-packages/sc2_bridge_interfaces/msg/__init__.py\n'}
[0.232527] (sc2_bridge_interfaces) StdoutLine: {'line': b'-- Up-to-date: /home/ros/ws/ros2_ws/install/sc2_bridge_interfaces/local/lib/python3.10/dist-packages/sc2_bridge_interfaces/msg/_unit_state.py\n'}
[0.232550] (sc2_bridge_interfaces) StdoutLine: {'line': b'-- Up-to-date: /home/ros/ws/ros2_ws/install/sc2_bridge_interfaces/local/lib/python3.10/dist-packages/sc2_bridge_interfaces/msg/_game_info_s.c\n'}
[0.232572] (sc2_bridge_interfaces) StdoutLine: {'line': b'-- Up-to-date: /home/ros/ws/ros2_ws/install/sc2_bridge_interfaces/local/lib/python3.10/dist-packages/sc2_bridge_interfaces/msg/_unit_state_array.py\n'}
[0.232595] (sc2_bridge_interfaces) StdoutLine: {'line': b'-- Up-to-date: /home/ros/ws/ros2_ws/install/sc2_bridge_interfaces/local/lib/python3.10/dist-packages/sc2_bridge_interfaces/msg/_contact_mark_array_s.c\n'}
[0.232617] (sc2_bridge_interfaces) StdoutLine: {'line': b'-- Up-to-date: /home/ros/ws/ros2_ws/install/sc2_bridge_interfaces/local/lib/python3.10/dist-packages/sc2_bridge_interfaces/msg/_game_info.py\n'}
[0.232640] (sc2_bridge_interfaces) StdoutLine: {'line': b'-- Up-to-date: /home/ros/ws/ros2_ws/install/sc2_bridge_interfaces/local/lib/python3.10/dist-packages/sc2_bridge_interfaces/msg/_contact_mark.py\n'}
[0.232663] (sc2_bridge_interfaces) StdoutLine: {'line': b'-- Up-to-date: /home/ros/ws/ros2_ws/install/sc2_bridge_interfaces/local/lib/python3.10/dist-packages/sc2_bridge_interfaces/msg/_unit_state_s.c\n'}
[0.232686] (sc2_bridge_interfaces) StdoutLine: {'line': b'-- Up-to-date: /home/ros/ws/ros2_ws/install/sc2_bridge_interfaces/local/lib/python3.10/dist-packages/sc2_bridge_interfaces/libsc2_bridge_interfaces__rosidl_generator_py.so\n'}
[0.232711] (sc2_bridge_interfaces) StdoutLine: {'line': b'-- Up-to-date: /home/ros/ws/ros2_ws/install/sc2_bridge_interfaces/local/lib/python3.10/dist-packages/sc2_bridge_interfaces/__init__.py\n'}
[0.232740] (sc2_bridge_interfaces) StdoutLine: {'line': b'-- Up-to-date: /home/ros/ws/ros2_ws/install/sc2_bridge_interfaces/local/lib/python3.10/dist-packages/sc2_bridge_interfaces/_sc2_bridge_interfaces_s.ep.rosidl_typesupport_introspection_c.c\n'}
[0.232763] (sc2_bridge_interfaces) StdoutLine: {'line': b'-- Up-to-date: /home/ros/ws/ros2_ws/install/sc2_bridge_interfaces/local/lib/python3.10/dist-packages/sc2_bridge_interfaces/action\n'}
[0.232786] (sc2_bridge_interfaces) StdoutLine: {'line': b'-- Up-to-date: /home/ros/ws/ros2_ws/install/sc2_bridge_interfaces/local/lib/python3.10/dist-packages/sc2_bridge_interfaces/action/__init__.py\n'}
[0.232809] (sc2_bridge_interfaces) StdoutLine: {'line': b'-- Up-to-date: /home/ros/ws/ros2_ws/install/sc2_bridge_interfaces/local/lib/python3.10/dist-packages/sc2_bridge_interfaces/action/_attack_s.c\n'}
[0.232831] (sc2_bridge_interfaces) StdoutLine: {'line': b'-- Up-to-date: /home/ros/ws/ros2_ws/install/sc2_bridge_interfaces/local/lib/python3.10/dist-packages/sc2_bridge_interfaces/action/_move.py\n'}
[0.232854] (sc2_bridge_interfaces) StdoutLine: {'line': b'-- Up-to-date: /home/ros/ws/ros2_ws/install/sc2_bridge_interfaces/local/lib/python3.10/dist-packages/sc2_bridge_interfaces/action/_attack.py\n'}
[0.232878] (sc2_bridge_interfaces) StdoutLine: {'line': b'-- Up-to-date: /home/ros/ws/ros2_ws/install/sc2_bridge_interfaces/local/lib/python3.10/dist-packages/sc2_bridge_interfaces/action/_move_s.c\n'}
[0.232900] (sc2_bridge_interfaces) StdoutLine: {'line': b'-- Up-to-date: /home/ros/ws/ros2_ws/install/sc2_bridge_interfaces/local/lib/python3.10/dist-packages/sc2_bridge_interfaces/_sc2_bridge_interfaces_s.ep.rosidl_typesupport_fastrtps_c.c\n'}
[0.252947] (sc2_bridge_interfaces) StdoutLine: {'line': b"Listing '/home/ros/ws/ros2_ws/install/sc2_bridge_interfaces/local/lib/python3.10/dist-packages/sc2_bridge_interfaces'...\n"}
[0.252994] (sc2_bridge_interfaces) StdoutLine: {'line': b"Listing '/home/ros/ws/ros2_ws/install/sc2_bridge_interfaces/local/lib/python3.10/dist-packages/sc2_bridge_interfaces/action'...\n"}
[0.253018] (sc2_bridge_interfaces) StdoutLine: {'line': b"Listing '/home/ros/ws/ros2_ws/install/sc2_bridge_interfaces/local/lib/python3.10/dist-packages/sc2_bridge_interfaces/msg'...\n"}
[0.253042] (sc2_bridge_interfaces) StdoutLine: {'line': b"Listing '/home/ros/ws/ros2_ws/install/sc2_bridge_interfaces/local/lib/python3.10/dist-packages/sc2_bridge_interfaces/srv'...\n"}
[0.255266] (sc2_bridge_interfaces) StdoutLine: {'line': b'-- Up-to-date: /home/ros/ws/ros2_ws/install/sc2_bridge_interfaces/local/lib/python3.10/dist-packages/sc2_bridge_interfaces/sc2_bridge_interfaces_s__rosidl_typesupport_fastrtps_c.cpython-310-x86_64-linux-gnu.so\n'}
[0.255366] (sc2_bridge_interfaces) StdoutLine: {'line': b'-- Up-to-date: /home/ros/ws/ros2_ws/install/sc2_bridge_interfaces/local/lib/python3.10/dist-packages/sc2_bridge_interfaces/sc2_bridge_interfaces_s__rosidl_typesupport_introspection_c.cpython-310-x86_64-linux-gnu.so\n'}
[0.255449] (sc2_bridge_interfaces) StdoutLine: {'line': b'-- Up-to-date: /home/ros/ws/ros2_ws/install/sc2_bridge_interfaces/local/lib/python3.10/dist-packages/sc2_bridge_interfaces/sc2_bridge_interfaces_s__rosidl_typesupport_c.cpython-310-x86_64-linux-gnu.so\n'}
[0.255537] (sc2_bridge_interfaces) StdoutLine: {'line': b'-- Up-to-date: /home/ros/ws/ros2_ws/install/sc2_bridge_interfaces/lib/libsc2_bridge_interfaces__rosidl_generator_py.so\n'}
[0.255856] (sc2_bridge_interfaces) StdoutLine: {'line': b'-- Up-to-date: /home/ros/ws/ros2_ws/install/sc2_bridge_interfaces/share/ament_index/resource_index/rust_packages/sc2_bridge_interfaces\n'}
[0.255889] (sc2_bridge_interfaces) StdoutLine: {'line': b'-- Up-to-date: /home/ros/ws/ros2_ws/install/sc2_bridge_interfaces/share/sc2_bridge_interfaces/rust\n'}
[0.255917] (sc2_bridge_interfaces) StdoutLine: {'line': b'-- Up-to-date: /home/ros/ws/ros2_ws/install/sc2_bridge_interfaces/share/sc2_bridge_interfaces/rust/build.rs\n'}
[0.255944] (sc2_bridge_interfaces) StdoutLine: {'line': b'-- Up-to-date: /home/ros/ws/ros2_ws/install/sc2_bridge_interfaces/share/sc2_bridge_interfaces/rust/src\n'}
[0.255970] (sc2_bridge_interfaces) StdoutLine: {'line': b'-- Up-to-date: /home/ros/ws/ros2_ws/install/sc2_bridge_interfaces/share/sc2_bridge_interfaces/rust/src/srv.rs\n'}
[0.255996] (sc2_bridge_interfaces) StdoutLine: {'line': b'-- Up-to-date: /home/ros/ws/ros2_ws/install/sc2_bridge_interfaces/share/sc2_bridge_interfaces/rust/src/srv\n'}
[0.256023] (sc2_bridge_interfaces) StdoutLine: {'line': b'-- Up-to-date: /home/ros/ws/ros2_ws/install/sc2_bridge_interfaces/share/sc2_bridge_interfaces/rust/src/srv/rmw.rs\n'}
[0.256050] (sc2_bridge_interfaces) StdoutLine: {'line': b'-- Up-to-date: /home/ros/ws/ros2_ws/install/sc2_bridge_interfaces/share/sc2_bridge_interfaces/rust/src/msg\n'}
[0.256076] (sc2_bridge_interfaces) StdoutLine: {'line': b'-- Up-to-date: /home/ros/ws/ros2_ws/install/sc2_bridge_interfaces/share/sc2_bridge_interfaces/rust/src/msg/rmw.rs\n'}
[0.256101] (sc2_bridge_interfaces) StdoutLine: {'line': b'-- Up-to-date: /home/ros/ws/ros2_ws/install/sc2_bridge_interfaces/share/sc2_bridge_interfaces/rust/src/lib.rs\n'}
[0.256127] (sc2_bridge_interfaces) StdoutLine: {'line': b'-- Up-to-date: /home/ros/ws/ros2_ws/install/sc2_bridge_interfaces/share/sc2_bridge_interfaces/rust/src/action\n'}
[0.256176] (sc2_bridge_interfaces) StdoutLine: {'line': b'-- Up-to-date: /home/ros/ws/ros2_ws/install/sc2_bridge_interfaces/share/sc2_bridge_interfaces/rust/src/action/rmw.rs\n'}
[0.256202] (sc2_bridge_interfaces) StdoutLine: {'line': b'-- Up-to-date: /home/ros/ws/ros2_ws/install/sc2_bridge_interfaces/share/sc2_bridge_interfaces/rust/src/action.rs\n'}
[0.256228] (sc2_bridge_interfaces) StdoutLine: {'line': b'-- Up-to-date: /home/ros/ws/ros2_ws/install/sc2_bridge_interfaces/share/sc2_bridge_interfaces/rust/src/msg.rs\n'}
[0.256335] (sc2_bridge_interfaces) StdoutLine: {'line': b'-- Up-to-date: /home/ros/ws/ros2_ws/install/sc2_bridge_interfaces/share/sc2_bridge_interfaces/rust/Cargo.toml\n'}
[0.256362] (sc2_bridge_interfaces) StdoutLine: {'line': b'-- Up-to-date: /home/ros/ws/ros2_ws/install/sc2_bridge_interfaces/share/sc2_bridge_interfaces/msg/ContactMark.idl\n'}
[0.256388] (sc2_bridge_interfaces) StdoutLine: {'line': b'-- Up-to-date: /home/ros/ws/ros2_ws/install/sc2_bridge_interfaces/share/sc2_bridge_interfaces/msg/ContactMarkArray.idl\n'}
[0.256414] (sc2_bridge_interfaces) StdoutLine: {'line': b'-- Up-to-date: /home/ros/ws/ros2_ws/install/sc2_bridge_interfaces/share/sc2_bridge_interfaces/msg/GameInfo.idl\n'}
[0.256440] (sc2_bridge_interfaces) StdoutLine: {'line': b'-- Up-to-date: /home/ros/ws/ros2_ws/install/sc2_bridge_interfaces/share/sc2_bridge_interfaces/msg/UnitState.idl\n'}
[0.256466] (sc2_bridge_interfaces) StdoutLine: {'line': b'-- Up-to-date: /home/ros/ws/ros2_ws/install/sc2_bridge_interfaces/share/sc2_bridge_interfaces/msg/UnitStateArray.idl\n'}
[0.256501] (sc2_bridge_interfaces) StdoutLine: {'line': b'-- Up-to-date: /home/ros/ws/ros2_ws/install/sc2_bridge_interfaces/share/sc2_bridge_interfaces/srv/KillUnits.idl\n'}
[0.256531] (sc2_bridge_interfaces) StdoutLine: {'line': b'-- Up-to-date: /home/ros/ws/ros2_ws/install/sc2_bridge_interfaces/share/sc2_bridge_interfaces/srv/SpawnUnits.idl\n'}
[0.256572] (sc2_bridge_interfaces) StdoutLine: {'line': b'-- Up-to-date: /home/ros/ws/ros2_ws/install/sc2_bridge_interfaces/share/sc2_bridge_interfaces/action/Attack.idl\n'}
[0.256600] (sc2_bridge_interfaces) StdoutLine: {'line': b'-- Up-to-date: /home/ros/ws/ros2_ws/install/sc2_bridge_interfaces/share/sc2_bridge_interfaces/action/Move.idl\n'}
[0.256626] (sc2_bridge_interfaces) StdoutLine: {'line': b'-- Up-to-date: /home/ros/ws/ros2_ws/install/sc2_bridge_interfaces/share/sc2_bridge_interfaces/msg/ContactMark.msg\n'}
[0.256652] (sc2_bridge_interfaces) StdoutLine: {'line': b'-- Up-to-date: /home/ros/ws/ros2_ws/install/sc2_bridge_interfaces/share/sc2_bridge_interfaces/msg/ContactMarkArray.msg\n'}
[0.256679] (sc2_bridge_interfaces) StdoutLine: {'line': b'-- Up-to-date: /home/ros/ws/ros2_ws/install/sc2_bridge_interfaces/share/sc2_bridge_interfaces/msg/GameInfo.msg\n'}
[0.256706] (sc2_bridge_interfaces) StdoutLine: {'line': b'-- Up-to-date: /home/ros/ws/ros2_ws/install/sc2_bridge_interfaces/share/sc2_bridge_interfaces/msg/UnitState.msg\n'}
[0.256734] (sc2_bridge_interfaces) StdoutLine: {'line': b'-- Up-to-date: /home/ros/ws/ros2_ws/install/sc2_bridge_interfaces/share/sc2_bridge_interfaces/msg/UnitStateArray.msg\n'}
[0.256760] (sc2_bridge_interfaces) StdoutLine: {'line': b'-- Up-to-date: /home/ros/ws/ros2_ws/install/sc2_bridge_interfaces/share/sc2_bridge_interfaces/srv/KillUnits.srv\n'}
[0.256786] (sc2_bridge_interfaces) StdoutLine: {'line': b'-- Up-to-date: /home/ros/ws/ros2_ws/install/sc2_bridge_interfaces/share/sc2_bridge_interfaces/srv/KillUnits_Request.msg\n'}
[0.256811] (sc2_bridge_interfaces) StdoutLine: {'line': b'-- Up-to-date: /home/ros/ws/ros2_ws/install/sc2_bridge_interfaces/share/sc2_bridge_interfaces/srv/KillUnits_Response.msg\n'}
[0.256837] (sc2_bridge_interfaces) StdoutLine: {'line': b'-- Up-to-date: /home/ros/ws/ros2_ws/install/sc2_bridge_interfaces/share/sc2_bridge_interfaces/srv/SpawnUnits.srv\n'}
[0.256863] (sc2_bridge_interfaces) StdoutLine: {'line': b'-- Up-to-date: /home/ros/ws/ros2_ws/install/sc2_bridge_interfaces/share/sc2_bridge_interfaces/srv/SpawnUnits_Request.msg\n'}
[0.256889] (sc2_bridge_interfaces) StdoutLine: {'line': b'-- Up-to-date: /home/ros/ws/ros2_ws/install/sc2_bridge_interfaces/share/sc2_bridge_interfaces/srv/SpawnUnits_Response.msg\n'}
[0.256973] (sc2_bridge_interfaces) StdoutLine: {'line': b'-- Up-to-date: /home/ros/ws/ros2_ws/install/sc2_bridge_interfaces/share/sc2_bridge_interfaces/action/Attack.action\n'}
[0.257000] (sc2_bridge_interfaces) StdoutLine: {'line': b'-- Up-to-date: /home/ros/ws/ros2_ws/install/sc2_bridge_interfaces/share/sc2_bridge_interfaces/action/Move.action\n'}
[0.257026] (sc2_bridge_interfaces) StdoutLine: {'line': b'-- Up-to-date: /home/ros/ws/ros2_ws/install/sc2_bridge_interfaces/share/ament_index/resource_index/package_run_dependencies/sc2_bridge_interfaces\n'}
[0.257053] (sc2_bridge_interfaces) StdoutLine: {'line': b'-- Up-to-date: /home/ros/ws/ros2_ws/install/sc2_bridge_interfaces/share/ament_index/resource_index/parent_prefix_path/sc2_bridge_interfaces\n'}
[0.257078] (sc2_bridge_interfaces) StdoutLine: {'line': b'-- Up-to-date: /home/ros/ws/ros2_ws/install/sc2_bridge_interfaces/share/sc2_bridge_interfaces/environment/ament_prefix_path.sh\n'}
[0.257104] (sc2_bridge_interfaces) StdoutLine: {'line': b'-- Up-to-date: /home/ros/ws/ros2_ws/install/sc2_bridge_interfaces/share/sc2_bridge_interfaces/environment/ament_prefix_path.dsv\n'}
[0.257130] (sc2_bridge_interfaces) StdoutLine: {'line': b'-- Up-to-date: /home/ros/ws/ros2_ws/install/sc2_bridge_interfaces/share/sc2_bridge_interfaces/environment/path.sh\n'}
[0.257155] (sc2_bridge_interfaces) StdoutLine: {'line': b'-- Up-to-date: /home/ros/ws/ros2_ws/install/sc2_bridge_interfaces/share/sc2_bridge_interfaces/environment/path.dsv\n'}
[0.257181] (sc2_bridge_interfaces) StdoutLine: {'line': b'-- Up-to-date: /home/ros/ws/ros2_ws/install/sc2_bridge_interfaces/share/sc2_bridge_interfaces/local_setup.bash\n'}
[0.257207] (sc2_bridge_interfaces) StdoutLine: {'line': b'-- Up-to-date: /home/ros/ws/ros2_ws/install/sc2_bridge_interfaces/share/sc2_bridge_interfaces/local_setup.sh\n'}
[0.257233] (sc2_bridge_interfaces) StdoutLine: {'line': b'-- Up-to-date: /home/ros/ws/ros2_ws/install/sc2_bridge_interfaces/share/sc2_bridge_interfaces/local_setup.zsh\n'}
[0.257260] (sc2_bridge_interfaces) StdoutLine: {'line': b'-- Up-to-date: /home/ros/ws/ros2_ws/install/sc2_bridge_interfaces/share/sc2_bridge_interfaces/local_setup.dsv\n'}
[0.257286] (sc2_bridge_interfaces) StdoutLine: {'line': b'-- Installing: /home/ros/ws/ros2_ws/install/sc2_bridge_interfaces/share/sc2_bridge_interfaces/package.dsv\n'}
[0.257312] (sc2_bridge_interfaces) StdoutLine: {'line': b'-- Up-to-date: /home/ros/ws/ros2_ws/install/sc2_bridge_interfaces/share/ament_index/resource_index/packages/sc2_bridge_interfaces\n'}
[0.257383] (sc2_bridge_interfaces) StdoutLine: {'line': b'-- Up-to-date: /home/ros/ws/ros2_ws/install/sc2_bridge_interfaces/share/sc2_bridge_interfaces/cmake/export_sc2_bridge_interfaces__rosidl_generator_cExport.cmake\n'}
[0.257412] (sc2_bridge_interfaces) StdoutLine: {'line': b'-- Up-to-date: /home/ros/ws/ros2_ws/install/sc2_bridge_interfaces/share/sc2_bridge_interfaces/cmake/export_sc2_bridge_interfaces__rosidl_generator_cExport-noconfig.cmake\n'}
[0.257439] (sc2_bridge_interfaces) StdoutLine: {'line': b'-- Up-to-date: /home/ros/ws/ros2_ws/install/sc2_bridge_interfaces/share/sc2_bridge_interfaces/cmake/export_sc2_bridge_interfaces__rosidl_typesupport_fastrtps_cExport.cmake\n'}
[0.257466] (sc2_bridge_interfaces) StdoutLine: {'line': b'-- Up-to-date: /home/ros/ws/ros2_ws/install/sc2_bridge_interfaces/share/sc2_bridge_interfaces/cmake/export_sc2_bridge_interfaces__rosidl_typesupport_fastrtps_cExport-noconfig.cmake\n'}
[0.257524] (sc2_bridge_interfaces) StdoutLine: {'line': b'-- Up-to-date: /home/ros/ws/ros2_ws/install/sc2_bridge_interfaces/share/sc2_bridge_interfaces/cmake/sc2_bridge_interfaces__rosidl_typesupport_introspection_cExport.cmake\n'}
[0.257559] (sc2_bridge_interfaces) StdoutLine: {'line': b'-- Up-to-date: /home/ros/ws/ros2_ws/install/sc2_bridge_interfaces/share/sc2_bridge_interfaces/cmake/sc2_bridge_interfaces__rosidl_typesupport_introspection_cExport-noconfig.cmake\n'}
[0.257619] (sc2_bridge_interfaces) StdoutLine: {'line': b'-- Up-to-date: /home/ros/ws/ros2_ws/install/sc2_bridge_interfaces/share/sc2_bridge_interfaces/cmake/sc2_bridge_interfaces__rosidl_typesupport_cExport.cmake\n'}
[0.257646] (sc2_bridge_interfaces) StdoutLine: {'line': b'-- Up-to-date: /home/ros/ws/ros2_ws/install/sc2_bridge_interfaces/share/sc2_bridge_interfaces/cmake/sc2_bridge_interfaces__rosidl_typesupport_cExport-noconfig.cmake\n'}
[0.257672] (sc2_bridge_interfaces) StdoutLine: {'line': b'-- Up-to-date: /home/ros/ws/ros2_ws/install/sc2_bridge_interfaces/share/sc2_bridge_interfaces/cmake/export_sc2_bridge_interfaces__rosidl_generator_cppExport.cmake\n'}
[0.257698] (sc2_bridge_interfaces) StdoutLine: {'line': b'-- Up-to-date: /home/ros/ws/ros2_ws/install/sc2_bridge_interfaces/share/sc2_bridge_interfaces/cmake/export_sc2_bridge_interfaces__rosidl_typesupport_fastrtps_cppExport.cmake\n'}
[0.257748] (sc2_bridge_interfaces) StdoutLine: {'line': b'-- Up-to-date: /home/ros/ws/ros2_ws/install/sc2_bridge_interfaces/share/sc2_bridge_interfaces/cmake/export_sc2_bridge_interfaces__rosidl_typesupport_fastrtps_cppExport-noconfig.cmake\n'}
[0.257778] (sc2_bridge_interfaces) StdoutLine: {'line': b'-- Up-to-date: /home/ros/ws/ros2_ws/install/sc2_bridge_interfaces/share/sc2_bridge_interfaces/cmake/sc2_bridge_interfaces__rosidl_typesupport_introspection_cppExport.cmake\n'}
[0.257804] (sc2_bridge_interfaces) StdoutLine: {'line': b'-- Up-to-date: /home/ros/ws/ros2_ws/install/sc2_bridge_interfaces/share/sc2_bridge_interfaces/cmake/sc2_bridge_interfaces__rosidl_typesupport_introspection_cppExport-noconfig.cmake\n'}
[0.257866] (sc2_bridge_interfaces) StdoutLine: {'line': b'-- Up-to-date: /home/ros/ws/ros2_ws/install/sc2_bridge_interfaces/share/sc2_bridge_interfaces/cmake/sc2_bridge_interfaces__rosidl_typesupport_cppExport.cmake\n'}
[0.257898] (sc2_bridge_interfaces) StdoutLine: {'line': b'-- Up-to-date: /home/ros/ws/ros2_ws/install/sc2_bridge_interfaces/share/sc2_bridge_interfaces/cmake/sc2_bridge_interfaces__rosidl_typesupport_cppExport-noconfig.cmake\n'}
[0.257925] (sc2_bridge_interfaces) StdoutLine: {'line': b'-- Up-to-date: /home/ros/ws/ros2_ws/install/sc2_bridge_interfaces/share/sc2_bridge_interfaces/cmake/export_sc2_bridge_interfaces__rosidl_generator_pyExport.cmake\n'}
[0.257987] (sc2_bridge_interfaces) StdoutLine: {'line': b'-- Up-to-date: /home/ros/ws/ros2_ws/install/sc2_bridge_interfaces/share/sc2_bridge_interfaces/cmake/export_sc2_bridge_interfaces__rosidl_generator_pyExport-noconfig.cmake\n'}
[0.258018] (sc2_bridge_interfaces) StdoutLine: {'line': b'-- Up-to-date: /home/ros/ws/ros2_ws/install/sc2_bridge_interfaces/share/sc2_bridge_interfaces/cmake/rosidl_cmake-extras.cmake\n'}
[0.258045] (sc2_bridge_interfaces) StdoutLine: {'line': b'-- Up-to-date: /home/ros/ws/ros2_ws/install/sc2_bridge_interfaces/share/sc2_bridge_interfaces/cmake/ament_cmake_export_dependencies-extras.cmake\n'}
[0.258071] (sc2_bridge_interfaces) StdoutLine: {'line': b'-- Up-to-date: /home/ros/ws/ros2_ws/install/sc2_bridge_interfaces/share/sc2_bridge_interfaces/cmake/ament_cmake_export_include_directories-extras.cmake\n'}
[0.258097] (sc2_bridge_interfaces) StdoutLine: {'line': b'-- Up-to-date: /home/ros/ws/ros2_ws/install/sc2_bridge_interfaces/share/sc2_bridge_interfaces/cmake/ament_cmake_export_libraries-extras.cmake\n'}
[0.258159] (sc2_bridge_interfaces) StdoutLine: {'line': b'-- Up-to-date: /home/ros/ws/ros2_ws/install/sc2_bridge_interfaces/share/sc2_bridge_interfaces/cmake/ament_cmake_export_targets-extras.cmake\n'}
[0.258186] (sc2_bridge_interfaces) StdoutLine: {'line': b'-- Up-to-date: /home/ros/ws/ros2_ws/install/sc2_bridge_interfaces/share/sc2_bridge_interfaces/cmake/rosidl_cmake_export_typesupport_targets-extras.cmake\n'}
[0.258209] (sc2_bridge_interfaces) StdoutLine: {'line': b'-- Up-to-date: /home/ros/ws/ros2_ws/install/sc2_bridge_interfaces/share/sc2_bridge_interfaces/cmake/rosidl_cmake_export_typesupport_libraries-extras.cmake\n'}
[0.258232] (sc2_bridge_interfaces) StdoutLine: {'line': b'-- Up-to-date: /home/ros/ws/ros2_ws/install/sc2_bridge_interfaces/share/sc2_bridge_interfaces/cmake/sc2_bridge_interfacesConfig.cmake\n'}
[0.258258] (sc2_bridge_interfaces) StdoutLine: {'line': b'-- Up-to-date: /home/ros/ws/ros2_ws/install/sc2_bridge_interfaces/share/sc2_bridge_interfaces/cmake/sc2_bridge_interfacesConfig-version.cmake\n'}
[0.258281] (sc2_bridge_interfaces) StdoutLine: {'line': b'-- Up-to-date: /home/ros/ws/ros2_ws/install/sc2_bridge_interfaces/share/sc2_bridge_interfaces/package.xml\n'}
[0.259340] (sc2_bridge_interfaces) CommandEnded: {'returncode': 0}
[0.278432] (sc2_bridge_interfaces) JobEnded: {'identifier': 'sc2_bridge_interfaces', 'rc': 0}
[0.279139] (sc2_bridge) JobStarted: {'identifier': 'sc2_bridge'}
[0.299978] (-) TimerEvent: {}
[0.400089] (-) TimerEvent: {}
[0.500224] (-) TimerEvent: {}
[0.552138] (sc2_bridge) Command: {'cmd': ['/usr/bin/python3', '-W', 'ignore:setup.py install is deprecated', '-W', 'ignore:easy_install command is deprecated', 'setup.py', 'develop', '--editable', '--build-directory', '/home/ros/ws/ros2_ws/build/sc2_bridge/build', '--no-deps', 'symlink_data'], 'cwd': '/home/ros/ws/ros2_ws/build/sc2_bridge', 'env': {'HOSTNAME': '0660052a4a69', 'ROS_PACKAGE_PATH': '/home/ros/ws/ros2_ws/install/sc2_bridge_interfaces/share', 'SHLVL': '1', 'LD_LIBRARY_PATH': '/home/ros/ws/ros2_ws/install/sc2_bridge_interfaces/lib:/opt/ros/humble/opt/rviz_ogre_vendor/lib:/opt/ros/humble/lib/x86_64-linux-gnu:/opt/ros/humble/lib', 'HOME': '/home/ros', 'ROS_PYTHON_VERSION': '3', 'SC2_MAP': '/root/StarCraftII/Maps/InterloperTest.SC2Map', 'ROS_DISTRO': 'humble', '_': '/usr/bin/colcon', 'ROS_VERSION': '2', 'PKG_CONFIG_PATH': '/home/ros/ws/ros2_ws/install/sc2_bridge_interfaces/lib/x86_64-linux-gnu/pkgconfig:/home/ros/ws/ros2_ws/install/sc2_bridge_interfaces/lib/pkgconfig', 'ROS_LOCALHOST_ONLY': '0', 'PATH': '/opt/ros/humble/bin:/usr/local/sbin:/usr/local/bin:/usr/sbin:/usr/bin:/sbin:/bin', 'LANG': 'C.UTF-8', 'AMENT_PREFIX_PATH': '/opt/ros/humble', 'SC2_HOST': 'sc2-server', 'PWD': '/home/ros/ws/ros2_ws/build/sc2_bridge', 'LC_ALL': 'C.UTF-8', 'PYTHONPATH': '/home/ros/ws/ros2_ws/build/sc2_bridge/prefix_override:/usr/lib/python3/dist-packages/colcon_core/task/python/colcon_distutils_commands:/home/ros/ws/ros2_ws/install/sc2_bridge/lib/python3.10/site-packages:/home/ros/ws/ros2_ws/install/sc2_bridge_interfaces/local/lib/python3.10/dist-packages:/opt/ros/humble/lib/python3.10/site-packages:/opt/ros/humble/local/lib/python3.10/dist-packages', 'COLCON': '1', 'SC2_PORT': '8167', 'CMAKE_PREFIX_PATH': '/home/ros/ws/ros2_ws/install/sc2_bridge_interfaces'}, 'shell': False}
[0.600309] (-) TimerEvent: {}
[0.673475] (sc2_bridge) StdoutLine: {'line': b'running develop\n'}
[0.700381] (-) TimerEvent: {}
[0.720562] (sc2_bridge) StdoutLine: {'line': b'running egg_info\n'}
[0.720668] (sc2_bridge) StdoutLine: {'line': b'writing sc2_bridge.egg-info/PKG-INFO\n'}
[0.720876] (sc2_bridge) StdoutLine: {'line': b'writing dependency_links to sc2_bridge.egg-info/dependency_links.txt\n'}
[0.720932] (sc2_bridge) StdoutLine: {'line': b'writing entry points to sc2_bridge.egg-info/entry_points.txt\n'}
[0.720975] (sc2_bridge) StdoutLine: {'line': b'writing requirements to sc2_bridge.egg-info/requires.txt\n'}
[0.721015] (sc2_bridge) StdoutLine: {'line': b'writing top-level names to sc2_bridge.egg-info/top_level.txt\n'}
[0.721695] (sc2_bridge) StdoutLine: {'line': b"reading manifest file 'sc2_bridge.egg-info/SOURCES.txt'\n"}
[0.722052] (sc2_bridge) StdoutLine: {'line': b"writing manifest file 'sc2_bridge.egg-info/SOURCES.txt'\n"}
[0.722684] (sc2_bridge) StdoutLine: {'line': b'running build_ext\n'}
[0.722796] (sc2_bridge) StdoutLine: {'line': b'Creating /home/ros/ws/ros2_ws/install/sc2_bridge/lib/python3.10/site-packages/sc2-bridge.egg-link (link to .)\n'}
[0.723150] (sc2_bridge) StdoutLine: {'line': b'Installing sc2_bridge_node script to /home/ros/ws/ros2_ws/install/sc2_bridge/lib/sc2_bridge\n'}
[0.723240] (sc2_bridge) StdoutLine: {'line': b'Installing swarm_demo script to /home/ros/ws/ros2_ws/install/sc2_bridge/lib/sc2_bridge\n'}
[0.723334] (sc2_bridge) StdoutLine: {'line': b'\n'}
[0.723364] (sc2_bridge) StdoutLine: {'line': b'Installed /home/ros/ws/ros2_ws/build/sc2_bridge\n'}
[0.723392] (sc2_bridge) StdoutLine: {'line': b'running symlink_data\n'}
[0.739876] (sc2_bridge) CommandEnded: {'returncode': 0}
[0.745938] (sc2_bridge) JobEnded: {'identifier': 'sc2_bridge', 'rc': 0}
[0.746306] (-) EventReactorShutdown: {}
