[0.000000] (-) TimerEvent: {}
[0.000109] (sc2_bridge_interfaces) JobQueued: {'identifier': 'sc2_bridge_interfaces', 'dependencies': OrderedDict()}
[0.000167] (sc2_bridge) JobQueued: {'identifier': 'sc2_bridge', 'dependencies': OrderedDict([('sc2_bridge_interfaces', '/home/ros/ws/ros2_ws/install/sc2_bridge_interfaces')])}
[0.000193] (sc2_bridge_interfaces) JobStarted: {'identifier': 'sc2_bridge_interfaces'}
[0.004919] (sc2_bridge_interfaces) JobProgress: {'identifier': 'sc2_bridge_interfaces', 'progress': 'cmake'}
[0.005302] (sc2_bridge_interfaces) JobProgress: {'identifier': 'sc2_bridge_interfaces', 'progress': 'build'}
[0.005790] (sc2_bridge_interfaces) Command: {'cmd': ['/usr/bin/cmake', '--build', '/home/ros/ws/ros2_ws/build/sc2_bridge_interfaces', '--', '-j24', '-l24'], 'cwd': '/home/ros/ws/ros2_ws/build/sc2_bridge_interfaces', 'env': OrderedDict([('HOSTNAME', '793d460668f9'), ('SHLVL', '1'), ('LD_LIBRARY_PATH', '/opt/ros/humble/opt/rviz_ogre_vendor/lib:/opt/ros/humble/lib/x86_64-linux-gnu:/opt/ros/humble/lib'), ('HOME', '/home/ros'), ('ROS_PYTHON_VERSION', '3'), ('SC2_MAP', '/StarCraftII/maps/Flat482Spawns.SC2Map'), ('ROS_DISTRO', 'humble'), ('_', '/usr/bin/colcon'), ('ROS_VERSION', '2'), ('ROS_LOCALHOST_ONLY', '0'), ('PATH', '/opt/ros/humble/bin:/usr/local/sbin:/usr/local/bin:/usr/sbin:/usr/bin:/sbin:/bin'), ('DISPLAY', ':0'), ('LANG', 'C.UTF-8'), ('XAUTHORITY', '/run/user/1000/.mutter-Xwaylandauth.UJHRP3'), ('AMENT_PREFIX_PATH', '/opt/ros/humble'), ('SC2_HOST', 'host.docker.internal'), ('PWD', '/home/ros/ws/ros2_ws/build/sc2_bridge_interfaces'), ('LC_ALL', 'C.UTF-8'), ('PYTHONPATH', '/opt/ros/humble/lib/python3.10/site-packages:/opt/ros/humble/local/lib/python3.10/dist-packages'), ('COLCON', '1'), ('SC2_PORT', '8167')]), 'shell': False}
[0.044366] (sc2_bridge_interfaces) StdoutLine: {'line': b'[  1%] Built target sc2_bridge_interfaces__rs\n'}
[0.044590] (sc2_bridge_interfaces) StdoutLine: {'line': b'[  2%] Built target sc2_bridge_interfaces__cpp\n'}
[0.045630] (sc2_bridge_interfaces) StdoutLine: {'line': b'[ 13%] Built target sc2_bridge_interfaces__rosidl_generator_c\n'}
[0.051971] (sc2_bridge_interfaces) StdoutLine: {'line': b'[ 13%] Built target ament_cmake_python_copy_sc2_bridge_interfaces\n'}
[0.060657] (sc2_bridge_interfaces) StdoutLine: {'line': b'[ 42%] Built target sc2_bridge_interfaces__rosidl_typesupport_introspection_c\n'}
[0.060881] (sc2_bridge_interfaces) StdoutLine: {'line': b'[ 45%] Built target sc2_bridge_interfaces__rosidl_typesupport_c\n'}
[0.060976] (sc2_bridge_interfaces) StdoutLine: {'line': b'[ 59%] Built target sc2_bridge_interfaces__rosidl_typesupport_cpp\n'}
[0.061023] (sc2_bridge_interfaces) StdoutLine: {'line': b'[ 59%] Built target sc2_bridge_interfaces__rosidl_typesupport_introspection_cpp\n'}
[0.061064] (sc2_bridge_interfaces) StdoutLine: {'line': b'[ 70%] Built target sc2_bridge_interfaces__rosidl_typesupport_fastrtps_cpp\n'}
[0.061196] (sc2_bridge_interfaces) StdoutLine: {'line': b'[ 82%] Built target sc2_bridge_interfaces__rosidl_typesupport_fastrtps_c\n'}
[0.074321] (sc2_bridge_interfaces) StdoutLine: {'line': b'[ 82%] Built target sc2_bridge_interfaces\n'}
[0.088033] (sc2_bridge_interfaces) StdoutLine: {'line': b'[ 83%] Built target sc2_bridge_interfaces__py\n'}
[0.099489] (-) TimerEvent: {}
[0.104588] (sc2_bridge_interfaces) StdoutLine: {'line': b'[ 93%] Built target sc2_bridge_interfaces__rosidl_generator_py\n'}
[0.119503] (sc2_bridge_interfaces) StdoutLine: {'line': b'[100%] Built target sc2_bridge_interfaces__rosidl_typesupport_fastrtps_c__pyext\n'}
[0.119646] (sc2_bridge_interfaces) StdoutLine: {'line': b'[100%] Built target sc2_bridge_interfaces__rosidl_typesupport_introspection_c__pyext\n'}
[0.119680] (sc2_bridge_interfaces) StdoutLine: {'line': b'[100%] Built target sc2_bridge_interfaces__rosidl_typesupport_c__pyext\n'}
[0.168109] (sc2_bridge_interfaces) StdoutLine: {'line': b'running egg_info\n'}
[0.168549] (sc2_bridge_interfaces) StdoutLine: {'line': b'writing sc2_bridge_interfaces.egg-info/PKG-INFO\n'}
[0.168727] (sc2_bridge_interfaces) StdoutLine: {'line': b'writing dependency_links to sc2_bridge_interfaces.egg-info/dependency_links.txt\n'}
[0.168822] (sc2_bridge_interfaces) StdoutLine: {'line': b'writing top-level names to sc2_bridge_interfaces.egg-info/top_level.txt\n'}
[0.170362] (sc2_bridge_interfaces) StdoutLine: {'line': b"reading manifest file 'sc2_bridge_interfaces.egg-info/SOURCES.txt'\n"}
[0.170878] (sc2_bridge_interfaces) StdoutLine: {'line': b"writing manifest file 'sc2_bridge_interfaces.egg-info/SOURCES.txt'\n"}
[0.193658] (sc2_bridge_interfaces) StdoutLine: {'line': b'[100%] Built target ament_cmake_python_build_sc2_bridge_interfaces_egg\n'}
[0.199597] (-) TimerEvent: {}
[0.201854] (sc2_bridge_interfaces) CommandEnded: {'returncode': 0}
[0.202423] (sc2_bridge_interfaces) JobProgress: {'identifier': 'sc2_bridge_interfaces', 'progress': 'install'}
[0.208118] (sc2_bridge_interfaces) Command: {'cmd': ['/usr/bin/cmake', '--install', '/home/ros/ws/ros2_ws/build/sc2_bridge_interfaces'], 'cwd': '/home/ros/ws/ros2_ws/build/sc2_bridge_interfaces', 'env': OrderedDict([('HOSTNAME', '793d460668f9'), ('SHLVL', '1'), ('LD_LIBRARY_PATH', '/opt/ros/humble/opt/rviz_ogre_vendor/lib:/opt/ros/humble/lib/x86_64-linux-gnu:/opt/ros/humble/lib'), ('HOME', '/home/ros'), ('ROS_PYTHON_VERSION', '3'), ('SC2_MAP', '/StarCraftII/maps/Flat482Spawns.SC2Map'), ('ROS_DISTRO', 'humble'), ('_', '/usr/bin/colcon'), ('ROS_VERSION', '2'), ('ROS_LOCALHOST_ONLY', '0'), ('PATH', '/opt/ros/humble/bin:/usr/local/sbin:/usr/local/bin:/usr/sbin:/usr/bin:/sbin:/bin'), ('DISPLAY', ':0'), ('LANG', 'C.UTF-8'), ('XAUTHORITY', '/run/user/1000/.mutter-Xwaylandauth.UJHRP3'), ('AMENT_PREFIX_PATH', '/opt/ros/humble'), ('SC2_HOST', 'host.docker.internal'), ('PWD', '/home/ros/ws/ros2_ws/build/sc2_bridge_interfaces'), ('LC_ALL', 'C.UTF-8'), ('PYTHONPATH', '/opt/ros/humble/lib/python3.10/site-packages:/opt/ros/humble/local/lib/python3.10/dist-packages'), ('COLCON', '1'), ('SC2_PORT', '8167')]), 'shell': False}
[0.213290] (sc2_bridge_interfaces) StdoutLine: {'line': b'-- Install configuration: ""\n'}
[0.213376] (sc2_bridge_interfaces) StdoutLine: {'line': b'-- Up-to-date: /home/ros/ws/ros2_ws/install/sc2_bridge_interfaces/share/ament_index/resource_index/rosidl_interfaces/sc2_bridge_interfaces\n'}
[0.213481] (sc2_bridge_interfaces) StdoutLine: {'line': b'-- Up-to-date: /home/ros/ws/ros2_ws/install/sc2_bridge_interfaces/include/sc2_bridge_interfaces/sc2_bridge_interfaces\n'}
[0.213513] (sc2_bridge_interfaces) StdoutLine: {'line': b'-- Up-to-date: /home/ros/ws/ros2_ws/install/sc2_bridge_interfaces/include/sc2_bridge_interfaces/sc2_bridge_interfaces/srv\n'}
[0.213542] (sc2_bridge_interfaces) StdoutLine: {'line': b'-- Up-to-date: /home/ros/ws/ros2_ws/install/sc2_bridge_interfaces/include/sc2_bridge_interfaces/sc2_bridge_interfaces/srv/spawn_units.h\n'}
[0.213569] (sc2_bridge_interfaces) StdoutLine: {'line': b'-- Up-to-date: /home/ros/ws/ros2_ws/install/sc2_bridge_interfaces/include/sc2_bridge_interfaces/sc2_bridge_interfaces/srv/detail\n'}
[0.213596] (sc2_bridge_interfaces) StdoutLine: {'line': b'-- Up-to-date: /home/ros/ws/ros2_ws/install/sc2_bridge_interfaces/include/sc2_bridge_interfaces/sc2_bridge_interfaces/srv/detail/kill_units__type_support.h\n'}
[0.213624] (sc2_bridge_interfaces) StdoutLine: {'line': b'-- Up-to-date: /home/ros/ws/ros2_ws/install/sc2_bridge_interfaces/include/sc2_bridge_interfaces/sc2_bridge_interfaces/srv/detail/kill_units__functions.h\n'}
[0.213716] (sc2_bridge_interfaces) StdoutLine: {'line': b'-- Up-to-date: /home/ros/ws/ros2_ws/install/sc2_bridge_interfaces/include/sc2_bridge_interfaces/sc2_bridge_interfaces/srv/detail/kill_units__struct.h\n'}
[0.213745] (sc2_bridge_interfaces) StdoutLine: {'line': b'-- Up-to-date: /home/ros/ws/ros2_ws/install/sc2_bridge_interfaces/include/sc2_bridge_interfaces/sc2_bridge_interfaces/srv/detail/spawn_units__functions.h\n'}
[0.213781] (sc2_bridge_interfaces) StdoutLine: {'line': b'-- Up-to-date: /home/ros/ws/ros2_ws/install/sc2_bridge_interfaces/include/sc2_bridge_interfaces/sc2_bridge_interfaces/srv/detail/kill_units__functions.c\n'}
[0.213813] (sc2_bridge_interfaces) StdoutLine: {'line': b'-- Up-to-date: /home/ros/ws/ros2_ws/install/sc2_bridge_interfaces/include/sc2_bridge_interfaces/sc2_bridge_interfaces/srv/detail/spawn_units__functions.c\n'}
[0.213980] (sc2_bridge_interfaces) StdoutLine: {'line': b'-- Up-to-date: /home/ros/ws/ros2_ws/install/sc2_bridge_interfaces/include/sc2_bridge_interfaces/sc2_bridge_interfaces/srv/detail/spawn_units__type_support.h\n'}
[0.214008] (sc2_bridge_interfaces) StdoutLine: {'line': b'-- Up-to-date: /home/ros/ws/ros2_ws/install/sc2_bridge_interfaces/include/sc2_bridge_interfaces/sc2_bridge_interfaces/srv/detail/spawn_units__struct.h\n'}
[0.214319] (sc2_bridge_interfaces) StdoutLine: {'line': b'-- Up-to-date: /home/ros/ws/ros2_ws/install/sc2_bridge_interfaces/include/sc2_bridge_interfaces/sc2_bridge_interfaces/srv/kill_units.h\n'}
[0.214372] (sc2_bridge_interfaces) StdoutLine: {'line': b'-- Up-to-date: /home/ros/ws/ros2_ws/install/sc2_bridge_interfaces/include/sc2_bridge_interfaces/sc2_bridge_interfaces/msg\n'}
[0.214401] (sc2_bridge_interfaces) StdoutLine: {'line': b'-- Up-to-date: /home/ros/ws/ros2_ws/install/sc2_bridge_interfaces/include/sc2_bridge_interfaces/sc2_bridge_interfaces/msg/rosidl_generator_c__visibility_control.h\n'}
[0.214429] (sc2_bridge_interfaces) StdoutLine: {'line': b'-- Up-to-date: /home/ros/ws/ros2_ws/install/sc2_bridge_interfaces/include/sc2_bridge_interfaces/sc2_bridge_interfaces/msg/contact_mark_array.h\n'}
[0.214457] (sc2_bridge_interfaces) StdoutLine: {'line': b'-- Up-to-date: /home/ros/ws/ros2_ws/install/sc2_bridge_interfaces/include/sc2_bridge_interfaces/sc2_bridge_interfaces/msg/unit_state.h\n'}
[0.214483] (sc2_bridge_interfaces) StdoutLine: {'line': b'-- Up-to-date: /home/ros/ws/ros2_ws/install/sc2_bridge_interfaces/include/sc2_bridge_interfaces/sc2_bridge_interfaces/msg/contact_mark.h\n'}
[0.214536] (sc2_bridge_interfaces) StdoutLine: {'line': b'-- Up-to-date: /home/ros/ws/ros2_ws/install/sc2_bridge_interfaces/include/sc2_bridge_interfaces/sc2_bridge_interfaces/msg/detail\n'}
[0.214563] (sc2_bridge_interfaces) StdoutLine: {'line': b'-- Up-to-date: /home/ros/ws/ros2_ws/install/sc2_bridge_interfaces/include/sc2_bridge_interfaces/sc2_bridge_interfaces/msg/detail/unit_state_array__type_support.h\n'}
[0.214589] (sc2_bridge_interfaces) StdoutLine: {'line': b'-- Up-to-date: /home/ros/ws/ros2_ws/install/sc2_bridge_interfaces/include/sc2_bridge_interfaces/sc2_bridge_interfaces/msg/detail/contact_mark__type_support.h\n'}
[0.214616] (sc2_bridge_interfaces) StdoutLine: {'line': b'-- Up-to-date: /home/ros/ws/ros2_ws/install/sc2_bridge_interfaces/include/sc2_bridge_interfaces/sc2_bridge_interfaces/msg/detail/unit_state_array__functions.h\n'}
[0.214641] (sc2_bridge_interfaces) StdoutLine: {'line': b'-- Up-to-date: /home/ros/ws/ros2_ws/install/sc2_bridge_interfaces/include/sc2_bridge_interfaces/sc2_bridge_interfaces/msg/detail/game_info__type_support.h\n'}
[0.214667] (sc2_bridge_interfaces) StdoutLine: {'line': b'-- Up-to-date: /home/ros/ws/ros2_ws/install/sc2_bridge_interfaces/include/sc2_bridge_interfaces/sc2_bridge_interfaces/msg/detail/unit_state__functions.h\n'}
[0.214693] (sc2_bridge_interfaces) StdoutLine: {'line': b'-- Up-to-date: /home/ros/ws/ros2_ws/install/sc2_bridge_interfaces/include/sc2_bridge_interfaces/sc2_bridge_interfaces/msg/detail/unit_state_array__struct.h\n'}
[0.214719] (sc2_bridge_interfaces) StdoutLine: {'line': b'-- Up-to-date: /home/ros/ws/ros2_ws/install/sc2_bridge_interfaces/include/sc2_bridge_interfaces/sc2_bridge_interfaces/msg/detail/game_info__functions.h\n'}
[0.214749] (sc2_bridge_interfaces) StdoutLine: {'line': b'-- Up-to-date: /home/ros/ws/ros2_ws/install/sc2_bridge_interfaces/include/sc2_bridge_interfaces/sc2_bridge_interfaces/msg/detail/game_info__struct.h\n'}
[0.214784] (sc2_bridge_interfaces) StdoutLine: {'line': b'-- Up-to-date: /home/ros/ws/ros2_ws/install/sc2_bridge_interfaces/include/sc2_bridge_interfaces/sc2_bridge_interfaces/msg/detail/unit_state_array__functions.c\n'}
[0.214812] (sc2_bridge_interfaces) StdoutLine: {'line': b'-- Up-to-date: /home/ros/ws/ros2_ws/install/sc2_bridge_interfaces/include/sc2_bridge_interfaces/sc2_bridge_interfaces/msg/detail/unit_state__type_support.h\n'}
[0.214909] (sc2_bridge_interfaces) StdoutLine: {'line': b'-- Up-to-date: /home/ros/ws/ros2_ws/install/sc2_bridge_interfaces/include/sc2_bridge_interfaces/sc2_bridge_interfaces/msg/detail/contact_mark_array__struct.h\n'}
[0.214936] (sc2_bridge_interfaces) StdoutLine: {'line': b'-- Up-to-date: /home/ros/ws/ros2_ws/install/sc2_bridge_interfaces/include/sc2_bridge_interfaces/sc2_bridge_interfaces/msg/detail/contact_mark__struct.h\n'}
[0.214962] (sc2_bridge_interfaces) StdoutLine: {'line': b'-- Up-to-date: /home/ros/ws/ros2_ws/install/sc2_bridge_interfaces/include/sc2_bridge_interfaces/sc2_bridge_interfaces/msg/detail/contact_mark_array__type_support.h\n'}
[0.214989] (sc2_bridge_interfaces) StdoutLine: {'line': b'-- Up-to-date: /home/ros/ws/ros2_ws/install/sc2_bridge_interfaces/include/sc2_bridge_interfaces/sc2_bridge_interfaces/msg/detail/contact_mark__functions.h\n'}
[0.215014] (sc2_bridge_interfaces) StdoutLine: {'line': b'-- Up-to-date: /home/ros/ws/ros2_ws/install/sc2_bridge_interfaces/include/sc2_bridge_interfaces/sc2_bridge_interfaces/msg/detail/contact_mark_array__functions.h\n'}
[0.215040] (sc2_bridge_interfaces) StdoutLine: {'line': b'-- Up-to-date: /home/ros/ws/ros2_ws/install/sc2_bridge_interfaces/include/sc2_bridge_interfaces/sc2_bridge_interfaces/msg/detail/unit_state__struct.h\n'}
[0.215067] (sc2_bridge_interfaces) StdoutLine: {'line': b'-- Up-to-date: /home/ros/ws/ros2_ws/install/sc2_bridge_interfaces/include/sc2_bridge_interfaces/sc2_bridge_interfaces/msg/detail/contact_mark__functions.c\n'}
[0.215093] (sc2_bridge_interfaces) StdoutLine: {'line': b'-- Up-to-date: /home/ros/ws/ros2_ws/install/sc2_bridge_interfaces/include/sc2_bridge_interfaces/sc2_bridge_interfaces/msg/detail/unit_state__functions.c\n'}
[0.215170] (sc2_bridge_interfaces) StdoutLine: {'line': b'-- Up-to-date: /home/ros/ws/ros2_ws/install/sc2_bridge_interfaces/include/sc2_bridge_interfaces/sc2_bridge_interfaces/msg/detail/contact_mark_array__functions.c\n'}
[0.215197] (sc2_bridge_interfaces) StdoutLine: {'line': b'-- Up-to-date: /home/ros/ws/ros2_ws/install/sc2_bridge_interfaces/include/sc2_bridge_interfaces/sc2_bridge_interfaces/msg/detail/game_info__functions.c\n'}
[0.215222] (sc2_bridge_interfaces) StdoutLine: {'line': b'-- Up-to-date: /home/ros/ws/ros2_ws/install/sc2_bridge_interfaces/include/sc2_bridge_interfaces/sc2_bridge_interfaces/msg/game_info.h\n'}
[0.215248] (sc2_bridge_interfaces) StdoutLine: {'line': b'-- Up-to-date: /home/ros/ws/ros2_ws/install/sc2_bridge_interfaces/include/sc2_bridge_interfaces/sc2_bridge_interfaces/msg/unit_state_array.h\n'}
[0.215275] (sc2_bridge_interfaces) StdoutLine: {'line': b'-- Up-to-date: /home/ros/ws/ros2_ws/install/sc2_bridge_interfaces/include/sc2_bridge_interfaces/sc2_bridge_interfaces/action\n'}
[0.215301] (sc2_bridge_interfaces) StdoutLine: {'line': b'-- Up-to-date: /home/ros/ws/ros2_ws/install/sc2_bridge_interfaces/include/sc2_bridge_interfaces/sc2_bridge_interfaces/action/attack.h\n'}
[0.215327] (sc2_bridge_interfaces) StdoutLine: {'line': b'-- Up-to-date: /home/ros/ws/ros2_ws/install/sc2_bridge_interfaces/include/sc2_bridge_interfaces/sc2_bridge_interfaces/action/detail\n'}
[0.215353] (sc2_bridge_interfaces) StdoutLine: {'line': b'-- Up-to-date: /home/ros/ws/ros2_ws/install/sc2_bridge_interfaces/include/sc2_bridge_interfaces/sc2_bridge_interfaces/action/detail/attack__struct.h\n'}
[0.215503] (sc2_bridge_interfaces) StdoutLine: {'line': b'-- Up-to-date: /home/ros/ws/ros2_ws/install/sc2_bridge_interfaces/include/sc2_bridge_interfaces/sc2_bridge_interfaces/action/detail/move__functions.h\n'}
[0.215532] (sc2_bridge_interfaces) StdoutLine: {'line': b'-- Up-to-date: /home/ros/ws/ros2_ws/install/sc2_bridge_interfaces/include/sc2_bridge_interfaces/sc2_bridge_interfaces/action/detail/move__type_support.h\n'}
[0.215558] (sc2_bridge_interfaces) StdoutLine: {'line': b'-- Up-to-date: /home/ros/ws/ros2_ws/install/sc2_bridge_interfaces/include/sc2_bridge_interfaces/sc2_bridge_interfaces/action/detail/move__functions.c\n'}
[0.215584] (sc2_bridge_interfaces) StdoutLine: {'line': b'-- Up-to-date: /home/ros/ws/ros2_ws/install/sc2_bridge_interfaces/include/sc2_bridge_interfaces/sc2_bridge_interfaces/action/detail/move__struct.h\n'}
[0.215639] (sc2_bridge_interfaces) StdoutLine: {'line': b'-- Up-to-date: /home/ros/ws/ros2_ws/install/sc2_bridge_interfaces/include/sc2_bridge_interfaces/sc2_bridge_interfaces/action/detail/attack__functions.c\n'}
[0.215664] (sc2_bridge_interfaces) StdoutLine: {'line': b'-- Up-to-date: /home/ros/ws/ros2_ws/install/sc2_bridge_interfaces/include/sc2_bridge_interfaces/sc2_bridge_interfaces/action/detail/attack__type_support.h\n'}
[0.215690] (sc2_bridge_interfaces) StdoutLine: {'line': b'-- Up-to-date: /home/ros/ws/ros2_ws/install/sc2_bridge_interfaces/include/sc2_bridge_interfaces/sc2_bridge_interfaces/action/detail/attack__functions.h\n'}
[0.215718] (sc2_bridge_interfaces) StdoutLine: {'line': b'-- Up-to-date: /home/ros/ws/ros2_ws/install/sc2_bridge_interfaces/include/sc2_bridge_interfaces/sc2_bridge_interfaces/action/move.h\n'}
[0.215743] (sc2_bridge_interfaces) StdoutLine: {'line': b'-- Up-to-date: /home/ros/ws/ros2_ws/install/sc2_bridge_interfaces/share/sc2_bridge_interfaces/environment/library_path.sh\n'}
[0.215771] (sc2_bridge_interfaces) StdoutLine: {'line': b'-- Up-to-date: /home/ros/ws/ros2_ws/install/sc2_bridge_interfaces/share/sc2_bridge_interfaces/environment/library_path.dsv\n'}
[0.215824] (sc2_bridge_interfaces) StdoutLine: {'line': b'-- Up-to-date: /home/ros/ws/ros2_ws/install/sc2_bridge_interfaces/lib/libsc2_bridge_interfaces__rosidl_generator_c.so\n'}
[0.215871] (sc2_bridge_interfaces) StdoutLine: {'line': b'-- Up-to-date: /home/ros/ws/ros2_ws/install/sc2_bridge_interfaces/include/sc2_bridge_interfaces/sc2_bridge_interfaces\n'}
[0.215897] (sc2_bridge_interfaces) StdoutLine: {'line': b'-- Up-to-date: /home/ros/ws/ros2_ws/install/sc2_bridge_interfaces/include/sc2_bridge_interfaces/sc2_bridge_interfaces/srv\n'}
[0.215922] (sc2_bridge_interfaces) StdoutLine: {'line': b'-- Up-to-date: /home/ros/ws/ros2_ws/install/sc2_bridge_interfaces/include/sc2_bridge_interfaces/sc2_bridge_interfaces/srv/detail\n'}
[0.215948] (sc2_bridge_interfaces) StdoutLine: {'line': b'-- Up-to-date: /home/ros/ws/ros2_ws/install/sc2_bridge_interfaces/include/sc2_bridge_interfaces/sc2_bridge_interfaces/srv/detail/kill_units__rosidl_typesupport_fastrtps_c.h\n'}
[0.215973] (sc2_bridge_interfaces) StdoutLine: {'line': b'-- Up-to-date: /home/ros/ws/ros2_ws/install/sc2_bridge_interfaces/include/sc2_bridge_interfaces/sc2_bridge_interfaces/srv/detail/spawn_units__rosidl_typesupport_fastrtps_c.h\n'}
[0.215998] (sc2_bridge_interfaces) StdoutLine: {'line': b'-- Up-to-date: /home/ros/ws/ros2_ws/install/sc2_bridge_interfaces/include/sc2_bridge_interfaces/sc2_bridge_interfaces/msg\n'}
[0.216023] (sc2_bridge_interfaces) StdoutLine: {'line': b'-- Up-to-date: /home/ros/ws/ros2_ws/install/sc2_bridge_interfaces/include/sc2_bridge_interfaces/sc2_bridge_interfaces/msg/rosidl_typesupport_fastrtps_c__visibility_control.h\n'}
[0.216049] (sc2_bridge_interfaces) StdoutLine: {'line': b'-- Up-to-date: /home/ros/ws/ros2_ws/install/sc2_bridge_interfaces/include/sc2_bridge_interfaces/sc2_bridge_interfaces/msg/detail\n'}
[0.216074] (sc2_bridge_interfaces) StdoutLine: {'line': b'-- Up-to-date: /home/ros/ws/ros2_ws/install/sc2_bridge_interfaces/include/sc2_bridge_interfaces/sc2_bridge_interfaces/msg/detail/unit_state__rosidl_typesupport_fastrtps_c.h\n'}
[0.216169] (sc2_bridge_interfaces) StdoutLine: {'line': b'-- Up-to-date: /home/ros/ws/ros2_ws/install/sc2_bridge_interfaces/include/sc2_bridge_interfaces/sc2_bridge_interfaces/msg/detail/contact_mark__rosidl_typesupport_fastrtps_c.h\n'}
[0.216196] (sc2_bridge_interfaces) StdoutLine: {'line': b'-- Up-to-date: /home/ros/ws/ros2_ws/install/sc2_bridge_interfaces/include/sc2_bridge_interfaces/sc2_bridge_interfaces/msg/detail/game_info__rosidl_typesupport_fastrtps_c.h\n'}
[0.216221] (sc2_bridge_interfaces) StdoutLine: {'line': b'-- Up-to-date: /home/ros/ws/ros2_ws/install/sc2_bridge_interfaces/include/sc2_bridge_interfaces/sc2_bridge_interfaces/msg/detail/unit_state_array__rosidl_typesupport_fastrtps_c.h\n'}
[0.216322] (sc2_bridge_interfaces) StdoutLine: {'line': b'-- Up-to-date: /home/ros/ws/ros2_ws/install/sc2_bridge_interfaces/include/sc2_bridge_interfaces/sc2_bridge_interfaces/msg/detail/contact_mark_array__rosidl_typesupport_fastrtps_c.h\n'}
[0.216348] (sc2_bridge_interfaces) StdoutLine: {'line': b'-- Up-to-date: /home/ros/ws/ros2_ws/install/sc2_bridge_interfaces/include/sc2_bridge_interfaces/sc2_bridge_interfaces/action\n'}
[0.216373] (sc2_bridge_interfaces) StdoutLine: {'line': b'-- Up-to-date: /home/ros/ws/ros2_ws/install/sc2_bridge_interfaces/include/sc2_bridge_interfaces/sc2_bridge_interfaces/action/detail\n'}
[0.216399] (sc2_bridge_interfaces) StdoutLine: {'line': b'-- Up-to-date: /home/ros/ws/ros2_ws/install/sc2_bridge_interfaces/include/sc2_bridge_interfaces/sc2_bridge_interfaces/action/detail/move__rosidl_typesupport_fastrtps_c.h\n'}
[0.216424] (sc2_bridge_interfaces) StdoutLine: {'line': b'-- Up-to-date: /home/ros/ws/ros2_ws/install/sc2_bridge_interfaces/include/sc2_bridge_interfaces/sc2_bridge_interfaces/action/detail/attack__rosidl_typesupport_fastrtps_c.h\n'}
[0.216598] (sc2_bridge_interfaces) StdoutLine: {'line': b'-- Up-to-date: /home/ros/ws/ros2_ws/install/sc2_bridge_interfaces/lib/libsc2_bridge_interfaces__rosidl_typesupport_fastrtps_c.so\n'}
[0.216624] (sc2_bridge_interfaces) StdoutLine: {'line': b'-- Up-to-date: /home/ros/ws/ros2_ws/install/sc2_bridge_interfaces/include/sc2_bridge_interfaces/sc2_bridge_interfaces\n'}
[0.216651] (sc2_bridge_interfaces) StdoutLine: {'line': b'-- Up-to-date: /home/ros/ws/ros2_ws/install/sc2_bridge_interfaces/include/sc2_bridge_interfaces/sc2_bridge_interfaces/srv\n'}
[0.216676] (sc2_bridge_interfaces) StdoutLine: {'line': b'-- Up-to-date: /home/ros/ws/ros2_ws/install/sc2_bridge_interfaces/include/sc2_bridge_interfaces/sc2_bridge_interfaces/srv/detail\n'}
[0.216701] (sc2_bridge_interfaces) StdoutLine: {'line': b'-- Up-to-date: /home/ros/ws/ros2_ws/install/sc2_bridge_interfaces/include/sc2_bridge_interfaces/sc2_bridge_interfaces/srv/detail/kill_units__rosidl_typesupport_introspection_c.h\n'}
[0.216727] (sc2_bridge_interfaces) StdoutLine: {'line': b'-- Up-to-date: /home/ros/ws/ros2_ws/install/sc2_bridge_interfaces/include/sc2_bridge_interfaces/sc2_bridge_interfaces/srv/detail/kill_units__type_support.c\n'}
[0.216752] (sc2_bridge_interfaces) StdoutLine: {'line': b'-- Up-to-date: /home/ros/ws/ros2_ws/install/sc2_bridge_interfaces/include/sc2_bridge_interfaces/sc2_bridge_interfaces/srv/detail/spawn_units__rosidl_typesupport_introspection_c.h\n'}
[0.216788] (sc2_bridge_interfaces) StdoutLine: {'line': b'-- Up-to-date: /home/ros/ws/ros2_ws/install/sc2_bridge_interfaces/include/sc2_bridge_interfaces/sc2_bridge_interfaces/srv/detail/spawn_units__type_support.c\n'}
[0.216824] (sc2_bridge_interfaces) StdoutLine: {'line': b'-- Up-to-date: /home/ros/ws/ros2_ws/install/sc2_bridge_interfaces/include/sc2_bridge_interfaces/sc2_bridge_interfaces/msg\n'}
[0.216850] (sc2_bridge_interfaces) StdoutLine: {'line': b'-- Up-to-date: /home/ros/ws/ros2_ws/install/sc2_bridge_interfaces/include/sc2_bridge_interfaces/sc2_bridge_interfaces/msg/detail\n'}
[0.216876] (sc2_bridge_interfaces) StdoutLine: {'line': b'-- Up-to-date: /home/ros/ws/ros2_ws/install/sc2_bridge_interfaces/include/sc2_bridge_interfaces/sc2_bridge_interfaces/msg/detail/game_info__rosidl_typesupport_introspection_c.h\n'}
[0.216902] (sc2_bridge_interfaces) StdoutLine: {'line': b'-- Up-to-date: /home/ros/ws/ros2_ws/install/sc2_bridge_interfaces/include/sc2_bridge_interfaces/sc2_bridge_interfaces/msg/detail/contact_mark_array__type_support.c\n'}
[0.216927] (sc2_bridge_interfaces) StdoutLine: {'line': b'-- Up-to-date: /home/ros/ws/ros2_ws/install/sc2_bridge_interfaces/include/sc2_bridge_interfaces/sc2_bridge_interfaces/msg/detail/unit_state__type_support.c\n'}
[0.216952] (sc2_bridge_interfaces) StdoutLine: {'line': b'-- Up-to-date: /home/ros/ws/ros2_ws/install/sc2_bridge_interfaces/include/sc2_bridge_interfaces/sc2_bridge_interfaces/msg/detail/unit_state__rosidl_typesupport_introspection_c.h\n'}
[0.217084] (sc2_bridge_interfaces) StdoutLine: {'line': b'-- Up-to-date: /home/ros/ws/ros2_ws/install/sc2_bridge_interfaces/include/sc2_bridge_interfaces/sc2_bridge_interfaces/msg/detail/contact_mark__rosidl_typesupport_introspection_c.h\n'}
[0.217110] (sc2_bridge_interfaces) StdoutLine: {'line': b'-- Up-to-date: /home/ros/ws/ros2_ws/install/sc2_bridge_interfaces/include/sc2_bridge_interfaces/sc2_bridge_interfaces/msg/detail/contact_mark_array__rosidl_typesupport_introspection_c.h\n'}
[0.217201] (sc2_bridge_interfaces) StdoutLine: {'line': b'-- Up-to-date: /home/ros/ws/ros2_ws/install/sc2_bridge_interfaces/include/sc2_bridge_interfaces/sc2_bridge_interfaces/msg/detail/unit_state_array__type_support.c\n'}
[0.217226] (sc2_bridge_interfaces) StdoutLine: {'line': b'-- Up-to-date: /home/ros/ws/ros2_ws/install/sc2_bridge_interfaces/include/sc2_bridge_interfaces/sc2_bridge_interfaces/msg/detail/contact_mark__type_support.c\n'}
[0.217251] (sc2_bridge_interfaces) StdoutLine: {'line': b'-- Up-to-date: /home/ros/ws/ros2_ws/install/sc2_bridge_interfaces/include/sc2_bridge_interfaces/sc2_bridge_interfaces/msg/detail/game_info__type_support.c\n'}
[0.217276] (sc2_bridge_interfaces) StdoutLine: {'line': b'-- Up-to-date: /home/ros/ws/ros2_ws/install/sc2_bridge_interfaces/include/sc2_bridge_interfaces/sc2_bridge_interfaces/msg/detail/unit_state_array__rosidl_typesupport_introspection_c.h\n'}
[0.217301] (sc2_bridge_interfaces) StdoutLine: {'line': b'-- Up-to-date: /home/ros/ws/ros2_ws/install/sc2_bridge_interfaces/include/sc2_bridge_interfaces/sc2_bridge_interfaces/msg/rosidl_typesupport_introspection_c__visibility_control.h\n'}
[0.217328] (sc2_bridge_interfaces) StdoutLine: {'line': b'-- Up-to-date: /home/ros/ws/ros2_ws/install/sc2_bridge_interfaces/include/sc2_bridge_interfaces/sc2_bridge_interfaces/action\n'}
[0.217354] (sc2_bridge_interfaces) StdoutLine: {'line': b'-- Up-to-date: /home/ros/ws/ros2_ws/install/sc2_bridge_interfaces/include/sc2_bridge_interfaces/sc2_bridge_interfaces/action/detail\n'}
[0.217379] (sc2_bridge_interfaces) StdoutLine: {'line': b'-- Up-to-date: /home/ros/ws/ros2_ws/install/sc2_bridge_interfaces/include/sc2_bridge_interfaces/sc2_bridge_interfaces/action/detail/attack__rosidl_typesupport_introspection_c.h\n'}
[0.217405] (sc2_bridge_interfaces) StdoutLine: {'line': b'-- Up-to-date: /home/ros/ws/ros2_ws/install/sc2_bridge_interfaces/include/sc2_bridge_interfaces/sc2_bridge_interfaces/action/detail/move__type_support.c\n'}
[0.217430] (sc2_bridge_interfaces) StdoutLine: {'line': b'-- Up-to-date: /home/ros/ws/ros2_ws/install/sc2_bridge_interfaces/include/sc2_bridge_interfaces/sc2_bridge_interfaces/action/detail/attack__type_support.c\n'}
[0.217562] (sc2_bridge_interfaces) StdoutLine: {'line': b'-- Up-to-date: /home/ros/ws/ros2_ws/install/sc2_bridge_interfaces/include/sc2_bridge_interfaces/sc2_bridge_interfaces/action/detail/move__rosidl_typesupport_introspection_c.h\n'}
[0.217590] (sc2_bridge_interfaces) StdoutLine: {'line': b'-- Up-to-date: /home/ros/ws/ros2_ws/install/sc2_bridge_interfaces/lib/libsc2_bridge_interfaces__rosidl_typesupport_introspection_c.so\n'}
[0.217617] (sc2_bridge_interfaces) StdoutLine: {'line': b'-- Up-to-date: /home/ros/ws/ros2_ws/install/sc2_bridge_interfaces/lib/libsc2_bridge_interfaces__rosidl_typesupport_c.so\n'}
[0.217643] (sc2_bridge_interfaces) StdoutLine: {'line': b'-- Up-to-date: /home/ros/ws/ros2_ws/install/sc2_bridge_interfaces/include/sc2_bridge_interfaces/sc2_bridge_interfaces\n'}
[0.217671] (sc2_bridge_interfaces) StdoutLine: {'line': b'-- Up-to-date: /home/ros/ws/ros2_ws/install/sc2_bridge_interfaces/include/sc2_bridge_interfaces/sc2_bridge_interfaces/srv\n'}
[0.217696] (sc2_bridge_interfaces) StdoutLine: {'line': b'-- Up-to-date: /home/ros/ws/ros2_ws/install/sc2_bridge_interfaces/include/sc2_bridge_interfaces/sc2_bridge_interfaces/srv/kill_units.hpp\n'}
[0.217722] (sc2_bridge_interfaces) StdoutLine: {'line': b'-- Up-to-date: /home/ros/ws/ros2_ws/install/sc2_bridge_interfaces/include/sc2_bridge_interfaces/sc2_bridge_interfaces/srv/detail\n'}
[0.217838] (sc2_bridge_interfaces) StdoutLine: {'line': b'-- Up-to-date: /home/ros/ws/ros2_ws/install/sc2_bridge_interfaces/include/sc2_bridge_interfaces/sc2_bridge_interfaces/srv/detail/kill_units__struct.hpp\n'}
[0.217863] (sc2_bridge_interfaces) StdoutLine: {'line': b'-- Up-to-date: /home/ros/ws/ros2_ws/install/sc2_bridge_interfaces/include/sc2_bridge_interfaces/sc2_bridge_interfaces/srv/detail/kill_units__traits.hpp\n'}
[0.217889] (sc2_bridge_interfaces) StdoutLine: {'line': b'-- Up-to-date: /home/ros/ws/ros2_ws/install/sc2_bridge_interfaces/include/sc2_bridge_interfaces/sc2_bridge_interfaces/srv/detail/spawn_units__struct.hpp\n'}
[0.217914] (sc2_bridge_interfaces) StdoutLine: {'line': b'-- Up-to-date: /home/ros/ws/ros2_ws/install/sc2_bridge_interfaces/include/sc2_bridge_interfaces/sc2_bridge_interfaces/srv/detail/spawn_units__type_support.hpp\n'}
[0.217941] (sc2_bridge_interfaces) StdoutLine: {'line': b'-- Up-to-date: /home/ros/ws/ros2_ws/install/sc2_bridge_interfaces/include/sc2_bridge_interfaces/sc2_bridge_interfaces/srv/detail/kill_units__builder.hpp\n'}
[0.217967] (sc2_bridge_interfaces) StdoutLine: {'line': b'-- Up-to-date: /home/ros/ws/ros2_ws/install/sc2_bridge_interfaces/include/sc2_bridge_interfaces/sc2_bridge_interfaces/srv/detail/spawn_units__builder.hpp\n'}
[0.217993] (sc2_bridge_interfaces) StdoutLine: {'line': b'-- Up-to-date: /home/ros/ws/ros2_ws/install/sc2_bridge_interfaces/include/sc2_bridge_interfaces/sc2_bridge_interfaces/srv/detail/kill_units__type_support.hpp\n'}
[0.218018] (sc2_bridge_interfaces) StdoutLine: {'line': b'-- Up-to-date: /home/ros/ws/ros2_ws/install/sc2_bridge_interfaces/include/sc2_bridge_interfaces/sc2_bridge_interfaces/srv/detail/spawn_units__traits.hpp\n'}
[0.218043] (sc2_bridge_interfaces) StdoutLine: {'line': b'-- Up-to-date: /home/ros/ws/ros2_ws/install/sc2_bridge_interfaces/include/sc2_bridge_interfaces/sc2_bridge_interfaces/srv/spawn_units.hpp\n'}
[0.218106] (sc2_bridge_interfaces) StdoutLine: {'line': b'-- Up-to-date: /home/ros/ws/ros2_ws/install/sc2_bridge_interfaces/include/sc2_bridge_interfaces/sc2_bridge_interfaces/msg\n'}
[0.218133] (sc2_bridge_interfaces) StdoutLine: {'line': b'-- Up-to-date: /home/ros/ws/ros2_ws/install/sc2_bridge_interfaces/include/sc2_bridge_interfaces/sc2_bridge_interfaces/msg/contact_mark.hpp\n'}
[0.218158] (sc2_bridge_interfaces) StdoutLine: {'line': b'-- Up-to-date: /home/ros/ws/ros2_ws/install/sc2_bridge_interfaces/include/sc2_bridge_interfaces/sc2_bridge_interfaces/msg/game_info.hpp\n'}
[0.218184] (sc2_bridge_interfaces) StdoutLine: {'line': b'-- Up-to-date: /home/ros/ws/ros2_ws/install/sc2_bridge_interfaces/include/sc2_bridge_interfaces/sc2_bridge_interfaces/msg/contact_mark_array.hpp\n'}
[0.218210] (sc2_bridge_interfaces) StdoutLine: {'line': b'-- Up-to-date: /home/ros/ws/ros2_ws/install/sc2_bridge_interfaces/include/sc2_bridge_interfaces/sc2_bridge_interfaces/msg/rosidl_generator_cpp__visibility_control.hpp\n'}
[0.218235] (sc2_bridge_interfaces) StdoutLine: {'line': b'-- Up-to-date: /home/ros/ws/ros2_ws/install/sc2_bridge_interfaces/include/sc2_bridge_interfaces/sc2_bridge_interfaces/msg/unit_state_array.hpp\n'}
[0.218260] (sc2_bridge_interfaces) StdoutLine: {'line': b'-- Up-to-date: /home/ros/ws/ros2_ws/install/sc2_bridge_interfaces/include/sc2_bridge_interfaces/sc2_bridge_interfaces/msg/detail\n'}
[0.218287] (sc2_bridge_interfaces) StdoutLine: {'line': b'-- Up-to-date: /home/ros/ws/ros2_ws/install/sc2_bridge_interfaces/include/sc2_bridge_interfaces/sc2_bridge_interfaces/msg/detail/contact_mark_array__builder.hpp\n'}
[0.218314] (sc2_bridge_interfaces) StdoutLine: {'line': b'-- Up-to-date: /home/ros/ws/ros2_ws/install/sc2_bridge_interfaces/include/sc2_bridge_interfaces/sc2_bridge_interfaces/msg/detail/unit_state_array__struct.hpp\n'}
[0.218339] (sc2_bridge_interfaces) StdoutLine: {'line': b'-- Up-to-date: /home/ros/ws/ros2_ws/install/sc2_bridge_interfaces/include/sc2_bridge_interfaces/sc2_bridge_interfaces/msg/detail/game_info__type_support.hpp\n'}
[0.218366] (sc2_bridge_interfaces) StdoutLine: {'line': b'-- Up-to-date: /home/ros/ws/ros2_ws/install/sc2_bridge_interfaces/include/sc2_bridge_interfaces/sc2_bridge_interfaces/msg/detail/contact_mark_array__struct.hpp\n'}
[0.218423] (sc2_bridge_interfaces) StdoutLine: {'line': b'-- Up-to-date: /home/ros/ws/ros2_ws/install/sc2_bridge_interfaces/include/sc2_bridge_interfaces/sc2_bridge_interfaces/msg/detail/contact_mark__type_support.hpp\n'}
[0.218471] (sc2_bridge_interfaces) StdoutLine: {'line': b'-- Up-to-date: /home/ros/ws/ros2_ws/install/sc2_bridge_interfaces/include/sc2_bridge_interfaces/sc2_bridge_interfaces/msg/detail/game_info__builder.hpp\n'}
[0.218496] (sc2_bridge_interfaces) StdoutLine: {'line': b'-- Up-to-date: /home/ros/ws/ros2_ws/install/sc2_bridge_interfaces/include/sc2_bridge_interfaces/sc2_bridge_interfaces/msg/detail/contact_mark__builder.hpp\n'}
[0.218521] (sc2_bridge_interfaces) StdoutLine: {'line': b'-- Up-to-date: /home/ros/ws/ros2_ws/install/sc2_bridge_interfaces/include/sc2_bridge_interfaces/sc2_bridge_interfaces/msg/detail/unit_state__type_support.hpp\n'}
[0.218546] (sc2_bridge_interfaces) StdoutLine: {'line': b'-- Up-to-date: /home/ros/ws/ros2_ws/install/sc2_bridge_interfaces/include/sc2_bridge_interfaces/sc2_bridge_interfaces/msg/detail/game_info__struct.hpp\n'}
[0.218571] (sc2_bridge_interfaces) StdoutLine: {'line': b'-- Up-to-date: /home/ros/ws/ros2_ws/install/sc2_bridge_interfaces/include/sc2_bridge_interfaces/sc2_bridge_interfaces/msg/detail/contact_mark__struct.hpp\n'}
[0.218597] (sc2_bridge_interfaces) StdoutLine: {'line': b'-- Up-to-date: /home/ros/ws/ros2_ws/install/sc2_bridge_interfaces/include/sc2_bridge_interfaces/sc2_bridge_interfaces/msg/detail/game_info__traits.hpp\n'}
[0.218621] (sc2_bridge_interfaces) StdoutLine: {'line': b'-- Up-to-date: /home/ros/ws/ros2_ws/install/sc2_bridge_interfaces/include/sc2_bridge_interfaces/sc2_bridge_interfaces/msg/detail/unit_state_array__traits.hpp\n'}
[0.218646] (sc2_bridge_interfaces) StdoutLine: {'line': b'-- Up-to-date: /home/ros/ws/ros2_ws/install/sc2_bridge_interfaces/include/sc2_bridge_interfaces/sc2_bridge_interfaces/msg/detail/unit_state_array__builder.hpp\n'}
[0.218671] (sc2_bridge_interfaces) StdoutLine: {'line': b'-- Up-to-date: /home/ros/ws/ros2_ws/install/sc2_bridge_interfaces/include/sc2_bridge_interfaces/sc2_bridge_interfaces/msg/detail/unit_state_array__type_support.hpp\n'}
[0.218696] (sc2_bridge_interfaces) StdoutLine: {'line': b'-- Up-to-date: /home/ros/ws/ros2_ws/install/sc2_bridge_interfaces/include/sc2_bridge_interfaces/sc2_bridge_interfaces/msg/detail/contact_mark_array__type_support.hpp\n'}
[0.218721] (sc2_bridge_interfaces) StdoutLine: {'line': b'-- Up-to-date: /home/ros/ws/ros2_ws/install/sc2_bridge_interfaces/include/sc2_bridge_interfaces/sc2_bridge_interfaces/msg/detail/contact_mark_array__traits.hpp\n'}
[0.218746] (sc2_bridge_interfaces) StdoutLine: {'line': b'-- Up-to-date: /home/ros/ws/ros2_ws/install/sc2_bridge_interfaces/include/sc2_bridge_interfaces/sc2_bridge_interfaces/msg/detail/unit_state__struct.hpp\n'}
[0.218777] (sc2_bridge_interfaces) StdoutLine: {'line': b'-- Up-to-date: /home/ros/ws/ros2_ws/install/sc2_bridge_interfaces/include/sc2_bridge_interfaces/sc2_bridge_interfaces/msg/detail/unit_state__builder.hpp\n'}
[0.218923] (sc2_bridge_interfaces) StdoutLine: {'line': b'-- Up-to-date: /home/ros/ws/ros2_ws/install/sc2_bridge_interfaces/include/sc2_bridge_interfaces/sc2_bridge_interfaces/msg/detail/unit_state__traits.hpp\n'}
[0.218950] (sc2_bridge_interfaces) StdoutLine: {'line': b'-- Up-to-date: /home/ros/ws/ros2_ws/install/sc2_bridge_interfaces/include/sc2_bridge_interfaces/sc2_bridge_interfaces/msg/detail/contact_mark__traits.hpp\n'}
[0.218975] (sc2_bridge_interfaces) StdoutLine: {'line': b'-- Up-to-date: /home/ros/ws/ros2_ws/install/sc2_bridge_interfaces/include/sc2_bridge_interfaces/sc2_bridge_interfaces/msg/unit_state.hpp\n'}
[0.219000] (sc2_bridge_interfaces) StdoutLine: {'line': b'-- Up-to-date: /home/ros/ws/ros2_ws/install/sc2_bridge_interfaces/include/sc2_bridge_interfaces/sc2_bridge_interfaces/action\n'}
[0.219025] (sc2_bridge_interfaces) StdoutLine: {'line': b'-- Up-to-date: /home/ros/ws/ros2_ws/install/sc2_bridge_interfaces/include/sc2_bridge_interfaces/sc2_bridge_interfaces/action/attack.hpp\n'}
[0.219145] (sc2_bridge_interfaces) StdoutLine: {'line': b'-- Up-to-date: /home/ros/ws/ros2_ws/install/sc2_bridge_interfaces/include/sc2_bridge_interfaces/sc2_bridge_interfaces/action/move.hpp\n'}
[0.219168] (sc2_bridge_interfaces) StdoutLine: {'line': b'-- Up-to-date: /home/ros/ws/ros2_ws/install/sc2_bridge_interfaces/include/sc2_bridge_interfaces/sc2_bridge_interfaces/action/detail\n'}
[0.219191] (sc2_bridge_interfaces) StdoutLine: {'line': b'-- Up-to-date: /home/ros/ws/ros2_ws/install/sc2_bridge_interfaces/include/sc2_bridge_interfaces/sc2_bridge_interfaces/action/detail/move__builder.hpp\n'}
[0.219215] (sc2_bridge_interfaces) StdoutLine: {'line': b'-- Up-to-date: /home/ros/ws/ros2_ws/install/sc2_bridge_interfaces/include/sc2_bridge_interfaces/sc2_bridge_interfaces/action/detail/attack__type_support.hpp\n'}
[0.219238] (sc2_bridge_interfaces) StdoutLine: {'line': b'-- Up-to-date: /home/ros/ws/ros2_ws/install/sc2_bridge_interfaces/include/sc2_bridge_interfaces/sc2_bridge_interfaces/action/detail/move__struct.hpp\n'}
[0.219261] (sc2_bridge_interfaces) StdoutLine: {'line': b'-- Up-to-date: /home/ros/ws/ros2_ws/install/sc2_bridge_interfaces/include/sc2_bridge_interfaces/sc2_bridge_interfaces/action/detail/move__traits.hpp\n'}
[0.219284] (sc2_bridge_interfaces) StdoutLine: {'line': b'-- Up-to-date: /home/ros/ws/ros2_ws/install/sc2_bridge_interfaces/include/sc2_bridge_interfaces/sc2_bridge_interfaces/action/detail/attack__traits.hpp\n'}
[0.219307] (sc2_bridge_interfaces) StdoutLine: {'line': b'-- Up-to-date: /home/ros/ws/ros2_ws/install/sc2_bridge_interfaces/include/sc2_bridge_interfaces/sc2_bridge_interfaces/action/detail/attack__builder.hpp\n'}
[0.219330] (sc2_bridge_interfaces) StdoutLine: {'line': b'-- Up-to-date: /home/ros/ws/ros2_ws/install/sc2_bridge_interfaces/include/sc2_bridge_interfaces/sc2_bridge_interfaces/action/detail/move__type_support.hpp\n'}
[0.219356] (sc2_bridge_interfaces) StdoutLine: {'line': b'-- Up-to-date: /home/ros/ws/ros2_ws/install/sc2_bridge_interfaces/include/sc2_bridge_interfaces/sc2_bridge_interfaces/action/detail/attack__struct.hpp\n'}
[0.219380] (sc2_bridge_interfaces) StdoutLine: {'line': b'-- Up-to-date: /home/ros/ws/ros2_ws/install/sc2_bridge_interfaces/include/sc2_bridge_interfaces/sc2_bridge_interfaces\n'}
[0.219404] (sc2_bridge_interfaces) StdoutLine: {'line': b'-- Up-to-date: /home/ros/ws/ros2_ws/install/sc2_bridge_interfaces/include/sc2_bridge_interfaces/sc2_bridge_interfaces/srv\n'}
[0.219428] (sc2_bridge_interfaces) StdoutLine: {'line': b'-- Up-to-date: /home/ros/ws/ros2_ws/install/sc2_bridge_interfaces/include/sc2_bridge_interfaces/sc2_bridge_interfaces/srv/detail\n'}
[0.219460] (sc2_bridge_interfaces) StdoutLine: {'line': b'-- Up-to-date: /home/ros/ws/ros2_ws/install/sc2_bridge_interfaces/include/sc2_bridge_interfaces/sc2_bridge_interfaces/srv/detail/spawn_units__rosidl_typesupport_fastrtps_cpp.hpp\n'}
[0.219484] (sc2_bridge_interfaces) StdoutLine: {'line': b'-- Up-to-date: /home/ros/ws/ros2_ws/install/sc2_bridge_interfaces/include/sc2_bridge_interfaces/sc2_bridge_interfaces/srv/detail/dds_fastrtps\n'}
[0.219507] (sc2_bridge_interfaces) StdoutLine: {'line': b'-- Up-to-date: /home/ros/ws/ros2_ws/install/sc2_bridge_interfaces/include/sc2_bridge_interfaces/sc2_bridge_interfaces/srv/detail/kill_units__rosidl_typesupport_fastrtps_cpp.hpp\n'}
[0.219531] (sc2_bridge_interfaces) StdoutLine: {'line': b'-- Up-to-date: /home/ros/ws/ros2_ws/install/sc2_bridge_interfaces/include/sc2_bridge_interfaces/sc2_bridge_interfaces/msg\n'}
[0.219554] (sc2_bridge_interfaces) StdoutLine: {'line': b'-- Up-to-date: /home/ros/ws/ros2_ws/install/sc2_bridge_interfaces/include/sc2_bridge_interfaces/sc2_bridge_interfaces/msg/detail\n'}
[0.219577] (sc2_bridge_interfaces) StdoutLine: {'line': b'-- Up-to-date: /home/ros/ws/ros2_ws/install/sc2_bridge_interfaces/include/sc2_bridge_interfaces/sc2_bridge_interfaces/msg/detail/contact_mark__rosidl_typesupport_fastrtps_cpp.hpp\n'}
[0.219600] (sc2_bridge_interfaces) StdoutLine: {'line': b'-- Up-to-date: /home/ros/ws/ros2_ws/install/sc2_bridge_interfaces/include/sc2_bridge_interfaces/sc2_bridge_interfaces/msg/detail/unit_state__rosidl_typesupport_fastrtps_cpp.hpp\n'}
[0.219624] (sc2_bridge_interfaces) StdoutLine: {'line': b'-- Up-to-date: /home/ros/ws/ros2_ws/install/sc2_bridge_interfaces/include/sc2_bridge_interfaces/sc2_bridge_interfaces/msg/detail/contact_mark_array__rosidl_typesupport_fastrtps_cpp.hpp\n'}
[0.219647] (sc2_bridge_interfaces) StdoutLine: {'line': b'-- Up-to-date: /home/ros/ws/ros2_ws/install/sc2_bridge_interfaces/include/sc2_bridge_interfaces/sc2_bridge_interfaces/msg/detail/game_info__rosidl_typesupport_fastrtps_cpp.hpp\n'}
[0.219672] (sc2_bridge_interfaces) StdoutLine: {'line': b'-- Up-to-date: /home/ros/ws/ros2_ws/install/sc2_bridge_interfaces/include/sc2_bridge_interfaces/sc2_bridge_interfaces/msg/detail/dds_fastrtps\n'}
[0.219695] (sc2_bridge_interfaces) StdoutLine: {'line': b'-- Up-to-date: /home/ros/ws/ros2_ws/install/sc2_bridge_interfaces/include/sc2_bridge_interfaces/sc2_bridge_interfaces/msg/detail/unit_state_array__rosidl_typesupport_fastrtps_cpp.hpp\n'}
[0.219718] (sc2_bridge_interfaces) StdoutLine: {'line': b'-- Up-to-date: /home/ros/ws/ros2_ws/install/sc2_bridge_interfaces/include/sc2_bridge_interfaces/sc2_bridge_interfaces/msg/rosidl_typesupport_fastrtps_cpp__visibility_control.h\n'}
[0.219741] (sc2_bridge_interfaces) StdoutLine: {'line': b'-- Up-to-date: /home/ros/ws/ros2_ws/install/sc2_bridge_interfaces/include/sc2_bridge_interfaces/sc2_bridge_interfaces/action\n'}
[0.219767] (sc2_bridge_interfaces) StdoutLine: {'line': b'-- Up-to-date: /home/ros/ws/ros2_ws/install/sc2_bridge_interfaces/include/sc2_bridge_interfaces/sc2_bridge_interfaces/action/detail\n'}
[0.219796] (sc2_bridge_interfaces) StdoutLine: {'line': b'-- Up-to-date: /home/ros/ws/ros2_ws/install/sc2_bridge_interfaces/include/sc2_bridge_interfaces/sc2_bridge_interfaces/action/detail/attack__rosidl_typesupport_fastrtps_cpp.hpp\n'}
[0.219820] (sc2_bridge_interfaces) StdoutLine: {'line': b'-- Up-to-date: /home/ros/ws/ros2_ws/install/sc2_bridge_interfaces/include/sc2_bridge_interfaces/sc2_bridge_interfaces/action/detail/move__rosidl_typesupport_fastrtps_cpp.hpp\n'}
[0.219843] (sc2_bridge_interfaces) StdoutLine: {'line': b'-- Up-to-date: /home/ros/ws/ros2_ws/install/sc2_bridge_interfaces/include/sc2_bridge_interfaces/sc2_bridge_interfaces/action/detail/dds_fastrtps\n'}
[0.219866] (sc2_bridge_interfaces) StdoutLine: {'line': b'-- Up-to-date: /home/ros/ws/ros2_ws/install/sc2_bridge_interfaces/lib/libsc2_bridge_interfaces__rosidl_typesupport_fastrtps_cpp.so\n'}
[0.219889] (sc2_bridge_interfaces) StdoutLine: {'line': b'-- Up-to-date: /home/ros/ws/ros2_ws/install/sc2_bridge_interfaces/include/sc2_bridge_interfaces/sc2_bridge_interfaces\n'}
[0.219912] (sc2_bridge_interfaces) StdoutLine: {'line': b'-- Up-to-date: /home/ros/ws/ros2_ws/install/sc2_bridge_interfaces/include/sc2_bridge_interfaces/sc2_bridge_interfaces/srv\n'}
[0.219934] (sc2_bridge_interfaces) StdoutLine: {'line': b'-- Up-to-date: /home/ros/ws/ros2_ws/install/sc2_bridge_interfaces/include/sc2_bridge_interfaces/sc2_bridge_interfaces/srv/detail\n'}
[0.219957] (sc2_bridge_interfaces) StdoutLine: {'line': b'-- Up-to-date: /home/ros/ws/ros2_ws/install/sc2_bridge_interfaces/include/sc2_bridge_interfaces/sc2_bridge_interfaces/srv/detail/kill_units__type_support.cpp\n'}
[0.219981] (sc2_bridge_interfaces) StdoutLine: {'line': b'-- Up-to-date: /home/ros/ws/ros2_ws/install/sc2_bridge_interfaces/include/sc2_bridge_interfaces/sc2_bridge_interfaces/srv/detail/spawn_units__rosidl_typesupport_introspection_cpp.hpp\n'}
[0.220006] (sc2_bridge_interfaces) StdoutLine: {'line': b'-- Up-to-date: /home/ros/ws/ros2_ws/install/sc2_bridge_interfaces/include/sc2_bridge_interfaces/sc2_bridge_interfaces/srv/detail/kill_units__rosidl_typesupport_introspection_cpp.hpp\n'}
[0.220029] (sc2_bridge_interfaces) StdoutLine: {'line': b'-- Up-to-date: /home/ros/ws/ros2_ws/install/sc2_bridge_interfaces/include/sc2_bridge_interfaces/sc2_bridge_interfaces/srv/detail/spawn_units__type_support.cpp\n'}
[0.220053] (sc2_bridge_interfaces) StdoutLine: {'line': b'-- Up-to-date: /home/ros/ws/ros2_ws/install/sc2_bridge_interfaces/include/sc2_bridge_interfaces/sc2_bridge_interfaces/msg\n'}
[0.220076] (sc2_bridge_interfaces) StdoutLine: {'line': b'-- Up-to-date: /home/ros/ws/ros2_ws/install/sc2_bridge_interfaces/include/sc2_bridge_interfaces/sc2_bridge_interfaces/msg/detail\n'}
[0.220099] (sc2_bridge_interfaces) StdoutLine: {'line': b'-- Up-to-date: /home/ros/ws/ros2_ws/install/sc2_bridge_interfaces/include/sc2_bridge_interfaces/sc2_bridge_interfaces/msg/detail/game_info__rosidl_typesupport_introspection_cpp.hpp\n'}
[0.220122] (sc2_bridge_interfaces) StdoutLine: {'line': b'-- Up-to-date: /home/ros/ws/ros2_ws/install/sc2_bridge_interfaces/include/sc2_bridge_interfaces/sc2_bridge_interfaces/msg/detail/unit_state__rosidl_typesupport_introspection_cpp.hpp\n'}
[0.220145] (sc2_bridge_interfaces) StdoutLine: {'line': b'-- Up-to-date: /home/ros/ws/ros2_ws/install/sc2_bridge_interfaces/include/sc2_bridge_interfaces/sc2_bridge_interfaces/msg/detail/contact_mark__type_support.cpp\n'}
[0.220168] (sc2_bridge_interfaces) StdoutLine: {'line': b'-- Up-to-date: /home/ros/ws/ros2_ws/install/sc2_bridge_interfaces/include/sc2_bridge_interfaces/sc2_bridge_interfaces/msg/detail/unit_state__type_support.cpp\n'}
[0.220191] (sc2_bridge_interfaces) StdoutLine: {'line': b'-- Up-to-date: /home/ros/ws/ros2_ws/install/sc2_bridge_interfaces/include/sc2_bridge_interfaces/sc2_bridge_interfaces/msg/detail/game_info__type_support.cpp\n'}
[0.220214] (sc2_bridge_interfaces) StdoutLine: {'line': b'-- Up-to-date: /home/ros/ws/ros2_ws/install/sc2_bridge_interfaces/include/sc2_bridge_interfaces/sc2_bridge_interfaces/msg/detail/unit_state_array__rosidl_typesupport_introspection_cpp.hpp\n'}
[0.220239] (sc2_bridge_interfaces) StdoutLine: {'line': b'-- Up-to-date: /home/ros/ws/ros2_ws/install/sc2_bridge_interfaces/include/sc2_bridge_interfaces/sc2_bridge_interfaces/msg/detail/contact_mark_array__rosidl_typesupport_introspection_cpp.hpp\n'}
[0.220262] (sc2_bridge_interfaces) StdoutLine: {'line': b'-- Up-to-date: /home/ros/ws/ros2_ws/install/sc2_bridge_interfaces/include/sc2_bridge_interfaces/sc2_bridge_interfaces/msg/detail/contact_mark_array__type_support.cpp\n'}
[0.220285] (sc2_bridge_interfaces) StdoutLine: {'line': b'-- Up-to-date: /home/ros/ws/ros2_ws/install/sc2_bridge_interfaces/include/sc2_bridge_interfaces/sc2_bridge_interfaces/msg/detail/unit_state_array__type_support.cpp\n'}
[0.220308] (sc2_bridge_interfaces) StdoutLine: {'line': b'-- Up-to-date: /home/ros/ws/ros2_ws/install/sc2_bridge_interfaces/include/sc2_bridge_interfaces/sc2_bridge_interfaces/msg/detail/contact_mark__rosidl_typesupport_introspection_cpp.hpp\n'}
[0.220331] (sc2_bridge_interfaces) StdoutLine: {'line': b'-- Up-to-date: /home/ros/ws/ros2_ws/install/sc2_bridge_interfaces/include/sc2_bridge_interfaces/sc2_bridge_interfaces/action\n'}
[0.220354] (sc2_bridge_interfaces) StdoutLine: {'line': b'-- Up-to-date: /home/ros/ws/ros2_ws/install/sc2_bridge_interfaces/include/sc2_bridge_interfaces/sc2_bridge_interfaces/action/detail\n'}
[0.220376] (sc2_bridge_interfaces) StdoutLine: {'line': b'-- Up-to-date: /home/ros/ws/ros2_ws/install/sc2_bridge_interfaces/include/sc2_bridge_interfaces/sc2_bridge_interfaces/action/detail/attack__rosidl_typesupport_introspection_cpp.hpp\n'}
[0.220399] (sc2_bridge_interfaces) StdoutLine: {'line': b'-- Up-to-date: /home/ros/ws/ros2_ws/install/sc2_bridge_interfaces/include/sc2_bridge_interfaces/sc2_bridge_interfaces/action/detail/move__type_support.cpp\n'}
[0.220422] (sc2_bridge_interfaces) StdoutLine: {'line': b'-- Up-to-date: /home/ros/ws/ros2_ws/install/sc2_bridge_interfaces/include/sc2_bridge_interfaces/sc2_bridge_interfaces/action/detail/move__rosidl_typesupport_introspection_cpp.hpp\n'}
[0.220445] (sc2_bridge_interfaces) StdoutLine: {'line': b'-- Up-to-date: /home/ros/ws/ros2_ws/install/sc2_bridge_interfaces/include/sc2_bridge_interfaces/sc2_bridge_interfaces/action/detail/attack__type_support.cpp\n'}
[0.220468] (sc2_bridge_interfaces) StdoutLine: {'line': b'-- Up-to-date: /home/ros/ws/ros2_ws/install/sc2_bridge_interfaces/lib/libsc2_bridge_interfaces__rosidl_typesupport_introspection_cpp.so\n'}
[0.220492] (sc2_bridge_interfaces) StdoutLine: {'line': b'-- Up-to-date: /home/ros/ws/ros2_ws/install/sc2_bridge_interfaces/lib/libsc2_bridge_interfaces__rosidl_typesupport_cpp.so\n'}
[0.220514] (sc2_bridge_interfaces) StdoutLine: {'line': b'-- Up-to-date: /home/ros/ws/ros2_ws/install/sc2_bridge_interfaces/share/sc2_bridge_interfaces/environment/pythonpath.sh\n'}
[0.220537] (sc2_bridge_interfaces) StdoutLine: {'line': b'-- Up-to-date: /home/ros/ws/ros2_ws/install/sc2_bridge_interfaces/share/sc2_bridge_interfaces/environment/pythonpath.dsv\n'}
[0.220560] (sc2_bridge_interfaces) StdoutLine: {'line': b'-- Up-to-date: /home/ros/ws/ros2_ws/install/sc2_bridge_interfaces/local/lib/python3.10/dist-packages/sc2_bridge_interfaces-0.1.0-py3.10.egg-info\n'}
[0.220583] (sc2_bridge_interfaces) StdoutLine: {'line': b'-- Installing: /home/ros/ws/ros2_ws/install/sc2_bridge_interfaces/local/lib/python3.10/dist-packages/sc2_bridge_interfaces-0.1.0-py3.10.egg-info/top_level.txt\n'}
[0.220606] (sc2_bridge_interfaces) StdoutLine: {'line': b'-- Installing: /home/ros/ws/ros2_ws/install/sc2_bridge_interfaces/local/lib/python3.10/dist-packages/sc2_bridge_interfaces-0.1.0-py3.10.egg-info/SOURCES.txt\n'}
[0.220631] (sc2_bridge_interfaces) StdoutLine: {'line': b'-- Installing: /home/ros/ws/ros2_ws/install/sc2_bridge_interfaces/local/lib/python3.10/dist-packages/sc2_bridge_interfaces-0.1.0-py3.10.egg-info/dependency_links.txt\n'}
[0.220654] (sc2_bridge_interfaces) StdoutLine: {'line': b'-- Installing: /home/ros/ws/ros2_ws/install/sc2_bridge_interfaces/local/lib/python3.10/dist-packages/sc2_bridge_interfaces-0.1.0-py3.10.egg-info/PKG-INFO\n'}
[0.220677] (sc2_bridge_interfaces) StdoutLine: {'line': b'-- Up-to-date: /home/ros/ws/ros2_ws/install/sc2_bridge_interfaces/local/lib/python3.10/dist-packages/sc2_bridge_interfaces\n'}
[0.220699] (sc2_bridge_interfaces) StdoutLine: {'line': b'-- Up-to-date: /home/ros/ws/ros2_ws/install/sc2_bridge_interfaces/local/lib/python3.10/dist-packages/sc2_bridge_interfaces/sc2_bridge_interfaces_s__rosidl_typesupport_fastrtps_c.cpython-310-x86_64-linux-gnu.so\n'}
[0.220724] (sc2_bridge_interfaces) StdoutLine: {'line': b'-- Up-to-date: /home/ros/ws/ros2_ws/install/sc2_bridge_interfaces/local/lib/python3.10/dist-packages/sc2_bridge_interfaces/sc2_bridge_interfaces_s__rosidl_typesupport_introspection_c.cpython-310-x86_64-linux-gnu.so\n'}
[0.220747] (sc2_bridge_interfaces) StdoutLine: {'line': b'-- Up-to-date: /home/ros/ws/ros2_ws/install/sc2_bridge_interfaces/local/lib/python3.10/dist-packages/sc2_bridge_interfaces/_sc2_bridge_interfaces_s.ep.rosidl_typesupport_c.c\n'}
[0.220774] (sc2_bridge_interfaces) StdoutLine: {'line': b'-- Up-to-date: /home/ros/ws/ros2_ws/install/sc2_bridge_interfaces/local/lib/python3.10/dist-packages/sc2_bridge_interfaces/srv\n'}
[0.220804] (sc2_bridge_interfaces) StdoutLine: {'line': b'-- Up-to-date: /home/ros/ws/ros2_ws/install/sc2_bridge_interfaces/local/lib/python3.10/dist-packages/sc2_bridge_interfaces/srv/_kill_units_s.c\n'}
[0.220829] (sc2_bridge_interfaces) StdoutLine: {'line': b'-- Up-to-date: /home/ros/ws/ros2_ws/install/sc2_bridge_interfaces/local/lib/python3.10/dist-packages/sc2_bridge_interfaces/srv/_kill_units.py\n'}
[0.220851] (sc2_bridge_interfaces) StdoutLine: {'line': b'-- Up-to-date: /home/ros/ws/ros2_ws/install/sc2_bridge_interfaces/local/lib/python3.10/dist-packages/sc2_bridge_interfaces/srv/_spawn_units.py\n'}
[0.220874] (sc2_bridge_interfaces) StdoutLine: {'line': b'-- Up-to-date: /home/ros/ws/ros2_ws/install/sc2_bridge_interfaces/local/lib/python3.10/dist-packages/sc2_bridge_interfaces/srv/_spawn_units_s.c\n'}
[0.220897] (sc2_bridge_interfaces) StdoutLine: {'line': b'-- Up-to-date: /home/ros/ws/ros2_ws/install/sc2_bridge_interfaces/local/lib/python3.10/dist-packages/sc2_bridge_interfaces/srv/__init__.py\n'}
[0.220920] (sc2_bridge_interfaces) StdoutLine: {'line': b'-- Up-to-date: /home/ros/ws/ros2_ws/install/sc2_bridge_interfaces/local/lib/python3.10/dist-packages/sc2_bridge_interfaces/sc2_bridge_interfaces_s__rosidl_typesupport_c.cpython-310-x86_64-linux-gnu.so\n'}
[0.220945] (sc2_bridge_interfaces) StdoutLine: {'line': b'-- Up-to-date: /home/ros/ws/ros2_ws/install/sc2_bridge_interfaces/local/lib/python3.10/dist-packages/sc2_bridge_interfaces/msg\n'}
[0.220968] (sc2_bridge_interfaces) StdoutLine: {'line': b'-- Up-to-date: /home/ros/ws/ros2_ws/install/sc2_bridge_interfaces/local/lib/python3.10/dist-packages/sc2_bridge_interfaces/msg/_unit_state_array_s.c\n'}
[0.220990] (sc2_bridge_interfaces) StdoutLine: {'line': b'-- Up-to-date: /home/ros/ws/ros2_ws/install/sc2_bridge_interfaces/local/lib/python3.10/dist-packages/sc2_bridge_interfaces/msg/_contact_mark_array.py\n'}
[0.221013] (sc2_bridge_interfaces) StdoutLine: {'line': b'-- Up-to-date: /home/ros/ws/ros2_ws/install/sc2_bridge_interfaces/local/lib/python3.10/dist-packages/sc2_bridge_interfaces/msg/_contact_mark_s.c\n'}
[0.221036] (sc2_bridge_interfaces) StdoutLine: {'line': b'-- Up-to-date: /home/ros/ws/ros2_ws/install/sc2_bridge_interfaces/local/lib/python3.10/dist-packages/sc2_bridge_interfaces/msg/__init__.py\n'}
[0.221059] (sc2_bridge_interfaces) StdoutLine: {'line': b'-- Up-to-date: /home/ros/ws/ros2_ws/install/sc2_bridge_interfaces/local/lib/python3.10/dist-packages/sc2_bridge_interfaces/msg/_unit_state.py\n'}
[0.221082] (sc2_bridge_interfaces) StdoutLine: {'line': b'-- Up-to-date: /home/ros/ws/ros2_ws/install/sc2_bridge_interfaces/local/lib/python3.10/dist-packages/sc2_bridge_interfaces/msg/_game_info_s.c\n'}
[0.221105] (sc2_bridge_interfaces) StdoutLine: {'line': b'-- Up-to-date: /home/ros/ws/ros2_ws/install/sc2_bridge_interfaces/local/lib/python3.10/dist-packages/sc2_bridge_interfaces/msg/_unit_state_array.py\n'}
[0.221128] (sc2_bridge_interfaces) StdoutLine: {'line': b'-- Up-to-date: /home/ros/ws/ros2_ws/install/sc2_bridge_interfaces/local/lib/python3.10/dist-packages/sc2_bridge_interfaces/msg/_contact_mark_array_s.c\n'}
[0.221152] (sc2_bridge_interfaces) StdoutLine: {'line': b'-- Up-to-date: /home/ros/ws/ros2_ws/install/sc2_bridge_interfaces/local/lib/python3.10/dist-packages/sc2_bridge_interfaces/msg/_game_info.py\n'}
[0.221177] (sc2_bridge_interfaces) StdoutLine: {'line': b'-- Up-to-date: /home/ros/ws/ros2_ws/install/sc2_bridge_interfaces/local/lib/python3.10/dist-packages/sc2_bridge_interfaces/msg/_contact_mark.py\n'}
[0.221201] (sc2_bridge_interfaces) StdoutLine: {'line': b'-- Up-to-date: /home/ros/ws/ros2_ws/install/sc2_bridge_interfaces/local/lib/python3.10/dist-packages/sc2_bridge_interfaces/msg/_unit_state_s.c\n'}
[0.221224] (sc2_bridge_interfaces) StdoutLine: {'line': b'-- Up-to-date: /home/ros/ws/ros2_ws/install/sc2_bridge_interfaces/local/lib/python3.10/dist-packages/sc2_bridge_interfaces/libsc2_bridge_interfaces__rosidl_generator_py.so\n'}
[0.221249] (sc2_bridge_interfaces) StdoutLine: {'line': b'-- Up-to-date: /home/ros/ws/ros2_ws/install/sc2_bridge_interfaces/local/lib/python3.10/dist-packages/sc2_bridge_interfaces/__init__.py\n'}
[0.221272] (sc2_bridge_interfaces) StdoutLine: {'line': b'-- Up-to-date: /home/ros/ws/ros2_ws/install/sc2_bridge_interfaces/local/lib/python3.10/dist-packages/sc2_bridge_interfaces/_sc2_bridge_interfaces_s.ep.rosidl_typesupport_introspection_c.c\n'}
[0.221296] (sc2_bridge_interfaces) StdoutLine: {'line': b'-- Up-to-date: /home/ros/ws/ros2_ws/install/sc2_bridge_interfaces/local/lib/python3.10/dist-packages/sc2_bridge_interfaces/action\n'}
[0.221319] (sc2_bridge_interfaces) StdoutLine: {'line': b'-- Up-to-date: /home/ros/ws/ros2_ws/install/sc2_bridge_interfaces/local/lib/python3.10/dist-packages/sc2_bridge_interfaces/action/__init__.py\n'}
[0.221341] (sc2_bridge_interfaces) StdoutLine: {'line': b'-- Up-to-date: /home/ros/ws/ros2_ws/install/sc2_bridge_interfaces/local/lib/python3.10/dist-packages/sc2_bridge_interfaces/action/_attack_s.c\n'}
[0.221364] (sc2_bridge_interfaces) StdoutLine: {'line': b'-- Up-to-date: /home/ros/ws/ros2_ws/install/sc2_bridge_interfaces/local/lib/python3.10/dist-packages/sc2_bridge_interfaces/action/_move.py\n'}
[0.221387] (sc2_bridge_interfaces) StdoutLine: {'line': b'-- Up-to-date: /home/ros/ws/ros2_ws/install/sc2_bridge_interfaces/local/lib/python3.10/dist-packages/sc2_bridge_interfaces/action/_attack.py\n'}
[0.221410] (sc2_bridge_interfaces) StdoutLine: {'line': b'-- Up-to-date: /home/ros/ws/ros2_ws/install/sc2_bridge_interfaces/local/lib/python3.10/dist-packages/sc2_bridge_interfaces/action/_move_s.c\n'}
[0.221433] (sc2_bridge_interfaces) StdoutLine: {'line': b'-- Up-to-date: /home/ros/ws/ros2_ws/install/sc2_bridge_interfaces/local/lib/python3.10/dist-packages/sc2_bridge_interfaces/_sc2_bridge_interfaces_s.ep.rosidl_typesupport_fastrtps_c.c\n'}
[0.241780] (sc2_bridge_interfaces) StdoutLine: {'line': b"Listing '/home/ros/ws/ros2_ws/install/sc2_bridge_interfaces/local/lib/python3.10/dist-packages/sc2_bridge_interfaces'...\n"}
[0.241861] (sc2_bridge_interfaces) StdoutLine: {'line': b"Listing '/home/ros/ws/ros2_ws/install/sc2_bridge_interfaces/local/lib/python3.10/dist-packages/sc2_bridge_interfaces/action'...\n"}
[0.241887] (sc2_bridge_interfaces) StdoutLine: {'line': b"Listing '/home/ros/ws/ros2_ws/install/sc2_bridge_interfaces/local/lib/python3.10/dist-packages/sc2_bridge_interfaces/msg'...\n"}
[0.241911] (sc2_bridge_interfaces) StdoutLine: {'line': b"Listing '/home/ros/ws/ros2_ws/install/sc2_bridge_interfaces/local/lib/python3.10/dist-packages/sc2_bridge_interfaces/srv'...\n"}
[0.246063] (sc2_bridge_interfaces) StdoutLine: {'line': b'-- Up-to-date: /home/ros/ws/ros2_ws/install/sc2_bridge_interfaces/local/lib/python3.10/dist-packages/sc2_bridge_interfaces/sc2_bridge_interfaces_s__rosidl_typesupport_fastrtps_c.cpython-310-x86_64-linux-gnu.so\n'}
[0.246346] (sc2_bridge_interfaces) StdoutLine: {'line': b'-- Up-to-date: /home/ros/ws/ros2_ws/install/sc2_bridge_interfaces/local/lib/python3.10/dist-packages/sc2_bridge_interfaces/sc2_bridge_interfaces_s__rosidl_typesupport_introspection_c.cpython-310-x86_64-linux-gnu.so\n'}
[0.246592] (sc2_bridge_interfaces) StdoutLine: {'line': b'-- Up-to-date: /home/ros/ws/ros2_ws/install/sc2_bridge_interfaces/local/lib/python3.10/dist-packages/sc2_bridge_interfaces/sc2_bridge_interfaces_s__rosidl_typesupport_c.cpython-310-x86_64-linux-gnu.so\n'}
[0.246777] (sc2_bridge_interfaces) StdoutLine: {'line': b'-- Up-to-date: /home/ros/ws/ros2_ws/install/sc2_bridge_interfaces/lib/libsc2_bridge_interfaces__rosidl_generator_py.so\n'}
[0.246899] (sc2_bridge_interfaces) StdoutLine: {'line': b'-- Up-to-date: /home/ros/ws/ros2_ws/install/sc2_bridge_interfaces/share/ament_index/resource_index/rust_packages/sc2_bridge_interfaces\n'}
[0.246982] (sc2_bridge_interfaces) StdoutLine: {'line': b'-- Up-to-date: /home/ros/ws/ros2_ws/install/sc2_bridge_interfaces/share/sc2_bridge_interfaces/rust\n'}
[0.247011] (sc2_bridge_interfaces) StdoutLine: {'line': b'-- Up-to-date: /home/ros/ws/ros2_ws/install/sc2_bridge_interfaces/share/sc2_bridge_interfaces/rust/build.rs\n'}
[0.247038] (sc2_bridge_interfaces) StdoutLine: {'line': b'-- Up-to-date: /home/ros/ws/ros2_ws/install/sc2_bridge_interfaces/share/sc2_bridge_interfaces/rust/src\n'}
[0.247180] (sc2_bridge_interfaces) StdoutLine: {'line': b'-- Up-to-date: /home/ros/ws/ros2_ws/install/sc2_bridge_interfaces/share/sc2_bridge_interfaces/rust/src/srv.rs\n'}
[0.247208] (sc2_bridge_interfaces) StdoutLine: {'line': b'-- Up-to-date: /home/ros/ws/ros2_ws/install/sc2_bridge_interfaces/share/sc2_bridge_interfaces/rust/src/srv\n'}
[0.247234] (sc2_bridge_interfaces) StdoutLine: {'line': b'-- Up-to-date: /home/ros/ws/ros2_ws/install/sc2_bridge_interfaces/share/sc2_bridge_interfaces/rust/src/srv/rmw.rs\n'}
[0.247260] (sc2_bridge_interfaces) StdoutLine: {'line': b'-- Up-to-date: /home/ros/ws/ros2_ws/install/sc2_bridge_interfaces/share/sc2_bridge_interfaces/rust/src/msg\n'}
[0.247286] (sc2_bridge_interfaces) StdoutLine: {'line': b'-- Up-to-date: /home/ros/ws/ros2_ws/install/sc2_bridge_interfaces/share/sc2_bridge_interfaces/rust/src/msg/rmw.rs\n'}
[0.247311] (sc2_bridge_interfaces) StdoutLine: {'line': b'-- Up-to-date: /home/ros/ws/ros2_ws/install/sc2_bridge_interfaces/share/sc2_bridge_interfaces/rust/src/lib.rs\n'}
[0.247411] (sc2_bridge_interfaces) StdoutLine: {'line': b'-- Up-to-date: /home/ros/ws/ros2_ws/install/sc2_bridge_interfaces/share/sc2_bridge_interfaces/rust/src/action\n'}
[0.247438] (sc2_bridge_interfaces) StdoutLine: {'line': b'-- Up-to-date: /home/ros/ws/ros2_ws/install/sc2_bridge_interfaces/share/sc2_bridge_interfaces/rust/src/action/rmw.rs\n'}
[0.247463] (sc2_bridge_interfaces) StdoutLine: {'line': b'-- Up-to-date: /home/ros/ws/ros2_ws/install/sc2_bridge_interfaces/share/sc2_bridge_interfaces/rust/src/action.rs\n'}
[0.247489] (sc2_bridge_interfaces) StdoutLine: {'line': b'-- Up-to-date: /home/ros/ws/ros2_ws/install/sc2_bridge_interfaces/share/sc2_bridge_interfaces/rust/src/msg.rs\n'}
[0.247562] (sc2_bridge_interfaces) StdoutLine: {'line': b'-- Up-to-date: /home/ros/ws/ros2_ws/install/sc2_bridge_interfaces/share/sc2_bridge_interfaces/rust/Cargo.toml\n'}
[0.247587] (sc2_bridge_interfaces) StdoutLine: {'line': b'-- Up-to-date: /home/ros/ws/ros2_ws/install/sc2_bridge_interfaces/share/sc2_bridge_interfaces/msg/ContactMark.idl\n'}
[0.247612] (sc2_bridge_interfaces) StdoutLine: {'line': b'-- Up-to-date: /home/ros/ws/ros2_ws/install/sc2_bridge_interfaces/share/sc2_bridge_interfaces/msg/ContactMarkArray.idl\n'}
[0.247638] (sc2_bridge_interfaces) StdoutLine: {'line': b'-- Up-to-date: /home/ros/ws/ros2_ws/install/sc2_bridge_interfaces/share/sc2_bridge_interfaces/msg/GameInfo.idl\n'}
[0.247662] (sc2_bridge_interfaces) StdoutLine: {'line': b'-- Up-to-date: /home/ros/ws/ros2_ws/install/sc2_bridge_interfaces/share/sc2_bridge_interfaces/msg/UnitState.idl\n'}
[0.247687] (sc2_bridge_interfaces) StdoutLine: {'line': b'-- Up-to-date: /home/ros/ws/ros2_ws/install/sc2_bridge_interfaces/share/sc2_bridge_interfaces/msg/UnitStateArray.idl\n'}
[0.247712] (sc2_bridge_interfaces) StdoutLine: {'line': b'-- Up-to-date: /home/ros/ws/ros2_ws/install/sc2_bridge_interfaces/share/sc2_bridge_interfaces/srv/KillUnits.idl\n'}
[0.247737] (sc2_bridge_interfaces) StdoutLine: {'line': b'-- Up-to-date: /home/ros/ws/ros2_ws/install/sc2_bridge_interfaces/share/sc2_bridge_interfaces/srv/SpawnUnits.idl\n'}
[0.247827] (sc2_bridge_interfaces) StdoutLine: {'line': b'-- Up-to-date: /home/ros/ws/ros2_ws/install/sc2_bridge_interfaces/share/sc2_bridge_interfaces/action/Attack.idl\n'}
[0.247875] (sc2_bridge_interfaces) StdoutLine: {'line': b'-- Up-to-date: /home/ros/ws/ros2_ws/install/sc2_bridge_interfaces/share/sc2_bridge_interfaces/action/Move.idl\n'}
[0.247900] (sc2_bridge_interfaces) StdoutLine: {'line': b'-- Up-to-date: /home/ros/ws/ros2_ws/install/sc2_bridge_interfaces/share/sc2_bridge_interfaces/msg/ContactMark.msg\n'}
[0.247925] (sc2_bridge_interfaces) StdoutLine: {'line': b'-- Up-to-date: /home/ros/ws/ros2_ws/install/sc2_bridge_interfaces/share/sc2_bridge_interfaces/msg/ContactMarkArray.msg\n'}
[0.247951] (sc2_bridge_interfaces) StdoutLine: {'line': b'-- Up-to-date: /home/ros/ws/ros2_ws/install/sc2_bridge_interfaces/share/sc2_bridge_interfaces/msg/GameInfo.msg\n'}
[0.247976] (sc2_bridge_interfaces) StdoutLine: {'line': b'-- Up-to-date: /home/ros/ws/ros2_ws/install/sc2_bridge_interfaces/share/sc2_bridge_interfaces/msg/UnitState.msg\n'}
[0.248001] (sc2_bridge_interfaces) StdoutLine: {'line': b'-- Up-to-date: /home/ros/ws/ros2_ws/install/sc2_bridge_interfaces/share/sc2_bridge_interfaces/msg/UnitStateArray.msg\n'}
[0.248026] (sc2_bridge_interfaces) StdoutLine: {'line': b'-- Up-to-date: /home/ros/ws/ros2_ws/install/sc2_bridge_interfaces/share/sc2_bridge_interfaces/srv/KillUnits.srv\n'}
[0.248051] (sc2_bridge_interfaces) StdoutLine: {'line': b'-- Up-to-date: /home/ros/ws/ros2_ws/install/sc2_bridge_interfaces/share/sc2_bridge_interfaces/srv/KillUnits_Request.msg\n'}
[0.248076] (sc2_bridge_interfaces) StdoutLine: {'line': b'-- Up-to-date: /home/ros/ws/ros2_ws/install/sc2_bridge_interfaces/share/sc2_bridge_interfaces/srv/KillUnits_Response.msg\n'}
[0.248101] (sc2_bridge_interfaces) StdoutLine: {'line': b'-- Up-to-date: /home/ros/ws/ros2_ws/install/sc2_bridge_interfaces/share/sc2_bridge_interfaces/srv/SpawnUnits.srv\n'}
[0.248126] (sc2_bridge_interfaces) StdoutLine: {'line': b'-- Up-to-date: /home/ros/ws/ros2_ws/install/sc2_bridge_interfaces/share/sc2_bridge_interfaces/srv/SpawnUnits_Request.msg\n'}
[0.248221] (sc2_bridge_interfaces) StdoutLine: {'line': b'-- Up-to-date: /home/ros/ws/ros2_ws/install/sc2_bridge_interfaces/share/sc2_bridge_interfaces/srv/SpawnUnits_Response.msg\n'}
[0.248244] (sc2_bridge_interfaces) StdoutLine: {'line': b'-- Up-to-date: /home/ros/ws/ros2_ws/install/sc2_bridge_interfaces/share/sc2_bridge_interfaces/action/Attack.action\n'}
[0.248267] (sc2_bridge_interfaces) StdoutLine: {'line': b'-- Up-to-date: /home/ros/ws/ros2_ws/install/sc2_bridge_interfaces/share/sc2_bridge_interfaces/action/Move.action\n'}
[0.248291] (sc2_bridge_interfaces) StdoutLine: {'line': b'-- Up-to-date: /home/ros/ws/ros2_ws/install/sc2_bridge_interfaces/share/ament_index/resource_index/package_run_dependencies/sc2_bridge_interfaces\n'}
[0.248315] (sc2_bridge_interfaces) StdoutLine: {'line': b'-- Up-to-date: /home/ros/ws/ros2_ws/install/sc2_bridge_interfaces/share/ament_index/resource_index/parent_prefix_path/sc2_bridge_interfaces\n'}
[0.248339] (sc2_bridge_interfaces) StdoutLine: {'line': b'-- Up-to-date: /home/ros/ws/ros2_ws/install/sc2_bridge_interfaces/share/sc2_bridge_interfaces/environment/ament_prefix_path.sh\n'}
[0.248365] (sc2_bridge_interfaces) StdoutLine: {'line': b'-- Up-to-date: /home/ros/ws/ros2_ws/install/sc2_bridge_interfaces/share/sc2_bridge_interfaces/environment/ament_prefix_path.dsv\n'}
[0.248390] (sc2_bridge_interfaces) StdoutLine: {'line': b'-- Up-to-date: /home/ros/ws/ros2_ws/install/sc2_bridge_interfaces/share/sc2_bridge_interfaces/environment/path.sh\n'}
[0.248415] (sc2_bridge_interfaces) StdoutLine: {'line': b'-- Up-to-date: /home/ros/ws/ros2_ws/install/sc2_bridge_interfaces/share/sc2_bridge_interfaces/environment/path.dsv\n'}
[0.248440] (sc2_bridge_interfaces) StdoutLine: {'line': b'-- Up-to-date: /home/ros/ws/ros2_ws/install/sc2_bridge_interfaces/share/sc2_bridge_interfaces/local_setup.bash\n'}
[0.248465] (sc2_bridge_interfaces) StdoutLine: {'line': b'-- Up-to-date: /home/ros/ws/ros2_ws/install/sc2_bridge_interfaces/share/sc2_bridge_interfaces/local_setup.sh\n'}
[0.248491] (sc2_bridge_interfaces) StdoutLine: {'line': b'-- Up-to-date: /home/ros/ws/ros2_ws/install/sc2_bridge_interfaces/share/sc2_bridge_interfaces/local_setup.zsh\n'}
[0.248517] (sc2_bridge_interfaces) StdoutLine: {'line': b'-- Up-to-date: /home/ros/ws/ros2_ws/install/sc2_bridge_interfaces/share/sc2_bridge_interfaces/local_setup.dsv\n'}
[0.248542] (sc2_bridge_interfaces) StdoutLine: {'line': b'-- Installing: /home/ros/ws/ros2_ws/install/sc2_bridge_interfaces/share/sc2_bridge_interfaces/package.dsv\n'}
[0.248600] (sc2_bridge_interfaces) StdoutLine: {'line': b'-- Up-to-date: /home/ros/ws/ros2_ws/install/sc2_bridge_interfaces/share/ament_index/resource_index/packages/sc2_bridge_interfaces\n'}
[0.248669] (sc2_bridge_interfaces) StdoutLine: {'line': b'-- Up-to-date: /home/ros/ws/ros2_ws/install/sc2_bridge_interfaces/share/sc2_bridge_interfaces/cmake/export_sc2_bridge_interfaces__rosidl_generator_cExport.cmake\n'}
[0.248693] (sc2_bridge_interfaces) StdoutLine: {'line': b'-- Up-to-date: /home/ros/ws/ros2_ws/install/sc2_bridge_interfaces/share/sc2_bridge_interfaces/cmake/export_sc2_bridge_interfaces__rosidl_generator_cExport-noconfig.cmake\n'}
[0.248720] (sc2_bridge_interfaces) StdoutLine: {'line': b'-- Up-to-date: /home/ros/ws/ros2_ws/install/sc2_bridge_interfaces/share/sc2_bridge_interfaces/cmake/export_sc2_bridge_interfaces__rosidl_typesupport_fastrtps_cExport.cmake\n'}
[0.248746] (sc2_bridge_interfaces) StdoutLine: {'line': b'-- Up-to-date: /home/ros/ws/ros2_ws/install/sc2_bridge_interfaces/share/sc2_bridge_interfaces/cmake/export_sc2_bridge_interfaces__rosidl_typesupport_fastrtps_cExport-noconfig.cmake\n'}
[0.248817] (sc2_bridge_interfaces) StdoutLine: {'line': b'-- Up-to-date: /home/ros/ws/ros2_ws/install/sc2_bridge_interfaces/share/sc2_bridge_interfaces/cmake/sc2_bridge_interfaces__rosidl_typesupport_introspection_cExport.cmake\n'}
[0.248843] (sc2_bridge_interfaces) StdoutLine: {'line': b'-- Up-to-date: /home/ros/ws/ros2_ws/install/sc2_bridge_interfaces/share/sc2_bridge_interfaces/cmake/sc2_bridge_interfaces__rosidl_typesupport_introspection_cExport-noconfig.cmake\n'}
[0.248870] (sc2_bridge_interfaces) StdoutLine: {'line': b'-- Up-to-date: /home/ros/ws/ros2_ws/install/sc2_bridge_interfaces/share/sc2_bridge_interfaces/cmake/sc2_bridge_interfaces__rosidl_typesupport_cExport.cmake\n'}
[0.248896] (sc2_bridge_interfaces) StdoutLine: {'line': b'-- Up-to-date: /home/ros/ws/ros2_ws/install/sc2_bridge_interfaces/share/sc2_bridge_interfaces/cmake/sc2_bridge_interfaces__rosidl_typesupport_cExport-noconfig.cmake\n'}
[0.248922] (sc2_bridge_interfaces) StdoutLine: {'line': b'-- Up-to-date: /home/ros/ws/ros2_ws/install/sc2_bridge_interfaces/share/sc2_bridge_interfaces/cmake/export_sc2_bridge_interfaces__rosidl_generator_cppExport.cmake\n'}
[0.248993] (sc2_bridge_interfaces) StdoutLine: {'line': b'-- Up-to-date: /home/ros/ws/ros2_ws/install/sc2_bridge_interfaces/share/sc2_bridge_interfaces/cmake/export_sc2_bridge_interfaces__rosidl_typesupport_fastrtps_cppExport.cmake\n'}
[0.249019] (sc2_bridge_interfaces) StdoutLine: {'line': b'-- Up-to-date: /home/ros/ws/ros2_ws/install/sc2_bridge_interfaces/share/sc2_bridge_interfaces/cmake/export_sc2_bridge_interfaces__rosidl_typesupport_fastrtps_cppExport-noconfig.cmake\n'}
[0.249044] (sc2_bridge_interfaces) StdoutLine: {'line': b'-- Up-to-date: /home/ros/ws/ros2_ws/install/sc2_bridge_interfaces/share/sc2_bridge_interfaces/cmake/sc2_bridge_interfaces__rosidl_typesupport_introspection_cppExport.cmake\n'}
[0.249069] (sc2_bridge_interfaces) StdoutLine: {'line': b'-- Up-to-date: /home/ros/ws/ros2_ws/install/sc2_bridge_interfaces/share/sc2_bridge_interfaces/cmake/sc2_bridge_interfaces__rosidl_typesupport_introspection_cppExport-noconfig.cmake\n'}
[0.249122] (sc2_bridge_interfaces) StdoutLine: {'line': b'-- Up-to-date: /home/ros/ws/ros2_ws/install/sc2_bridge_interfaces/share/sc2_bridge_interfaces/cmake/sc2_bridge_interfaces__rosidl_typesupport_cppExport.cmake\n'}
[0.249150] (sc2_bridge_interfaces) StdoutLine: {'line': b'-- Up-to-date: /home/ros/ws/ros2_ws/install/sc2_bridge_interfaces/share/sc2_bridge_interfaces/cmake/sc2_bridge_interfaces__rosidl_typesupport_cppExport-noconfig.cmake\n'}
[0.249213] (sc2_bridge_interfaces) StdoutLine: {'line': b'-- Up-to-date: /home/ros/ws/ros2_ws/install/sc2_bridge_interfaces/share/sc2_bridge_interfaces/cmake/export_sc2_bridge_interfaces__rosidl_generator_pyExport.cmake\n'}
[0.249240] (sc2_bridge_interfaces) StdoutLine: {'line': b'-- Up-to-date: /home/ros/ws/ros2_ws/install/sc2_bridge_interfaces/share/sc2_bridge_interfaces/cmake/export_sc2_bridge_interfaces__rosidl_generator_pyExport-noconfig.cmake\n'}
[0.249265] (sc2_bridge_interfaces) StdoutLine: {'line': b'-- Up-to-date: /home/ros/ws/ros2_ws/install/sc2_bridge_interfaces/share/sc2_bridge_interfaces/cmake/rosidl_cmake-extras.cmake\n'}
[0.249334] (sc2_bridge_interfaces) StdoutLine: {'line': b'-- Up-to-date: /home/ros/ws/ros2_ws/install/sc2_bridge_interfaces/share/sc2_bridge_interfaces/cmake/ament_cmake_export_dependencies-extras.cmake\n'}
[0.249360] (sc2_bridge_interfaces) StdoutLine: {'line': b'-- Up-to-date: /home/ros/ws/ros2_ws/install/sc2_bridge_interfaces/share/sc2_bridge_interfaces/cmake/ament_cmake_export_include_directories-extras.cmake\n'}
[0.249386] (sc2_bridge_interfaces) StdoutLine: {'line': b'-- Up-to-date: /home/ros/ws/ros2_ws/install/sc2_bridge_interfaces/share/sc2_bridge_interfaces/cmake/ament_cmake_export_libraries-extras.cmake\n'}
[0.249411] (sc2_bridge_interfaces) StdoutLine: {'line': b'-- Up-to-date: /home/ros/ws/ros2_ws/install/sc2_bridge_interfaces/share/sc2_bridge_interfaces/cmake/ament_cmake_export_targets-extras.cmake\n'}
[0.249466] (sc2_bridge_interfaces) StdoutLine: {'line': b'-- Up-to-date: /home/ros/ws/ros2_ws/install/sc2_bridge_interfaces/share/sc2_bridge_interfaces/cmake/rosidl_cmake_export_typesupport_targets-extras.cmake\n'}
[0.249493] (sc2_bridge_interfaces) StdoutLine: {'line': b'-- Up-to-date: /home/ros/ws/ros2_ws/install/sc2_bridge_interfaces/share/sc2_bridge_interfaces/cmake/rosidl_cmake_export_typesupport_libraries-extras.cmake\n'}
[0.249541] (sc2_bridge_interfaces) StdoutLine: {'line': b'-- Up-to-date: /home/ros/ws/ros2_ws/install/sc2_bridge_interfaces/share/sc2_bridge_interfaces/cmake/sc2_bridge_interfacesConfig.cmake\n'}
[0.249566] (sc2_bridge_interfaces) StdoutLine: {'line': b'-- Up-to-date: /home/ros/ws/ros2_ws/install/sc2_bridge_interfaces/share/sc2_bridge_interfaces/cmake/sc2_bridge_interfacesConfig-version.cmake\n'}
[0.249589] (sc2_bridge_interfaces) StdoutLine: {'line': b'-- Up-to-date: /home/ros/ws/ros2_ws/install/sc2_bridge_interfaces/share/sc2_bridge_interfaces/package.xml\n'}
[0.250931] (sc2_bridge_interfaces) CommandEnded: {'returncode': 0}
[0.264350] (sc2_bridge_interfaces) JobEnded: {'identifier': 'sc2_bridge_interfaces', 'rc': 0}
[0.265031] (sc2_bridge) JobStarted: {'identifier': 'sc2_bridge'}
[0.299681] (-) TimerEvent: {}
[0.399832] (-) TimerEvent: {}
[0.500021] (-) TimerEvent: {}
[0.525531] (sc2_bridge) Command: {'cmd': ['/usr/bin/python3', '-W', 'ignore:setup.py install is deprecated', '-W', 'ignore:easy_install command is deprecated', 'setup.py', 'develop', '--editable', '--build-directory', '/home/ros/ws/ros2_ws/build/sc2_bridge/build', '--no-deps', 'symlink_data'], 'cwd': '/home/ros/ws/ros2_ws/build/sc2_bridge', 'env': {'HOSTNAME': '793d460668f9', 'ROS_PACKAGE_PATH': '/home/ros/ws/ros2_ws/install/sc2_bridge_interfaces/share', 'SHLVL': '1', 'LD_LIBRARY_PATH': '/home/ros/ws/ros2_ws/install/sc2_bridge_interfaces/lib:/opt/ros/humble/opt/rviz_ogre_vendor/lib:/opt/ros/humble/lib/x86_64-linux-gnu:/opt/ros/humble/lib', 'HOME': '/home/ros', 'ROS_PYTHON_VERSION': '3', 'SC2_MAP': '/StarCraftII/maps/Flat482Spawns.SC2Map', 'ROS_DISTRO': 'humble', '_': '/usr/bin/colcon', 'ROS_VERSION': '2', 'PKG_CONFIG_PATH': '/home/ros/ws/ros2_ws/install/sc2_bridge_interfaces/lib/x86_64-linux-gnu/pkgconfig:/home/ros/ws/ros2_ws/install/sc2_bridge_interfaces/lib/pkgconfig', 'ROS_LOCALHOST_ONLY': '0', 'PATH': '/opt/ros/humble/bin:/usr/local/sbin:/usr/local/bin:/usr/sbin:/usr/bin:/sbin:/bin', 'DISPLAY': ':0', 'LANG': 'C.UTF-8', 'XAUTHORITY': '/run/user/1000/.mutter-Xwaylandauth.UJHRP3', 'AMENT_PREFIX_PATH': '/opt/ros/humble', 'SC2_HOST': 'host.docker.internal', 'PWD': '/home/ros/ws/ros2_ws/build/sc2_bridge', 'LC_ALL': 'C.UTF-8', 'PYTHONPATH': '/home/ros/ws/ros2_ws/build/sc2_bridge/prefix_override:/usr/lib/python3/dist-packages/colcon_core/task/python/colcon_distutils_commands:/home/ros/ws/ros2_ws/install/sc2_bridge/lib/python3.10/site-packages:/home/ros/ws/ros2_ws/install/sc2_bridge_interfaces/local/lib/python3.10/dist-packages:/opt/ros/humble/lib/python3.10/site-packages:/opt/ros/humble/local/lib/python3.10/dist-packages', 'COLCON': '1', 'SC2_PORT': '8167', 'CMAKE_PREFIX_PATH': '/home/ros/ws/ros2_ws/install/sc2_bridge_interfaces'}, 'shell': False}
[0.600101] (-) TimerEvent: {}
[0.657898] (sc2_bridge) StdoutLine: {'line': b'running develop\n'}
[0.700181] (-) TimerEvent: {}
[0.704223] (sc2_bridge) StdoutLine: {'line': b'running egg_info\n'}
[0.704341] (sc2_bridge) StdoutLine: {'line': b'writing sc2_bridge.egg-info/PKG-INFO\n'}
[0.704425] (sc2_bridge) StdoutLine: {'line': b'writing dependency_links to sc2_bridge.egg-info/dependency_links.txt\n'}
[0.704483] (sc2_bridge) StdoutLine: {'line': b'writing entry points to sc2_bridge.egg-info/entry_points.txt\n'}
[0.704522] (sc2_bridge) StdoutLine: {'line': b'writing requirements to sc2_bridge.egg-info/requires.txt\n'}
[0.704560] (sc2_bridge) StdoutLine: {'line': b'writing top-level names to sc2_bridge.egg-info/top_level.txt\n'}
[0.705510] (sc2_bridge) StdoutLine: {'line': b"reading manifest file 'sc2_bridge.egg-info/SOURCES.txt'\n"}
[0.705883] (sc2_bridge) StdoutLine: {'line': b"writing manifest file 'sc2_bridge.egg-info/SOURCES.txt'\n"}
[0.706538] (sc2_bridge) StdoutLine: {'line': b'running build_ext\n'}
[0.706645] (sc2_bridge) StdoutLine: {'line': b'Creating /home/ros/ws/ros2_ws/install/sc2_bridge/lib/python3.10/site-packages/sc2-bridge.egg-link (link to .)\n'}
[0.707017] (sc2_bridge) StdoutLine: {'line': b'Installing sc2_bridge_node script to /home/ros/ws/ros2_ws/install/sc2_bridge/lib/sc2_bridge\n'}
[0.707108] (sc2_bridge) StdoutLine: {'line': b'Installing swarm_demo script to /home/ros/ws/ros2_ws/install/sc2_bridge/lib/sc2_bridge\n'}
[0.707183] (sc2_bridge) StdoutLine: {'line': b'\n'}
[0.707202] (sc2_bridge) StdoutLine: {'line': b'Installed /home/ros/ws/ros2_ws/build/sc2_bridge\n'}
[0.707237] (sc2_bridge) StdoutLine: {'line': b'running symlink_data\n'}
[0.722556] (sc2_bridge) CommandEnded: {'returncode': 0}
[0.726312] (sc2_bridge) JobEnded: {'identifier': 'sc2_bridge', 'rc': 0}
[0.726554] (-) EventReactorShutdown: {}
